[2026-09-25T19:30:50.939Z] !! capture open /dev/serial/by-id/usb-Espressif_USB_JTAG_serial_debug_unit_10:BD:A3:B1:48:A8-if00 @ 115200 backend=pyserial dtr=1 rts=0
[2026-09-25T19:30:51.070Z] W (401174) RouteLoomRef: diagnostic reason=BOOTSTRAP_TRANSIT_ROLE peer=1 message=present
[2026-09-25T19:30:51.118Z] W (401222) RouteLoomRef: diagnostic reason=BOOTSTRAP_TRANSIT_ROLE peer=1 message=present
[2026-09-25T19:30:51.572Z] W (401676) RouteLoomRef: diagnostic reason=BOOTSTRAP_TRANSIT_ROLE peer=1 message=present
[2026-09-25T19:30:51.629Z] W (401733) RouteLoomRef: diagnostic reason=BOOTSTRAP_TRANSIT_ROLE peer=1 message=present
[2026-09-25T19:30:52.076Z] W (402180) RouteLoomRef: diagnostic reason=BOOTSTRAP_TRANSIT_ROLE peer=1 message=present
[2026-09-25T19:30:52.118Z] W (402222) RouteLoomRef: diagnostic reason=BOOTSTRAP_TRANSIT_ROLE peer=1 message=present
[2026-09-25T19:30:52.580Z] W (402684) RouteLoomRef: diagnostic reason=BOOTSTRAP_TRANSIT_ROLE peer=1 message=present
[2026-09-25T19:30:52.629Z] W (402732) RouteLoomRef: diagnostic reason=BOOTSTRAP_TRANSIT_ROLE peer=1 message=present
[2026-09-25T19:30:53.077Z] W (403181) RouteLoomRef: diagnostic reason=BOOTSTRAP_TRANSIT_ROLE peer=1 message=present
[2026-09-25T19:30:53.140Z] W (403244) RouteLoomRef: diagnostic reason=BOOTSTRAP_TRANSIT_ROLE peer=1 message=present
[2026-09-25T19:30:53.574Z] W (403678) RouteLoomRef: diagnostic reason=BOOTSTRAP_TRANSIT_ROLE peer=1 message=present
[2026-09-25T19:30:53.616Z] W (403720) RouteLoomRef: diagnostic reason=BOOTSTRAP_TRANSIT_ROLE peer=1 message=present
[2026-09-25T19:30:54.074Z] W (404178) RouteLoomRef: diagnostic reason=BOOTSTRAP_TRANSIT_ROLE peer=1 message=present
[2026-09-25T19:30:54.142Z] W (404246) RouteLoomRef: diagnostic reason=BOOTSTRAP_TRANSIT_ROLE peer=1 message=present
[2026-09-25T19:30:54.576Z] W (404680) RouteLoomRef: diagnostic reason=BOOTSTRAP_TRANSIT_ROLE peer=1 message=present
[2026-09-25T19:30:54.644Z] W (404748) RouteLoomRef: diagnostic reason=BOOTSTRAP_TRANSIT_ROLE peer=1 message=present
[2026-09-25T19:31:10.380Z] I (420484) RouteLoom: stack hwm main 10604 B
[2026-09-25T19:31:13.345Z] W (423449) RouteLoomRef: diagnostic reason=BOOTSTRAP_TRANSIT_ROLE peer=1 message=present
[2026-09-25T19:31:13.389Z] W (423493) RouteLoomRef: diagnostic reason=BOOTSTRAP_TRANSIT_ROLE peer=1 message=present
[2026-09-25T19:31:13.844Z] W (423948) RouteLoomRef: diagnostic reason=BOOTSTRAP_TRANSIT_ROLE peer=1 message=present
[2026-09-25T19:31:13.900Z] W (424004) RouteLoomRef: diagnostic reason=BOOTSTRAP_TRANSIT_ROLE peer=1 message=present
[2026-09-25T19:31:14.347Z] W (424450) RouteLoomRef: diagnostic reason=BOOTSTRAP_TRANSIT_ROLE peer=1 message=present
[2026-09-25T19:31:14.405Z] W (424509) RouteLoomRef: diagnostic reason=BOOTSTRAP_TRANSIT_ROLE peer=1 message=present
[2026-09-25T19:31:14.847Z] W (424950) RouteLoomRef: diagnostic reason=BOOTSTRAP_TRANSIT_ROLE peer=1 message=present
[2026-09-25T19:31:14.899Z] W (425002) RouteLoomRef: diagnostic reason=BOOTSTRAP_TRANSIT_ROLE peer=1 message=present
[2026-09-25T19:31:15.353Z] W (425457) RouteLoomRef: diagnostic reason=BOOTSTRAP_TRANSIT_ROLE peer=1 message=present
[2026-09-25T19:31:15.402Z] W (425505) RouteLoomRef: diagnostic reason=BOOTSTRAP_TRANSIT_ROLE peer=1 message=present
[2026-09-25T19:31:15.855Z] W (425959) RouteLoomRef: diagnostic reason=BOOTSTRAP_TRANSIT_ROLE peer=1 message=present
[2026-09-25T19:31:15.911Z] W (426015) RouteLoomRef: diagnostic reason=BOOTSTRAP_TRANSIT_ROLE peer=1 message=present
[2026-09-25T19:31:16.358Z] W (426462) RouteLoomRef: diagnostic reason=BOOTSTRAP_TRANSIT_ROLE peer=1 message=present
[2026-09-25T19:31:16.407Z] W (426510) RouteLoomRef: diagnostic reason=BOOTSTRAP_TRANSIT_ROLE peer=1 message=present
[2026-09-25T19:31:16.860Z] W (426963) RouteLoomRef: diagnostic reason=BOOTSTRAP_TRANSIT_ROLE peer=1 message=present
[2026-09-25T19:31:16.908Z] W (427011) RouteLoomRef: diagnostic reason=BOOTSTRAP_TRANSIT_ROLE peer=1 message=present
[2026-09-25T19:31:17.362Z] W (427466) RouteLoomRef: diagnostic reason=BOOTSTRAP_TRANSIT_ROLE peer=1 message=present
[2026-09-25T19:31:17.420Z] W (427524) RouteLoomRef: diagnostic reason=BOOTSTRAP_TRANSIT_ROLE peer=1 message=present
[2026-09-25T19:31:17.861Z] W (427965) RouteLoomRef: diagnostic reason=BOOTSTRAP_TRANSIT_ROLE peer=1 message=present
[2026-09-25T19:31:17.903Z] W (428007) RouteLoomRef: diagnostic reason=BOOTSTRAP_TRANSIT_ROLE peer=1 message=present
[2026-09-25T19:31:18.365Z] W (428469) RouteLoomRef: diagnostic reason=BOOTSTRAP_TRANSIT_ROLE peer=1 message=present
[2026-09-25T19:31:18.379Z] W (428483) RouteLoomRef: diagnostic reason=BOOTSTRAP_TRANSIT_ROLE peer=1 message=present
[2026-09-25T19:31:18.416Z] W (428520) RouteLoomRef: diagnostic reason=BOOTSTRAP_TRANSIT_ROLE peer=1 message=present
[2026-09-25T19:31:18.436Z] W (428540) RouteLoomRef: diagnostic reason=BOOTSTRAP_TRANSIT_ROLE peer=1 message=present
[2026-09-25T19:31:18.860Z] W (428963) RouteLoomRef: diagnostic reason=BOOTSTRAP_TRANSIT_ROLE peer=1 message=present
[2026-09-25T19:31:18.874Z] W (428978) RouteLoomRef: diagnostic reason=BOOTSTRAP_TRANSIT_ROLE peer=1 message=present
[2026-09-25T19:31:18.903Z] W (429007) RouteLoomRef: diagnostic reason=BOOTSTRAP_TRANSIT_ROLE peer=1 message=present
[2026-09-25T19:31:18.922Z] W (429026) RouteLoomRef: diagnostic reason=BOOTSTRAP_TRANSIT_ROLE peer=1 message=present
[2026-09-25T19:31:19.367Z] W (429471) RouteLoomRef: diagnostic reason=BOOTSTRAP_TRANSIT_ROLE peer=1 message=present
[2026-09-25T19:31:19.426Z] W (429529) RouteLoomRef: diagnostic reason=BOOTSTRAP_TRANSIT_ROLE peer=1 message=present
[2026-09-25T19:31:19.867Z] W (429971) RouteLoomRef: diagnostic reason=BOOTSTRAP_TRANSIT_ROLE peer=1 message=present
[2026-09-25T19:31:19.918Z] W (430022) RouteLoomRef: diagnostic reason=BOOTSTRAP_TRANSIT_ROLE peer=1 message=present
[2026-09-25T19:31:20.367Z] W (430471) RouteLoomRef: diagnostic reason=BOOTSTRAP_TRANSIT_ROLE peer=1 message=present
[2026-09-25T19:31:20.416Z] W (430519) RouteLoomRef: diagnostic reason=BOOTSTRAP_TRANSIT_ROLE peer=1 message=present
[2026-09-25T19:31:20.869Z] W (430973) RouteLoomRef: diagnostic reason=BOOTSTRAP_TRANSIT_ROLE peer=1 message=present
[2026-09-25T19:31:20.925Z] W (431029) RouteLoomRef: diagnostic reason=BOOTSTRAP_TRANSIT_ROLE peer=1 message=present
[2026-09-25T19:31:21.372Z] W (431476) RouteLoomRef: diagnostic reason=BOOTSTRAP_TRANSIT_ROLE peer=1 message=present
[2026-09-25T19:31:21.416Z] W (431520) RouteLoomRef: diagnostic reason=BOOTSTRAP_TRANSIT_ROLE peer=1 message=present
[2026-09-25T19:31:21.875Z] W (431979) RouteLoomRef: diagnostic reason=BOOTSTRAP_TRANSIT_ROLE peer=1 message=present
[2026-09-25T19:31:21.923Z] W (432026) RouteLoomRef: diagnostic reason=BOOTSTRAP_TRANSIT_ROLE peer=1 message=present
[2026-09-25T19:31:22.377Z] W (432481) RouteLoomRef: diagnostic reason=BOOTSTRAP_TRANSIT_ROLE peer=1 message=present
[2026-09-25T19:31:22.435Z] W (432539) RouteLoomRef: diagnostic reason=BOOTSTRAP_TRANSIT_ROLE peer=1 message=present
[2026-09-25T19:31:22.876Z] W (432980) RouteLoomRef: diagnostic reason=BOOTSTRAP_TRANSIT_ROLE peer=1 message=present
[2026-09-25T19:31:22.918Z] W (433022) RouteLoomRef: diagnostic reason=BOOTSTRAP_TRANSIT_ROLE peer=1 message=present
[2026-09-25T19:31:23.364Z] I (433468) RouteLoomRef: message origin=1 session=159 sequence=57 bytes=8
[2026-09-25T19:31:23.377Z] W (433481) RouteLoomRef: diagnostic reason=BOOTSTRAP_TRANSIT_ROLE peer=1 message=present
[2026-09-25T19:31:23.428Z] W (433531) RouteLoomRef: diagnostic reason=BOOTSTRAP_TRANSIT_ROLE peer=1 message=present
[2026-09-25T19:31:23.878Z] W (433982) RouteLoomRef: diagnostic reason=BOOTSTRAP_TRANSIT_ROLE peer=1 message=present
[2026-09-25T19:31:23.933Z] W (434037) RouteLoomRef: diagnostic reason=BOOTSTRAP_TRANSIT_ROLE peer=1 message=present
[2026-09-25T19:31:55.983Z] !! capture closed
