[2026-10-01T00:40:47.379+00:00] !! reset pulse
[2026-10-01T00:40:47.479+00:00] I (97) boot:  7 ota_1            OTA app          00 11 00210000ESP-ROM:esp32c6-20220919
[2026-10-01T00:40:47.479+00:00] Build:Sep 19 2022
[2026-10-01T00:40:47.479+00:00] rst:0x15 (USB_UART_HPSYS),boot:0x3f (SPI_FAST_FLASH_BOOT)
[2026-10-01T00:40:47.479+00:00] Saved PC:0x40806aa8
[2026-10-01T00:40:47.479+00:00] SPIWP:0xee
[2026-10-01T00:40:47.479+00:00] mode:DIO, clock div:2
[2026-10-01T00:40:47.479+00:00] load:0x40875730,len:0x1738
[2026-10-01T00:40:47.479+00:00] load:0x4086b910,len:0xd8c
[2026-10-01T00:40:47.479+00:00] load:0x4086e610,len:0x32e0
[2026-10-01T00:40:47.479+00:00] entry 0x4086b91a
[2026-10-01T00:40:47.479+00:00] I (23) boot: ESP-IDF v6.0.3 2nd stage bootloader
[2026-10-01T00:40:47.479+00:00] I (23) boot: compile time Sep 30 2026 22:26:18
[2026-10-01T00:40:47.479+00:00] I (24) boot: chip revision: v0.2
[2026-10-01T00:40:47.479+00:00] I (24) boot: efuse block revision: v0.3
[2026-10-01T00:40:47.479+00:00] I (26) boot.esp32c6: SPI Speed      : 80MHz
[2026-10-01T00:40:47.479+00:00] I (30) boot.esp32c6: SPI Mode       : DIO
[2026-10-01T00:40:47.479+00:00] I (34) boot.esp32c6: SPI Flash Size : 4MB
[2026-10-01T00:40:47.479+00:00] I (38) boot: Enabling RNG early entropy source...
[2026-10-01T00:40:47.479+00:00] I (42) boot: Partition Table:
[2026-10-01T00:40:47.479+00:00] I (45) boot: ## Label            Usage          Type ST Offset   Length
[2026-10-01T00:40:47.479+00:00] I (51) boot:  0 nvs              WiFi data        01 02 00009000 00006000
[2026-10-01T00:40:47.479+00:00] I (58) boot:  1 phy_init         RF data          01 01 0000f000 00001000
[2026-10-01T00:40:47.479+00:00] I (64) boot:  2 otadata          OTA data         01 00 00010000 00002000
[2026-10-01T00:40:47.479+00:00] I (71) boot:  3 rlcfg            WiFi data        01 02 00012000 00006000
[2026-10-01T00:40:47.479+00:00] I (77) boot:  4 rlkeys           WiFi data        01 02 00018000 00003000
[2026-10-01T00:40:47.479+00:00] I (84) boot:  5 rlsec            WiFi data        01 02 00020000 00020000
[2026-10-01T00:40:47.479+00:00] I (90) boot:  6 ota_0            OTA app          00 10 00040000 001d0000
[2026-10-01T00:40:47.479+00:00] I (97) boot:  7 ota_1            OTA app          00 11 00210000 001d0000
[2026-10-01T00:40:47.479+00:00] I (103) boot:  8 coredump         Unknown data     01 03 003e0000 00010000
[2026-10-01T00:40:47.479+00:00] I (110) boot: End of partition table
[2026-10-01T00:40:47.479+00:00] I (114) esp_image: segment 0: paddr=00040020 vaddr=42110020 size=27ce0h (163040) map
[2026-10-01T00:40:47.479+00:00] I (151) esp_image: segment 1: paddr=00067d08 vaddr=40800000 size=08310h ( 33552) load
[2026-10-01T00:40:47.479+00:00] I (159) esp_image: segment 2: paddr=00070020 vaddr=42000020 size=105d08h (1072392) map
[2026-10-01T00:40:47.580+00:00] I (357) esp_image: segment 3: paddr=00175d30 vaddr=40808310 size=10028h ( 65576) load
[2026-10-01T00:40:47.580+00:00] I (372) esp_image: segment 4: paddr=00185d60 vaddr=40818340 size=046b8h ( 18104) load
[2026-10-01T00:40:47.580+00:00] I (376) esp_image: segment 5: paddr=0018a420 vaddr=50000000 size=00044h (    68) load
[2026-10-01T00:40:47.580+00:00] I (377) esp_image: segment 6: paddr=0018a46c vaddr=5000004c size=00024h (    36) load
[2026-10-01T00:40:47.580+00:00] I (389) boot: Loaded app from partition at offset 0x40000
[2026-10-01T00:40:47.580+00:00] I (389) boot: Disabling RNG early entropy source...
[2026-10-01T00:40:47.680+00:00] I (405) cpu_start: Unicore app
[2026-10-01T00:40:47.680+00:00] I (414) cpu_start: GPIO 17 and 16 are used as console UART I/O pins
[2026-10-01T00:40:47.680+00:00] I (414) cpu_start: Pro cpu start user code
[2026-10-01T00:40:47.680+00:00] I (415) cpu_start: cpu freq: 160000000 Hz
[2026-10-01T00:40:47.680+00:00] I (416) app_init: Application information:
[2026-10-01T00:40:47.680+00:00] I (420) app_init: Project name:     routeloom_reference_node
[2026-10-01T00:40:47.680+00:00] I (425) app_init: App version:      1
[2026-10-01T00:40:47.680+00:00] I (429) app_init: Compile time:     Oct  1 2026 00:33:51
[2026-10-01T00:40:47.680+00:00] I (434) app_init: ELF file SHA256:  f5aaf9125...
[2026-10-01T00:40:47.680+00:00] I (438) app_init: ESP-IDF:          v6.0.3
[2026-10-01T00:40:47.680+00:00] I (442) efuse_init: Min chip rev:     v0.0
[2026-10-01T00:40:47.680+00:00] I (446) efuse_init: Max chip rev:     v0.99
[2026-10-01T00:40:47.680+00:00] I (450) efuse_init: Chip rev:         v0.2
[2026-10-01T00:40:47.680+00:00] I (454) heap_init: Initializing. RAM available for dynamic allocation:
[2026-10-01T00:40:47.680+00:00] I (460) heap_init: At 40857710 len 00024F00 (147 KiB): RAM
[2026-10-01T00:40:47.680+00:00] I (465) heap_init: At 4087C610 len 00002F54 (11 KiB): RAM
[2026-10-01T00:40:47.680+00:00] I (470) heap_init: At 50000070 len 00003F78 (15 KiB): RTCRAM
[2026-10-01T00:40:47.680+00:00] I (476) spi_flash: detected chip: generic
[2026-10-01T00:40:47.680+00:00] I (479) spi_flash: flash io: dio
[2026-10-01T00:40:47.680+00:00] I (483) sleep_gpio: Configure to isolate all GPIO pins in sleep state
[2026-10-01T00:40:47.680+00:00] I (489) sleep_gpio: Enable automatic switching of GPIO sleep configuration
[2026-10-01T00:40:47.780+00:00] I (504) main_task: Started on CPU0
[2026-10-01T00:40:47.780+00:00] I (507) main_task: Calling app_main()
[2026-10-01T00:40:47.780+00:00] I (510) main_task: Returned from app_main()
[2026-10-01T00:40:47.780+00:00] I (511) rl_flash: image: sdk=0.1.0 layout=PT-4M-v2 storage_epoch=2
[2026-10-01T00:40:48.081+00:00] I (880) RouteLoomRef: sdkv1 identity: node=2 kid=bc8d9662b893577cd61aeb2b9c3f4c9a8bf9b4bdc3f911ee2ef68ccaf3fa0dc8 devcert_sha256=cb5a563bac1e2d6e588135b4a0223421fc046aacf74e2db476c9aac87f44573b key_location=1 flags=0x01 anchors=1 devcert=180B
[2026-10-01T00:40:48.081+00:00] I (891) RouteLoomRef: sdkv1 site: not a member
[2026-10-01T00:40:48.181+00:00] I (895) RouteLoomRef: sdkv1 revocation: none rs_epoch=0 resume_slots=16
[2026-10-01T00:40:48.181+00:00] I (901) RouteLoomRef: sdkv1 local_revocation: none
[2026-10-01T00:40:48.181+00:00] I (906) RouteLoomRef: sdkv1 lifecycle: none
[2026-10-01T00:40:48.181+00:00] I (910) RouteLoomRef: routeloom field boot: fw=1 app_sha256=f5aaf912590889178873f0f2dc62b368e9fcdea03ffa86144a53e62784db89ca
[2026-10-01T00:40:48.181+00:00] I (930) RouteLoomRef: board config: gen=1 node=0x2 secrets_gen=0 mac=10bda3b148a8
[2026-10-01T00:40:48.181+00:00] I (930) RouteLoomRef: security profile: Candidate
[2026-10-01T00:40:48.181+00:00] I (934) RouteLoomRef: security owner ready (node 0x2)
[2026-10-01T00:40:48.181+00:00] I (938) RouteLoom: Wi-Fi init heap: free=120868 largest=102400 bytes
[2026-10-01T00:40:48.181+00:00] I (943) pp: pp rom version: 5b8dcfa
[2026-10-01T00:40:48.181+00:00] I (947) net80211: net80211 rom version: 5b8dcfa
[2026-10-01T00:40:48.181+00:00] I (952) wifi:wifi driver task: 4085a8bc, prio:23, stack:6656, core=0
[2026-10-01T00:40:48.181+00:00] I (958) wifi:wifi firmware version: da143fa
[2026-10-01T00:40:48.181+00:00] I (961) wifi:wifi certification version: v7.0
[2026-10-01T00:40:48.181+00:00] I (965) wifi:config NVS flash: disabled
[2026-10-01T00:40:48.181+00:00] I (968) wifi:config nano formatting: disabled
[2026-10-01T00:40:48.181+00:00] I (972) wifi:mac_version:HAL_MAC_ESP32AX_761,ut_version:N, band mode:0x1
[2026-10-01T00:40:48.181+00:00] I (979) wifi:Init data frame dynamic rx buffer num: 8
[2026-10-01T00:40:48.181+00:00] I (984) wifi:Init static rx mgmt buffer num: 2
[2026-10-01T00:40:48.181+00:00] I (988) wifi:Init management short buffer num: 8
[2026-10-01T00:40:48.181+00:00] I (992) wifi:Init dynamic tx buffer num: 8
[2026-10-01T00:40:48.181+00:00] I (996) wifi:Init static tx FG buffer num: 2
[2026-10-01T00:40:48.281+00:00] I (1000) wifi:Init static rx buffer size: 1700 (rxctrl:92, csi:512)
[2026-10-01T00:40:48.281+00:00] I (1006) wifi:Init static rx buffer num: 4
[2026-10-01T00:40:48.281+00:00] I (1010) wifi:Init dynamic rx buffer num: 8
[2026-10-01T00:40:48.281+00:00] I (1014) wifi_init: accept mbox: 6
[2026-10-01T00:40:48.281+00:00] I (1017) wifi_init: tcpip mbox: 32
[2026-10-01T00:40:48.281+00:00] I (1020) wifi_init: udp mbox: 6
[2026-10-01T00:40:48.281+00:00] I (1023) wifi_init: tcp mbox: 6
[2026-10-01T00:40:48.281+00:00] I (1026) wifi_init: tcp tx win: 5760
[2026-10-01T00:40:48.281+00:00] I (1029) wifi_init: tcp rx win: 5760
[2026-10-01T00:40:48.281+00:00] I (1032) wifi_init: tcp mss: 1440
[2026-10-01T00:40:48.281+00:00] I (1035) wifi_init: WiFi IRAM OP enabled
[2026-10-01T00:40:48.281+00:00] I (1039) wifi_init: WiFi RX IRAM OP enabled
[2026-10-01T00:40:48.281+00:00] I (1043) wifi_init: WiFi SLP IRAM OP enabled
[2026-10-01T00:40:48.281+00:00] I (1047) RouteLoom: Wi-Fi initialized heap: free=95152 largest=79872 min=95120 bytes
[2026-10-01T00:40:48.281+00:00] I (1055) wifi:(2.4G)set country: cc=JP  schan=1 nchan=13 policy=1
[2026-10-01T00:40:48.281+00:00] I (1060) wifi:ifx:0, phymode(new:3, sta nvs: 7 ap nvs: 3)
[2026-10-01T00:40:48.281+00:00] I (1066) phy_init: phy_version 345,552b044,Jul 14 2026,10:37:00
[2026-10-01T00:40:48.382+00:00] I (1155) wifi:11ax coex: WDEVAX_PTI0(0x55777555), WDEVAX_PTI1(0x00003377).
[2026-10-01T00:40:48.382+00:00] 
[2026-10-01T00:40:48.382+00:00] I (1156) wifi:mode : sta (10:bd:a3:b1:48:a8)
[2026-10-01T00:40:48.382+00:00] I (1156) wifi:enable tsf
[2026-10-01T00:40:48.382+00:00] I (1160) RouteLoom: Wi-Fi started heap: free=92964 largest=14336 min=92704 bytes
[2026-10-01T00:40:48.382+00:00] I (1165) ESPNOW: espnow [version: 2.0] init
[2026-10-01T00:40:48.382+00:00] I (1169) RouteLoom: ESP-NOW ready heap: free=92772 largest=14336 min=92704 bytes
[2026-10-01T00:40:48.382+00:00] I (1178) RouteLoomRef: booted (radio)
[2026-10-01T00:40:48.382+00:00] I (1179) RouteLoomRef: security owner started; node start deferred to membership
[2026-10-01T00:40:48.883+00:00] I (1614) RouteLoomRef: join mode=1 state=2 error=0
[2026-10-01T00:40:48.883+00:00] I (1616) RouteLoomRef: join mode=1 state=3 error=0
[2026-10-01T00:40:48.883+00:00] I (1622) RouteLoomRef: join mode=1 state=4 error=0
[2026-10-01T00:40:49.185+00:00] I (1940) RouteLoomRef: join mode=1 state=2 error=0
[2026-10-01T00:40:49.185+00:00] I (1942) RouteLoomRef: join mode=1 state=3 error=0
[2026-10-01T00:40:49.185+00:00] I (1947) RouteLoomRef: join mode=1 state=4 error=0
[2026-10-01T00:40:49.486+00:00] I (2266) RouteLoomRef: join mode=1 state=2 error=0
[2026-10-01T00:40:49.486+00:00] I (2268) RouteLoomRef: join mode=1 state=3 error=0
[2026-10-01T00:40:49.486+00:00] I (2273) RouteLoomRef: join mode=1 state=4 error=0
[2026-10-01T00:40:49.786+00:00] I (2592) RouteLoomRef: join mode=1 state=5 error=0
[2026-10-01T00:40:49.786+00:00] I (2594) RouteLoomRef: join mode=1 state=14 error=0
[2026-10-01T00:40:51.930+00:00] I (4740) RouteLoomRef: join mode=1 state=2 error=0
[2026-10-01T00:40:51.930+00:00] I (4742) RouteLoomRef: join mode=1 state=3 error=0
[2026-10-01T00:40:51.930+00:00] I (4748) RouteLoomRef: join mode=1 state=4 error=0
[2026-10-01T00:40:52.331+00:00] I (5066) RouteLoomRef: join mode=1 state=2 error=0
[2026-10-01T00:40:52.331+00:00] I (5068) RouteLoomRef: join mode=1 state=3 error=0
[2026-10-01T00:40:52.331+00:00] I (5073) RouteLoomRef: join mode=1 state=4 error=0
[2026-10-01T00:40:52.633+00:00] I (5392) RouteLoomRef: join mode=1 state=2 error=0
[2026-10-01T00:40:52.633+00:00] I (5394) RouteLoomRef: join mode=1 state=3 error=0
[2026-10-01T00:40:52.633+00:00] I (5399) RouteLoomRef: join mode=1 state=4 error=0
[2026-10-01T00:40:52.936+00:00] I (5718) RouteLoomRef: join mode=1 state=5 error=0
[2026-10-01T00:40:52.936+00:00] I (5720) RouteLoomRef: join mode=1 state=14 error=0
[2026-10-01T00:40:57.045+00:00] I (9778) RouteLoomRef: join mode=1 state=2 error=0
[2026-10-01T00:40:57.045+00:00] I (9780) RouteLoomRef: join mode=1 state=3 error=0
[2026-10-01T00:40:57.045+00:00] I (9786) RouteLoomRef: join mode=1 state=4 error=0
[2026-10-01T00:40:57.346+00:00] I (10104) RouteLoomRef: join mode=1 state=2 error=0
[2026-10-01T00:40:57.346+00:00] I (10106) RouteLoomRef: join mode=1 state=3 error=0
[2026-10-01T00:40:57.346+00:00] I (10111) RouteLoomRef: join mode=1 state=4 error=0
[2026-10-01T00:40:57.647+00:00] I (10430) RouteLoomRef: join mode=1 state=2 error=0
[2026-10-01T00:40:57.647+00:00] I (10432) RouteLoomRef: join mode=1 state=3 error=0
[2026-10-01T00:40:57.647+00:00] I (10437) RouteLoomRef: join mode=1 state=4 error=0
[2026-10-01T00:40:57.948+00:00] I (10756) RouteLoomRef: join mode=1 state=5 error=0
[2026-10-01T00:40:57.948+00:00] I (10758) RouteLoomRef: join mode=1 state=14 error=0
