[2026-09-26T16:52:54.309Z] !! capture open /dev/serial/by-id/usb-Espressif_USB_JTAG_serial_debug_unit_94:A9:90:6A:EE:C4-if00 @ 115200 backend=pyserial dtr=1 rts=0
[2026-09-26T16:52:54.310Z] I (145) esp_image: segment 4: paddr=0005152c vaddr=40380e6c size=0ae6ch ( 44652) load
[2026-09-26T16:52:54.318Z] I (154) esp_image: segment 5: paddr=0005c3a0 vaddr=50000000 size=0001ch (    28) load
[2026-09-26T16:52:54.322Z] I (154) esp_image: segment 6: paddr=0005c3c4 vaddr=50000024 size=00024h (    36) load
[2026-09-26T16:52:54.327Z] I (161) boot: Loaded app from partition at offset 0x10000
[2026-09-26T16:52:54.332Z] I (163) boot: Disabling RNG early entropy source...
[2026-09-26T16:52:54.343Z] I (179) cpu_start: Unicore app
[2026-09-26T16:52:54.351Z] I (187) cpu_start: GPIO 20 and 21 are used as console UART I/O pins
[2026-09-26T16:52:54.352Z] I (187) cpu_start: Pro cpu start user code
[2026-09-26T16:52:54.354Z] I (187) cpu_start: cpu freq: 160000000 Hz
[2026-09-26T16:52:54.357Z] I (189) app_init: Application information:
[2026-09-26T16:52:54.362Z] I (193) app_init: Project name:     routeloom_bridge_node
[2026-09-26T16:52:54.366Z] I (198) app_init: App version:      1
[2026-09-26T16:52:54.371Z] I (202) app_init: Compile time:     Sep 26 2026 05:39:13
[2026-09-26T16:52:54.375Z] I (207) app_init: ELF file SHA256:  6196f9579...
[2026-09-26T16:52:54.379Z] I (211) app_init: ESP-IDF:          v6.0.3
[2026-09-26T16:52:54.383Z] I (215) efuse_init: Min chip rev:     v0.3
[2026-09-26T16:52:54.387Z] I (219) efuse_init: Max chip rev:     v1.99 
[2026-09-26T16:52:54.391Z] I (223) efuse_init: Chip rev:         v0.4
[2026-09-26T16:52:54.397Z] I (226) heap_init: Initializing. RAM available for dynamic allocation:
[2026-09-26T16:52:54.402Z] I (233) heap_init: At 3FC94480 len 0002BB80 (174 KiB): RAM
[2026-09-26T16:52:54.408Z] I (238) heap_init: At 3FCC0000 len 0001C710 (113 KiB): Retention RAM
[2026-09-26T16:52:54.414Z] I (244) heap_init: At 3FCDC710 len 00002950 (10 KiB): Retention RAM
[2026-09-26T16:52:54.420Z] I (250) heap_init: At 50000048 len 00001FA0 (7 KiB): RTCRAM
[2026-09-26T16:52:54.423Z] I (256) spi_flash: detected chip: generic
[2026-09-26T16:52:54.426Z] I (259) spi_flash: flash io: dio
[2026-09-26T16:52:54.438Z] W (262) spi_flash: Detected size(4096k) larger than the size in the binary image header(2048k). Using the size in the binary image header.
[2026-09-26T16:52:54.445Z] I (275) sleep_gpio: Configure to isolate all GPIO pins in sleep state
[2026-09-26T16:52:54.451Z] I (280) sleep_gpio: Enable automatic switching of GPIO sleep configuration
[2026-09-26T16:52:54.541Z] routeloom-maintenance v1 ready
[2026-09-26T16:52:59.381Z] !! capture closed
