$ /home/sahur/.local/bin/esptool --chip esp32c3 --port /dev/serial/by-id/usb-Espressif_USB_JTAG_serial_debug_unit_94:A9:90:7A:B5:60-if00 --baud 460800 --before default-reset --after hard-reset write-flash --flash-mode dio --flash-size 2MB --flash-freq 80m 0x0 artifacts/hil/2026-09-26/images/ref-a-node4-member-r3/build/bootloader/bootloader.bin 0x8000 artifacts/hil/2026-09-26/images/ref-a-node4-member-r3/build/partition_table/partition-table.bin 0x10000 artifacts/hil/2026-09-26/images/ref-a-node4-member-r3/build/routeloom_reference_node.bin
esptool v5.4.0
Serial port /dev/serial/by-id/usb-Espressif_USB_JTAG_serial_debug_unit_94:A9:90:7A:B5:60-if00:
Connecting...
Connected to ESP32-C3 on /dev/serial/by-id/usb-Espressif_USB_JTAG_serial_debug_unit_94:A9:90:7A:B5:60-if00:
Chip type:          ESP32-C3 (QFN32) (revision v0.4)
Features:           Wi-Fi, BT 5 (LE), Single Core, 160MHz, Embedded Flash 4MB (XMC)
Crystal frequency:  40MHz
USB mode:           USB-Serial/JTAG
MAC:                94:a9:90:7a:b5:60

Uploading stub flasher...
Running stub flasher...
Stub flasher running.
Changing baud rate to 460800...
Changed.

Configuring flash size...

Writing 'artifacts/hil/2026-09-26/images/ref-a-node4-member-r3/build/bootloader/bootloader.bin' at 0x00000000...
SHA digest in image updated.
Flash will be erased from 0x00000000 to 0x00005fff...
Compressed 21344 bytes to 13510...
Writing at 0x00005360 ━━━━━━━━━━━━━━━━━━━━━━━━━━━━━━ 100.0% 13.19kB/13.19kB [0s] 
Wrote 21344 bytes (13510 compressed) at 0x00000000 in 0.3 seconds (633.2 kbit/s).
Verifying written data...
Hash of data verified.

Writing 'artifacts/hil/2026-09-26/images/ref-a-node4-member-r3/build/partition_table/partition-table.bin' at 0x00008000...
Flash will be erased from 0x00008000 to 0x00008fff...
Compressed 3072 bytes to 118...
Writing at 0x00008c00 ━━━━━━━━━━━━━━━━━━━━━━━━━━━━━━ 100.0% 118B/118B [0s] 
Wrote 3072 bytes (118 compressed) at 0x00008000 in 0.0 seconds (4157.8 kbit/s).
Verifying written data...
Hash of data verified.

Writing 'artifacts/hil/2026-09-26/images/ref-a-node4-member-r3/build/routeloom_reference_node.bin' at 0x00010000...
Flash will be erased from 0x00010000 to 0x00163fff...
Compressed 1388608 bytes to 820388...
Writing at 0x0001c518 ╸                                2.0% 16.00kB/801.16kB [0s] 
Writing at 0x00027f7e ━                                4.0% 32.00kB/801.16kB [0s] 
Writing at 0x0002f027 ━╸                               6.0% 48.00kB/801.16kB [1s] 
Writing at 0x00038d51 ━━                               8.0% 64.00kB/801.16kB [1s] 
Writing at 0x0003f15d ━━╸                             10.0% 80.00kB/801.16kB [2s] 
Writing at 0x00045f15 ━━━╸                            12.0% 96.00kB/801.16kB [2s] 
Writing at 0x0004cdce ━━━━                            14.0% 112.00kB/801.16kB [3s] 
Writing at 0x00053b79 ━━━━╸                           16.0% 128.00kB/801.16kB [3s] 
Writing at 0x0005a650 ━━━━━                           18.0% 144.00kB/801.16kB [4s] 
Writing at 0x000610a2 ━━━━━╸                          20.0% 160.00kB/801.16kB [4s] 
Writing at 0x000675bc ━━━━━━╸                         22.0% 176.00kB/801.16kB [5s] 
Writing at 0x0006e4ef ━━━━━━━                         24.0% 192.00kB/801.16kB [5s] 
Writing at 0x00074c88 ━━━━━━━╸                        26.0% 208.00kB/801.16kB [5s] 
Writing at 0x0007ba3e ━━━━━━━━                        28.0% 224.00kB/801.16kB [5s] 
Writing at 0x000820da ━━━━━━━━╸                       30.0% 240.00kB/801.16kB [5s] 
Writing at 0x000889d6 ━━━━━━━━━╸                      32.0% 256.00kB/801.16kB [6s] 
Writing at 0x0008f1e2 ━━━━━━━━━━                      34.0% 272.00kB/801.16kB [6s] 
Writing at 0x00095994 ━━━━━━━━━━╸                     35.9% 288.00kB/801.16kB [6s] 
Writing at 0x0009c33c ━━━━━━━━━━━                     37.9% 304.00kB/801.16kB [6s] 
Writing at 0x000a2c70 ━━━━━━━━━━━╸                    39.9% 320.00kB/801.16kB [6s] 
Writing at 0x000a92a4 ━━━━━━━━━━━━╸                   41.9% 336.00kB/801.16kB [6s] 
Writing at 0x000afec0 ━━━━━━━━━━━━━                   43.9% 352.00kB/801.16kB [6s] 
Writing at 0x000b68c0 ━━━━━━━━━━━━━╸                  45.9% 368.00kB/801.16kB [6s] 
Writing at 0x000bd1cf ━━━━━━━━━━━━━━                  47.9% 384.00kB/801.16kB [6s] 
Writing at 0x000c4619 ━━━━━━━━━━━━━━╸                 49.9% 400.00kB/801.16kB [6s] 
Writing at 0x000cb830 ━━━━━━━━━━━━━━━╸                51.9% 416.00kB/801.16kB [7s] 
Writing at 0x000d294c ━━━━━━━━━━━━━━━━                53.9% 432.00kB/801.16kB [7s] 
Writing at 0x000d8ed1 ━━━━━━━━━━━━━━━━╸               55.9% 448.00kB/801.16kB [7s] 
Writing at 0x000ded76 ━━━━━━━━━━━━━━━━━               57.9% 464.00kB/801.16kB [7s] 
Writing at 0x000e4964 ━━━━━━━━━━━━━━━━━╸              59.9% 480.00kB/801.16kB [7s] 
Writing at 0x000ea429 ━━━━━━━━━━━━━━━━━━╸             61.9% 496.00kB/801.16kB [7s] 
Writing at 0x000f0072 ━━━━━━━━━━━━━━━━━━━             63.9% 512.00kB/801.16kB [7s] 
Writing at 0x000f611f ━━━━━━━━━━━━━━━━━━━╸            65.9% 528.00kB/801.16kB [7s] 
Writing at 0x000fc902 ━━━━━━━━━━━━━━━━━━━━            67.9% 544.00kB/801.16kB [7s] 
Writing at 0x0010272a ━━━━━━━━━━━━━━━━━━━━╸           69.9% 560.00kB/801.16kB [7s] 
Writing at 0x00108226 ━━━━━━━━━━━━━━━━━━━━━╸          71.9% 576.00kB/801.16kB [7s] 
Writing at 0x0010e9a1 ━━━━━━━━━━━━━━━━━━━━━━          73.9% 592.00kB/801.16kB [8s] 
Writing at 0x00114b09 ━━━━━━━━━━━━━━━━━━━━━━╸         75.9% 608.00kB/801.16kB [8s] 
Writing at 0x0011ad08 ━━━━━━━━━━━━━━━━━━━━━━━         77.9% 624.00kB/801.16kB [8s] 
Writing at 0x00120c82 ━━━━━━━━━━━━━━━━━━━━━━━╸        79.9% 640.00kB/801.16kB [8s] 
Writing at 0x001277da ━━━━━━━━━━━━━━━━━━━━━━━━╸       81.9% 656.00kB/801.16kB [8s] 
Writing at 0x0012e636 ━━━━━━━━━━━━━━━━━━━━━━━━━       83.9% 672.00kB/801.16kB [8s] 
Writing at 0x001352bc ━━━━━━━━━━━━━━━━━━━━━━━━━╸      85.9% 688.00kB/801.16kB [8s] 
Writing at 0x0013bbe5 ━━━━━━━━━━━━━━━━━━━━━━━━━━      87.9% 704.00kB/801.16kB [8s] 
Writing at 0x00141e4f ━━━━━━━━━━━━━━━━━━━━━━━━━━╸     89.9% 720.00kB/801.16kB [8s] 
Writing at 0x0014815c ━━━━━━━━━━━━━━━━━━━━━━━━━━━╸    91.9% 736.00kB/801.16kB [8s] 
Writing at 0x0014e081 ━━━━━━━━━━━━━━━━━━━━━━━━━━━━    93.9% 752.00kB/801.16kB [9s] 
Writing at 0x00153c84 ━━━━━━━━━━━━━━━━━━━━━━━━━━━━╸   95.9% 768.00kB/801.16kB [9s] 
Writing at 0x0015b0c9 ━━━━━━━━━━━━━━━━━━━━━━━━━━━━━   97.9% 784.00kB/801.16kB [9s] 
Writing at 0x00160eea ━━━━━━━━━━━━━━━━━━━━━━━━━━━━━╸  99.9% 800.00kB/801.16kB [9s] 
Writing at 0x00163040 ━━━━━━━━━━━━━━━━━━━━━━━━━━━━━━ 100.0% 801.16kB/801.16kB [9s] 
Wrote 1388608 bytes (820388 compressed) at 0x00010000 in 9.4 seconds (1180.5 kbit/s).
Verifying written data...
Hash of data verified.

Hard resetting via RTS pin...
