[2026-09-26T14:42:10.103Z] !! capture open /dev/serial/by-id/usb-Espressif_USB_JTAG_serial_debug_unit_94:A9:90:7A:B5:60-if00 @ 115200 backend=pyserial dtr=1 rts=0
[2026-09-26T14:42:11.890Z] I (12484) RouteLoomRef: delivery session=293 sequence=2 state=1 reason=TX_ACCEPTED
[2026-09-26T14:42:11.891Z] I (12485) RouteLoomRef: delivery session=293 sequence=2 state=2 reason=NO_ROUTE
[2026-09-26T14:42:11.891Z] I (12485) RouteLoomRef: HIL DEVICE SEND attempt=1 dest=3 admitted=1 detail=ok
[2026-09-26T14:42:13.891Z] I (14485) RouteLoomRef: delivery session=293 sequence=3 state=1 reason=TX_ACCEPTED
[2026-09-26T14:42:13.891Z] I (14486) RouteLoomRef: delivery session=293 sequence=3 state=2 reason=NO_ROUTE
[2026-09-26T14:42:13.892Z] I (14486) RouteLoomRef: HIL DEVICE SEND attempt=2 dest=3 admitted=1 detail=ok
[2026-09-26T14:42:14.893Z] I (15487) RouteLoomRef: delivery session=293 sequence=1 state=9 reason=DEADLINE_EXPIRED
[2026-09-26T14:42:15.891Z] I (16485) RouteLoomRef: delivery session=293 sequence=4 state=1 reason=TX_ACCEPTED
[2026-09-26T14:42:15.891Z] I (16486) RouteLoomRef: delivery session=293 sequence=4 state=2 reason=NO_ROUTE
[2026-09-26T14:42:15.892Z] I (16486) RouteLoomRef: HIL DEVICE SEND attempt=3 dest=3 admitted=1 detail=ok
[2026-09-26T14:42:16.893Z] I (17487) RouteLoomRef: delivery session=293 sequence=2 state=9 reason=DEADLINE_EXPIRED
[2026-09-26T14:42:17.892Z] I (18486) RouteLoomRef: delivery session=293 sequence=5 state=1 reason=TX_ACCEPTED
[2026-09-26T14:42:17.892Z] I (18487) RouteLoomRef: delivery session=293 sequence=5 state=2 reason=NO_ROUTE
[2026-09-26T14:42:17.893Z] I (18487) RouteLoomRef: HIL DEVICE SEND attempt=4 dest=3 admitted=1 detail=ok
[2026-09-26T14:42:18.894Z] I (19488) RouteLoomRef: delivery session=293 sequence=3 state=9 reason=DEADLINE_EXPIRED
[2026-09-26T14:42:19.894Z] I (20488) RouteLoomRef: delivery session=293 sequence=6 state=1 reason=TX_ACCEPTED
[2026-09-26T14:42:19.894Z] I (20489) RouteLoomRef: delivery session=293 sequence=6 state=2 reason=NO_ROUTE
[2026-09-26T14:42:19.895Z] I (20489) RouteLoomRef: HIL DEVICE SEND attempt=5 dest=3 admitted=1 detail=ok
[2026-09-26T14:42:20.893Z] I (21487) RouteLoomRef: delivery session=293 sequence=4 state=9 reason=DEADLINE_EXPIRED
[2026-09-26T14:42:21.896Z] I (22490) RouteLoomRef: delivery session=293 sequence=7 state=1 reason=TX_ACCEPTED
[2026-09-26T14:42:21.896Z] I (22491) RouteLoomRef: delivery session=293 sequence=7 state=2 reason=NO_ROUTE
[2026-09-26T14:42:21.897Z] I (22491) RouteLoomRef: HIL DEVICE SEND attempt=6 dest=3 admitted=1 detail=ok
[2026-09-26T14:42:22.895Z] I (23489) RouteLoomRef: delivery session=293 sequence=5 state=9 reason=DEADLINE_EXPIRED
[2026-09-26T14:42:23.378Z] I (23972) RouteLoomRef: RLD1 rx kind=1 ch=6 generation=0 src=94:a9:90:7a:26:ac dest=ff:ff:ff:ff:ff:ff
[2026-09-26T14:42:23.896Z] I (24490) RouteLoomRef: delivery session=293 sequence=8 state=1 reason=TX_ACCEPTED
[2026-09-26T14:42:23.897Z] I (24491) RouteLoomRef: delivery session=293 sequence=8 state=2 reason=NO_ROUTE
[2026-09-26T14:42:23.897Z] I (24491) RouteLoomRef: HIL DEVICE SEND attempt=7 dest=3 admitted=1 detail=ok
[2026-09-26T14:42:24.896Z] I (25489) RouteLoomRef: delivery session=293 sequence=6 state=9 reason=DEADLINE_EXPIRED
[2026-09-26T14:42:25.189Z] I (25783) RouteLoomRef: RLD1 rx kind=1 ch=6 generation=0 src=94:a9:90:7a:26:ac dest=ff:ff:ff:ff:ff:ff
[2026-09-26T14:42:25.281Z] I (25875) RouteLoom: HIL LR250 peer=94:a9:90:7a:26:ac result=ESP_OK
[2026-09-26T14:42:25.829Z] I (26423) RouteLoomRef: discovery event=BOUND peer=3
[2026-09-26T14:42:25.829Z] W (26423) RouteLoomRef: diagnostic reason=BOUND peer=3 message=none
[2026-09-26T14:42:25.890Z] I (26484) RouteLoomRef: RLD1 rx kind=1 ch=6 generation=0 src=94:a9:90:7a:26:ac dest=ff:ff:ff:ff:ff:ff
[2026-09-26T14:42:25.897Z] W (26490) RouteLoomRef: diagnostic reason=DELIVERY_HISTORY_EVICTED peer=0 message=present
[2026-09-26T14:42:25.897Z] I (26491) RouteLoomRef: delivery session=293 sequence=9 state=1 reason=TX_ACCEPTED
[2026-09-26T14:42:25.897Z] I (26491) RouteLoomRef: delivery session=293 sequence=9 state=2 reason=NO_ROUTE
[2026-09-26T14:42:25.898Z] I (26491) RouteLoomRef: HIL DEVICE SEND attempt=8 dest=3 admitted=1 detail=ok
[2026-09-26T14:42:26.898Z] I (27491) RouteLoomRef: delivery session=293 sequence=7 state=9 reason=DEADLINE_EXPIRED
[2026-09-26T14:42:27.852Z] I (28446) RouteLoomRef: discovery event=REACHABLE peer=3
[2026-09-26T14:42:27.852Z] W (28446) RouteLoomRef: diagnostic reason=REACHABLE peer=3 message=none
[2026-09-26T14:42:27.881Z] I (28475) RouteLoomRef: delivery session=293 sequence=9 state=3 reason=QUEUED
[2026-09-26T14:42:27.884Z] W (28478) RouteLoomRef: diagnostic reason=SESSION_PENDING peer=3 message=present
[2026-09-26T14:42:27.900Z] W (28493) RouteLoomRef: diagnostic reason=DELIVERY_HISTORY_EVICTED peer=0 message=present
[2026-09-26T14:42:27.900Z] I (28494) RouteLoomRef: delivery session=293 sequence=11 state=1 reason=TX_ACCEPTED
[2026-09-26T14:42:27.900Z] I (28494) RouteLoomRef: delivery session=293 sequence=11 state=3 reason=QUEUED
[2026-09-26T14:42:27.901Z] I (28494) RouteLoomRef: HIL DEVICE SEND attempt=9 dest=3 admitted=1 detail=ok
[2026-09-26T14:42:27.910Z] W (28503) RouteLoomRef: diagnostic reason=SESSION_PENDING peer=3 message=present
[2026-09-26T14:42:27.922Z] I (28516) RouteLoomRef: delivery session=293 sequence=8 state=3 reason=QUEUED
[2026-09-26T14:42:27.924Z] W (28517) RouteLoomRef: diagnostic reason=SESSION_PENDING peer=3 message=present
[2026-09-26T14:42:27.983Z] I (28576) RouteLoomRef: delivery session=293 sequence=8 state=4 reason=TX_MAC_PENDING
[2026-09-26T14:42:27.991Z] I (28584) RouteLoomRef: delivery session=293 sequence=8 state=5 reason=HOP_ACCEPT_PENDING
[2026-09-26T14:42:27.995Z] I (28588) RouteLoomRef: delivery session=293 sequence=9 state=4 reason=TX_MAC_PENDING
[2026-09-26T14:42:28.003Z] I (28597) RouteLoomRef: delivery session=293 sequence=9 state=5 reason=HOP_ACCEPT_PENDING
[2026-09-26T14:42:28.020Z] I (28613) RouteLoomRef: delivery session=293 sequence=11 state=4 reason=TX_MAC_PENDING
[2026-09-26T14:42:28.027Z] I (28621) RouteLoomRef: delivery session=293 sequence=11 state=5 reason=HOP_ACCEPT_PENDING
[2026-09-26T14:42:28.056Z] I (28650) RouteLoomRef: delivery session=293 sequence=8 state=4 reason=TX_MAC_PENDING
[2026-09-26T14:42:28.067Z] I (28661) RouteLoomRef: delivery session=293 sequence=8 state=5 reason=HOP_ACCEPT_PENDING
[2026-09-26T14:42:28.071Z] I (28665) RouteLoomRef: delivery session=293 sequence=9 state=4 reason=TX_MAC_PENDING
[2026-09-26T14:42:28.080Z] I (28674) RouteLoomRef: delivery session=293 sequence=9 state=5 reason=HOP_ACCEPT_PENDING
[2026-09-26T14:42:28.088Z] I (28681) RouteLoomRef: delivery session=293 sequence=8 state=6 reason=END_RECEIPT_PENDING
[2026-09-26T14:42:28.092Z] I (28686) RouteLoomRef: delivery session=293 sequence=11 state=4 reason=TX_MAC_PENDING
[2026-09-26T14:42:28.099Z] I (28693) RouteLoomRef: delivery session=293 sequence=9 state=6 reason=END_RECEIPT_PENDING
[2026-09-26T14:42:28.108Z] I (28702) RouteLoomRef: delivery session=293 sequence=11 state=5 reason=HOP_ACCEPT_PENDING
[2026-09-26T14:42:28.117Z] I (28710) RouteLoomRef: delivery session=293 sequence=8 state=7 reason=END_RECEIVED
[2026-09-26T14:42:28.126Z] I (28720) RouteLoomRef: delivery session=293 sequence=11 state=6 reason=END_RECEIPT_PENDING
[2026-09-26T14:42:28.143Z] I (28737) RouteLoomRef: delivery session=293 sequence=9 state=7 reason=END_RECEIVED
[2026-09-26T14:42:28.155Z] I (28749) RouteLoomRef: delivery session=293 sequence=11 state=7 reason=END_RECEIVED
[2026-09-26T14:42:29.899Z] W (30493) RouteLoomRef: diagnostic reason=DELIVERY_HISTORY_EVICTED peer=0 message=present
[2026-09-26T14:42:29.900Z] I (30494) RouteLoomRef: delivery session=293 sequence=16 state=1 reason=TX_ACCEPTED
[2026-09-26T14:42:29.900Z] I (30494) RouteLoomRef: delivery session=293 sequence=16 state=3 reason=QUEUED
[2026-09-26T14:42:29.901Z] I (30494) RouteLoomRef: HIL DEVICE SEND attempt=10 dest=3 admitted=1 detail=ok
[2026-09-26T14:42:29.907Z] I (30500) RouteLoomRef: delivery session=293 sequence=16 state=4 reason=TX_MAC_PENDING
[2026-09-26T14:42:29.915Z] I (30509) RouteLoomRef: delivery session=293 sequence=16 state=5 reason=HOP_ACCEPT_PENDING
[2026-09-26T14:42:29.929Z] I (30523) RouteLoomRef: delivery session=293 sequence=16 state=6 reason=END_RECEIPT_PENDING
[2026-09-26T14:42:29.944Z] I (30537) RouteLoomRef: delivery session=293 sequence=16 state=7 reason=END_RECEIVED
[2026-09-26T14:42:31.900Z] W (32493) RouteLoomRef: diagnostic reason=DELIVERY_HISTORY_EVICTED peer=0 message=present
[2026-09-26T14:42:31.900Z] I (32494) RouteLoomRef: delivery session=293 sequence=17 state=1 reason=TX_ACCEPTED
[2026-09-26T14:42:31.901Z] I (32494) RouteLoomRef: delivery session=293 sequence=17 state=3 reason=QUEUED
[2026-09-26T14:42:31.901Z] I (32494) RouteLoomRef: HIL DEVICE SEND attempt=11 dest=3 admitted=1 detail=ok
[2026-09-26T14:42:31.907Z] I (32500) RouteLoomRef: delivery session=293 sequence=17 state=4 reason=TX_MAC_PENDING
[2026-09-26T14:42:31.915Z] I (32508) RouteLoomRef: delivery session=293 sequence=17 state=5 reason=HOP_ACCEPT_PENDING
[2026-09-26T14:42:31.930Z] I (32523) RouteLoomRef: delivery session=293 sequence=17 state=6 reason=END_RECEIPT_PENDING
[2026-09-26T14:42:31.947Z] I (32541) RouteLoomRef: delivery session=293 sequence=17 state=7 reason=END_RECEIVED
[2026-09-26T14:42:33.903Z] W (34495) RouteLoomRef: diagnostic reason=DELIVERY_HISTORY_EVICTED peer=0 message=present
[2026-09-26T14:42:33.903Z] I (34496) RouteLoomRef: delivery session=293 sequence=18 state=1 reason=TX_ACCEPTED
[2026-09-26T14:42:33.903Z] I (34496) RouteLoomRef: delivery session=293 sequence=18 state=3 reason=QUEUED
[2026-09-26T14:42:33.903Z] I (34496) RouteLoomRef: HIL DEVICE SEND attempt=12 dest=3 admitted=1 detail=ok
[2026-09-26T14:42:33.908Z] I (34502) RouteLoomRef: delivery session=293 sequence=18 state=4 reason=TX_MAC_PENDING
[2026-09-26T14:42:33.917Z] I (34510) RouteLoomRef: delivery session=293 sequence=18 state=5 reason=HOP_ACCEPT_PENDING
[2026-09-26T14:42:33.931Z] I (34525) RouteLoomRef: delivery session=293 sequence=18 state=6 reason=END_RECEIPT_PENDING
[2026-09-26T14:42:33.946Z] I (34539) RouteLoomRef: delivery session=293 sequence=18 state=7 reason=END_RECEIVED
[2026-09-26T14:42:35.902Z] W (36495) RouteLoomRef: diagnostic reason=DELIVERY_HISTORY_EVICTED peer=0 message=present
[2026-09-26T14:42:35.902Z] I (36496) RouteLoomRef: delivery session=293 sequence=19 state=1 reason=TX_ACCEPTED
[2026-09-26T14:42:35.902Z] I (36496) RouteLoomRef: delivery session=293 sequence=19 state=3 reason=QUEUED
[2026-09-26T14:42:35.903Z] I (36496) RouteLoomRef: HIL DEVICE SEND attempt=13 dest=3 admitted=1 detail=ok
[2026-09-26T14:42:35.909Z] I (36502) RouteLoomRef: delivery session=293 sequence=19 state=4 reason=TX_MAC_PENDING
[2026-09-26T14:42:35.917Z] I (36510) RouteLoomRef: delivery session=293 sequence=19 state=5 reason=HOP_ACCEPT_PENDING
[2026-09-26T14:42:35.931Z] I (36524) RouteLoomRef: delivery session=293 sequence=19 state=6 reason=END_RECEIPT_PENDING
[2026-09-26T14:42:35.947Z] I (36538) RouteLoomRef: delivery session=293 sequence=19 state=7 reason=END_RECEIVED
[2026-09-26T14:42:37.902Z] W (38495) RouteLoomRef: diagnostic reason=DELIVERY_HISTORY_EVICTED peer=0 message=present
[2026-09-26T14:42:37.902Z] I (38496) RouteLoomRef: delivery session=293 sequence=20 state=1 reason=TX_ACCEPTED
[2026-09-26T14:42:37.902Z] I (38496) RouteLoomRef: delivery session=293 sequence=20 state=3 reason=QUEUED
[2026-09-26T14:42:37.903Z] I (38496) RouteLoomRef: HIL DEVICE SEND attempt=14 dest=3 admitted=1 detail=ok
[2026-09-26T14:42:37.908Z] I (38502) RouteLoomRef: delivery session=293 sequence=20 state=4 reason=TX_MAC_PENDING
[2026-09-26T14:42:37.916Z] I (38510) RouteLoomRef: delivery session=293 sequence=20 state=5 reason=HOP_ACCEPT_PENDING
[2026-09-26T14:42:37.930Z] I (38524) RouteLoomRef: delivery session=293 sequence=20 state=6 reason=END_RECEIPT_PENDING
[2026-09-26T14:42:37.945Z] I (38538) RouteLoomRef: delivery session=293 sequence=20 state=7 reason=END_RECEIVED
[2026-09-26T14:42:39.902Z] W (40495) RouteLoomRef: diagnostic reason=DELIVERY_HISTORY_EVICTED peer=0 message=present
[2026-09-26T14:42:39.902Z] I (40496) RouteLoomRef: delivery session=293 sequence=21 state=1 reason=TX_ACCEPTED
[2026-09-26T14:42:39.902Z] I (40496) RouteLoomRef: delivery session=293 sequence=21 state=3 reason=QUEUED
[2026-09-26T14:42:39.903Z] I (40496) RouteLoomRef: HIL DEVICE SEND attempt=15 dest=3 admitted=1 detail=ok
[2026-09-26T14:42:39.908Z] I (40501) RouteLoomRef: delivery session=293 sequence=21 state=4 reason=TX_MAC_PENDING
[2026-09-26T14:42:39.915Z] I (40509) RouteLoomRef: delivery session=293 sequence=21 state=5 reason=HOP_ACCEPT_PENDING
[2026-09-26T14:42:39.929Z] I (40522) RouteLoomRef: delivery session=293 sequence=21 state=6 reason=END_RECEIPT_PENDING
[2026-09-26T14:42:39.944Z] I (40538) RouteLoomRef: delivery session=293 sequence=21 state=7 reason=END_RECEIVED
[2026-09-26T14:42:41.902Z] W (42495) RouteLoomRef: diagnostic reason=DELIVERY_HISTORY_EVICTED peer=0 message=present
[2026-09-26T14:42:41.902Z] I (42496) RouteLoomRef: delivery session=293 sequence=22 state=1 reason=TX_ACCEPTED
[2026-09-26T14:42:41.905Z] I (42496) RouteLoomRef: delivery session=293 sequence=22 state=3 reason=QUEUED
[2026-09-26T14:42:41.905Z] I (42496) RouteLoomRef: HIL DEVICE SEND attempt=16 dest=3 admitted=1 detail=ok
[2026-09-26T14:42:41.909Z] I (42502) RouteLoomRef: delivery session=293 sequence=22 state=4 reason=TX_MAC_PENDING
[2026-09-26T14:42:41.917Z] I (42510) RouteLoomRef: delivery session=293 sequence=22 state=5 reason=HOP_ACCEPT_PENDING
[2026-09-26T14:42:41.932Z] I (42526) RouteLoomRef: delivery session=293 sequence=22 state=6 reason=END_RECEIPT_PENDING
[2026-09-26T14:42:41.950Z] I (42543) RouteLoomRef: delivery session=293 sequence=22 state=7 reason=END_RECEIVED
[2026-09-26T14:42:43.904Z] W (44497) RouteLoomRef: diagnostic reason=DELIVERY_HISTORY_EVICTED peer=0 message=present
[2026-09-26T14:42:43.904Z] I (44498) RouteLoomRef: delivery session=293 sequence=23 state=1 reason=TX_ACCEPTED
[2026-09-26T14:42:43.904Z] I (44498) RouteLoomRef: delivery session=293 sequence=23 state=3 reason=QUEUED
[2026-09-26T14:42:43.905Z] I (44498) RouteLoomRef: HIL DEVICE SEND attempt=17 dest=3 admitted=1 detail=ok
[2026-09-26T14:42:43.911Z] I (44505) RouteLoomRef: delivery session=293 sequence=23 state=4 reason=TX_MAC_PENDING
[2026-09-26T14:42:43.919Z] I (44512) RouteLoomRef: delivery session=293 sequence=23 state=5 reason=HOP_ACCEPT_PENDING
[2026-09-26T14:42:43.933Z] I (44526) RouteLoomRef: delivery session=293 sequence=23 state=6 reason=END_RECEIPT_PENDING
[2026-09-26T14:42:43.947Z] I (44540) RouteLoomRef: delivery session=293 sequence=23 state=7 reason=END_RECEIVED
[2026-09-26T14:42:45.906Z] W (46499) RouteLoomRef: diagnostic reason=DELIVERY_HISTORY_EVICTED peer=0 message=present
[2026-09-26T14:42:45.906Z] I (46499) RouteLoomRef: delivery session=293 sequence=24 state=1 reason=TX_ACCEPTED
[2026-09-26T14:42:45.906Z] I (46500) RouteLoomRef: delivery session=293 sequence=24 state=3 reason=QUEUED
[2026-09-26T14:42:45.907Z] I (46500) RouteLoomRef: HIL DEVICE SEND attempt=18 dest=3 admitted=1 detail=ok
[2026-09-26T14:42:45.912Z] I (46505) RouteLoomRef: delivery session=293 sequence=24 state=4 reason=TX_MAC_PENDING
[2026-09-26T14:42:45.921Z] I (46513) RouteLoomRef: delivery session=293 sequence=24 state=5 reason=HOP_ACCEPT_PENDING
[2026-09-26T14:42:45.934Z] I (46527) RouteLoomRef: delivery session=293 sequence=24 state=6 reason=END_RECEIPT_PENDING
[2026-09-26T14:42:45.948Z] I (46541) RouteLoomRef: delivery session=293 sequence=24 state=7 reason=END_RECEIVED
[2026-09-26T14:42:47.907Z] W (48500) RouteLoomRef: diagnostic reason=DELIVERY_HISTORY_EVICTED peer=0 message=present
[2026-09-26T14:42:47.907Z] I (48500) RouteLoomRef: delivery session=293 sequence=25 state=1 reason=TX_ACCEPTED
[2026-09-26T14:42:47.907Z] I (48501) RouteLoomRef: delivery session=293 sequence=25 state=3 reason=QUEUED
[2026-09-26T14:42:47.908Z] I (48501) RouteLoomRef: HIL DEVICE SEND attempt=19 dest=3 admitted=1 detail=ok
[2026-09-26T14:42:47.913Z] I (48506) RouteLoomRef: delivery session=293 sequence=25 state=4 reason=TX_MAC_PENDING
[2026-09-26T14:42:47.921Z] I (48514) RouteLoomRef: delivery session=293 sequence=25 state=5 reason=HOP_ACCEPT_PENDING
[2026-09-26T14:42:47.935Z] I (48529) RouteLoomRef: delivery session=293 sequence=25 state=6 reason=END_RECEIPT_PENDING
[2026-09-26T14:42:47.949Z] I (48542) RouteLoomRef: delivery session=293 sequence=25 state=7 reason=END_RECEIVED
[2026-09-26T14:42:59.753Z] I (60346) RouteLoom: stack hwm main 10604 B
[2026-09-26T14:42:59.755Z] I (60346) RouteLoom: HIL HEAP free=21928 largest=18432 min=21164 B
[2026-09-26T14:42:59.755Z] I (60347) RouteLoom: HIL DISCOVERY candidates=0 neighbors=2 capacity=0 auth=2 stale=0 probes=8 send_failures=2 kind_rejects=0
[2026-09-26T14:42:59.755Z] I (60347) RouteLoom: HIL ROUTE peer=1 phase=5 via=1 metric=1 generation=310 seq=3
[2026-09-26T14:42:59.755Z] I (60347) RouteLoom: HIL ROUTE peer=3 phase=5 via=3 metric=1 generation=109 seq=2
[2026-09-26T14:43:50.190Z] !! capture closed
