[2026-09-26T13:29:35.980Z] !! capture open /dev/serial/by-id/usb-Espressif_USB_JTAG_serial_debug_unit_94:A9:90:7A:26:AC-if00 @ 115200 backend=pyserial dtr=1 rts=0
[2026-09-26T13:29:39.286Z] I (21049) RouteLoom: HIL LINK tx peer=2 type=32 cid=2065731346 seq=6
[2026-09-26T13:29:39.299Z] I (21063) RouteLoom: HIL PROBE tx peer=2 type=40 status=0 detail=ok
[2026-09-26T13:29:39.302Z] I (21065) RouteLoom: HIL LINK rx peer=2 type=32 cid=3131591193 current=0 status=5 seq=7
[2026-09-26T13:29:39.317Z] I (21079) RouteLoom: HIL LINK rx peer=2 type=40 cid=3131591193 current=0 status=5 seq=6
[2026-09-26T13:29:39.319Z] I (21083) RouteLoom: HIL PROBE tx peer=2 type=41 status=0 detail=ok
[2026-09-26T13:29:39.335Z] I (21098) RouteLoom: HIL LINK rx peer=2 type=41 cid=3131591193 current=0 status=5 seq=7
[2026-09-26T13:29:44.286Z] I (26049) RouteLoom: HIL LINK tx peer=2 type=32 cid=2065731346 seq=7
[2026-09-26T13:29:44.301Z] I (26064) RouteLoom: HIL LINK rx peer=2 type=32 cid=3131591193 current=0 status=5 seq=8
[2026-09-26T13:29:49.288Z] I (31051) RouteLoom: HIL LINK tx peer=2 type=32 cid=2065731346 seq=8
[2026-09-26T13:29:49.302Z] I (31066) RouteLoom: HIL LINK rx peer=2 type=32 cid=3131591193 current=0 status=5 seq=9
[2026-09-26T13:29:49.336Z] I (31097) RouteLoom: HIL LINK rx peer=2 type=40 cid=3131591193 current=0 status=5 seq=8
[2026-09-26T13:29:49.337Z] I (31101) RouteLoom: HIL PROBE tx peer=2 type=41 status=0 detail=ok
[2026-09-26T13:29:54.290Z] I (36053) RouteLoom: HIL LINK tx peer=2 type=32 cid=2065731346 seq=9
[2026-09-26T13:29:54.305Z] I (36068) RouteLoom: HIL LINK rx peer=2 type=32 cid=3131591193 current=0 status=5 seq=10
[2026-09-26T13:29:59.292Z] I (41055) RouteLoom: HIL LINK tx peer=2 type=32 cid=2065731346 seq=10
[2026-09-26T13:29:59.307Z] I (41070) RouteLoom: HIL LINK rx peer=2 type=32 cid=3131591193 current=0 status=5 seq=11
[2026-09-26T13:29:59.337Z] I (41101) RouteLoom: HIL PROBE tx peer=2 type=40 status=0 detail=ok
[2026-09-26T13:29:59.355Z] I (41118) RouteLoom: HIL LINK rx peer=2 type=41 cid=3131591193 current=0 status=5 seq=9
[2026-09-26T13:30:04.294Z] I (46057) RouteLoom: HIL LINK tx peer=2 type=32 cid=2065731346 seq=11
[2026-09-26T13:30:04.309Z] I (46072) RouteLoom: HIL LINK rx peer=2 type=32 cid=3131591193 current=0 status=5 seq=12
[2026-09-26T13:30:09.296Z] I (51059) RouteLoom: HIL LINK tx peer=2 type=32 cid=2065731346 seq=12
[2026-09-26T13:30:09.311Z] I (51074) RouteLoom: HIL LINK rx peer=2 type=32 cid=3131591193 current=0 status=5 seq=13
[2026-09-26T13:30:09.354Z] I (51117) RouteLoom: HIL LINK rx peer=2 type=40 cid=3131591193 current=0 status=5 seq=10
[2026-09-26T13:30:09.358Z] I (51121) RouteLoom: HIL PROBE tx peer=2 type=41 status=0 detail=ok
[2026-09-26T13:30:14.298Z] I (56061) RouteLoom: HIL LINK tx peer=2 type=32 cid=2065731346 seq=13
[2026-09-26T13:30:14.313Z] I (56076) RouteLoom: HIL LINK rx peer=2 type=32 cid=3131591193 current=0 status=5 seq=14
[2026-09-26T13:30:18.641Z] I (60404) RouteLoom: stack hwm main 11096 B
[2026-09-26T13:30:18.641Z] I (60404) RouteLoom: HIL HEAP free=22040 largest=19456 min=21292 B
[2026-09-26T13:30:18.650Z] I (60405) RouteLoom: HIL DISCOVERY candidates=0 neighbors=1 capacity=0 auth=1 stale=0 probes=4 send_failures=1 kind_rejects=0
[2026-09-26T13:30:18.657Z] I (60414) RouteLoom: HIL ROUTE peer=1 phase=-1 via=0 metric=0 generation=0 seq=0
[2026-09-26T13:30:18.665Z] I (60421) RouteLoom: HIL ROUTE peer=2 phase=5 via=2 metric=1 generation=288 seq=1
[2026-09-26T13:30:19.298Z] I (61061) RouteLoom: HIL LINK tx peer=2 type=32 cid=2065731346 seq=14
[2026-09-26T13:30:19.314Z] I (61077) RouteLoom: HIL LINK rx peer=2 type=32 cid=3131591193 current=0 status=5 seq=15
[2026-09-26T13:30:19.357Z] I (61121) RouteLoom: HIL PROBE tx peer=2 type=40 status=0 detail=ok
[2026-09-26T13:30:19.374Z] I (61138) RouteLoom: HIL LINK rx peer=2 type=41 cid=3131591193 current=0 status=5 seq=11
[2026-09-26T13:30:24.299Z] I (66062) RouteLoom: HIL LINK tx peer=2 type=32 cid=2065731346 seq=15
[2026-09-26T13:30:24.315Z] I (66078) RouteLoom: HIL LINK rx peer=2 type=32 cid=3131591193 current=0 status=5 seq=16
[2026-09-26T13:30:29.300Z] I (71063) RouteLoom: HIL LINK tx peer=2 type=32 cid=2065731346 seq=16
[2026-09-26T13:30:29.316Z] I (71079) RouteLoom: HIL LINK rx peer=2 type=32 cid=3131591193 current=0 status=5 seq=17
[2026-09-26T13:30:29.374Z] I (71137) RouteLoom: HIL LINK rx peer=2 type=40 cid=3131591193 current=0 status=5 seq=12
[2026-09-26T13:30:29.378Z] I (71141) RouteLoom: HIL PROBE tx peer=2 type=41 status=0 detail=ok
[2026-09-26T13:30:34.300Z] I (76063) RouteLoom: HIL LINK tx peer=2 type=32 cid=2065731346 seq=17
[2026-09-26T13:30:34.317Z] I (76080) RouteLoom: HIL LINK rx peer=2 type=32 cid=3131591193 current=0 status=5 seq=18
[2026-09-26T13:30:39.301Z] I (81064) RouteLoom: HIL LINK tx peer=2 type=32 cid=2065731346 seq=18
[2026-09-26T13:30:39.317Z] I (81080) RouteLoom: HIL LINK rx peer=2 type=32 cid=3131591193 current=0 status=5 seq=19
[2026-09-26T13:30:39.375Z] I (81139) RouteLoom: HIL PROBE tx peer=2 type=40 status=0 detail=ok
[2026-09-26T13:30:39.394Z] I (81157) RouteLoom: HIL LINK rx peer=2 type=41 cid=3131591193 current=0 status=5 seq=13
[2026-09-26T13:30:44.303Z] I (86066) RouteLoom: HIL LINK tx peer=2 type=32 cid=2065731346 seq=19
[2026-09-26T13:30:44.318Z] I (86081) RouteLoom: HIL LINK rx peer=2 type=32 cid=3131591193 current=0 status=5 seq=20
[2026-09-26T13:30:49.306Z] I (91068) RouteLoom: HIL LINK tx peer=2 type=32 cid=2065731346 seq=20
[2026-09-26T13:30:49.323Z] I (91083) RouteLoom: HIL LINK rx peer=2 type=32 cid=3131591193 current=0 status=5 seq=21
[2026-09-26T13:30:49.396Z] I (91159) RouteLoom: HIL PROBE tx peer=2 type=40 status=0 detail=ok
[2026-09-26T13:30:49.399Z] I (91161) RouteLoom: HIL LINK rx peer=2 type=40 cid=3131591193 current=0 status=5 seq=14
[2026-09-26T13:30:49.409Z] I (91165) RouteLoom: HIL PROBE tx peer=2 type=41 status=6 detail=autonomy TX already in flight to peer
[2026-09-26T13:30:49.416Z] I (91177) RouteLoom: HIL LINK rx peer=2 type=41 cid=3131591193 current=0 status=5 seq=15
[2026-09-26T13:30:54.308Z] I (96070) RouteLoom: HIL LINK tx peer=2 type=32 cid=2065731346 seq=21
[2026-09-26T13:30:54.322Z] I (96085) RouteLoom: HIL LINK rx peer=2 type=32 cid=3131591193 current=0 status=5 seq=22
[2026-09-26T13:30:59.310Z] I (101072) RouteLoom: HIL LINK tx peer=2 type=32 cid=2065731346 seq=22
[2026-09-26T13:30:59.324Z] I (101087) RouteLoom: HIL LINK rx peer=2 type=32 cid=3131591193 current=0 status=5 seq=23
[2026-09-26T13:30:59.413Z] I (101175) RouteLoom: HIL LINK rx peer=2 type=40 cid=3131591193 current=0 status=5 seq=16
[2026-09-26T13:30:59.416Z] I (101179) RouteLoom: HIL PROBE tx peer=2 type=41 status=0 detail=ok
[2026-09-26T13:31:04.312Z] I (106074) RouteLoom: HIL LINK tx peer=2 type=32 cid=2065731346 seq=23
[2026-09-26T13:31:04.327Z] I (106089) RouteLoom: HIL LINK rx peer=2 type=32 cid=3131591193 current=0 status=5 seq=24
[2026-09-26T13:31:09.314Z] I (111076) RouteLoom: HIL LINK tx peer=2 type=32 cid=2065731346 seq=24
[2026-09-26T13:31:09.329Z] I (111091) RouteLoom: HIL LINK rx peer=2 type=32 cid=3131591193 current=0 status=5 seq=25
[2026-09-26T13:31:09.416Z] I (111179) RouteLoom: HIL PROBE tx peer=2 type=40 status=0 detail=ok
[2026-09-26T13:31:09.433Z] I (111196) RouteLoom: HIL LINK rx peer=2 type=41 cid=3131591193 current=0 status=5 seq=17
[2026-09-26T13:31:14.316Z] I (116079) RouteLoom: HIL LINK tx peer=2 type=32 cid=2065731346 seq=25
[2026-09-26T13:31:14.334Z] I (116094) RouteLoom: HIL LINK rx peer=2 type=32 cid=3131591193 current=0 status=5 seq=26
[2026-09-26T13:31:18.642Z] I (120405) RouteLoom: stack hwm main 11096 B
[2026-09-26T13:31:18.644Z] I (120405) RouteLoom: HIL HEAP free=22040 largest=19456 min=21292 B
[2026-09-26T13:31:18.652Z] I (120406) RouteLoom: HIL DISCOVERY candidates=0 neighbors=1 capacity=0 auth=1 stale=0 probes=8 send_failures=2 kind_rejects=0
[2026-09-26T13:31:18.660Z] I (120416) RouteLoom: HIL ROUTE peer=1 phase=-1 via=0 metric=0 generation=0 seq=0
[2026-09-26T13:31:18.667Z] I (120423) RouteLoom: HIL ROUTE peer=2 phase=5 via=2 metric=1 generation=288 seq=1
[2026-09-26T13:31:19.318Z] I (121080) RouteLoom: HIL LINK tx peer=2 type=32 cid=2065731346 seq=26
[2026-09-26T13:31:19.333Z] I (121095) RouteLoom: HIL LINK rx peer=2 type=32 cid=3131591193 current=0 status=5 seq=27
[2026-09-26T13:31:19.436Z] I (121195) RouteLoom: HIL LINK rx peer=2 type=40 cid=3131591193 current=0 status=5 seq=18
[2026-09-26T13:31:19.439Z] I (121199) RouteLoom: HIL PROBE tx peer=2 type=41 status=0 detail=ok
[2026-09-26T13:31:24.320Z] I (126082) RouteLoom: HIL LINK tx peer=2 type=32 cid=2065731346 seq=27
[2026-09-26T13:31:24.334Z] I (126097) RouteLoom: HIL LINK rx peer=2 type=32 cid=3131591193 current=0 status=5 seq=28
[2026-09-26T13:31:29.322Z] I (131084) RouteLoom: HIL LINK tx peer=2 type=32 cid=2065731346 seq=28
[2026-09-26T13:31:29.339Z] I (131099) RouteLoom: HIL LINK rx peer=2 type=32 cid=3131591193 current=0 status=5 seq=29
[2026-09-26T13:31:29.441Z] I (131199) RouteLoom: HIL PROBE tx peer=2 type=40 status=0 detail=ok
[2026-09-26T13:31:29.454Z] I (131216) RouteLoom: HIL LINK rx peer=2 type=41 cid=3131591193 current=0 status=5 seq=19
[2026-09-26T13:31:34.324Z] I (136086) RouteLoom: HIL LINK tx peer=2 type=32 cid=2065731346 seq=29
[2026-09-26T13:31:34.339Z] I (136101) RouteLoom: HIL LINK rx peer=2 type=32 cid=3131591193 current=0 status=5 seq=30
[2026-09-26T13:31:39.327Z] I (141088) RouteLoom: HIL LINK tx peer=2 type=32 cid=2065731346 seq=30
[2026-09-26T13:31:39.342Z] I (141104) RouteLoom: HIL LINK rx peer=2 type=32 cid=3131591193 current=0 status=5 seq=31
[2026-09-26T13:31:39.457Z] I (141216) RouteLoom: HIL LINK rx peer=2 type=40 cid=3131591193 current=0 status=5 seq=20
[2026-09-26T13:31:39.458Z] I (141220) RouteLoom: HIL PROBE tx peer=2 type=41 status=0 detail=ok
[2026-09-26T13:31:44.326Z] I (146088) RouteLoom: HIL LINK tx peer=2 type=32 cid=2065731346 seq=31
[2026-09-26T13:31:44.342Z] I (146103) RouteLoom: HIL LINK rx peer=2 type=32 cid=3131591193 current=0 status=5 seq=32
[2026-09-26T13:31:49.329Z] I (151090) RouteLoom: HIL LINK tx peer=2 type=32 cid=2065731346 seq=32
[2026-09-26T13:31:49.343Z] I (151105) RouteLoom: HIL LINK rx peer=2 type=32 cid=3131591193 current=0 status=5 seq=33
[2026-09-26T13:31:49.457Z] I (151220) RouteLoom: HIL PROBE tx peer=2 type=40 status=0 detail=ok
[2026-09-26T13:31:49.474Z] I (151237) RouteLoom: HIL LINK rx peer=2 type=41 cid=3131591193 current=0 status=5 seq=21
