[2026-09-26T13:29:35.946Z] !! capture open /dev/serial/by-id/usb-Espressif_USB_JTAG_serial_debug_unit_94:A9:90:7A:B5:60-if00 @ 115200 backend=pyserial dtr=1 rts=0
[2026-09-26T13:29:39.292Z] I (21055) RouteLoom: HIL LINK tx peer=3 type=32 cid=3131591193 seq=7
[2026-09-26T13:29:39.294Z] I (21057) RouteLoom: HIL LINK rx peer=3 type=32 cid=2065731346 current=0 status=5 seq=6
[2026-09-26T13:29:39.304Z] I (21062) RouteLoom: HIL PROBE tx peer=3 type=40 status=6 detail=reserved DATA TX in flight to peer
[2026-09-26T13:29:39.310Z] I (21071) RouteLoom: HIL PROBE tx peer=3 type=40 status=0 detail=ok
[2026-09-26T13:29:39.318Z] I (21075) RouteLoom: HIL LINK rx peer=3 type=40 cid=2065731346 current=0 status=5 seq=5
[2026-09-26T13:29:39.325Z] I (21085) RouteLoom: HIL PROBE tx peer=3 type=41 status=0 detail=ok
[2026-09-26T13:29:39.331Z] I (21089) RouteLoom: HIL LINK rx peer=3 type=41 cid=2065731346 current=0 status=5 seq=6
[2026-09-26T13:29:44.294Z] I (26055) RouteLoom: HIL LINK tx peer=3 type=32 cid=3131591193 seq=8
[2026-09-26T13:29:44.294Z] I (26057) RouteLoom: HIL LINK rx peer=3 type=32 cid=2065731346 current=0 status=5 seq=7
[2026-09-26T13:29:49.294Z] I (31058) RouteLoom: HIL LINK tx peer=3 type=32 cid=3131591193 seq=9
[2026-09-26T13:29:49.297Z] I (31059) RouteLoom: HIL LINK rx peer=3 type=32 cid=2065731346 current=0 status=5 seq=8
[2026-09-26T13:29:49.329Z] I (31091) RouteLoom: HIL PROBE tx peer=3 type=40 status=0 detail=ok
[2026-09-26T13:29:49.344Z] I (31108) RouteLoom: HIL LINK rx peer=3 type=41 cid=2065731346 current=0 status=5 seq=7
[2026-09-26T13:29:54.296Z] I (36060) RouteLoom: HIL LINK tx peer=3 type=32 cid=3131591193 seq=10
[2026-09-26T13:29:54.301Z] I (36061) RouteLoom: HIL LINK rx peer=3 type=32 cid=2065731346 current=0 status=5 seq=9
[2026-09-26T13:29:59.298Z] I (41062) RouteLoom: HIL LINK tx peer=3 type=32 cid=3131591193 seq=11
[2026-09-26T13:29:59.301Z] I (41063) RouteLoom: HIL LINK rx peer=3 type=32 cid=2065731346 current=0 status=5 seq=10
[2026-09-26T13:29:59.344Z] I (41108) RouteLoom: HIL LINK rx peer=3 type=40 cid=2065731346 current=0 status=5 seq=8
[2026-09-26T13:29:59.348Z] I (41112) RouteLoom: HIL PROBE tx peer=3 type=41 status=0 detail=ok
[2026-09-26T13:30:04.300Z] I (46064) RouteLoom: HIL LINK tx peer=3 type=32 cid=3131591193 seq=12
[2026-09-26T13:30:04.303Z] I (46065) RouteLoom: HIL LINK rx peer=3 type=32 cid=2065731346 current=0 status=5 seq=11
[2026-09-26T13:30:09.302Z] I (51066) RouteLoom: HIL LINK tx peer=3 type=32 cid=3131591193 seq=13
[2026-09-26T13:30:09.305Z] I (51067) RouteLoom: HIL LINK rx peer=3 type=32 cid=2065731346 current=0 status=5 seq=12
[2026-09-26T13:30:09.347Z] I (51111) RouteLoom: HIL PROBE tx peer=3 type=40 status=0 detail=ok
[2026-09-26T13:30:09.365Z] I (51128) RouteLoom: HIL LINK rx peer=3 type=41 cid=2065731346 current=0 status=5 seq=9
[2026-09-26T13:30:14.304Z] I (56068) RouteLoom: HIL LINK tx peer=3 type=32 cid=3131591193 seq=14
[2026-09-26T13:30:14.307Z] I (56069) RouteLoom: HIL LINK rx peer=3 type=32 cid=2065731346 current=0 status=5 seq=13
[2026-09-26T13:30:18.641Z] I (60404) RouteLoom: stack hwm main 11096 B
[2026-09-26T13:30:18.641Z] I (60404) RouteLoom: HIL HEAP free=21756 largest=18432 min=20952 B
[2026-09-26T13:30:18.650Z] I (60405) RouteLoom: HIL DISCOVERY candidates=0 neighbors=1 capacity=0 auth=1 stale=0 probes=5 send_failures=2 kind_rejects=0
[2026-09-26T13:30:18.657Z] I (60414) RouteLoom: HIL ROUTE peer=1 phase=-1 via=0 metric=0 generation=0 seq=0
[2026-09-26T13:30:18.665Z] I (60421) RouteLoom: HIL ROUTE peer=3 phase=5 via=3 metric=1 generation=107 seq=1
[2026-09-26T13:30:19.304Z] I (61067) RouteLoom: HIL LINK tx peer=3 type=32 cid=3131591193 seq=15
[2026-09-26T13:30:19.307Z] I (61069) RouteLoom: HIL LINK rx peer=3 type=32 cid=2065731346 current=0 status=5 seq=14
[2026-09-26T13:30:19.364Z] I (61127) RouteLoom: HIL LINK rx peer=3 type=40 cid=2065731346 current=0 status=5 seq=10
[2026-09-26T13:30:19.368Z] I (61131) RouteLoom: HIL PROBE tx peer=3 type=41 status=0 detail=ok
[2026-09-26T13:30:24.305Z] I (66068) RouteLoom: HIL LINK tx peer=3 type=32 cid=3131591193 seq=16
[2026-09-26T13:30:24.308Z] I (66070) RouteLoom: HIL LINK rx peer=3 type=32 cid=2065731346 current=0 status=5 seq=15
[2026-09-26T13:30:29.308Z] I (71071) RouteLoom: HIL LINK tx peer=3 type=32 cid=3131591193 seq=17
[2026-09-26T13:30:29.310Z] I (71072) RouteLoom: HIL LINK rx peer=3 type=32 cid=2065731346 current=0 status=5 seq=16
[2026-09-26T13:30:29.367Z] I (71131) RouteLoom: HIL PROBE tx peer=3 type=40 status=0 detail=ok
[2026-09-26T13:30:29.385Z] I (71148) RouteLoom: HIL LINK rx peer=3 type=41 cid=2065731346 current=0 status=5 seq=11
[2026-09-26T13:30:34.310Z] I (76073) RouteLoom: HIL LINK tx peer=3 type=32 cid=3131591193 seq=18
[2026-09-26T13:30:34.313Z] I (76074) RouteLoom: HIL LINK rx peer=3 type=32 cid=2065731346 current=0 status=5 seq=17
[2026-09-26T13:30:39.310Z] I (81073) RouteLoom: HIL LINK tx peer=3 type=32 cid=3131591193 seq=19
[2026-09-26T13:30:39.313Z] I (81074) RouteLoom: HIL LINK rx peer=3 type=32 cid=2065731346 current=0 status=5 seq=18
[2026-09-26T13:30:39.383Z] I (81146) RouteLoom: HIL LINK rx peer=3 type=40 cid=2065731346 current=0 status=5 seq=12
[2026-09-26T13:30:39.389Z] I (81150) RouteLoom: HIL PROBE tx peer=3 type=41 status=0 detail=ok
[2026-09-26T13:30:44.310Z] I (86073) RouteLoom: HIL LINK tx peer=3 type=32 cid=3131591193 seq=20
[2026-09-26T13:30:44.313Z] I (86074) RouteLoom: HIL LINK rx peer=3 type=32 cid=2065731346 current=0 status=5 seq=19
[2026-09-26T13:30:49.312Z] I (91075) RouteLoom: HIL LINK tx peer=3 type=32 cid=3131591193 seq=21
[2026-09-26T13:30:49.315Z] I (91076) RouteLoom: HIL LINK rx peer=3 type=32 cid=2065731346 current=0 status=5 seq=20
[2026-09-26T13:30:49.387Z] I (91150) RouteLoom: HIL PROBE tx peer=3 type=40 status=0 detail=ok
[2026-09-26T13:30:49.404Z] I (91166) RouteLoom: HIL LINK rx peer=3 type=40 cid=2065731346 current=0 status=5 seq=13
[2026-09-26T13:30:49.407Z] I (91170) RouteLoom: HIL PROBE tx peer=3 type=41 status=0 detail=ok
[2026-09-26T13:30:54.312Z] I (96075) RouteLoom: HIL LINK tx peer=3 type=32 cid=3131591193 seq=22
[2026-09-26T13:30:54.315Z] I (96077) RouteLoom: HIL LINK rx peer=3 type=32 cid=2065731346 current=0 status=5 seq=21
[2026-09-26T13:30:59.313Z] I (101075) RouteLoom: HIL LINK tx peer=3 type=32 cid=3131591193 seq=23
[2026-09-26T13:30:59.318Z] I (101080) RouteLoom: HIL LINK rx peer=3 type=32 cid=2065731346 current=0 status=5 seq=22
[2026-09-26T13:30:59.406Z] I (101169) RouteLoom: HIL PROBE tx peer=3 type=40 status=0 detail=ok
[2026-09-26T13:30:59.423Z] I (101186) RouteLoom: HIL LINK rx peer=3 type=41 cid=2065731346 current=0 status=5 seq=15
[2026-09-26T13:31:04.315Z] I (106078) RouteLoom: HIL LINK tx peer=3 type=32 cid=3131591193 seq=24
[2026-09-26T13:31:04.320Z] I (106082) RouteLoom: HIL LINK rx peer=3 type=32 cid=2065731346 current=0 status=5 seq=23
[2026-09-26T13:31:09.317Z] I (111079) RouteLoom: HIL LINK tx peer=3 type=32 cid=3131591193 seq=25
[2026-09-26T13:31:09.322Z] I (111084) RouteLoom: HIL LINK rx peer=3 type=32 cid=2065731346 current=0 status=5 seq=24
[2026-09-26T13:31:09.422Z] I (111185) RouteLoom: HIL LINK rx peer=3 type=40 cid=2065731346 current=0 status=5 seq=16
[2026-09-26T13:31:09.427Z] I (111189) RouteLoom: HIL PROBE tx peer=3 type=41 status=0 detail=ok
[2026-09-26T13:31:14.320Z] I (116081) RouteLoom: HIL LINK tx peer=3 type=32 cid=3131591193 seq=26
[2026-09-26T13:31:14.326Z] I (116086) RouteLoom: HIL LINK rx peer=3 type=32 cid=2065731346 current=0 status=5 seq=25
[2026-09-26T13:31:18.644Z] I (120406) RouteLoom: stack hwm main 11096 B
[2026-09-26T13:31:18.644Z] I (120406) RouteLoom: HIL HEAP free=21756 largest=18432 min=20952 B
[2026-09-26T13:31:18.653Z] I (120407) RouteLoom: HIL DISCOVERY candidates=0 neighbors=1 capacity=0 auth=1 stale=0 probes=8 send_failures=2 kind_rejects=0
[2026-09-26T13:31:18.662Z] I (120417) RouteLoom: HIL ROUTE peer=1 phase=-1 via=0 metric=0 generation=0 seq=0
[2026-09-26T13:31:18.669Z] I (120424) RouteLoom: HIL ROUTE peer=3 phase=5 via=3 metric=1 generation=107 seq=1
[2026-09-26T13:31:19.322Z] I (121082) RouteLoom: HIL LINK tx peer=3 type=32 cid=3131591193 seq=27
[2026-09-26T13:31:19.328Z] I (121087) RouteLoom: HIL LINK rx peer=3 type=32 cid=2065731346 current=0 status=5 seq=26
[2026-09-26T13:31:19.427Z] I (121189) RouteLoom: HIL PROBE tx peer=3 type=40 status=0 detail=ok
[2026-09-26T13:31:19.443Z] I (121206) RouteLoom: HIL LINK rx peer=3 type=41 cid=2065731346 current=0 status=5 seq=17
[2026-09-26T13:31:24.320Z] I (126083) RouteLoom: HIL LINK tx peer=3 type=32 cid=3131591193 seq=28
[2026-09-26T13:31:24.327Z] I (126089) RouteLoom: HIL LINK rx peer=3 type=32 cid=2065731346 current=0 status=5 seq=27
[2026-09-26T13:31:29.322Z] I (131085) RouteLoom: HIL LINK tx peer=3 type=32 cid=3131591193 seq=29
[2026-09-26T13:31:29.329Z] I (131091) RouteLoom: HIL LINK rx peer=3 type=32 cid=2065731346 current=0 status=5 seq=28
[2026-09-26T13:31:29.443Z] I (131205) RouteLoom: HIL LINK rx peer=3 type=40 cid=2065731346 current=0 status=5 seq=18
[2026-09-26T13:31:29.447Z] I (131209) RouteLoom: HIL PROBE tx peer=3 type=41 status=0 detail=ok
[2026-09-26T13:31:34.324Z] I (136087) RouteLoom: HIL LINK tx peer=3 type=32 cid=3131591193 seq=30
[2026-09-26T13:31:34.331Z] I (136093) RouteLoom: HIL LINK rx peer=3 type=32 cid=2065731346 current=0 status=5 seq=29
[2026-09-26T13:31:39.331Z] I (141089) RouteLoom: HIL LINK tx peer=3 type=32 cid=3131591193 seq=31
[2026-09-26T13:31:39.333Z] I (141095) RouteLoom: HIL LINK rx peer=3 type=32 cid=2065731346 current=0 status=5 seq=30
[2026-09-26T13:31:39.447Z] I (141209) RouteLoom: HIL PROBE tx peer=3 type=40 status=0 detail=ok
[2026-09-26T13:31:39.465Z] I (141227) RouteLoom: HIL LINK rx peer=3 type=41 cid=2065731346 current=0 status=5 seq=19
[2026-09-26T13:31:44.328Z] I (146089) RouteLoom: HIL LINK tx peer=3 type=32 cid=3131591193 seq=32
[2026-09-26T13:31:44.333Z] I (146095) RouteLoom: HIL LINK rx peer=3 type=32 cid=2065731346 current=0 status=5 seq=31
[2026-09-26T13:31:49.329Z] I (151091) RouteLoom: HIL LINK tx peer=3 type=32 cid=3131591193 seq=33
[2026-09-26T13:31:49.335Z] I (151097) RouteLoom: HIL LINK rx peer=3 type=32 cid=2065731346 current=0 status=5 seq=32
[2026-09-26T13:31:49.464Z] I (151226) RouteLoom: HIL LINK rx peer=3 type=40 cid=2065731346 current=0 status=5 seq=20
[2026-09-26T13:31:49.468Z] I (151230) RouteLoom: HIL PROBE tx peer=3 type=41 status=0 detail=ok
