[2026-09-26T07:57:46.866Z] !! capture open /dev/serial/by-id/usb-Espressif_USB_JTAG_serial_debug_unit_10:BD:A3:B1:48:A8-if00 @ 115200 backend=pyserial dtr=1 rts=0
[2026-09-26T07:58:04.982Z] I (338) esp_image: segment 3: paddr=00150f88 vaddr=408027dc sizeW (586663) RouteLoomRef: diagnostic reason=RX_CONTEXT_CHANGED peer=4 message=present
[2026-09-26T07:58:05.000Z] I (586680) RouteLoomRef: discovery event=REACHABLE peer=4
[2026-09-26T07:58:05.000Z] W (586681) RouteLoomRef: diagnostic reason=REACHABLE peer=4 message=none
[2026-09-26T07:58:07.001Z] W (588681) RouteLoomRef: diagnostic reason=PEER_RESTARTED_ROUTES_FLUSHED peer=4 message=none
[2026-09-26T07:58:14.514Z] W (596194) RouteLoomRef: diagnostic reason=session unknown context peer=4 message=present
[2026-09-26T07:58:14.558Z] I (596238) RouteLoomRef: message origin=4 session=38 sequence=1 bytes=8
[2026-09-26T07:58:16.437Z] I (598117) RouteLoomRef: message origin=4 session=38 sequence=7 bytes=8
[2026-09-26T07:58:18.438Z] I (600118) RouteLoomRef: message origin=4 session=38 sequence=8 bytes=8
[2026-09-26T07:58:18.794Z] I (600474) RouteLoom: stack hwm main 10588 B
[2026-09-26T07:58:20.438Z] I (602118) RouteLoomRef: message origin=4 session=38 sequence=9 bytes=8
[2026-09-26T07:58:22.438Z] I (604118) RouteLoomRef: message origin=4 session=38 sequence=10 bytes=8
[2026-09-26T07:58:24.438Z] I (606118) RouteLoomRef: message origin=4 session=38 sequence=11 bytes=8
[2026-09-26T07:58:26.439Z] I (608119) RouteLoomRef: message origin=4 session=38 sequence=12 bytes=8
[2026-09-26T07:58:28.439Z] I (610119) RouteLoomRef: message origin=4 session=38 sequence=13 bytes=8
[2026-09-26T07:58:30.447Z] I (612127) RouteLoomRef: message origin=4 session=38 sequence=14 bytes=8
[2026-09-26T07:58:32.448Z] I (614128) RouteLoomRef: message origin=4 session=38 sequence=15 bytes=8
[2026-09-26T07:58:34.448Z] I (616128) RouteLoomRef: message origin=4 session=38 sequence=16 bytes=8
[2026-09-26T07:58:36.449Z] I (618130) RouteLoomRef: message origin=4 session=38 sequence=17 bytes=8
[2026-09-26T07:58:38.461Z] I (620141) RouteLoomRef: message origin=4 session=38 sequence=18 bytes=8
[2026-09-26T07:58:40.448Z] I (622128) RouteLoomRef: message origin=4 session=38 sequence=19 bytes=8
[2026-09-26T07:58:42.450Z] I (624129) RouteLoomRef: message origin=4 session=38 sequence=20 bytes=8
[2026-09-26T07:58:44.449Z] I (626129) RouteLoomRef: message origin=4 session=38 sequence=21 bytes=8
[2026-09-26T07:58:46.450Z] I (628130) RouteLoomRef: message origin=4 session=38 sequence=22 bytes=8
[2026-09-26T07:58:48.469Z] I (630149) RouteLoomRef: message origin=4 session=38 sequence=23 bytes=8
[2026-09-26T07:58:50.451Z] I (632131) RouteLoomRef: message origin=4 session=38 sequence=24 bytes=8
[2026-09-26T07:58:52.451Z] I (634131) RouteLoomRef: message origin=4 session=38 sequence=25 bytes=8
[2026-09-26T07:59:18.794Z] I (660475) RouteLoom: stack hwm main 10588 B
[2026-09-26T07:59:47.037Z] !! capture closed
