   Compiling version_check v0.9.5
    Checking zeroize v1.9.0
    Checking typenum v1.20.1
    Checking subtle v2.6.1
    Checking cfg-if v1.0.5
    Checking const-oid v0.9.6
    Checking cpufeatures v0.2.17
    Checking rand_core v0.6.4
    Checking routeloom-json v0.1.0 (/home/sahur/orca/workspaces/RouteLoom/hil-5node/host/routeloom-json)
    Checking base16ct v0.2.0
   Compiling libc v0.2.189
    Checking opaque-debug v0.3.1
    Checking smallvec v1.16.1
   Compiling parking_lot_core v0.9.12
    Checking bitflags v2.13.2
   Compiling signal-hook v0.3.18
   Compiling rustix v0.38.44
    Checking routeloom-wire v0.1.0 (/home/sahur/orca/workspaces/RouteLoom/hil-5node/host/routeloom-wire)
    Checking log v0.4.34
    Checking scopeguard v1.2.0
    Checking routeloom-protocol v0.1.0 (/home/sahur/orca/workspaces/RouteLoom/hil-5node/host/routeloom-protocol)
    Checking linux-raw-sys v0.4.15
   Compiling shlex v2.0.1
   Compiling find-msvc-tools v0.1.13
   Compiling pkg-config v0.3.34
   Compiling vcpkg v0.2.15
    Checking lock_api v0.4.14
    Checking foldhash v0.1.5
    Checking fallible-streaming-iterator v0.1.9
    Checking fallible-iterator v0.3.0
    Checking routeloom-peercred v0.1.0 (/home/sahur/orca/workspaces/RouteLoom/hil-5node/host/routeloom-peercred)
   Compiling cc v1.4.7
    Checking ff v0.13.1
    Checking hashbrown v0.15.5
    Checking der v0.7.10
   Compiling generic-array v0.14.9
    Checking group v0.13.0
    Checking routeloom-client v0.1.0 (/home/sahur/orca/workspaces/RouteLoom/hil-5node/host/routeloom-client)
    Checking hashlink v0.10.0
    Checking crypto-common v0.1.6
    Checking block-buffer v0.10.4
    Checking sec1 v0.7.3
    Checking crypto-bigint v0.5.5
    Checking inout v0.1.4
    Checking cipher v0.4.4
    Checking aead v0.5.2
    Checking universal-hash v0.5.1
    Checking polyval v0.6.2
    Checking digest v0.10.7
    Checking errno v0.3.14
    Checking mio v1.2.3
    Checking ctr v0.9.2
    Checking aes v0.8.4
   Compiling libsqlite3-sys v0.35.0
    Checking ghash v0.5.1
    Checking signal-hook-registry v1.4.8
    Checking ccm v0.5.0
    Checking hmac v0.12.1
    Checking sha2 v0.10.9
    Checking signature v2.2.0
    Checking hkdf v0.12.4
    Checking rfc6979 v0.4.0
    Checking signal-hook-mio v0.2.5
    Checking parking_lot v0.12.5
    Checking crossterm v0.28.1
    Checking aes-gcm v0.10.3
    Checking routeloom-keysched v0.1.0 (/home/sahur/orca/workspaces/RouteLoom/hil-5node/host/routeloom-keysched)
    Checking elliptic-curve v0.13.8
    Checking routeloom-tui v0.1.0 (/home/sahur/orca/workspaces/RouteLoom/hil-5node/host/routeloom-tui)
    Checking primeorder v0.13.6
    Checking ecdsa v0.16.9
    Checking p256 v0.13.2
    Checking routeloom-provision v0.1.0 (/home/sahur/orca/workspaces/RouteLoom/hil-5node/host/routeloom-provision)
    Checking routeloom-edhoc v0.1.0 (/home/sahur/orca/workspaces/RouteLoom/hil-5node/host/routeloom-edhoc)
    Checking routeloom-join v0.1.0 (/home/sahur/orca/workspaces/RouteLoom/hil-5node/host/routeloom-join)
    Checking routeloomctl v0.1.0 (/home/sahur/orca/workspaces/RouteLoom/hil-5node/host/routeloomctl)
    Checking rusqlite v0.37.0
    Checking routeloom-host v0.1.0 (/home/sahur/orca/workspaces/RouteLoom/hil-5node/host/routeloom-host)
    Finished `dev` profile [unoptimized + debuginfo] target(s) in 21.35s
