-- The C compiler identification is Clang 18.1.8
-- The CXX compiler identification is Clang 18.1.8
-- Detecting C compiler ABI info
-- Detecting C compiler ABI info - done
-- Check for working C compiler: /usr/bin/clang - skipped
-- Detecting C compile features
-- Detecting C compile features - done
-- Detecting CXX compiler ABI info
-- Detecting CXX compiler ABI info - done
-- Check for working CXX compiler: /usr/bin/clang++ - skipped
-- Detecting CXX compile features
-- Detecting CXX compile features - done
-- Performing Test CMAKE_HAVE_LIBC_PTHREAD
-- Performing Test CMAKE_HAVE_LIBC_PTHREAD - Success
-- Found Threads: TRUE  
-- Configuring done
-- Generating done
-- Build files have been written to: /src/hil-clang-build
[  0%] Building C object components/routeloom/CMakeFiles/routeloom_edhoc_third_party.dir/third_party/libedhoc/library/core/classic/edhoc_classic_message_1.c.o
[  0%] Building C object components/routeloom/CMakeFiles/routeloom_edhoc_third_party.dir/third_party/libedhoc/library/core/edhoc.c.o
[  0%] Building C object components/routeloom/CMakeFiles/routeloom_edhoc_third_party.dir/third_party/libedhoc/library/core/classic/edhoc_classic_message_3.c.o
[  1%] Building C object components/routeloom/CMakeFiles/routeloom_edhoc_third_party.dir/third_party/libedhoc/library/core/classic/edhoc_classic_message_2.c.o
[  1%] Building C object components/routeloom/CMakeFiles/routeloom_edhoc_third_party.dir/third_party/libedhoc/library/core/classic/edhoc_classic_message_4.c.o
[  2%] Building C object components/routeloom/CMakeFiles/routeloom_edhoc_third_party.dir/third_party/libedhoc/library/core/psk/edhoc_psk_message_2.c.o
[  2%] Building C object components/routeloom/CMakeFiles/routeloom_edhoc_third_party.dir/third_party/libedhoc/library/core/psk/edhoc_psk_message_3.c.o
[  2%] Building C object components/routeloom/CMakeFiles/routeloom_edhoc_third_party.dir/third_party/libedhoc/library/core/edhoc_error_internal.c.o
[  3%] Building C object components/routeloom/CMakeFiles/routeloom_edhoc_third_party.dir/third_party/libedhoc/library/core/edhoc_exporter_internal.c.o
[  3%] Building C object components/routeloom/CMakeFiles/routeloom_edhoc_third_party.dir/third_party/libedhoc/library/core/edhoc_cbor_internal.c.o
[  3%] Building C object components/routeloom/CMakeFiles/routeloom_edhoc_third_party.dir/third_party/libedhoc/library/core/edhoc_kdf_internal.c.o
[  3%] Building C object components/routeloom/CMakeFiles/routeloom_edhoc_third_party.dir/third_party/libedhoc/library/core/edhoc_transcript_hash_internal.c.o
[  4%] Building C object components/routeloom/CMakeFiles/routeloom_edhoc_third_party.dir/third_party/libedhoc/library/core/edhoc_ead_internal.c.o
[  4%] Building C object components/routeloom/CMakeFiles/routeloom_edhoc_third_party.dir/third_party/libedhoc/library/core/edhoc_key_slot_internal.c.o
[  4%] Building C object components/routeloom/CMakeFiles/routeloom_edhoc_third_party.dir/third_party/libedhoc/library/core/edhoc_mac_internal.c.o
[  5%] Building C object components/routeloom/CMakeFiles/routeloom_edhoc_third_party.dir/third_party/libedhoc/library/core/edhoc_cipher_internal.c.o
[  5%] Building C object components/routeloom/CMakeFiles/routeloom_edhoc_third_party.dir/third_party/libedhoc/library/core/edhoc_key_schedule_internal.c.o
[  5%] Building C object components/routeloom/CMakeFiles/routeloom_edhoc_third_party.dir/third_party/libedhoc/library/core/edhoc_plaintext_internal.c.o
[  6%] Building C object components/routeloom/CMakeFiles/routeloom_edhoc_third_party.dir/third_party/libedhoc/library/core/edhoc_connection_id_internal.c.o
[  6%] Building C object components/routeloom/CMakeFiles/routeloom_edhoc_third_party.dir/third_party/libedhoc/library/core/edhoc_credentials_internal.c.o
[  6%] Building C object components/routeloom/CMakeFiles/routeloom_edhoc_third_party.dir/third_party/libedhoc/library/core/edhoc_coap.c.o
[  6%] Building C object components/routeloom/CMakeFiles/routeloom_edhoc_third_party.dir/third_party/libedhoc/backends/cbor/src/backend_cbor_bstr_type_decode.c.o
[  7%] Building C object components/routeloom/CMakeFiles/routeloom_edhoc_third_party.dir/third_party/libedhoc/backends/cbor/src/backend_cbor_bstr_type_encode.c.o
[  7%] Building C object components/routeloom/CMakeFiles/routeloom_edhoc_third_party.dir/third_party/libedhoc/backends/cbor/src/backend_cbor_connection_identifier_decode.c.o
[  7%] Building C object components/routeloom/CMakeFiles/routeloom_edhoc_third_party.dir/third_party/libedhoc/backends/cbor/src/backend_cbor_connection_identifier_encode.c.o
[  8%] Building C object components/routeloom/CMakeFiles/routeloom_edhoc_third_party.dir/third_party/libedhoc/backends/cbor/src/backend_cbor_ead_decode.c.o
[  8%] Building C object components/routeloom/CMakeFiles/routeloom_edhoc_third_party.dir/third_party/libedhoc/backends/cbor/src/backend_cbor_ead_encode.c.o
[  8%] Building C object components/routeloom/CMakeFiles/routeloom_edhoc_third_party.dir/third_party/libedhoc/backends/cbor/src/backend_cbor_enc_structure_decode.c.o
[  9%] Building C object components/routeloom/CMakeFiles/routeloom_edhoc_third_party.dir/third_party/libedhoc/backends/cbor/src/backend_cbor_enc_structure_encode.c.o
[  9%] Building C object components/routeloom/CMakeFiles/routeloom_edhoc_third_party.dir/third_party/libedhoc/backends/cbor/src/backend_cbor_id_cred_x_decode.c.o
[  9%] Building C object components/routeloom/CMakeFiles/routeloom_edhoc_third_party.dir/third_party/libedhoc/backends/cbor/src/backend_cbor_id_cred_x_encode.c.o
[  9%] Building C object components/routeloom/CMakeFiles/routeloom_edhoc_third_party.dir/third_party/libedhoc/backends/cbor/src/backend_cbor_info_decode.c.o
[ 10%] Building C object components/routeloom/CMakeFiles/routeloom_edhoc_third_party.dir/third_party/libedhoc/backends/cbor/src/backend_cbor_info_encode.c.o
[ 10%] Building C object components/routeloom/CMakeFiles/routeloom_edhoc_third_party.dir/third_party/libedhoc/backends/cbor/src/backend_cbor_int_type_decode.c.o
[ 10%] Building C object components/routeloom/CMakeFiles/routeloom_edhoc_third_party.dir/third_party/libedhoc/backends/cbor/src/backend_cbor_int_type_encode.c.o
[ 11%] Building C object components/routeloom/CMakeFiles/routeloom_edhoc_third_party.dir/third_party/libedhoc/backends/cbor/src/backend_cbor_message_1_decode.c.o
[ 11%] Building C object components/routeloom/CMakeFiles/routeloom_edhoc_third_party.dir/third_party/libedhoc/backends/cbor/src/backend_cbor_message_1_encode.c.o
[ 11%] Building C object components/routeloom/CMakeFiles/routeloom_edhoc_third_party.dir/third_party/libedhoc/backends/cbor/src/backend_cbor_message_2_decode.c.o
[ 12%] Building C object components/routeloom/CMakeFiles/routeloom_edhoc_third_party.dir/third_party/libedhoc/backends/cbor/src/backend_cbor_message_2_encode.c.o
[ 12%] Building C object components/routeloom/CMakeFiles/routeloom_edhoc_third_party.dir/third_party/libedhoc/backends/cbor/src/backend_cbor_message_3_decode.c.o
[ 12%] Building C object components/routeloom/CMakeFiles/routeloom_edhoc_third_party.dir/third_party/libedhoc/backends/cbor/src/backend_cbor_message_3_encode.c.o
[ 12%] Building C object components/routeloom/CMakeFiles/routeloom_edhoc_third_party.dir/third_party/libedhoc/backends/cbor/src/backend_cbor_message_4_decode.c.o
[ 13%] Building C object components/routeloom/CMakeFiles/routeloom_edhoc_third_party.dir/third_party/libedhoc/backends/cbor/src/backend_cbor_message_4_encode.c.o
[ 13%] Building C object components/routeloom/CMakeFiles/routeloom_edhoc_third_party.dir/third_party/libedhoc/backends/cbor/src/backend_cbor_message_error_decode.c.o
[ 13%] Building C object components/routeloom/CMakeFiles/routeloom_edhoc_third_party.dir/third_party/libedhoc/backends/cbor/src/backend_cbor_message_error_encode.c.o
[ 14%] Building C object components/routeloom/CMakeFiles/routeloom_edhoc_third_party.dir/third_party/libedhoc/backends/cbor/src/backend_cbor_plaintext_2_decode.c.o
[ 14%] Building C object components/routeloom/CMakeFiles/routeloom_edhoc_third_party.dir/third_party/libedhoc/backends/cbor/src/backend_cbor_plaintext_2_encode.c.o
[ 14%] Building C object components/routeloom/CMakeFiles/routeloom_edhoc_third_party.dir/third_party/libedhoc/backends/cbor/src/backend_cbor_plaintext_3_decode.c.o
[ 14%] Building C object components/routeloom/CMakeFiles/routeloom_edhoc_third_party.dir/third_party/libedhoc/backends/cbor/src/backend_cbor_plaintext_4_decode.c.o
[ 15%] Building C object components/routeloom/CMakeFiles/routeloom_edhoc_third_party.dir/third_party/libedhoc/backends/cbor/src/backend_cbor_plaintext_3_encode.c.o
[ 15%] Building C object components/routeloom/CMakeFiles/routeloom_edhoc_third_party.dir/third_party/libedhoc/backends/cbor/src/backend_cbor_plaintext_4_encode.c.o
[ 15%] Building C object components/routeloom/CMakeFiles/routeloom_edhoc_third_party.dir/third_party/libedhoc/backends/cbor/src/backend_cbor_plaintext_2a_decode.c.o
[ 16%] Building C object components/routeloom/CMakeFiles/routeloom_edhoc_third_party.dir/third_party/libedhoc/backends/cbor/src/backend_cbor_plaintext_2a_encode.c.o
[ 16%] Building C object components/routeloom/CMakeFiles/routeloom_edhoc_third_party.dir/third_party/libedhoc/backends/cbor/src/backend_cbor_plaintext_3a_decode.c.o
[ 16%] Building C object components/routeloom/CMakeFiles/routeloom_edhoc_third_party.dir/third_party/libedhoc/backends/cbor/src/backend_cbor_plaintext_3a_encode.c.o
[ 17%] Building C object components/routeloom/CMakeFiles/routeloom_edhoc_third_party.dir/third_party/libedhoc/backends/cbor/src/backend_cbor_plaintext_3b_decode.c.o
[ 17%] Building C object components/routeloom/CMakeFiles/routeloom_edhoc_third_party.dir/third_party/libedhoc/backends/cbor/src/backend_cbor_plaintext_3b_encode.c.o
[ 17%] Building C object components/routeloom/CMakeFiles/routeloom_edhoc_third_party.dir/third_party/libedhoc/backends/cbor/src/backend_cbor_sig_structure_decode.c.o
[ 18%] Building C object components/routeloom/CMakeFiles/routeloom_edhoc_third_party.dir/third_party/libedhoc/backends/cbor/src/backend_cbor_sig_structure_encode.c.o
[ 18%] Building C object components/routeloom/CMakeFiles/routeloom_edhoc_third_party.dir/third_party/zcbor/src/zcbor_common.c.o
[ 18%] Building C object components/routeloom/CMakeFiles/routeloom_edhoc_third_party.dir/third_party/zcbor/src/zcbor_decode.c.o
[ 18%] Building C object components/routeloom/CMakeFiles/routeloom_edhoc_third_party.dir/third_party/zcbor/src/zcbor_encode.c.o
[ 18%] Building C object components/routeloom/CMakeFiles/routeloom_edhoc_third_party.dir/third_party/tf-psa-crypto/drivers/builtin/src/ccm.c.o
[ 19%] Building C object components/routeloom/CMakeFiles/routeloom_edhoc_third_party.dir/third_party/tf-psa-crypto/drivers/builtin/src/aes.c.o
In file included from /src/components/routeloom/third_party/tf-psa-crypto/drivers/builtin/src/ccm.c:17:
/src/components/routeloom/third_party/tf-psa-crypto/core/tf_psa_crypto_common.h:31:10: fatal error: 'tf-psa-crypto/build_info.h' file not found
   31 | #include "tf-psa-crypto/build_info.h"
      |          ^~~~~~~~~~~~~~~~~~~~~~~~~~~~
In file included from /src/components/routeloom/third_party/tf-psa-crypto/drivers/builtin/src/aes.c:14:
/src/components/routeloom/third_party/tf-psa-crypto/core/tf_psa_crypto_common.h:31:10: fatal error: 'tf-psa-crypto/build_info.h' file not found
   31 | #include "tf-psa-crypto/build_info.h"
      |          ^~~~~~~~~~~~~~~~~~~~~~~~~~~~
1 error generated.
1 error generated.
gmake[2]: *** [components/routeloom/CMakeFiles/routeloom_edhoc_third_party.dir/build.make:958: components/routeloom/CMakeFiles/routeloom_edhoc_third_party.dir/third_party/tf-psa-crypto/drivers/builtin/src/ccm.c.o] Error 1
gmake[2]: *** Waiting for unfinished jobs....
gmake[2]: *** [components/routeloom/CMakeFiles/routeloom_edhoc_third_party.dir/build.make:944: components/routeloom/CMakeFiles/routeloom_edhoc_third_party.dir/third_party/tf-psa-crypto/drivers/builtin/src/aes.c.o] Error 1
gmake[1]: *** [CMakeFiles/Makefile2:310: components/routeloom/CMakeFiles/routeloom_edhoc_third_party.dir/all] Error 2
gmake: *** [Makefile:101: all] Error 2
