[2026-09-26T08:35:16.917+00:00] !! connected /dev/serial/by-id/usb-Espressif_USB_JTAG_serial_debug_unit_94:A9:90:7A:26:AC-if00
[2026-09-26T08:35:17.919+00:00] W (19228) RouteLoomRef: diagnostic reason=ROUTE_INFEASIBLE_SEQNO_NEEDED peer=4 message=none
[2026-09-26T08:35:18.399+00:00] W (19769) RouteLoomRef: diagnostic reason=ROUTE_INFEASIBLE_SEQNO_NEEDED peer=2 message=none
[2026-09-26T08:35:18.399+00:00] W (19769) RouteLoomRef: diagnostic reason=ROUTE_INFEASIBLE_SEQNO_NEEDED peer=2 message=none
[2026-09-26T08:35:23.022+00:00] W (24227) RouteLoomRef: diagnostic reason=ROUTE_INFEASIBLE_SEQNO_NEEDED peer=4 message=none
[2026-09-26T08:35:23.423+00:00] W (24781) RouteLoomRef: diagnostic reason=ROUTE_INFEASIBLE_SEQNO_NEEDED peer=2 message=none
[2026-09-26T08:35:23.423+00:00] W (24781) RouteLoomRef: diagnostic reason=ROUTE_INFEASIBLE_SEQNO_NEEDED peer=2 message=none
[2026-09-26T08:35:28.033+00:00] W (29228) RouteLoomRef: diagnostic reason=ROUTE_INFEASIBLE_SEQNO_NEEDED peer=4 message=none
[2026-09-26T08:35:28.434+00:00] W (29770) RouteLoomRef: diagnostic reason=ROUTE_INFEASIBLE_SEQNO_NEEDED peer=2 message=none
[2026-09-26T08:35:28.434+00:00] W (29771) RouteLoomRef: diagnostic reason=ROUTE_INFEASIBLE_SEQNO_NEEDED peer=2 message=none
[2026-09-26T08:35:33.045+00:00] W (34228) RouteLoomRef: diagnostic reason=ROUTE_INFEASIBLE_SEQNO_NEEDED peer=4 message=none
[2026-09-26T08:35:33.446+00:00] W (34776) RouteLoomRef: diagnostic reason=ROUTE_INFEASIBLE_SEQNO_NEEDED peer=2 message=none
[2026-09-26T08:35:33.446+00:00] W (34777) RouteLoomRef: diagnostic reason=ROUTE_INFEASIBLE_SEQNO_NEEDED peer=2 message=none
[2026-09-26T08:35:37.862+00:00] W (39227) RouteLoomRef: diagnostic reason=ROUTE_INFEASIBLE_SEQNO_NEEDED peer=4 message=none
[2026-09-26T08:35:38.464+00:00] W (39772) RouteLoomRef: diagnostic reason=ROUTE_INFEASIBLE_SEQNO_NEEDED peer=2 message=none
[2026-09-26T08:35:38.464+00:00] W (39773) RouteLoomRef: diagnostic reason=ROUTE_INFEASIBLE_SEQNO_NEEDED peer=2 message=none
[2026-09-26T08:35:42.873+00:00] W (44226) RouteLoomRef: diagnostic reason=ROUTE_INFEASIBLE_SEQNO_NEEDED peer=4 message=none
[2026-09-26T08:35:43.474+00:00] W (44774) RouteLoomRef: diagnostic reason=ROUTE_INFEASIBLE_SEQNO_NEEDED peer=2 message=none
[2026-09-26T08:35:43.474+00:00] W (44775) RouteLoomRef: diagnostic reason=ROUTE_INFEASIBLE_SEQNO_NEEDED peer=2 message=none
[2026-09-26T08:35:47.883+00:00] W (49232) RouteLoomRef: diagnostic reason=ROUTE_INFEASIBLE_SEQNO_NEEDED peer=4 message=none
[2026-09-26T08:35:48.484+00:00] W (49777) RouteLoomRef: diagnostic reason=ROUTE_INFEASIBLE_SEQNO_NEEDED peer=2 message=none
[2026-09-26T08:35:48.484+00:00] W (49778) RouteLoomRef: diagnostic reason=ROUTE_INFEASIBLE_SEQNO_NEEDED peer=2 message=none
[2026-09-26T08:35:52.911+00:00] W (54225) RouteLoomRef: diagnostic reason=ROUTE_INFEASIBLE_SEQNO_NEEDED peer=4 message=none
[2026-09-26T08:35:53.512+00:00] W (54776) RouteLoomRef: diagnostic reason=ROUTE_INFEASIBLE_SEQNO_NEEDED peer=2 message=none
[2026-09-26T08:35:53.512+00:00] W (54777) RouteLoomRef: diagnostic reason=ROUTE_INFEASIBLE_SEQNO_NEEDED peer=2 message=none
[2026-09-26T08:35:58.000+00:00] W (59224) RouteLoomRef: diagnostic reason=ROUTE_INFEASIBLE_SEQNO_NEEDED peer=4 message=none
[2026-09-26T08:35:58.401+00:00] W (59780) RouteLoomRef: diagnostic reason=ROUTE_INFEASIBLE_SEQNO_NEEDED peer=2 message=none
[2026-09-26T08:35:58.602+00:00] W (59780) RouteLoomRef: diagnostic reason=ROUTE_INFEASIBLE_SEQNO_NEEDED peer=2 message=none
[2026-09-26T08:35:59.203+00:00] I (60404) RouteLoom: stack hwm main 11380 B
[2026-09-26T08:35:59.203+00:00] I (60404) RouteLoom: HIL HEAP free=21988 largest=18432 min=21200 B
[2026-09-26T08:36:03.015+00:00] W (64223) RouteLoomRef: diagnostic reason=ROUTE_INFEASIBLE_SEQNO_NEEDED peer=4 message=none
[2026-09-26T08:36:03.416+00:00] W (64780) RouteLoomRef: diagnostic reason=ROUTE_INFEASIBLE_SEQNO_NEEDED peer=2 message=none
[2026-09-26T08:36:03.416+00:00] W (64781) RouteLoomRef: diagnostic reason=ROUTE_INFEASIBLE_SEQNO_NEEDED peer=2 message=none
[2026-09-26T08:36:08.026+00:00] W (69222) RouteLoomRef: diagnostic reason=ROUTE_INFEASIBLE_SEQNO_NEEDED peer=4 message=none
[2026-09-26T08:36:08.426+00:00] W (69782) RouteLoomRef: diagnostic reason=ROUTE_INFEASIBLE_SEQNO_NEEDED peer=2 message=none
[2026-09-26T08:36:08.426+00:00] W (69783) RouteLoomRef: diagnostic reason=ROUTE_INFEASIBLE_SEQNO_NEEDED peer=2 message=none
[2026-09-26T08:36:13.037+00:00] W (74229) RouteLoomRef: diagnostic reason=ROUTE_INFEASIBLE_SEQNO_NEEDED peer=4 message=none
[2026-09-26T08:36:13.437+00:00] W (74786) RouteLoomRef: diagnostic reason=ROUTE_INFEASIBLE_SEQNO_NEEDED peer=2 message=none
[2026-09-26T08:36:13.437+00:00] W (74786) RouteLoomRef: diagnostic reason=ROUTE_INFEASIBLE_SEQNO_NEEDED peer=2 message=none
[2026-09-26T08:36:17.846+00:00] W (79219) RouteLoomRef: diagnostic reason=ROUTE_INFEASIBLE_SEQNO_NEEDED peer=4 message=none
[2026-09-26T08:36:18.448+00:00] W (79790) RouteLoomRef: diagnostic reason=ROUTE_INFEASIBLE_SEQNO_NEEDED peer=2 message=none
[2026-09-26T08:36:18.448+00:00] W (79790) RouteLoomRef: diagnostic reason=ROUTE_INFEASIBLE_SEQNO_NEEDED peer=2 message=none
[2026-09-26T08:36:22.853+00:00] W (84219) RouteLoomRef: diagnostic reason=ROUTE_INFEASIBLE_SEQNO_NEEDED peer=4 message=none
[2026-09-26T08:36:23.455+00:00] W (84790) RouteLoomRef: diagnostic reason=ROUTE_INFEASIBLE_SEQNO_NEEDED peer=2 message=none
[2026-09-26T08:36:23.455+00:00] W (84790) RouteLoomRef: diagnostic reason=ROUTE_INFEASIBLE_SEQNO_NEEDED peer=2 message=none
[2026-09-26T08:36:27.861+00:00] W (89220) RouteLoomRef: diagnostic reason=ROUTE_INFEASIBLE_SEQNO_NEEDED peer=4 message=none
[2026-09-26T08:36:28.462+00:00] W (89797) RouteLoomRef: diagnostic reason=ROUTE_INFEASIBLE_SEQNO_NEEDED peer=2 message=none
[2026-09-26T08:36:28.462+00:00] W (89798) RouteLoomRef: diagnostic reason=ROUTE_INFEASIBLE_SEQNO_NEEDED peer=2 message=none
[2026-09-26T08:36:32.867+00:00] W (94220) RouteLoomRef: diagnostic reason=ROUTE_INFEASIBLE_SEQNO_NEEDED peer=4 message=none
[2026-09-26T08:36:33.468+00:00] W (94794) RouteLoomRef: diagnostic reason=ROUTE_INFEASIBLE_SEQNO_NEEDED peer=2 message=none
[2026-09-26T08:36:33.468+00:00] W (94794) RouteLoomRef: diagnostic reason=ROUTE_INFEASIBLE_SEQNO_NEEDED peer=2 message=none
[2026-09-26T08:36:37.878+00:00] W (99221) RouteLoomRef: diagnostic reason=ROUTE_INFEASIBLE_SEQNO_NEEDED peer=4 message=none
[2026-09-26T08:36:38.479+00:00] W (99795) RouteLoomRef: diagnostic reason=ROUTE_INFEASIBLE_SEQNO_NEEDED peer=2 message=none
[2026-09-26T08:36:38.479+00:00] W (99796) RouteLoomRef: diagnostic reason=ROUTE_INFEASIBLE_SEQNO_NEEDED peer=2 message=none
[2026-09-26T08:36:42.891+00:00] W (104219) RouteLoomRef: diagnostic reason=ROUTE_INFEASIBLE_SEQNO_NEEDED peer=4 message=none
[2026-09-26T08:36:43.495+00:00] W (104797) RouteLoomRef: diagnostic reason=ROUTE_INFEASIBLE_SEQNO_NEEDED peer=2 message=none
[2026-09-26T08:36:43.495+00:00] W (104798) RouteLoomRef: diagnostic reason=ROUTE_INFEASIBLE_SEQNO_NEEDED peer=2 message=none
[2026-09-26T08:36:47.903+00:00] W (109218) RouteLoomRef: diagnostic reason=ROUTE_INFEASIBLE_SEQNO_NEEDED peer=4 message=none
[2026-09-26T08:36:48.504+00:00] W (109798) RouteLoomRef: diagnostic reason=ROUTE_INFEASIBLE_SEQNO_NEEDED peer=2 message=none
[2026-09-26T08:36:48.504+00:00] W (109799) RouteLoomRef: diagnostic reason=ROUTE_INFEASIBLE_SEQNO_NEEDED peer=2 message=none
[2026-09-26T08:36:52.930+00:00] W (114219) RouteLoomRef: diagnostic reason=ROUTE_INFEASIBLE_SEQNO_NEEDED peer=4 message=none
[2026-09-26T08:36:53.531+00:00] W (114802) RouteLoomRef: diagnostic reason=ROUTE_INFEASIBLE_SEQNO_NEEDED peer=2 message=none
[2026-09-26T08:36:53.531+00:00] W (114803) RouteLoomRef: diagnostic reason=ROUTE_INFEASIBLE_SEQNO_NEEDED peer=2 message=none
[2026-09-26T08:36:57.937+00:00] W (119217) RouteLoomRef: diagnostic reason=ROUTE_INFEASIBLE_SEQNO_NEEDED peer=4 message=none
[2026-09-26T08:36:58.538+00:00] W (119806) RouteLoomRef: diagnostic reason=ROUTE_INFEASIBLE_SEQNO_NEEDED peer=2 message=none
[2026-09-26T08:36:58.538+00:00] W (119806) RouteLoomRef: diagnostic reason=ROUTE_INFEASIBLE_SEQNO_NEEDED peer=2 message=none
[2026-09-26T08:36:59.138+00:00] I (120406) RouteLoom: stack hwm main 11380 B
[2026-09-26T08:36:59.139+00:00] I (120406) RouteLoom: HIL HEAP free=21988 largest=18432 min=21200 B
[2026-09-26T08:37:02.945+00:00] W (124216) RouteLoomRef: diagnostic reason=ROUTE_INFEASIBLE_SEQNO_NEEDED peer=4 message=none
[2026-09-26T08:37:03.546+00:00] W (124808) RouteLoomRef: diagnostic reason=ROUTE_INFEASIBLE_SEQNO_NEEDED peer=2 message=none
[2026-09-26T08:37:03.546+00:00] W (124809) RouteLoomRef: diagnostic reason=ROUTE_INFEASIBLE_SEQNO_NEEDED peer=2 message=none
[2026-09-26T08:37:07.955+00:00] W (129216) RouteLoomRef: diagnostic reason=ROUTE_INFEASIBLE_SEQNO_NEEDED peer=4 message=none
[2026-09-26T08:37:08.556+00:00] W (129811) RouteLoomRef: diagnostic reason=ROUTE_INFEASIBLE_SEQNO_NEEDED peer=2 message=none
[2026-09-26T08:37:08.556+00:00] W (129811) RouteLoomRef: diagnostic reason=ROUTE_INFEASIBLE_SEQNO_NEEDED peer=2 message=none
[2026-09-26T08:37:12.962+00:00] W (134216) RouteLoomRef: diagnostic reason=ROUTE_INFEASIBLE_SEQNO_NEEDED peer=4 message=none
[2026-09-26T08:37:13.563+00:00] W (134811) RouteLoomRef: diagnostic reason=ROUTE_INFEASIBLE_SEQNO_NEEDED peer=2 message=none
[2026-09-26T08:37:13.563+00:00] W (134812) RouteLoomRef: diagnostic reason=ROUTE_INFEASIBLE_SEQNO_NEEDED peer=2 message=none
[2026-09-26T08:37:17.971+00:00] W (139215) RouteLoomRef: diagnostic reason=ROUTE_INFEASIBLE_SEQNO_NEEDED peer=4 message=none
[2026-09-26T08:37:18.572+00:00] W (139812) RouteLoomRef: diagnostic reason=ROUTE_INFEASIBLE_SEQNO_NEEDED peer=2 message=none
[2026-09-26T08:37:18.572+00:00] W (139812) RouteLoomRef: diagnostic reason=ROUTE_INFEASIBLE_SEQNO_NEEDED peer=2 message=none
[2026-09-26T08:37:22.978+00:00] W (144215) RouteLoomRef: diagnostic reason=ROUTE_INFEASIBLE_SEQNO_NEEDED peer=4 message=none
[2026-09-26T08:37:23.579+00:00] W (144814) RouteLoomRef: diagnostic reason=ROUTE_INFEASIBLE_SEQNO_NEEDED peer=2 message=none
[2026-09-26T08:37:23.579+00:00] W (144814) RouteLoomRef: diagnostic reason=ROUTE_INFEASIBLE_SEQNO_NEEDED peer=2 message=none
[2026-09-26T08:37:27.985+00:00] W (149212) RouteLoomRef: diagnostic reason=ROUTE_INFEASIBLE_SEQNO_NEEDED peer=4 message=none
[2026-09-26T08:37:28.586+00:00] W (149816) RouteLoomRef: diagnostic reason=ROUTE_INFEASIBLE_SEQNO_NEEDED peer=2 message=none
[2026-09-26T08:37:28.587+00:00] W (149816) RouteLoomRef: diagnostic reason=ROUTE_INFEASIBLE_SEQNO_NEEDED peer=2 message=none
[2026-09-26T08:37:32.993+00:00] W (154213) RouteLoomRef: diagnostic reason=ROUTE_INFEASIBLE_SEQNO_NEEDED peer=4 message=none
[2026-09-26T08:37:33.594+00:00] W (154818) RouteLoomRef: diagnostic reason=ROUTE_INFEASIBLE_SEQNO_NEEDED peer=2 message=none
[2026-09-26T08:37:33.594+00:00] W (154818) RouteLoomRef: diagnostic reason=ROUTE_INFEASIBLE_SEQNO_NEEDED peer=2 message=none
[2026-09-26T08:37:38.000+00:00] W (159212) RouteLoomRef: diagnostic reason=ROUTE_INFEASIBLE_SEQNO_NEEDED peer=4 message=none
[2026-09-26T08:37:38.600+00:00] W (159820) RouteLoomRef: diagnostic reason=ROUTE_INFEASIBLE_SEQNO_NEEDED peer=2 message=none
[2026-09-26T08:37:38.601+00:00] W (159820) RouteLoomRef: diagnostic reason=ROUTE_INFEASIBLE_SEQNO_NEEDED peer=2 message=none
[2026-09-26T08:37:40.002+00:00] W (161199) RouteLoomRef: diagnostic reason=ROUTE_INFEASIBLE_SEQNO_NEEDED peer=4 message=none
[2026-09-26T08:37:40.003+00:00] W (161200) RouteLoomRef: diagnostic reason=ROUTE_UPDATE_REJECTED peer=4 message=none
[2026-09-26T08:37:40.003+00:00] W (161205) RouteLoomRef: diagnostic reason=SEQNO_REQUEST_SENT dest=5 seq=2 att=1 peer=4 message=none
[2026-09-26T08:37:40.203+00:00] W (161560) RouteLoomRef: diagnostic reason=ROUTE_INFEASIBLE_SEQNO_NEEDED peer=2 message=none
[2026-09-26T08:37:40.203+00:00] W (161561) RouteLoomRef: diagnostic reason=ROUTE_UPDATE_REJECTED peer=2 message=none
[2026-09-26T08:37:41.004+00:00] W (162264) RouteLoomRef: diagnostic reason=ROUTE_INFEASIBLE_SEQNO_NEEDED peer=4 message=none
[2026-09-26T08:37:41.004+00:00] W (162264) RouteLoomRef: diagnostic reason=ROUTE_UPDATE_REJECTED peer=4 message=none
[2026-09-26T08:37:42.005+00:00] W (163203) RouteLoomRef: diagnostic reason=SEQNO_REQUEST_SENT dest=5 seq=2 att=2 peer=2 message=none
[2026-09-26T08:37:42.005+00:00] W (163271) RouteLoomRef: diagnostic reason=ROUTE_INFEASIBLE_SEQNO_NEEDED peer=4 message=none
[2026-09-26T08:37:42.005+00:00] W (163271) RouteLoomRef: diagnostic reason=ROUTE_UPDATE_REJECTED peer=4 message=none
[2026-09-26T08:37:43.006+00:00] W (164211) RouteLoomRef: diagnostic reason=ROUTE_INFEASIBLE_SEQNO_NEEDED peer=4 message=none
[2026-09-26T08:37:43.007+00:00] W (164212) RouteLoomRef: diagnostic reason=ROUTE_UPDATE_REJECTED peer=4 message=none
[2026-09-26T08:37:43.007+00:00] W (164285) RouteLoomRef: diagnostic reason=ROUTE_INFEASIBLE_SEQNO_NEEDED peer=4 message=none
[2026-09-26T08:37:43.007+00:00] W (164286) RouteLoomRef: diagnostic reason=ROUTE_UPDATE_REJECTED peer=4 message=none
[2026-09-26T08:37:43.607+00:00] W (164823) RouteLoomRef: diagnostic reason=ROUTE_INFEASIBLE_SEQNO_NEEDED peer=2 message=none
[2026-09-26T08:37:43.607+00:00] W (164824) RouteLoomRef: diagnostic reason=ROUTE_UPDATE_REJECTED peer=2 message=none
[2026-09-26T08:37:44.008+00:00] W (165305) RouteLoomRef: diagnostic reason=ROUTE_INFEASIBLE_SEQNO_NEEDED peer=4 message=none
[2026-09-26T08:37:44.008+00:00] W (165306) RouteLoomRef: diagnostic reason=ROUTE_UPDATE_REJECTED peer=4 message=none
[2026-09-26T08:37:45.009+00:00] W (166351) RouteLoomRef: diagnostic reason=ROUTE_INFEASIBLE_SEQNO_NEEDED peer=4 message=none
[2026-09-26T08:37:45.009+00:00] W (166360) RouteLoomRef: diagnostic reason=ROUTE_INFEASIBLE_SEQNO_NEEDED peer=2 message=none
[2026-09-26T08:37:45.009+00:00] W (166361) RouteLoomRef: diagnostic reason=ROUTE_INFEASIBLE_SEQNO_NEEDED peer=2 message=none
[2026-09-26T08:37:46.010+00:00] W (167382) RouteLoomRef: diagnostic reason=ROUTE_INFEASIBLE_SEQNO_NEEDED peer=4 message=none
[2026-09-26T08:37:46.010+00:00] W (167382) RouteLoomRef: diagnostic reason=ROUTE_UPDATE_REJECTED peer=4 message=none
[2026-09-26T08:37:46.210+00:00] W (167388) RouteLoomRef: diagnostic reason=SEQNO_REQUEST_SENT dest=5 seq=2 att=3 peer=4 message=none
[2026-09-26T08:37:46.410+00:00] W (167696) RouteLoomRef: diagnostic reason=ROUTE_INFEASIBLE_SEQNO_NEEDED peer=2 message=none
[2026-09-26T08:37:46.410+00:00] W (167696) RouteLoomRef: diagnostic reason=ROUTE_UPDATE_REJECTED peer=2 message=none
[2026-09-26T08:37:47.211+00:00] W (168444) RouteLoomRef: diagnostic reason=ROUTE_INFEASIBLE_SEQNO_NEEDED peer=4 message=none
[2026-09-26T08:37:47.212+00:00] W (168445) RouteLoomRef: diagnostic reason=ROUTE_UPDATE_REJECTED peer=4 message=none
[2026-09-26T08:37:48.013+00:00] W (169210) RouteLoomRef: diagnostic reason=ROUTE_INFEASIBLE_SEQNO_NEEDED peer=4 message=none
[2026-09-26T08:37:48.013+00:00] W (169211) RouteLoomRef: diagnostic reason=ROUTE_UPDATE_REJECTED peer=4 message=none
[2026-09-26T08:37:48.613+00:00] W (169823) RouteLoomRef: diagnostic reason=ROUTE_INFEASIBLE_SEQNO_NEEDED peer=2 message=none
[2026-09-26T08:37:48.613+00:00] W (169823) RouteLoomRef: diagnostic reason=ROUTE_UPDATE_REJECTED peer=2 message=none
[2026-09-26T08:37:50.015+00:00] W (171266) RouteLoomRef: diagnostic reason=ROUTE_INFEASIBLE_SEQNO_NEEDED peer=4 message=none
[2026-09-26T08:37:50.015+00:00] W (171302) RouteLoomRef: diagnostic reason=ROUTE_INFEASIBLE_SEQNO_NEEDED peer=2 message=none
[2026-09-26T08:37:50.015+00:00] W (171303) RouteLoomRef: diagnostic reason=ROUTE_INFEASIBLE_SEQNO_NEEDED peer=2 message=none
[2026-09-26T08:37:53.023+00:00] W (174210) RouteLoomRef: diagnostic reason=ROUTE_INFEASIBLE_SEQNO_NEEDED peer=4 message=none
[2026-09-26T08:37:53.623+00:00] W (174829) RouteLoomRef: diagnostic reason=ROUTE_INFEASIBLE_SEQNO_NEEDED peer=2 message=none
[2026-09-26T08:37:53.623+00:00] W (174830) RouteLoomRef: diagnostic reason=ROUTE_INFEASIBLE_SEQNO_NEEDED peer=2 message=none
[2026-09-26T08:37:58.029+00:00] W (179208) RouteLoomRef: diagnostic reason=ROUTE_INFEASIBLE_SEQNO_NEEDED peer=4 message=none
[2026-09-26T08:37:58.630+00:00] W (179827) RouteLoomRef: diagnostic reason=ROUTE_INFEASIBLE_SEQNO_NEEDED peer=2 message=none
[2026-09-26T08:37:58.630+00:00] W (179828) RouteLoomRef: diagnostic reason=ROUTE_INFEASIBLE_SEQNO_NEEDED peer=2 message=none
[2026-09-26T08:37:59.030+00:00] I (180406) RouteLoom: stack hwm main 11380 B
[2026-09-26T08:37:59.030+00:00] I (180406) RouteLoom: HIL HEAP free=21988 largest=18432 min=21200 B
[2026-09-26T08:38:02.836+00:00] W (184208) RouteLoomRef: diagnostic reason=ROUTE_INFEASIBLE_SEQNO_NEEDED peer=4 message=none
[2026-09-26T08:38:03.637+00:00] W (184828) RouteLoomRef: diagnostic reason=ROUTE_INFEASIBLE_SEQNO_NEEDED peer=2 message=none
[2026-09-26T08:38:03.637+00:00] W (184828) RouteLoomRef: diagnostic reason=ROUTE_INFEASIBLE_SEQNO_NEEDED peer=2 message=none
[2026-09-26T08:38:07.843+00:00] W (189208) RouteLoomRef: diagnostic reason=ROUTE_INFEASIBLE_SEQNO_NEEDED peer=4 message=none
[2026-09-26T08:38:08.645+00:00] W (189830) RouteLoomRef: diagnostic reason=ROUTE_INFEASIBLE_SEQNO_NEEDED peer=2 message=none
[2026-09-26T08:38:08.645+00:00] W (189830) RouteLoomRef: diagnostic reason=ROUTE_INFEASIBLE_SEQNO_NEEDED peer=2 message=none
[2026-09-26T08:38:12.854+00:00] W (194208) RouteLoomRef: diagnostic reason=ROUTE_INFEASIBLE_SEQNO_NEEDED peer=4 message=none
[2026-09-26T08:38:13.455+00:00] W (194830) RouteLoomRef: diagnostic reason=ROUTE_INFEASIBLE_SEQNO_NEEDED peer=2 message=none
[2026-09-26T08:38:13.655+00:00] W (194830) RouteLoomRef: diagnostic reason=ROUTE_INFEASIBLE_SEQNO_NEEDED peer=2 message=none
[2026-09-26T08:38:17.094+00:00] !! capture finished
