[2026-09-26T08:35:16.840+00:00] !! connected /dev/serial/by-id/usb-Espressif_USB_JTAG_serial_debug_unit_10:BD:A3:B1:47:54-if00
[2026-09-26T08:35:17.040+00:00] I (919) RouteLoomRef: sdkv1 identity: node=4 key_location=1 flagW (18374) RouteLoomRef: diagnostic reason=ROUTE_INFEASIBLE_SEQNO_NEEDED peer=3 message=none
[2026-09-26T08:35:21.069+00:00] W (22269) RouteLoomRef: diagnostic reason=ROUTE_INFEASIBLE_SEQNO_NEEDED peer=2 message=none
[2026-09-26T08:35:22.071+00:00] W (23382) RouteLoomRef: diagnostic reason=ROUTE_INFEASIBLE_SEQNO_NEEDED peer=3 message=none
[2026-09-26T08:35:26.092+00:00] W (27271) RouteLoomRef: diagnostic reason=ROUTE_INFEASIBLE_SEQNO_NEEDED peer=2 message=none
[2026-09-26T08:35:27.094+00:00] W (28440) RouteLoomRef: diagnostic reason=ROUTE_INFEASIBLE_SEQNO_NEEDED peer=3 message=none
[2026-09-26T08:35:27.094+00:00] W (28464) RouteLoomRef: diagnostic reason=session replay peer=5 message=none
[2026-09-26T08:35:30.899+00:00] W (32273) RouteLoomRef: diagnostic reason=ROUTE_INFEASIBLE_SEQNO_NEEDED peer=2 message=none
[2026-09-26T08:35:32.101+00:00] W (33382) RouteLoomRef: diagnostic reason=ROUTE_INFEASIBLE_SEQNO_NEEDED peer=3 message=none
[2026-09-26T08:35:35.928+00:00] W (37273) RouteLoomRef: diagnostic reason=ROUTE_INFEASIBLE_SEQNO_NEEDED peer=2 message=none
[2026-09-26T08:35:37.131+00:00] W (38379) RouteLoomRef: diagnostic reason=ROUTE_INFEASIBLE_SEQNO_NEEDED peer=3 message=none
[2026-09-26T08:35:40.992+00:00] W (42276) RouteLoomRef: diagnostic reason=ROUTE_INFEASIBLE_SEQNO_NEEDED peer=2 message=none
[2026-09-26T08:35:42.197+00:00] W (43380) RouteLoomRef: diagnostic reason=ROUTE_INFEASIBLE_SEQNO_NEEDED peer=3 message=none
[2026-09-26T08:35:46.004+00:00] W (47275) RouteLoomRef: diagnostic reason=ROUTE_INFEASIBLE_SEQNO_NEEDED peer=2 message=none
[2026-09-26T08:35:47.007+00:00] W (48383) RouteLoomRef: diagnostic reason=ROUTE_INFEASIBLE_SEQNO_NEEDED peer=3 message=none
[2026-09-26T08:35:51.014+00:00] W (52278) RouteLoomRef: diagnostic reason=ROUTE_INFEASIBLE_SEQNO_NEEDED peer=2 message=none
[2026-09-26T08:35:52.033+00:00] W (53382) RouteLoomRef: diagnostic reason=ROUTE_INFEASIBLE_SEQNO_NEEDED peer=3 message=none
[2026-09-26T08:35:56.040+00:00] W (57280) RouteLoomRef: diagnostic reason=ROUTE_INFEASIBLE_SEQNO_NEEDED peer=2 message=none
[2026-09-26T08:35:57.052+00:00] W (58385) RouteLoomRef: diagnostic reason=ROUTE_INFEASIBLE_SEQNO_NEEDED peer=3 message=none
[2026-09-26T08:35:59.268+00:00] I (60464) RouteLoom: stack hwm main 10588 B
[2026-09-26T08:36:01.087+00:00] W (62282) RouteLoomRef: diagnostic reason=ROUTE_INFEASIBLE_SEQNO_NEEDED peer=2 message=none
[2026-09-26T08:36:02.088+00:00] W (63387) RouteLoomRef: diagnostic reason=ROUTE_INFEASIBLE_SEQNO_NEEDED peer=3 message=none
[2026-09-26T08:36:06.096+00:00] W (67284) RouteLoomRef: diagnostic reason=ROUTE_INFEASIBLE_SEQNO_NEEDED peer=2 message=none
[2026-09-26T08:36:07.098+00:00] W (68389) RouteLoomRef: diagnostic reason=ROUTE_INFEASIBLE_SEQNO_NEEDED peer=3 message=none
[2026-09-26T08:36:10.910+00:00] W (72286) RouteLoomRef: diagnostic reason=ROUTE_INFEASIBLE_SEQNO_NEEDED peer=2 message=none
[2026-09-26T08:36:12.111+00:00] W (73392) RouteLoomRef: diagnostic reason=ROUTE_INFEASIBLE_SEQNO_NEEDED peer=3 message=none
[2026-09-26T08:36:15.916+00:00] W (77292) RouteLoomRef: diagnostic reason=ROUTE_INFEASIBLE_SEQNO_NEEDED peer=2 message=none
[2026-09-26T08:36:17.118+00:00] W (78394) RouteLoomRef: diagnostic reason=ROUTE_INFEASIBLE_SEQNO_NEEDED peer=3 message=none
[2026-09-26T08:36:20.923+00:00] W (82290) RouteLoomRef: diagnostic reason=ROUTE_INFEASIBLE_SEQNO_NEEDED peer=2 message=none
[2026-09-26T08:36:22.125+00:00] W (83398) RouteLoomRef: diagnostic reason=ROUTE_INFEASIBLE_SEQNO_NEEDED peer=3 message=none
[2026-09-26T08:36:25.931+00:00] W (87300) RouteLoomRef: diagnostic reason=ROUTE_INFEASIBLE_SEQNO_NEEDED peer=2 message=none
[2026-09-26T08:36:27.133+00:00] W (88399) RouteLoomRef: diagnostic reason=ROUTE_INFEASIBLE_SEQNO_NEEDED peer=3 message=none
[2026-09-26T08:36:30.938+00:00] W (92294) RouteLoomRef: diagnostic reason=ROUTE_INFEASIBLE_SEQNO_NEEDED peer=2 message=none
[2026-09-26T08:36:32.140+00:00] W (93401) RouteLoomRef: diagnostic reason=ROUTE_INFEASIBLE_SEQNO_NEEDED peer=3 message=none
[2026-09-26T08:36:35.944+00:00] W (97297) RouteLoomRef: diagnostic reason=ROUTE_INFEASIBLE_SEQNO_NEEDED peer=2 message=none
[2026-09-26T08:36:37.146+00:00] W (98409) RouteLoomRef: diagnostic reason=ROUTE_INFEASIBLE_SEQNO_NEEDED peer=3 message=none
[2026-09-26T08:36:40.951+00:00] W (102301) RouteLoomRef: diagnostic reason=ROUTE_INFEASIBLE_SEQNO_NEEDED peer=2 message=none
[2026-09-26T08:36:42.152+00:00] W (103405) RouteLoomRef: diagnostic reason=ROUTE_INFEASIBLE_SEQNO_NEEDED peer=3 message=none
[2026-09-26T08:36:45.961+00:00] W (107300) RouteLoomRef: diagnostic reason=ROUTE_INFEASIBLE_SEQNO_NEEDED peer=2 message=none
[2026-09-26T08:36:47.164+00:00] W (108407) RouteLoomRef: diagnostic reason=ROUTE_INFEASIBLE_SEQNO_NEEDED peer=3 message=none
[2026-09-26T08:36:50.975+00:00] W (112303) RouteLoomRef: diagnostic reason=ROUTE_INFEASIBLE_SEQNO_NEEDED peer=2 message=none
[2026-09-26T08:36:52.177+00:00] W (113413) RouteLoomRef: diagnostic reason=ROUTE_INFEASIBLE_SEQNO_NEEDED peer=3 message=none
[2026-09-26T08:36:55.983+00:00] W (117331) RouteLoomRef: diagnostic reason=ROUTE_INFEASIBLE_SEQNO_NEEDED peer=2 message=none
[2026-09-26T08:36:57.184+00:00] W (118408) RouteLoomRef: diagnostic reason=ROUTE_INFEASIBLE_SEQNO_NEEDED peer=3 message=none
[2026-09-26T08:36:59.192+00:00] I (120464) RouteLoom: stack hwm main 10588 B
[2026-09-26T08:37:00.995+00:00] W (122309) RouteLoomRef: diagnostic reason=ROUTE_INFEASIBLE_SEQNO_NEEDED peer=2 message=none
[2026-09-26T08:37:02.197+00:00] W (123410) RouteLoomRef: diagnostic reason=ROUTE_INFEASIBLE_SEQNO_NEEDED peer=3 message=none
[2026-09-26T08:37:06.002+00:00] W (127313) RouteLoomRef: diagnostic reason=ROUTE_INFEASIBLE_SEQNO_NEEDED peer=2 message=none
[2026-09-26T08:37:07.204+00:00] W (128416) RouteLoomRef: diagnostic reason=ROUTE_INFEASIBLE_SEQNO_NEEDED peer=3 message=none
[2026-09-26T08:37:11.009+00:00] W (132313) RouteLoomRef: diagnostic reason=ROUTE_INFEASIBLE_SEQNO_NEEDED peer=2 message=none
[2026-09-26T08:37:12.211+00:00] W (133411) RouteLoomRef: diagnostic reason=ROUTE_INFEASIBLE_SEQNO_NEEDED peer=3 message=none
[2026-09-26T08:37:16.017+00:00] W (137314) RouteLoomRef: diagnostic reason=ROUTE_INFEASIBLE_SEQNO_NEEDED peer=2 message=none
[2026-09-26T08:37:17.219+00:00] W (138413) RouteLoomRef: diagnostic reason=ROUTE_INFEASIBLE_SEQNO_NEEDED peer=3 message=none
[2026-09-26T08:37:21.028+00:00] W (142318) RouteLoomRef: diagnostic reason=ROUTE_INFEASIBLE_SEQNO_NEEDED peer=2 message=none
[2026-09-26T08:37:22.231+00:00] W (143414) RouteLoomRef: diagnostic reason=ROUTE_INFEASIBLE_SEQNO_NEEDED peer=3 message=none
[2026-09-26T08:37:26.036+00:00] W (147318) RouteLoomRef: diagnostic reason=ROUTE_INFEASIBLE_SEQNO_NEEDED peer=2 message=none
[2026-09-26T08:37:27.038+00:00] W (148416) RouteLoomRef: diagnostic reason=ROUTE_INFEASIBLE_SEQNO_NEEDED peer=3 message=none
[2026-09-26T08:37:31.044+00:00] W (152320) RouteLoomRef: diagnostic reason=ROUTE_INFEASIBLE_SEQNO_NEEDED peer=2 message=none
[2026-09-26T08:37:32.045+00:00] W (153422) RouteLoomRef: diagnostic reason=ROUTE_INFEASIBLE_SEQNO_NEEDED peer=3 message=none
[2026-09-26T08:37:36.054+00:00] W (157320) RouteLoomRef: diagnostic reason=ROUTE_INFEASIBLE_SEQNO_NEEDED peer=2 message=none
[2026-09-26T08:37:37.055+00:00] W (158419) RouteLoomRef: diagnostic reason=ROUTE_INFEASIBLE_SEQNO_NEEDED peer=3 message=none
[2026-09-26T08:37:40.059+00:00] W (161244) RouteLoomRef: diagnostic reason=ROUTE_HELD_DOWN peer=5 message=none
[2026-09-26T08:37:40.059+00:00] W (161251) RouteLoomRef: diagnostic reason=SEQNO_REQUEST_NO_PATH peer=3 message=present
[2026-09-26T08:37:40.259+00:00] W (161498) RouteLoomRef: diagnostic reason=ROUTE_INFEASIBLE_SEQNO_NEEDED peer=3 message=none
[2026-09-26T08:37:40.259+00:00] W (161520) RouteLoomRef: diagnostic reason=SEQNO_REQUEST_NO_PATH peer=2 message=present
[2026-09-26T08:37:40.259+00:00] W (161578) RouteLoomRef: diagnostic reason=ROUTE_INFEASIBLE_SEQNO_NEEDED peer=2 message=none
[2026-09-26T08:37:41.060+00:00] W (162339) RouteLoomRef: diagnostic reason=ROUTE_INFEASIBLE_SEQNO_NEEDED peer=2 message=none
[2026-09-26T08:37:41.861+00:00] W (163211) RouteLoomRef: diagnostic reason=SEQNO_REQUEST_NO_PATH peer=3 message=present
[2026-09-26T08:37:41.861+00:00] W (163233) RouteLoomRef: diagnostic reason=SEQNO_REQUEST_NO_PATH peer=2 message=present
[2026-09-26T08:37:42.261+00:00] W (163539) RouteLoomRef: diagnostic reason=ROUTE_INFEASIBLE_SEQNO_NEEDED peer=3 message=none
[2026-09-26T08:37:45.065+00:00] W (166417) RouteLoomRef: diagnostic reason=ROUTE_INFEASIBLE_SEQNO_NEEDED peer=3 message=none
[2026-09-26T08:37:45.065+00:00] W (166426) RouteLoomRef: diagnostic reason=ROUTE_INFEASIBLE_SEQNO_NEEDED peer=2 message=none
[2026-09-26T08:37:45.265+00:00] W (166456) RouteLoomRef: diagnostic reason=session replay peer=5 message=none
[2026-09-26T08:37:46.066+00:00] W (167325) RouteLoomRef: diagnostic reason=ROUTE_INFEASIBLE_SEQNO_NEEDED peer=2 message=none
[2026-09-26T08:37:46.467+00:00] W (167647) RouteLoomRef: diagnostic reason=SEQNO_REQUEST_NO_PATH peer=3 message=present
[2026-09-26T08:37:46.467+00:00] W (167663) RouteLoomRef: diagnostic reason=SEQNO_REQUEST_NO_PATH peer=2 message=present
[2026-09-26T08:37:46.467+00:00] W (167672) RouteLoomRef: diagnostic reason=ROUTE_INFEASIBLE_SEQNO_NEEDED peer=3 message=none
[2026-09-26T08:37:46.467+00:00] W (167679) RouteLoomRef: diagnostic reason=session replay peer=2 message=none
[2026-09-26T08:37:46.467+00:00] W (167715) RouteLoomRef: diagnostic reason=ROUTE_INFEASIBLE_SEQNO_NEEDED peer=2 message=none
[2026-09-26T08:37:47.067+00:00] W (168426) RouteLoomRef: diagnostic reason=ROUTE_INFEASIBLE_SEQNO_NEEDED peer=3 message=none
[2026-09-26T08:37:50.071+00:00] W (171320) RouteLoomRef: diagnostic reason=ROUTE_INFEASIBLE_SEQNO_NEEDED peer=3 message=none
[2026-09-26T08:37:50.071+00:00] W (171329) RouteLoomRef: diagnostic reason=ROUTE_INFEASIBLE_SEQNO_NEEDED peer=2 message=none
[2026-09-26T08:37:51.073+00:00] W (172326) RouteLoomRef: diagnostic reason=ROUTE_INFEASIBLE_SEQNO_NEEDED peer=2 message=none
[2026-09-26T08:37:52.074+00:00] W (173429) RouteLoomRef: diagnostic reason=ROUTE_INFEASIBLE_SEQNO_NEEDED peer=3 message=none
[2026-09-26T08:37:56.078+00:00] W (177328) RouteLoomRef: diagnostic reason=ROUTE_INFEASIBLE_SEQNO_NEEDED peer=2 message=none
[2026-09-26T08:37:57.080+00:00] W (178431) RouteLoomRef: diagnostic reason=ROUTE_INFEASIBLE_SEQNO_NEEDED peer=3 message=none
[2026-09-26T08:37:59.282+00:00] I (180465) RouteLoom: stack hwm main 10588 B
[2026-09-26T08:38:01.088+00:00] W (182329) RouteLoomRef: diagnostic reason=ROUTE_INFEASIBLE_SEQNO_NEEDED peer=2 message=none
[2026-09-26T08:38:02.090+00:00] W (183432) RouteLoomRef: diagnostic reason=ROUTE_INFEASIBLE_SEQNO_NEEDED peer=3 message=none
[2026-09-26T08:38:06.098+00:00] W (187330) RouteLoomRef: diagnostic reason=ROUTE_INFEASIBLE_SEQNO_NEEDED peer=2 message=none
[2026-09-26T08:38:07.100+00:00] W (188432) RouteLoomRef: diagnostic reason=ROUTE_INFEASIBLE_SEQNO_NEEDED peer=3 message=none
[2026-09-26T08:38:11.107+00:00] W (192333) RouteLoomRef: diagnostic reason=ROUTE_INFEASIBLE_SEQNO_NEEDED peer=2 message=none
[2026-09-26T08:38:12.108+00:00] W (193434) RouteLoomRef: diagnostic reason=ROUTE_INFEASIBLE_SEQNO_NEEDED peer=3 message=none
[2026-09-26T08:38:16.113+00:00] W (197332) RouteLoomRef: diagnostic reason=ROUTE_INFEASIBLE_SEQNO_NEEDED peer=2 message=none
[2026-09-26T08:38:16.954+00:00] !! capture finished
