[ 21%] Built target routeloom_edhoc_third_party
[ 44%] Built target routeloom_core
[ 45%] Built target routeloom_ledger_tests
[ 45%] Built target routeloom_routing_scale_tests
[ 45%] Built target routeloom_host_ops_tests
[ 46%] Built target routeloom_usb_tests
[ 47%] Built target routeloom_golden_tests
[ 48%] Built target routeloom_core_tests
[ 48%] Built target routeloom_power_tests
[ 49%] Built target routeloom_routing_tests
[ 50%] Built target routeloom_hardening_tests
[ 50%] Built target routeloom_autonomy_tests
[ 50%] Built target routeloom_discovery_tests
[ 50%] Built target routeloom_endpoint_tests
[ 51%] Built target routeloom_telemetry_tests
[ 52%] Built target routeloom_congestion_tests
[ 52%] Built target routeloom_scope_tests
[ 53%] Built target routeloom_gateway_tests
[ 53%] Built target routeloom_load_routing_tests
[ 54%] Built target routeloom_migration_tests
[ 54%] Built target routeloom_channel_tests
[ 55%] Built target routeloom_baseline_diff_tests
[ 56%] Built target routeloom_migration_wire_tests
[ 57%] Built target routeloom_security_floor_tests
[ 58%] Built target routeloom_config_tests
[ 59%] Built target routeloom_cose_tests
[ 59%] Built target routeloom_config_wire_tests
[ 59%] Built target routeloom_credential_tests
[ 59%] Built target routeloom_trust_store_tests
[ 60%] Built target routeloom_trust_manifest_tests
[ 60%] Built target routeloom_key_schedule_tests
[ 61%] Built target routeloom_sdkv1_authority_tests
[ 62%] Built target routeloom_kdf_tests
[ 63%] Built target routeloom_sdkv1_authority_transport_tests
[ 64%] Built target routeloom_reply_lease_tests
[ 65%] Built target routeloom_rlres1_tests
[ 65%] Building CXX object tests/cpp/CMakeFiles/routeloom_espnow_owner_reapply_tests.dir/__/__/components/routeloom_espnow/src/espnow_runtime.cpp.o
[ 65%] Built target routeloom_reply_admission_tests
[ 66%] Built target routeloom_c_header_test
[ 68%] Built target routeloom_trust_view_tests
[ 68%] Building CXX object tests/cpp/CMakeFiles/routeloom_espnow_runtime_tests.dir/__/__/components/routeloom_espnow/src/espnow_runtime.cpp.o
[ 69%] Built target routeloom_property_tests
[ 70%] Built target routeloom_applied_tests
[ 71%] Built target routeloom_dedup_tests
[ 70%] Built target routeloom_fault_tests
[ 71%] Built target routeloom_node_status_tests
[ 72%] Built target routeloom_peer_state_tests
[ 72%] Built target routeloom_group_tests
[ 73%] Built target routeloom_sdkv1_golden_tests
[ 73%] Built target routeloom_session_tests
[ 73%] Built target routeloom_sdkv1_ead_tests
[ 74%] Built target routeloom_sdkv1_session_wire_tests
[ 74%] Built target routeloom_sdkv1_handshake_tests
[ 74%] Built target routeloom_sdkv1_bootstrap_tests
[ 75%] Built target routeloom_sdkv1_join_relay_tests
[ 76%] Built target routeloom_sdkv1_join_candidates_tests
[ 77%] Built target routeloom_sdkv1_join_transport_tests
[ 77%] Built target routeloom_sdkv1_joiner_tests
[ 77%] Built target routeloom_sdkv1_join_handshake_tests
[ 78%] Built target routeloom_sdkv1_dev_keys_tests
[ 79%] Built target routeloom_sdkv1_legacy_purge_tests
[ 80%] Built target routeloom_sdkv1_session_rtc_tests
[ 81%] Built target routeloom_nvs_legacy_purge_tests
[ 83%] Built target routeloom_sdkv1_dev_session_tests
[ 83%] Built target routeloom_sdkv1_boot_session_tests
[ 84%] Built target routeloom_sdkv1_coordinator_tests
[ 84%] Built target routeloom_sdkv1_dev_route_tests
[ 85%] Built target routeloom_sdkv1_records_tests
[ 85%] Built target routeloom_sdkv1_owner_sleep_tests
[ 85%] Built target routeloom_sdkv1_store_tests
[ 85%] Built target routeloom_sdkv1_session_bank_tests
[ 86%] Built target routeloom_joiner_interop_peer
[ 87%] Built target routeloom_sdkv1_revocation_tests
[ 88%] Built target routeloom_sdkv1_membership_tests
[ 88%] Built target routeloom_sdkv1_maintenance_tests
[ 89%] Built target routeloom_espnow_sdkv1_entropy_tests
[ 90%] Built target routeloom_sdkv1_grant_renew_tests
[ 90%] Built target routeloom_sdkv1_blob_storage_tests
[ 90%] Built target fuzz_autonomy
[ 90%] Built target fuzz_wire_frame
[ 91%] Built target fuzz_usb_codec
[ 92%] Built target routeloom_edhoc_tests
[ 93%] Built target routeloom_edhoc_interop_peer
[ 93%] Built target fuzz_endpoint
[ 94%] Built target fuzz_host_ops
[ 94%] Built target fuzz_rlres1
[ 95%] Built target fuzz_migration
[ 96%] Built target fuzz_cose
[ 97%] Built target fuzz_sdkv1
[ 97%] Built target fuzz_sdkv1_ead
[ 98%] Built target fuzz_sdkv1_join
/home/sahur/orca/workspaces/RouteLoom/hil-5node/components/routeloom_espnow/src/espnow_runtime.cpp: In member function ‘void routeloom::espnow::EspNowRuntime::enqueue_rx(const esp_now_recv_info_t*, const uint8_t*, int)’:
/home/sahur/orca/workspaces/RouteLoom/hil-5node/components/routeloom_espnow/src/espnow_runtime.cpp:2530:24: error: ‘CONFIG_ROUTELOOM_HIL_DROP_RX_MAC’ was not declared in this scope
 2530 |   if constexpr (sizeof(CONFIG_ROUTELOOM_HIL_DROP_RX_MAC) == 18) {
      |                        ^~~~~~~~~~~~~~~~~~~~~~~~~~~~~~~~
/home/sahur/orca/workspaces/RouteLoom/hil-5node/components/routeloom_espnow/src/espnow_runtime.cpp: In member function ‘void routeloom::espnow::EspNowRuntime::enqueue_rx(const esp_now_recv_info_t*, const uint8_t*, int)’:
/home/sahur/orca/workspaces/RouteLoom/hil-5node/components/routeloom_espnow/src/espnow_runtime.cpp:2530:24: error: ‘CONFIG_ROUTELOOM_HIL_DROP_RX_MAC’ was not declared in this scope
 2530 |   if constexpr (sizeof(CONFIG_ROUTELOOM_HIL_DROP_RX_MAC) == 18) {
      |                        ^~~~~~~~~~~~~~~~~~~~~~~~~~~~~~~~
gmake[2]: *** [tests/cpp/CMakeFiles/routeloom_espnow_runtime_tests.dir/build.make:104: tests/cpp/CMakeFiles/routeloom_espnow_runtime_tests.dir/__/__/components/routeloom_espnow/src/espnow_runtime.cpp.o] Error 1
gmake[1]: *** [CMakeFiles/Makefile2:1308: tests/cpp/CMakeFiles/routeloom_espnow_runtime_tests.dir/all] Error 2
gmake[1]: *** Waiting for unfinished jobs....
gmake[2]: *** [tests/cpp/CMakeFiles/routeloom_espnow_owner_reapply_tests.dir/build.make:104: tests/cpp/CMakeFiles/routeloom_espnow_owner_reapply_tests.dir/__/__/components/routeloom_espnow/src/espnow_runtime.cpp.o] Error 1
gmake[1]: *** [CMakeFiles/Makefile2:1335: tests/cpp/CMakeFiles/routeloom_espnow_owner_reapply_tests.dir/all] Error 2
gmake: *** [Makefile:101: all] Error 2
