[2026-09-26T15:50:14.883+00:00] !! connected 10:BD:A3:B1:48:A8 count=1
[2026-09-26T15:50:19.495+00:00] I (1028967) RouteLoomRef: RLD1 rx kind=1 ch=6 generation=16 src=I (2350297) RouteLoomRef: member state=4 links=3 ends=1 authority=1/0 confirm=1 demux_drop=12
[2026-09-26T15:50:19.495+00:00] I (2350298) RouteLoomRef: member handshake starts=215 requests=2 rejected=0 send_fail=7 established=6 failed=3 last_error=6 active=0
[2026-09-26T15:50:19.495+00:00] I (2350298) RouteLoomRef: member end send_fail=2 established=1 failed=4 last_error=7
[2026-09-26T15:50:19.495+00:00] I (2350299) RouteLoomRef: authority state=0 tx_sent=6 tx_failed=0 rx_accepted=1 rx_rejected=0 pull=0 busy=0 backoff_s=0
[2026-09-26T15:50:19.495+00:00] I (2350299) RouteLoomRef: authority mesh tx_carrier=6 queued=6 shed=555 rx_carrier=2 denied=0 timeout=0
[2026-09-26T15:50:19.495+00:00] I (2350299) RouteLoomRef: authority jobs accepted=4 failed=2 last=SESSION_UNAVAILABLE
[2026-09-26T15:50:19.495+00:00] I (2350300) RouteLoomRef: member discovery rx=223 offer_tx=211 offer_rx=77 auth=6 kind_reject=0 capacity=0 send_fail=185
[2026-09-26T15:50:19.495+00:00] I (2350300) RouteLoomRef: member scope raw=300 accepted=217 mac_reject=0 hint=0 generation=10 key_unavailable=0 budget=0
[2026-09-26T15:50:24.509+00:00] I (2355299) RouteLoomRef: member state=4 links=3 ends=1 authority=1/0 confirm=1 demux_drop=12
[2026-09-26T15:50:24.509+00:00] I (2355299) RouteLoomRef: member handshake starts=215 requests=2 rejected=0 send_fail=7 established=6 failed=3 last_error=6 active=0
[2026-09-26T15:50:24.509+00:00] I (2355300) RouteLoomRef: member end send_fail=2 established=1 failed=4 last_error=7
[2026-09-26T15:50:24.509+00:00] I (2355300) RouteLoomRef: authority state=0 tx_sent=6 tx_failed=0 rx_accepted=1 rx_rejected=0 pull=0 busy=0 backoff_s=0
[2026-09-26T15:50:24.509+00:00] I (2355300) RouteLoomRef: authority mesh tx_carrier=6 queued=6 shed=555 rx_carrier=2 denied=0 timeout=0
[2026-09-26T15:50:24.509+00:00] I (2355301) RouteLoomRef: authority jobs accepted=4 failed=2 last=SESSION_UNAVAILABLE
[2026-09-26T15:50:24.509+00:00] I (2355301) RouteLoomRef: member discovery rx=223 offer_tx=211 offer_rx=77 auth=6 kind_reject=0 capacity=0 send_fail=185
[2026-09-26T15:50:24.509+00:00] I (2355301) RouteLoomRef: member scope raw=300 accepted=217 mac_reject=0 hint=0 generation=10 key_unavailable=0 budget=0
[2026-09-26T15:50:29.523+00:00] I (2360300) RouteLoomRef: member state=4 links=3 ends=1 authority=1/0 confirm=1 demux_drop=12
[2026-09-26T15:50:29.523+00:00] I (2360301) RouteLoomRef: member handshake starts=215 requests=2 rejected=0 send_fail=7 established=6 failed=3 last_error=6 active=0
[2026-09-26T15:50:29.523+00:00] I (2360301) RouteLoomRef: member end send_fail=2 established=1 failed=4 last_error=7
[2026-09-26T15:50:29.523+00:00] I (2360302) RouteLoomRef: authority state=0 tx_sent=6 tx_failed=0 rx_accepted=1 rx_rejected=0 pull=0 busy=0 backoff_s=0
[2026-09-26T15:50:29.523+00:00] I (2360302) RouteLoomRef: authority mesh tx_carrier=6 queued=6 shed=555 rx_carrier=2 denied=0 timeout=0
[2026-09-26T15:50:29.523+00:00] I (2360302) RouteLoomRef: authority jobs accepted=4 failed=2 last=SESSION_UNAVAILABLE
[2026-09-26T15:50:29.523+00:00] I (2360303) RouteLoomRef: member discovery rx=223 offer_tx=211 offer_rx=77 auth=6 kind_reject=0 capacity=0 send_fail=185
[2026-09-26T15:50:29.523+00:00] I (2360303) RouteLoomRef: member scope raw=300 accepted=217 mac_reject=0 hint=0 generation=10 key_unavailable=0 budget=0
[2026-09-26T15:50:34.236+00:00] I (2364979) RouteLoomRef: RLD1 rx kind=1 ch=6 generation=16 src=94:a9:90:7a:b5:60 dest=ff:ff:ff:ff:ff:ff
[2026-09-26T15:50:34.236+00:00] W (2365051) ESPNOW: Peer exists. Please call API esp_now_mod_peer()!
[2026-09-26T15:50:34.537+00:00] I (2365302) RouteLoomRef: member state=4 links=3 ends=1 authority=1/0 confirm=1 demux_drop=12
[2026-09-26T15:50:34.537+00:00] I (2365303) RouteLoomRef: member handshake starts=216 requests=2 rejected=0 send_fail=7 established=6 failed=3 last_error=6 active=0
[2026-09-26T15:50:34.537+00:00] I (2365303) RouteLoomRef: member end send_fail=2 established=1 failed=4 last_error=7
[2026-09-26T15:50:34.537+00:00] I (2365304) RouteLoomRef: authority state=0 tx_sent=6 tx_failed=0 rx_accepted=1 rx_rejected=0 pull=0 busy=0 backoff_s=0
[2026-09-26T15:50:34.537+00:00] I (2365304) RouteLoomRef: authority mesh tx_carrier=6 queued=6 shed=555 rx_carrier=2 denied=0 timeout=0
[2026-09-26T15:50:34.537+00:00] I (2365304) RouteLoomRef: authority jobs accepted=4 failed=2 last=SESSION_UNAVAILABLE
[2026-09-26T15:50:34.537+00:00] I (2365305) RouteLoomRef: member discovery rx=224 offer_tx=212 offer_rx=77 auth=6 kind_reject=0 capacity=0 send_fail=185
[2026-09-26T15:50:34.537+00:00] I (2365305) RouteLoomRef: member scope raw=301 accepted=218 mac_reject=0 hint=0 generation=10 key_unavailable=0 budget=0
[2026-09-26T15:50:36.141+00:00] I (2366955) RouteLoomRef: RLD1 rx kind=1 ch=6 generation=16 src=94:a9:90:7a:b5:60 dest=ff:ff:ff:ff:ff:ff
[2026-09-26T15:50:36.241+00:00] W (2367028) ESPNOW: Peer exists. Please call API esp_now_mod_peer()!
[2026-09-26T15:50:39.550+00:00] I (2370304) RouteLoomRef: member state=4 links=3 ends=1 authority=1/0 confirm=1 demux_drop=12
[2026-09-26T15:50:39.550+00:00] I (2370305) RouteLoomRef: member handshake starts=217 requests=2 rejected=0 send_fail=7 established=6 failed=3 last_error=6 active=0
[2026-09-26T15:50:39.550+00:00] I (2370305) RouteLoomRef: member end send_fail=2 established=1 failed=4 last_error=7
[2026-09-26T15:50:39.550+00:00] I (2370306) RouteLoomRef: authority state=0 tx_sent=6 tx_failed=0 rx_accepted=1 rx_rejected=0 pull=0 busy=0 backoff_s=0
[2026-09-26T15:50:39.550+00:00] I (2370306) RouteLoomRef: authority mesh tx_carrier=6 queued=6 shed=555 rx_carrier=2 denied=0 timeout=0
[2026-09-26T15:50:39.550+00:00] I (2370306) RouteLoomRef: authority jobs accepted=4 failed=2 last=SESSION_UNAVAILABLE
[2026-09-26T15:50:39.550+00:00] I (2370307) RouteLoomRef: member discovery rx=225 offer_tx=213 offer_rx=77 auth=6 kind_reject=0 capacity=0 send_fail=185
[2026-09-26T15:50:39.550+00:00] I (2370307) RouteLoomRef: member scope raw=302 accepted=219 mac_reject=0 hint=0 generation=10 key_unavailable=0 budget=0
[2026-09-26T15:50:44.563+00:00] I (2375306) RouteLoomRef: member state=4 links=3 ends=1 authority=1/0 confirm=1 demux_drop=12
[2026-09-26T15:50:44.563+00:00] I (2375306) RouteLoomRef: member handshake starts=217 requests=2 rejected=0 send_fail=7 established=6 failed=3 last_error=6 active=0
[2026-09-26T15:50:44.563+00:00] I (2375307) RouteLoomRef: member end send_fail=2 established=1 failed=4 last_error=7
[2026-09-26T15:50:44.563+00:00] I (2375307) RouteLoomRef: authority state=0 tx_sent=6 tx_failed=0 rx_accepted=1 rx_rejected=0 pull=0 busy=0 backoff_s=0
[2026-09-26T15:50:44.563+00:00] I (2375307) RouteLoomRef: authority mesh tx_carrier=6 queued=6 shed=555 rx_carrier=2 denied=0 timeout=0
[2026-09-26T15:50:44.563+00:00] I (2375308) RouteLoomRef: authority jobs accepted=4 failed=2 last=SESSION_UNAVAILABLE
[2026-09-26T15:50:44.563+00:00] I (2375308) RouteLoomRef: member discovery rx=225 offer_tx=213 offer_rx=77 auth=6 kind_reject=0 capacity=0 send_fail=185
[2026-09-26T15:50:44.563+00:00] I (2375308) RouteLoomRef: member scope raw=302 accepted=219 mac_reject=0 hint=0 generation=10 key_unavailable=0 budget=0
[2026-09-26T15:50:45.967+00:00] I (2376737) RouteLoomRef: discovery event=REDISCOVERY peer=2
[2026-09-26T15:50:45.967+00:00] W (2376738) RouteLoomRef: diagnostic reason=REDISCOVERY peer=2 message=none
[2026-09-26T15:50:49.576+00:00] I (2380308) RouteLoomRef: member state=4 links=3 ends=1 authority=1/0 confirm=1 demux_drop=12
[2026-09-26T15:50:49.576+00:00] I (2380308) RouteLoomRef: member handshake starts=217 requests=2 rejected=0 send_fail=7 established=6 failed=3 last_error=6 active=0
[2026-09-26T15:50:49.576+00:00] I (2380309) RouteLoomRef: member end send_fail=2 established=1 failed=4 last_error=7
[2026-09-26T15:50:49.576+00:00] I (2380309) RouteLoomRef: authority state=0 tx_sent=6 tx_failed=0 rx_accepted=1 rx_rejected=0 pull=0 busy=0 backoff_s=0
[2026-09-26T15:50:49.576+00:00] I (2380309) RouteLoomRef: authority mesh tx_carrier=6 queued=6 shed=555 rx_carrier=2 denied=0 timeout=0
[2026-09-26T15:50:49.576+00:00] I (2380310) RouteLoomRef: authority jobs accepted=4 failed=2 last=SESSION_UNAVAILABLE
[2026-09-26T15:50:49.576+00:00] I (2380310) RouteLoomRef: member discovery rx=225 offer_tx=213 offer_rx=77 auth=6 kind_reject=0 capacity=0 send_fail=185
[2026-09-26T15:50:49.576+00:00] I (2380310) RouteLoomRef: member scope raw=302 accepted=219 mac_reject=0 hint=0 generation=10 key_unavailable=0 budget=0
[2026-09-26T15:50:54.590+00:00] I (2385309) RouteLoomRef: member state=4 links=3 ends=1 authority=1/0 confirm=1 demux_drop=12
[2026-09-26T15:50:54.590+00:00] I (2385309) RouteLoomRef: member handshake starts=217 requests=2 rejected=0 send_fail=7 established=6 failed=3 last_error=6 active=0
[2026-09-26T15:50:54.590+00:00] I (2385310) RouteLoomRef: member end send_fail=2 established=1 failed=4 last_error=7
[2026-09-26T15:50:54.590+00:00] I (2385310) RouteLoomRef: authority state=0 tx_sent=6 tx_failed=0 rx_accepted=1 rx_rejected=0 pull=0 busy=0 backoff_s=0
[2026-09-26T15:50:54.590+00:00] I (2385310) RouteLoomRef: authority mesh tx_carrier=6 queued=6 shed=555 rx_carrier=2 denied=0 timeout=0
[2026-09-26T15:50:54.590+00:00] I (2385311) RouteLoomRef: authority jobs accepted=4 failed=2 last=SESSION_UNAVAILABLE
[2026-09-26T15:50:54.590+00:00] I (2385311) RouteLoomRef: member discovery rx=225 offer_tx=213 offer_rx=77 auth=6 kind_reject=0 capacity=0 send_fail=185
[2026-09-26T15:50:54.590+00:00] I (2385311) RouteLoomRef: member scope raw=302 accepted=219 mac_reject=0 hint=0 generation=10 key_unavailable=0 budget=0
[2026-09-26T15:50:59.501+00:00] I (2390309) RouteLoomRef: member state=4 links=3 ends=1 authority=1/0 confirm=1 demux_drop=12
[2026-09-26T15:50:59.501+00:00] I (2390309) RouteLoomRef: member handshake starts=217 requests=2 rejected=0 send_fail=7 established=6 failed=3 last_error=6 active=0
[2026-09-26T15:50:59.501+00:00] I (2390310) RouteLoomRef: member end send_fail=2 established=1 failed=4 last_error=7
[2026-09-26T15:50:59.501+00:00] I (2390310) RouteLoomRef: authority state=0 tx_sent=6 tx_failed=0 rx_accepted=1 rx_rejected=0 pull=0 busy=0 backoff_s=0
[2026-09-26T15:50:59.501+00:00] I (2390310) RouteLoomRef: authority mesh tx_carrier=6 queued=6 shed=555 rx_carrier=2 denied=0 timeout=0
[2026-09-26T15:50:59.501+00:00] I (2390311) RouteLoomRef: authority jobs accepted=4 failed=2 last=SESSION_UNAVAILABLE
[2026-09-26T15:50:59.501+00:00] I (2390311) RouteLoomRef: member discovery rx=225 offer_tx=213 offer_rx=77 auth=6 kind_reject=0 capacity=0 send_fail=185
[2026-09-26T15:50:59.501+00:00] I (2390311) RouteLoomRef: member scope raw=302 accepted=219 mac_reject=0 hint=0 generation=10 key_unavailable=0 budget=0
[2026-09-26T15:51:02.005+00:00] I (2392773) RouteLoomRef: RLD1 rx kind=1 ch=6 generation=16 src=94:a9:90:7a:b5:60 dest=ff:ff:ff:ff:ff:ff
[2026-09-26T15:51:02.106+00:00] W (2392856) ESPNOW: Peer exists. Please call API esp_now_mod_peer()!
[2026-09-26T15:51:04.510+00:00] I (2395310) RouteLoomRef: member state=4 links=3 ends=1 authority=1/0 confirm=1 demux_drop=12
[2026-09-26T15:51:04.510+00:00] I (2395311) RouteLoomRef: member handshake starts=218 requests=2 rejected=0 send_fail=7 established=6 failed=3 last_error=6 active=0
[2026-09-26T15:51:04.510+00:00] I (2395311) RouteLoomRef: member end send_fail=2 established=1 failed=4 last_error=7
[2026-09-26T15:51:04.510+00:00] I (2395312) RouteLoomRef: authority state=0 tx_sent=6 tx_failed=0 rx_accepted=1 rx_rejected=0 pull=0 busy=0 backoff_s=0
[2026-09-26T15:51:04.510+00:00] I (2395312) RouteLoomRef: authority mesh tx_carrier=6 queued=6 shed=555 rx_carrier=2 denied=0 timeout=0
[2026-09-26T15:51:04.510+00:00] I (2395312) RouteLoomRef: authority jobs accepted=4 failed=2 last=SESSION_UNAVAILABLE
[2026-09-26T15:51:04.510+00:00] I (2395313) RouteLoomRef: member discovery rx=226 offer_tx=214 offer_rx=77 auth=6 kind_reject=0 capacity=0 send_fail=185
[2026-09-26T15:51:04.510+00:00] I (2395313) RouteLoomRef: member scope raw=303 accepted=220 mac_reject=0 hint=0 generation=10 key_unavailable=0 budget=0
[2026-09-26T15:51:09.521+00:00] I (2400310) RouteLoomRef: member state=4 links=3 ends=1 authority=1/0 confirm=1 demux_drop=12
[2026-09-26T15:51:09.521+00:00] I (2400311) RouteLoomRef: member handshake starts=218 requests=2 rejected=0 send_fail=7 established=6 failed=3 last_error=6 active=0
[2026-09-26T15:51:09.521+00:00] I (2400311) RouteLoomRef: member end send_fail=2 established=1 failed=4 last_error=7
[2026-09-26T15:51:09.521+00:00] I (2400312) RouteLoomRef: authority state=0 tx_sent=6 tx_failed=0 rx_accepted=1 rx_rejected=0 pull=0 busy=0 backoff_s=0
[2026-09-26T15:51:09.521+00:00] I (2400312) RouteLoomRef: authority mesh tx_carrier=6 queued=6 shed=555 rx_carrier=2 denied=0 timeout=0
[2026-09-26T15:51:09.521+00:00] I (2400313) RouteLoomRef: authority jobs accepted=4 failed=2 last=SESSION_UNAVAILABLE
[2026-09-26T15:51:09.521+00:00] I (2400313) RouteLoomRef: member discovery rx=226 offer_tx=214 offer_rx=77 auth=6 kind_reject=0 capacity=0 send_fail=185
[2026-09-26T15:51:09.521+00:00] I (2400313) RouteLoomRef: member scope raw=303 accepted=220 mac_reject=0 hint=0 generation=10 key_unavailable=0 budget=0
[2026-09-26T15:51:09.721+00:00] I (2400463) RouteLoom: stack hwm main 7664 B
[2026-09-26T15:51:09.721+00:00] I (2400463) RouteLoom: HIL HEAP free=106788 largest=90112 min=105492 B
[2026-09-26T15:51:09.721+00:00] I (2400463) RouteLoom: HIL DISCOVERY candidates=0 neighbors=3 capacity=0 auth=6 stale=5 probes=141 send_failures=185 kind_rejects=0
[2026-09-26T15:51:09.721+00:00] I (2400464) RouteLoom: HIL ROUTE peer=1 phase=7 via=0 metric=0 generation=0 seq=0
[2026-09-26T15:51:09.721+00:00] I (2400464) RouteLoom: HIL ROUTE peer=2 phase=7 via=0 metric=0 generation=0 seq=0
[2026-09-26T15:51:09.721+00:00] I (2400465) RouteLoom: HIL ROUTE peer=3 phase=7 via=0 metric=0 generation=0 seq=0
[2026-09-26T15:51:14.531+00:00] I (2405311) RouteLoomRef: member state=4 links=3 ends=1 authority=1/0 confirm=1 demux_drop=12
[2026-09-26T15:51:14.531+00:00] I (2405311) RouteLoomRef: member handshake starts=218 requests=2 rejected=0 send_fail=7 established=6 failed=3 last_error=6 active=0
[2026-09-26T15:51:14.531+00:00] I (2405312) RouteLoomRef: member end send_fail=2 established=1 failed=4 last_error=7
[2026-09-26T15:51:14.531+00:00] I (2405312) RouteLoomRef: authority state=0 tx_sent=6 tx_failed=0 rx_accepted=1 rx_rejected=0 pull=0 busy=0 backoff_s=0
[2026-09-26T15:51:14.531+00:00] I (2405312) RouteLoomRef: authority mesh tx_carrier=6 queued=6 shed=555 rx_carrier=2 denied=0 timeout=0
[2026-09-26T15:51:14.531+00:00] I (2405313) RouteLoomRef: authority jobs accepted=4 failed=2 last=SESSION_UNAVAILABLE
[2026-09-26T15:51:14.531+00:00] I (2405313) RouteLoomRef: member discovery rx=226 offer_tx=214 offer_rx=77 auth=6 kind_reject=0 capacity=0 send_fail=185
[2026-09-26T15:51:14.531+00:00] I (2405313) RouteLoomRef: member scope raw=303 accepted=220 mac_reject=0 hint=0 generation=10 key_unavailable=0 budget=0
[2026-09-26T15:51:19.544+00:00] I (2410312) RouteLoomRef: member state=4 links=3 ends=1 authority=1/0 confirm=1 demux_drop=12
[2026-09-26T15:51:19.544+00:00] I (2410313) RouteLoomRef: member handshake starts=218 requests=2 rejected=0 send_fail=7 established=6 failed=3 last_error=6 active=0
[2026-09-26T15:51:19.544+00:00] I (2410313) RouteLoomRef: member end send_fail=2 established=1 failed=4 last_error=7
[2026-09-26T15:51:19.544+00:00] I (2410314) RouteLoomRef: authority state=0 tx_sent=6 tx_failed=0 rx_accepted=1 rx_rejected=0 pull=0 busy=0 backoff_s=0
[2026-09-26T15:51:19.544+00:00] I (2410314) RouteLoomRef: authority mesh tx_carrier=6 queued=6 shed=555 rx_carrier=2 denied=0 timeout=0
[2026-09-26T15:51:19.544+00:00] I (2410314) RouteLoomRef: authority jobs accepted=4 failed=2 last=SESSION_UNAVAILABLE
[2026-09-26T15:51:19.544+00:00] I (2410315) RouteLoomRef: member discovery rx=226 offer_tx=214 offer_rx=77 auth=6 kind_reject=0 capacity=0 send_fail=185
[2026-09-26T15:51:19.544+00:00] I (2410315) RouteLoomRef: member scope raw=303 accepted=220 mac_reject=0 hint=0 generation=10 key_unavailable=0 budget=0
[2026-09-26T15:51:24.559+00:00] I (2415313) RouteLoomRef: member state=4 links=3 ends=1 authority=1/0 confirm=1 demux_drop=12
[2026-09-26T15:51:24.559+00:00] I (2415313) RouteLoomRef: member handshake starts=218 requests=2 rejected=0 send_fail=7 established=6 failed=3 last_error=6 active=0
[2026-09-26T15:51:24.559+00:00] I (2415314) RouteLoomRef: member end send_fail=2 established=1 failed=4 last_error=7
[2026-09-26T15:51:24.559+00:00] I (2415314) RouteLoomRef: authority state=0 tx_sent=6 tx_failed=0 rx_accepted=1 rx_rejected=0 pull=0 busy=0 backoff_s=0
[2026-09-26T15:51:24.559+00:00] I (2415314) RouteLoomRef: authority mesh tx_carrier=6 queued=6 shed=555 rx_carrier=2 denied=0 timeout=0
[2026-09-26T15:51:24.559+00:00] I (2415315) RouteLoomRef: authority jobs accepted=4 failed=2 last=SESSION_UNAVAILABLE
[2026-09-26T15:51:24.559+00:00] I (2415315) RouteLoomRef: member discovery rx=226 offer_tx=214 offer_rx=77 auth=6 kind_reject=0 capacity=0 send_fail=185
[2026-09-26T15:51:24.559+00:00] I (2415315) RouteLoomRef: member scope raw=303 accepted=220 mac_reject=0 hint=0 generation=10 key_unavailable=0 budget=0
[2026-09-26T15:51:29.572+00:00] I (2420314) RouteLoomRef: member state=4 links=3 ends=1 authority=1/0 confirm=1 demux_drop=12
[2026-09-26T15:51:29.572+00:00] I (2420315) RouteLoomRef: member handshake starts=218 requests=2 rejected=0 send_fail=7 established=6 failed=3 last_error=6 active=0
[2026-09-26T15:51:29.572+00:00] I (2420315) RouteLoomRef: member end send_fail=2 established=1 failed=4 last_error=7
[2026-09-26T15:51:29.572+00:00] I (2420316) RouteLoomRef: authority state=0 tx_sent=6 tx_failed=0 rx_accepted=1 rx_rejected=0 pull=0 busy=0 backoff_s=0
[2026-09-26T15:51:29.572+00:00] I (2420316) RouteLoomRef: authority mesh tx_carrier=6 queued=6 shed=555 rx_carrier=2 denied=0 timeout=0
[2026-09-26T15:51:29.572+00:00] I (2420316) RouteLoomRef: authority jobs accepted=4 failed=2 last=SESSION_UNAVAILABLE
[2026-09-26T15:51:29.572+00:00] I (2420317) RouteLoomRef: member discovery rx=226 offer_tx=214 offer_rx=77 auth=6 kind_reject=0 capacity=0 send_fail=185
[2026-09-26T15:51:29.572+00:00] I (2420317) RouteLoomRef: member scope raw=303 accepted=220 mac_reject=0 hint=0 generation=10 key_unavailable=0 budget=0
[2026-09-26T15:51:34.590+00:00] I (2425315) RouteLoomRef: member state=4 links=3 ends=1 authority=1/0 confirm=1 demux_drop=12
[2026-09-26T15:51:34.590+00:00] I (2425315) RouteLoomRef: member handshake starts=218 requests=2 rejected=0 send_fail=7 established=6 failed=3 last_error=6 active=0
[2026-09-26T15:51:34.590+00:00] I (2425316) RouteLoomRef: member end send_fail=2 established=1 failed=4 last_error=7
[2026-09-26T15:51:34.590+00:00] I (2425316) RouteLoomRef: authority state=0 tx_sent=6 tx_failed=0 rx_accepted=1 rx_rejected=0 pull=0 busy=0 backoff_s=0
[2026-09-26T15:51:34.591+00:00] I (2425316) RouteLoomRef: authority mesh tx_carrier=6 queued=6 shed=555 rx_carrier=2 denied=0 timeout=0
[2026-09-26T15:51:34.591+00:00] I (2425317) RouteLoomRef: authority jobs accepted=4 failed=2 last=SESSION_UNAVAILABLE
[2026-09-26T15:51:34.591+00:00] I (2425317) RouteLoomRef: member discovery rx=226 offer_tx=214 offer_rx=77 auth=6 kind_reject=0 capacity=0 send_fail=185
[2026-09-26T15:51:34.591+00:00] I (2425317) RouteLoomRef: member scope raw=303 accepted=220 mac_reject=0 hint=0 generation=10 key_unavailable=0 budget=0
[2026-09-26T15:51:37.599+00:00] I (2428405) RouteLoomRef: RLD1 rx kind=1 ch=6 generation=16 src=94:a9:90:7a:b5:60 dest=ff:ff:ff:ff:ff:ff
[2026-09-26T15:51:37.699+00:00] W (2428487) ESPNOW: Peer exists. Please call API esp_now_mod_peer()!
[2026-09-26T15:51:39.503+00:00] I (2430317) RouteLoomRef: member state=4 links=3 ends=1 authority=1/0 confirm=1 demux_drop=12
[2026-09-26T15:51:39.503+00:00] I (2430318) RouteLoomRef: member handshake starts=219 requests=2 rejected=0 send_fail=7 established=6 failed=3 last_error=6 active=0
[2026-09-26T15:51:39.503+00:00] I (2430318) RouteLoomRef: member end send_fail=2 established=1 failed=4 last_error=7
[2026-09-26T15:51:39.503+00:00] I (2430319) RouteLoomRef: authority state=0 tx_sent=6 tx_failed=0 rx_accepted=1 rx_rejected=0 pull=0 busy=0 backoff_s=0
[2026-09-26T15:51:39.503+00:00] I (2430319) RouteLoomRef: authority mesh tx_carrier=6 queued=6 shed=555 rx_carrier=2 denied=0 timeout=0
[2026-09-26T15:51:39.503+00:00] I (2430319) RouteLoomRef: authority jobs accepted=4 failed=2 last=SESSION_UNAVAILABLE
[2026-09-26T15:51:39.503+00:00] I (2430320) RouteLoomRef: member discovery rx=227 offer_tx=215 offer_rx=77 auth=6 kind_reject=0 capacity=0 send_fail=185
[2026-09-26T15:51:39.503+00:00] I (2430320) RouteLoomRef: member scope raw=304 accepted=221 mac_reject=0 hint=0 generation=10 key_unavailable=0 budget=0
[2026-09-26T15:51:44.517+00:00] I (2435318) RouteLoomRef: member state=4 links=3 ends=1 authority=1/0 confirm=1 demux_drop=12
[2026-09-26T15:51:44.517+00:00] I (2435318) RouteLoomRef: member handshake starts=219 requests=2 rejected=0 send_fail=7 established=6 failed=3 last_error=6 active=0
[2026-09-26T15:51:44.517+00:00] I (2435319) RouteLoomRef: member end send_fail=2 established=1 failed=4 last_error=7
[2026-09-26T15:51:44.517+00:00] I (2435319) RouteLoomRef: authority state=0 tx_sent=6 tx_failed=0 rx_accepted=1 rx_rejected=0 pull=0 busy=0 backoff_s=0
[2026-09-26T15:51:44.517+00:00] I (2435319) RouteLoomRef: authority mesh tx_carrier=6 queued=6 shed=555 rx_carrier=2 denied=0 timeout=0
[2026-09-26T15:51:44.517+00:00] I (2435320) RouteLoomRef: authority jobs accepted=4 failed=2 last=SESSION_UNAVAILABLE
[2026-09-26T15:51:44.517+00:00] I (2435320) RouteLoomRef: member discovery rx=227 offer_tx=215 offer_rx=77 auth=6 kind_reject=0 capacity=0 send_fail=185
[2026-09-26T15:51:44.517+00:00] I (2435320) RouteLoomRef: member scope raw=304 accepted=221 mac_reject=0 hint=0 generation=10 key_unavailable=0 budget=0
[2026-09-26T15:51:45.920+00:00] I (2436738) RouteLoomRef: discovery event=REDISCOVERY peer=3
[2026-09-26T15:51:46.021+00:00] W (2436739) RouteLoomRef: diagnostic reason=REDISCOVERY peer=3 message=none
[2026-09-26T15:51:49.529+00:00] I (2440319) RouteLoomRef: member state=4 links=3 ends=1 authority=1/0 confirm=1 demux_drop=12
[2026-09-26T15:51:49.529+00:00] I (2440320) RouteLoomRef: member handshake starts=219 requests=2 rejected=0 send_fail=7 established=6 failed=3 last_error=6 active=0
[2026-09-26T15:51:49.529+00:00] I (2440320) RouteLoomRef: member end send_fail=2 established=1 failed=4 last_error=7
[2026-09-26T15:51:49.529+00:00] I (2440321) RouteLoomRef: authority state=0 tx_sent=6 tx_failed=0 rx_accepted=1 rx_rejected=0 pull=0 busy=0 backoff_s=0
[2026-09-26T15:51:49.529+00:00] I (2440321) RouteLoomRef: authority mesh tx_carrier=6 queued=6 shed=555 rx_carrier=2 denied=0 timeout=0
[2026-09-26T15:51:49.529+00:00] I (2440321) RouteLoomRef: authority jobs accepted=4 failed=2 last=SESSION_UNAVAILABLE
[2026-09-26T15:51:49.529+00:00] I (2440322) RouteLoomRef: member discovery rx=227 offer_tx=215 offer_rx=77 auth=6 kind_reject=0 capacity=0 send_fail=185
[2026-09-26T15:51:49.529+00:00] I (2440322) RouteLoomRef: member scope raw=304 accepted=221 mac_reject=0 hint=0 generation=10 key_unavailable=0 budget=0
[2026-09-26T15:51:49.730+00:00] I (2440532) RouteLoomRef: RLD1 rx kind=1 ch=6 generation=16 src=94:a9:90:7a:b5:60 dest=ff:ff:ff:ff:ff:ff
[2026-09-26T15:51:49.830+00:00] W (2440587) ESPNOW: Peer exists. Please call API esp_now_mod_peer()!
[2026-09-26T15:51:54.542+00:00] I (2445320) RouteLoomRef: member state=4 links=3 ends=1 authority=1/0 confirm=1 demux_drop=12
[2026-09-26T15:51:54.542+00:00] I (2445320) RouteLoomRef: member handshake starts=220 requests=2 rejected=0 send_fail=7 established=6 failed=3 last_error=6 active=0
[2026-09-26T15:51:54.542+00:00] I (2445321) RouteLoomRef: member end send_fail=2 established=1 failed=4 last_error=7
[2026-09-26T15:51:54.542+00:00] I (2445321) RouteLoomRef: authority state=0 tx_sent=6 tx_failed=0 rx_accepted=1 rx_rejected=0 pull=0 busy=0 backoff_s=0
[2026-09-26T15:51:54.542+00:00] I (2445321) RouteLoomRef: authority mesh tx_carrier=6 queued=6 shed=555 rx_carrier=2 denied=0 timeout=0
[2026-09-26T15:51:54.542+00:00] I (2445322) RouteLoomRef: authority jobs accepted=4 failed=2 last=SESSION_UNAVAILABLE
[2026-09-26T15:51:54.542+00:00] I (2445322) RouteLoomRef: member discovery rx=228 offer_tx=216 offer_rx=77 auth=6 kind_reject=0 capacity=0 send_fail=185
[2026-09-26T15:51:54.542+00:00] I (2445322) RouteLoomRef: member scope raw=305 accepted=222 mac_reject=0 hint=0 generation=10 key_unavailable=0 budget=0
[2026-09-26T15:51:59.555+00:00] I (2450322) RouteLoomRef: member state=4 links=3 ends=1 authority=1/0 confirm=1 demux_drop=12
[2026-09-26T15:51:59.555+00:00] I (2450322) RouteLoomRef: member handshake starts=220 requests=2 rejected=0 send_fail=7 established=6 failed=3 last_error=6 active=0
[2026-09-26T15:51:59.555+00:00] I (2450323) RouteLoomRef: member end send_fail=2 established=1 failed=4 last_error=7
[2026-09-26T15:51:59.555+00:00] I (2450323) RouteLoomRef: authority state=0 tx_sent=6 tx_failed=0 rx_accepted=1 rx_rejected=0 pull=0 busy=0 backoff_s=0
[2026-09-26T15:51:59.555+00:00] I (2450323) RouteLoomRef: authority mesh tx_carrier=6 queued=6 shed=555 rx_carrier=2 denied=0 timeout=0
[2026-09-26T15:51:59.555+00:00] I (2450324) RouteLoomRef: authority jobs accepted=4 failed=2 last=SESSION_UNAVAILABLE
[2026-09-26T15:51:59.555+00:00] I (2450324) RouteLoomRef: member discovery rx=228 offer_tx=216 offer_rx=77 auth=6 kind_reject=0 capacity=0 send_fail=185
[2026-09-26T15:51:59.555+00:00] I (2450324) RouteLoomRef: member scope raw=305 accepted=222 mac_reject=0 hint=0 generation=10 key_unavailable=0 budget=0
[2026-09-26T15:52:04.573+00:00] I (2455323) RouteLoomRef: member state=4 links=3 ends=1 authority=1/0 confirm=1 demux_drop=12
[2026-09-26T15:52:04.573+00:00] I (2455324) RouteLoomRef: member handshake starts=220 requests=2 rejected=0 send_fail=7 established=6 failed=3 last_error=6 active=0
[2026-09-26T15:52:04.573+00:00] I (2455324) RouteLoomRef: member end send_fail=2 established=1 failed=4 last_error=7
[2026-09-26T15:52:04.573+00:00] I (2455325) RouteLoomRef: authority state=0 tx_sent=6 tx_failed=0 rx_accepted=1 rx_rejected=0 pull=0 busy=0 backoff_s=0
[2026-09-26T15:52:04.573+00:00] I (2455325) RouteLoomRef: authority mesh tx_carrier=6 queued=6 shed=555 rx_carrier=2 denied=0 timeout=0
[2026-09-26T15:52:04.573+00:00] I (2455325) RouteLoomRef: authority jobs accepted=4 failed=2 last=SESSION_UNAVAILABLE
[2026-09-26T15:52:04.573+00:00] I (2455326) RouteLoomRef: member discovery rx=228 offer_tx=216 offer_rx=77 auth=6 kind_reject=0 capacity=0 send_fail=185
[2026-09-26T15:52:04.573+00:00] I (2455326) RouteLoomRef: member scope raw=305 accepted=222 mac_reject=0 hint=0 generation=10 key_unavailable=0 budget=0
[2026-09-26T15:52:05.175+00:00] I (2455924) RouteLoomRef: discovery event=DISCOVERY_FAILED peer=0
[2026-09-26T15:52:05.175+00:00] W (2455924) RouteLoomRef: diagnostic reason=DISCOVERY_FAILED peer=0 message=none
