[2026-09-26T15:45:58.956+00:00] !! connected 94:A9:90:7A:26:AC count=1
[2026-09-26T15:46:14.302+00:00] I (33613) RouteLoomRef: RLD1 rx kind=1 ch=6 generation=4 src=94:I (54742) RouteLoomRef: RLD1 rx kind=1 ch=6 generation=4 src=10:bd:a3:b1:47:54 dest=ff:ff:ff:ff:ff:ff
[2026-09-26T15:46:15.404+00:00] I (55837) RouteLoomRef: RLD1 rx kind=1 ch=6 generation=4 src=10:bd:a3:b1:47:54 dest=ff:ff:ff:ff:ff:ff
[2026-09-26T15:46:17.408+00:00] I (57861) RouteLoomRef: RLD1 rx kind=1 ch=6 generation=4 src=10:bd:a3:b1:47:54 dest=ff:ff:ff:ff:ff:ff
[2026-09-26T15:46:19.913+00:00] I (60347) RouteLoom: stack hwm main 10384 B
[2026-09-26T15:46:19.913+00:00] I (60347) RouteLoom: HIL HEAP free=22360 largest=19456 min=21896 B
[2026-09-26T15:46:19.913+00:00] I (60348) RouteLoom: HIL DISCOVERY candidates=0 neighbors=0 capacity=0 auth=0 stale=0 probes=0 send_failures=0 kind_rejects=0
[2026-09-26T15:46:19.913+00:00] I (60348) RouteLoom: HIL ROUTE peer=1 phase=-1 via=0 metric=0 generation=0 seq=0
[2026-09-26T15:46:19.913+00:00] I (60348) RouteLoom: HIL ROUTE peer=2 phase=-1 via=0 metric=0 generation=0 seq=0
[2026-09-26T15:46:19.913+00:00] I (60349) RouteLoom: HIL ROUTE peer=3 phase=-1 via=0 metric=0 generation=0 seq=0
[2026-09-26T15:46:21.315+00:00] I (61750) RouteLoomRef: RLD1 rx kind=1 ch=6 generation=4 src=10:bd:a3:b1:47:54 dest=ff:ff:ff:ff:ff:ff
[2026-09-26T15:46:28.939+00:00] I (69360) RouteLoomRef: RLD1 rx kind=1 ch=6 generation=4 src=10:bd:a3:b1:47:54 dest=ff:ff:ff:ff:ff:ff
[2026-09-26T15:46:33.753+00:00] I (74130) RouteLoomRef: RLD1 rx kind=1 ch=6 generation=4 src=94:a9:90:7a:b5:60 dest=ff:ff:ff:ff:ff:ff
[2026-09-26T15:46:34.756+00:00] I (75149) RouteLoomRef: RLD1 rx kind=1 ch=6 generation=4 src=94:a9:90:7a:b5:60 dest=ff:ff:ff:ff:ff:ff
[2026-09-26T15:46:36.560+00:00] I (77025) RouteLoomRef: RLD1 rx kind=1 ch=6 generation=4 src=94:a9:90:7a:b5:60 dest=ff:ff:ff:ff:ff:ff
[2026-09-26T15:46:40.167+00:00] I (80609) RouteLoomRef: RLD1 rx kind=1 ch=6 generation=4 src=94:a9:90:7a:b5:60 dest=ff:ff:ff:ff:ff:ff
[2026-09-26T15:46:47.182+00:00] I (87621) RouteLoomRef: RLD1 rx kind=1 ch=6 generation=4 src=94:a9:90:7a:b5:60 dest=ff:ff:ff:ff:ff:ff
[2026-09-26T15:47:14.057+00:00] I (114511) RouteLoomRef: RLD1 rx kind=1 ch=6 generation=4 src=10:bd:a3:b1:47:54 dest=ff:ff:ff:ff:ff:ff
[2026-09-26T15:47:15.761+00:00] I (116161) RouteLoomRef: RLD1 rx kind=1 ch=6 generation=4 src=10:bd:a3:b1:47:54 dest=ff:ff:ff:ff:ff:ff
[2026-09-26T15:47:18.869+00:00] I (119296) RouteLoomRef: RLD1 rx kind=1 ch=6 generation=4 src=10:bd:a3:b1:47:54 dest=ff:ff:ff:ff:ff:ff
[2026-09-26T15:47:19.971+00:00] I (120348) RouteLoom: stack hwm main 10384 B
[2026-09-26T15:47:19.971+00:00] I (120348) RouteLoom: HIL HEAP free=22360 largest=19456 min=21896 B
[2026-09-26T15:47:19.971+00:00] I (120349) RouteLoom: HIL DISCOVERY candidates=0 neighbors=0 capacity=0 auth=0 stale=0 probes=0 send_failures=0 kind_rejects=0
[2026-09-26T15:47:19.971+00:00] I (120349) RouteLoom: HIL ROUTE peer=1 phase=-1 via=0 metric=0 generation=0 seq=0
[2026-09-26T15:47:19.971+00:00] I (120349) RouteLoom: HIL ROUTE peer=2 phase=-1 via=0 metric=0 generation=0 seq=0
[2026-09-26T15:47:19.971+00:00] I (120350) RouteLoom: HIL ROUTE peer=3 phase=-1 via=0 metric=0 generation=0 seq=0
[2026-09-26T15:47:24.984+00:00] I (125407) RouteLoomRef: RLD1 rx kind=1 ch=6 generation=4 src=10:bd:a3:b1:47:54 dest=ff:ff:ff:ff:ff:ff
[2026-09-26T15:47:34.611+00:00] I (134996) RouteLoomRef: RLD1 rx kind=1 ch=6 generation=4 src=94:a9:90:7a:b5:60 dest=ff:ff:ff:ff:ff:ff
[2026-09-26T15:47:35.913+00:00] I (136374) RouteLoomRef: RLD1 rx kind=1 ch=6 generation=4 src=94:a9:90:7a:b5:60 dest=ff:ff:ff:ff:ff:ff
[2026-09-26T15:47:37.016+00:00] I (137456) RouteLoomRef: RLD1 rx kind=1 ch=6 generation=4 src=10:bd:a3:b1:47:54 dest=ff:ff:ff:ff:ff:ff
[2026-09-26T15:47:38.525+00:00] I (138963) RouteLoomRef: RLD1 rx kind=1 ch=6 generation=4 src=94:a9:90:7a:b5:60 dest=ff:ff:ff:ff:ff:ff
[2026-09-26T15:47:43.536+00:00] I (143986) RouteLoomRef: RLD1 rx kind=1 ch=6 generation=4 src=94:a9:90:7a:b5:60 dest=ff:ff:ff:ff:ff:ff
[2026-09-26T15:47:53.457+00:00] I (153864) RouteLoomRef: RLD1 rx kind=1 ch=6 generation=4 src=94:a9:90:7a:b5:60 dest=ff:ff:ff:ff:ff:ff
[2026-09-26T15:48:13.813+00:00] I (174252) RouteLoomRef: RLD1 rx kind=1 ch=6 generation=4 src=10:bd:a3:b1:47:54 dest=ff:ff:ff:ff:ff:ff
[2026-09-26T15:48:15.919+00:00] I (176378) RouteLoomRef: RLD1 rx kind=1 ch=6 generation=4 src=10:bd:a3:b1:47:54 dest=ff:ff:ff:ff:ff:ff
[2026-09-26T15:48:19.929+00:00] I (180349) RouteLoom: stack hwm main 10384 B
[2026-09-26T15:48:19.929+00:00] I (180349) RouteLoom: HIL HEAP free=22360 largest=19456 min=21896 B
[2026-09-26T15:48:19.929+00:00] I (180350) RouteLoom: HIL DISCOVERY candidates=0 neighbors=0 capacity=0 auth=0 stale=0 probes=0 send_failures=0 kind_rejects=0
[2026-09-26T15:48:19.929+00:00] I (180350) RouteLoom: HIL ROUTE peer=1 phase=-1 via=0 metric=0 generation=0 seq=0
[2026-09-26T15:48:19.929+00:00] I (180350) RouteLoom: HIL ROUTE peer=2 phase=-1 via=0 metric=0 generation=0 seq=0
[2026-09-26T15:48:19.929+00:00] I (180351) RouteLoom: HIL ROUTE peer=3 phase=-1 via=0 metric=0 generation=0 seq=0
[2026-09-26T15:48:20.029+00:00] I (180473) RouteLoomRef: RLD1 rx kind=1 ch=6 generation=4 src=10:bd:a3:b1:47:54 dest=ff:ff:ff:ff:ff:ff
[2026-09-26T15:48:28.051+00:00] I (188491) RouteLoomRef: RLD1 rx kind=1 ch=6 generation=4 src=10:bd:a3:b1:47:54 dest=ff:ff:ff:ff:ff:ff
[2026-09-26T15:48:34.473+00:00] I (194872) RouteLoomRef: RLD1 rx kind=1 ch=6 generation=4 src=94:a9:90:7a:b5:60 dest=ff:ff:ff:ff:ff:ff
[2026-09-26T15:48:35.578+00:00] I (196006) RouteLoomRef: RLD1 rx kind=1 ch=6 generation=4 src=94:a9:90:7a:b5:60 dest=ff:ff:ff:ff:ff:ff
[2026-09-26T15:48:37.725+00:00] I (198115) RouteLoomRef: RLD1 rx kind=1 ch=6 generation=4 src=94:a9:90:7a:b5:60 dest=ff:ff:ff:ff:ff:ff
[2026-09-26T15:48:41.743+00:00] I (202171) RouteLoomRef: RLD1 rx kind=1 ch=6 generation=4 src=94:a9:90:7a:b5:60 dest=ff:ff:ff:ff:ff:ff
[2026-09-26T15:48:43.948+00:00] I (204376) RouteLoomRef: RLD1 rx kind=1 ch=6 generation=4 src=10:bd:a3:b1:47:54 dest=ff:ff:ff:ff:ff:ff
[2026-09-26T15:48:49.660+00:00] I (210106) RouteLoomRef: RLD1 rx kind=1 ch=6 generation=4 src=94:a9:90:7a:b5:60 dest=ff:ff:ff:ff:ff:ff
[2026-09-26T15:49:14.422+00:00] I (234878) RouteLoomRef: RLD1 rx kind=1 ch=6 generation=4 src=10:bd:a3:b1:47:54 dest=ff:ff:ff:ff:ff:ff
[2026-09-26T15:49:15.626+00:00] I (236030) RouteLoomRef: RLD1 rx kind=1 ch=6 generation=4 src=10:bd:a3:b1:47:54 dest=ff:ff:ff:ff:ff:ff
[2026-09-26T15:49:17.731+00:00] I (238166) RouteLoomRef: RLD1 rx kind=1 ch=6 generation=4 src=10:bd:a3:b1:47:54 dest=ff:ff:ff:ff:ff:ff
[2026-09-26T15:49:19.939+00:00] I (240349) RouteLoom: stack hwm main 10384 B
[2026-09-26T15:49:19.939+00:00] I (240349) RouteLoom: HIL HEAP free=22360 largest=19456 min=21896 B
[2026-09-26T15:49:19.939+00:00] I (240350) RouteLoom: HIL DISCOVERY candidates=0 neighbors=0 capacity=0 auth=0 stale=0 probes=0 send_failures=0 kind_rejects=0
[2026-09-26T15:49:19.939+00:00] I (240350) RouteLoom: HIL ROUTE peer=1 phase=-1 via=0 metric=0 generation=0 seq=0
[2026-09-26T15:49:19.939+00:00] I (240350) RouteLoom: HIL ROUTE peer=2 phase=-1 via=0 metric=0 generation=0 seq=0
[2026-09-26T15:49:19.939+00:00] I (240351) RouteLoom: HIL ROUTE peer=3 phase=-1 via=0 metric=0 generation=0 seq=0
[2026-09-26T15:49:21.844+00:00] I (242275) RouteLoomRef: RLD1 rx kind=1 ch=6 generation=4 src=10:bd:a3:b1:47:54 dest=ff:ff:ff:ff:ff:ff
[2026-09-26T15:49:29.866+00:00] I (250335) RouteLoomRef: RLD1 rx kind=1 ch=6 generation=4 src=10:bd:a3:b1:47:54 dest=ff:ff:ff:ff:ff:ff
[2026-09-26T15:49:33.977+00:00] I (254391) RouteLoomRef: RLD1 rx kind=1 ch=6 generation=4 src=94:a9:90:7a:b5:60 dest=ff:ff:ff:ff:ff:ff
[2026-09-26T15:49:35.585+00:00] I (256016) RouteLoomRef: RLD1 rx kind=1 ch=6 generation=4 src=94:a9:90:7a:b5:60 dest=ff:ff:ff:ff:ff:ff
[2026-09-26T15:49:38.694+00:00] I (259102) RouteLoomRef: RLD1 rx kind=1 ch=6 generation=4 src=94:a9:90:7a:b5:60 dest=ff:ff:ff:ff:ff:ff
[2026-09-26T15:49:44.717+00:00] I (265111) RouteLoomRef: RLD1 rx kind=1 ch=6 generation=4 src=94:a9:90:7a:b5:60 dest=ff:ff:ff:ff:ff:ff
[2026-09-26T15:49:56.546+00:00] I (276965) RouteLoomRef: RLD1 rx kind=1 ch=6 generation=4 src=94:a9:90:7a:b5:60 dest=ff:ff:ff:ff:ff:ff
[2026-09-26T15:49:59.085+00:00] !! capture finished connections=1
