[2026-09-26T15:24:39.512+00:00] !! connected 94:A9:90:7A:26:AC count=1
[2026-09-26T15:24:41.115+00:00] I (105375) RouteLoomRef: member state=4 links=2 ends=1 authority=1/1 confirm=1 demux_drop=0
[2026-09-26T15:24:41.115+00:00] I (105376) RouteLoomRef: member handshake starts=5 requests=1 rejected=0 send_fail=2 established=2 failed=0 last_error=6 active=0
[2026-09-26T15:24:41.115+00:00] I (105376) RouteLoomRef: member end send_fail=0 established=1 failed=0 last_error=0
[2026-09-26T15:24:41.115+00:00] I (105376) RouteLoomRef: authority state=2 tx_sent=9 tx_failed=0 rx_accepted=2 rx_rejected=1 pull=0 busy=0 backoff_s=0
[2026-09-26T15:24:41.115+00:00] I (105377) RouteLoomRef: authority mesh tx_carrier=9 queued=8 shed=6972 rx_carrier=3 denied=0 timeout=1
[2026-09-26T15:24:41.115+00:00] I (105377) RouteLoomRef: authority jobs accepted=11 failed=0 last=
[2026-09-26T15:24:41.115+00:00] I (105377) RouteLoomRef: member discovery rx=4 offer_tx=4 offer_rx=2 auth=2 kind_reject=0 capacity=0 send_fail=1
[2026-09-26T15:24:41.115+00:00] I (105377) RouteLoomRef: member scope raw=6 accepted=5 mac_reject=0 hint=0 generation=0 key_unavailable=0 budget=0
[2026-09-26T15:24:45.925+00:00] W (110192) RouteLoomRef: diagnostic reason=ROUTE_INFEASIBLE_SEQNO_NEEDED peer=4 message=none
[2026-09-26T15:24:46.025+00:00] I (110375) RouteLoomRef: member state=4 links=2 ends=1 authority=1/1 confirm=1 demux_drop=0
[2026-09-26T15:24:46.025+00:00] I (110376) RouteLoomRef: member handshake starts=5 requests=1 rejected=0 send_fail=2 established=2 failed=0 last_error=6 active=0
[2026-09-26T15:24:46.025+00:00] I (110376) RouteLoomRef: member end send_fail=0 established=1 failed=0 last_error=0
[2026-09-26T15:24:46.025+00:00] I (110376) RouteLoomRef: authority state=2 tx_sent=9 tx_failed=0 rx_accepted=2 rx_rejected=1 pull=0 busy=0 backoff_s=0
[2026-09-26T15:24:46.025+00:00] I (110377) RouteLoomRef: authority mesh tx_carrier=9 queued=8 shed=6972 rx_carrier=3 denied=0 timeout=1
[2026-09-26T15:24:46.025+00:00] I (110377) RouteLoomRef: authority jobs accepted=11 failed=0 last=
[2026-09-26T15:24:46.025+00:00] I (110377) RouteLoomRef: member discovery rx=4 offer_tx=4 offer_rx=2 auth=2 kind_reject=0 capacity=0 send_fail=1
[2026-09-26T15:24:46.025+00:00] I (110377) RouteLoomRef: member scope raw=6 accepted=5 mac_reject=0 hint=0 generation=0 key_unavailable=0 budget=0
[2026-09-26T15:24:48.130+00:00] I (112481) RouteLoomRef: RLD1 rx kind=1 ch=6 generation=0 src=10:bd:a3:b1:48:a8 dest=ff:ff:ff:ff:ff:ff
[2026-09-26T15:24:51.038+00:00] I (115376) RouteLoomRef: member state=4 links=2 ends=1 authority=1/1 confirm=1 demux_drop=0
[2026-09-26T15:24:51.038+00:00] I (115377) RouteLoomRef: member handshake starts=6 requests=1 rejected=0 send_fail=2 established=2 failed=0 last_error=6 active=0
[2026-09-26T15:24:51.038+00:00] I (115377) RouteLoomRef: member end send_fail=0 established=1 failed=0 last_error=0
[2026-09-26T15:24:51.038+00:00] I (115377) RouteLoomRef: authority state=2 tx_sent=9 tx_failed=0 rx_accepted=2 rx_rejected=1 pull=0 busy=0 backoff_s=0
[2026-09-26T15:24:51.038+00:00] I (115378) RouteLoomRef: authority mesh tx_carrier=9 queued=8 shed=6972 rx_carrier=3 denied=0 timeout=1
[2026-09-26T15:24:51.038+00:00] I (115378) RouteLoomRef: authority jobs accepted=11 failed=0 last=
[2026-09-26T15:24:51.038+00:00] I (115378) RouteLoomRef: member discovery rx=5 offer_tx=5 offer_rx=2 auth=2 kind_reject=0 capacity=0 send_fail=1
[2026-09-26T15:24:51.038+00:00] I (115379) RouteLoomRef: member scope raw=7 accepted=6 mac_reject=0 hint=0 generation=0 key_unavailable=0 budget=0
[2026-09-26T15:24:56.050+00:00] I (120345) RouteLoom: stack hwm main 10196 B
[2026-09-26T15:24:56.050+00:00] I (120345) RouteLoom: HIL HEAP free=21812 largest=18432 min=20932 B
[2026-09-26T15:24:56.050+00:00] I (120346) RouteLoom: HIL DISCOVERY candidates=0 neighbors=2 capacity=0 auth=2 stale=0 probes=14 send_failures=1 kind_rejects=0
[2026-09-26T15:24:56.050+00:00] I (120346) RouteLoom: HIL ROUTE peer=1 phase=5 via=1 metric=1 generation=323 seq=4
[2026-09-26T15:24:56.050+00:00] I (120347) RouteLoom: HIL ROUTE peer=2 phase=-1 via=0 metric=0 generation=0 seq=0
[2026-09-26T15:24:56.050+00:00] I (120377) RouteLoomRef: member state=4 links=2 ends=1 authority=1/1 confirm=1 demux_drop=0
[2026-09-26T15:24:56.050+00:00] I (120378) RouteLoomRef: member handshake starts=6 requests=1 rejected=0 send_fail=2 established=2 failed=0 last_error=6 active=0
[2026-09-26T15:24:56.050+00:00] I (120378) RouteLoomRef: member end send_fail=0 established=1 failed=0 last_error=0
[2026-09-26T15:24:56.050+00:00] I (120378) RouteLoomRef: authority state=2 tx_sent=9 tx_failed=0 rx_accepted=2 rx_rejected=1 pull=0 busy=0 backoff_s=0
[2026-09-26T15:24:56.050+00:00] I (120379) RouteLoomRef: authority mesh tx_carrier=9 queued=8 shed=6972 rx_carrier=3 denied=0 timeout=1
[2026-09-26T15:24:56.050+00:00] I (120379) RouteLoomRef: authority jobs accepted=11 failed=0 last=
[2026-09-26T15:24:56.050+00:00] I (120379) RouteLoomRef: member discovery rx=5 offer_tx=5 offer_rx=2 auth=2 kind_reject=0 capacity=0 send_fail=1
[2026-09-26T15:24:56.050+00:00] I (120379) RouteLoomRef: member scope raw=7 accepted=6 mac_reject=0 hint=0 generation=0 key_unavailable=0 budget=0
[2026-09-26T15:25:01.067+00:00] I (125379) RouteLoomRef: member state=4 links=2 ends=1 authority=1/1 confirm=1 demux_drop=0
[2026-09-26T15:25:01.067+00:00] I (125380) RouteLoomRef: member handshake starts=6 requests=1 rejected=0 send_fail=2 established=2 failed=0 last_error=6 active=0
[2026-09-26T15:25:01.067+00:00] I (125380) RouteLoomRef: member end send_fail=0 established=1 failed=0 last_error=0
[2026-09-26T15:25:01.067+00:00] I (125380) RouteLoomRef: authority state=2 tx_sent=9 tx_failed=0 rx_accepted=2 rx_rejected=1 pull=0 busy=0 backoff_s=0
[2026-09-26T15:25:01.067+00:00] I (125381) RouteLoomRef: authority mesh tx_carrier=9 queued=8 shed=6972 rx_carrier=3 denied=0 timeout=1
[2026-09-26T15:25:01.067+00:00] I (125381) RouteLoomRef: authority jobs accepted=11 failed=0 last=
[2026-09-26T15:25:01.067+00:00] I (125381) RouteLoomRef: member discovery rx=5 offer_tx=5 offer_rx=2 auth=2 kind_reject=0 capacity=0 send_fail=1
[2026-09-26T15:25:01.067+00:00] I (125381) RouteLoomRef: member scope raw=7 accepted=6 mac_reject=0 hint=0 generation=0 key_unavailable=0 budget=0
[2026-09-26T15:25:06.081+00:00] I (130382) RouteLoomRef: member state=4 links=2 ends=1 authority=1/1 confirm=1 demux_drop=0
[2026-09-26T15:25:06.081+00:00] I (130383) RouteLoomRef: member handshake starts=6 requests=1 rejected=0 send_fail=2 established=2 failed=0 last_error=6 active=0
[2026-09-26T15:25:06.081+00:00] I (130383) RouteLoomRef: member end send_fail=0 established=1 failed=0 last_error=0
[2026-09-26T15:25:06.081+00:00] I (130383) RouteLoomRef: authority state=2 tx_sent=9 tx_failed=0 rx_accepted=2 rx_rejected=1 pull=0 busy=0 backoff_s=0
[2026-09-26T15:25:06.081+00:00] I (130384) RouteLoomRef: authority mesh tx_carrier=9 queued=8 shed=6972 rx_carrier=3 denied=0 timeout=1
[2026-09-26T15:25:06.081+00:00] I (130384) RouteLoomRef: authority jobs accepted=11 failed=0 last=
[2026-09-26T15:25:06.081+00:00] I (130384) RouteLoomRef: member discovery rx=5 offer_tx=5 offer_rx=2 auth=2 kind_reject=0 capacity=0 send_fail=1
[2026-09-26T15:25:06.081+00:00] I (130384) RouteLoomRef: member scope raw=7 accepted=6 mac_reject=0 hint=0 generation=0 key_unavailable=0 budget=0
[2026-09-26T15:25:11.095+00:00] I (135384) RouteLoomRef: member state=4 links=2 ends=1 authority=1/1 confirm=1 demux_drop=0
[2026-09-26T15:25:11.095+00:00] I (135385) RouteLoomRef: member handshake starts=6 requests=1 rejected=0 send_fail=2 established=2 failed=0 last_error=6 active=0
[2026-09-26T15:25:11.095+00:00] I (135385) RouteLoomRef: member end send_fail=0 established=1 failed=0 last_error=0
[2026-09-26T15:25:11.095+00:00] I (135385) RouteLoomRef: authority state=2 tx_sent=9 tx_failed=0 rx_accepted=2 rx_rejected=1 pull=0 busy=0 backoff_s=0
[2026-09-26T15:25:11.095+00:00] I (135386) RouteLoomRef: authority mesh tx_carrier=9 queued=8 shed=6972 rx_carrier=3 denied=0 timeout=1
[2026-09-26T15:25:11.095+00:00] I (135386) RouteLoomRef: authority jobs accepted=11 failed=0 last=
[2026-09-26T15:25:11.095+00:00] I (135386) RouteLoomRef: member discovery rx=5 offer_tx=5 offer_rx=2 auth=2 kind_reject=0 capacity=0 send_fail=1
[2026-09-26T15:25:11.095+00:00] I (135386) RouteLoomRef: member scope raw=7 accepted=6 mac_reject=0 hint=0 generation=0 key_unavailable=0 budget=0
[2026-09-26T15:25:16.107+00:00] I (140386) RouteLoomRef: member state=4 links=2 ends=1 authority=1/1 confirm=1 demux_drop=0
[2026-09-26T15:25:16.107+00:00] I (140387) RouteLoomRef: member handshake starts=6 requests=1 rejected=0 send_fail=2 established=2 failed=0 last_error=6 active=0
[2026-09-26T15:25:16.107+00:00] I (140387) RouteLoomRef: member end send_fail=0 established=1 failed=0 last_error=0
[2026-09-26T15:25:16.107+00:00] I (140387) RouteLoomRef: authority state=2 tx_sent=9 tx_failed=0 rx_accepted=2 rx_rejected=1 pull=0 busy=0 backoff_s=0
[2026-09-26T15:25:16.107+00:00] I (140388) RouteLoomRef: authority mesh tx_carrier=9 queued=8 shed=6972 rx_carrier=3 denied=0 timeout=1
[2026-09-26T15:25:16.107+00:00] I (140388) RouteLoomRef: authority jobs accepted=11 failed=0 last=
[2026-09-26T15:25:16.107+00:00] I (140388) RouteLoomRef: member discovery rx=5 offer_tx=5 offer_rx=2 auth=2 kind_reject=0 capacity=0 send_fail=1
[2026-09-26T15:25:16.107+00:00] I (140388) RouteLoomRef: member scope raw=7 accepted=6 mac_reject=0 hint=0 generation=0 key_unavailable=0 budget=0
[2026-09-26T15:25:20.522+00:00] I (144853) RouteLoomRef: message origin=1 session=406764572 sequence=109 bytes=9
[2026-09-26T15:25:21.123+00:00] I (145389) RouteLoomRef: member state=4 links=2 ends=1 authority=1/1 confirm=1 demux_drop=0
[2026-09-26T15:25:21.123+00:00] I (145390) RouteLoomRef: member handshake starts=6 requests=1 rejected=0 send_fail=2 established=2 failed=0 last_error=6 active=0
[2026-09-26T15:25:21.123+00:00] I (145390) RouteLoomRef: member end send_fail=0 established=1 failed=0 last_error=0
[2026-09-26T15:25:21.123+00:00] I (145390) RouteLoomRef: authority state=2 tx_sent=9 tx_failed=0 rx_accepted=2 rx_rejected=1 pull=0 busy=0 backoff_s=0
[2026-09-26T15:25:21.123+00:00] I (145391) RouteLoomRef: authority mesh tx_carrier=9 queued=8 shed=6972 rx_carrier=3 denied=0 timeout=1
[2026-09-26T15:25:21.123+00:00] I (145391) RouteLoomRef: authority jobs accepted=11 failed=0 last=
[2026-09-26T15:25:21.123+00:00] I (145391) RouteLoomRef: member discovery rx=5 offer_tx=5 offer_rx=2 auth=2 kind_reject=0 capacity=0 send_fail=1
[2026-09-26T15:25:21.123+00:00] I (145392) RouteLoomRef: member scope raw=7 accepted=6 mac_reject=0 hint=0 generation=0 key_unavailable=0 budget=0
[2026-09-26T15:25:25.839+00:00] I (150168) RouteLoomRef: message origin=1 session=406764572 sequence=113 bytes=9
[2026-09-26T15:25:26.039+00:00] I (150392) RouteLoomRef: member state=4 links=2 ends=1 authority=1/1 confirm=1 demux_drop=0
[2026-09-26T15:25:26.039+00:00] I (150393) RouteLoomRef: member handshake starts=6 requests=1 rejected=0 send_fail=2 established=2 failed=0 last_error=6 active=0
[2026-09-26T15:25:26.039+00:00] I (150393) RouteLoomRef: member end send_fail=0 established=1 failed=0 last_error=0
[2026-09-26T15:25:26.039+00:00] I (150393) RouteLoomRef: authority state=2 tx_sent=9 tx_failed=0 rx_accepted=2 rx_rejected=1 pull=0 busy=0 backoff_s=0
[2026-09-26T15:25:26.039+00:00] I (150394) RouteLoomRef: authority mesh tx_carrier=9 queued=8 shed=6972 rx_carrier=3 denied=0 timeout=1
[2026-09-26T15:25:26.039+00:00] I (150394) RouteLoomRef: authority jobs accepted=11 failed=0 last=
[2026-09-26T15:25:26.039+00:00] I (150394) RouteLoomRef: member discovery rx=5 offer_tx=5 offer_rx=2 auth=2 kind_reject=0 capacity=0 send_fail=1
[2026-09-26T15:25:26.039+00:00] I (150395) RouteLoomRef: member scope raw=7 accepted=6 mac_reject=0 hint=0 generation=0 key_unavailable=0 budget=0
[2026-09-26T15:25:31.055+00:00] I (155394) RouteLoomRef: member state=4 links=2 ends=1 authority=1/1 confirm=1 demux_drop=0
[2026-09-26T15:25:31.056+00:00] I (155395) RouteLoomRef: member handshake starts=6 requests=1 rejected=0 send_fail=2 established=2 failed=0 last_error=6 active=0
[2026-09-26T15:25:31.056+00:00] I (155395) RouteLoomRef: member end send_fail=0 established=1 failed=0 last_error=0
[2026-09-26T15:25:31.056+00:00] I (155395) RouteLoomRef: authority state=2 tx_sent=9 tx_failed=0 rx_accepted=2 rx_rejected=1 pull=0 busy=0 backoff_s=0
[2026-09-26T15:25:31.056+00:00] I (155396) RouteLoomRef: authority mesh tx_carrier=9 queued=8 shed=6972 rx_carrier=3 denied=0 timeout=1
[2026-09-26T15:25:31.056+00:00] I (155396) RouteLoomRef: authority jobs accepted=11 failed=0 last=
[2026-09-26T15:25:31.056+00:00] I (155396) RouteLoomRef: member discovery rx=5 offer_tx=5 offer_rx=2 auth=2 kind_reject=0 capacity=0 send_fail=1
[2026-09-26T15:25:31.056+00:00] I (155397) RouteLoomRef: member scope raw=7 accepted=6 mac_reject=0 hint=0 generation=0 key_unavailable=0 budget=0
[2026-09-26T15:25:31.156+00:00] I (155429) RouteLoomRef: message origin=1 session=406764572 sequence=117 bytes=9
[2026-09-26T15:25:36.069+00:00] I (160396) RouteLoomRef: member state=4 links=2 ends=1 authority=1/1 confirm=1 demux_drop=0
[2026-09-26T15:25:36.069+00:00] I (160397) RouteLoomRef: member handshake starts=6 requests=1 rejected=0 send_fail=2 established=2 failed=0 last_error=6 active=0
[2026-09-26T15:25:36.069+00:00] I (160397) RouteLoomRef: member end send_fail=0 established=1 failed=0 last_error=0
[2026-09-26T15:25:36.069+00:00] I (160397) RouteLoomRef: authority state=2 tx_sent=9 tx_failed=0 rx_accepted=2 rx_rejected=1 pull=0 busy=0 backoff_s=0
[2026-09-26T15:25:36.069+00:00] I (160398) RouteLoomRef: authority mesh tx_carrier=9 queued=8 shed=6972 rx_carrier=3 denied=0 timeout=1
[2026-09-26T15:25:36.069+00:00] I (160398) RouteLoomRef: authority jobs accepted=11 failed=0 last=
[2026-09-26T15:25:36.069+00:00] I (160398) RouteLoomRef: member discovery rx=5 offer_tx=5 offer_rx=2 auth=2 kind_reject=0 capacity=0 send_fail=1
[2026-09-26T15:25:36.069+00:00] I (160399) RouteLoomRef: member scope raw=7 accepted=6 mac_reject=0 hint=0 generation=0 key_unavailable=0 budget=0
[2026-09-26T15:25:36.470+00:00] I (160771) RouteLoomRef: message origin=1 session=406764572 sequence=121 bytes=9
[2026-09-26T15:25:41.080+00:00] I (165396) RouteLoomRef: member state=4 links=2 ends=1 authority=1/1 confirm=1 demux_drop=0
[2026-09-26T15:25:41.080+00:00] I (165397) RouteLoomRef: member handshake starts=6 requests=1 rejected=0 send_fail=2 established=2 failed=0 last_error=6 active=0
[2026-09-26T15:25:41.080+00:00] I (165397) RouteLoomRef: member end send_fail=0 established=1 failed=0 last_error=0
[2026-09-26T15:25:41.080+00:00] I (165397) RouteLoomRef: authority state=2 tx_sent=9 tx_failed=0 rx_accepted=2 rx_rejected=1 pull=0 busy=0 backoff_s=0
[2026-09-26T15:25:41.080+00:00] I (165398) RouteLoomRef: authority mesh tx_carrier=9 queued=8 shed=6972 rx_carrier=3 denied=0 timeout=1
[2026-09-26T15:25:41.080+00:00] I (165398) RouteLoomRef: authority jobs accepted=11 failed=0 last=
[2026-09-26T15:25:41.080+00:00] I (165398) RouteLoomRef: member discovery rx=5 offer_tx=5 offer_rx=2 auth=2 kind_reject=0 capacity=0 send_fail=1
[2026-09-26T15:25:41.080+00:00] I (165398) RouteLoomRef: member scope raw=7 accepted=6 mac_reject=0 hint=0 generation=0 key_unavailable=0 budget=0
[2026-09-26T15:25:46.089+00:00] I (170399) RouteLoomRef: member state=4 links=2 ends=1 authority=1/1 confirm=1 demux_drop=0
[2026-09-26T15:25:46.089+00:00] I (170400) RouteLoomRef: member handshake starts=6 requests=1 rejected=0 send_fail=2 established=2 failed=0 last_error=6 active=0
[2026-09-26T15:25:46.089+00:00] I (170400) RouteLoomRef: member end send_fail=0 established=1 failed=0 last_error=0
[2026-09-26T15:25:46.089+00:00] I (170400) RouteLoomRef: authority state=2 tx_sent=9 tx_failed=0 rx_accepted=2 rx_rejected=1 pull=0 busy=0 backoff_s=0
[2026-09-26T15:25:46.089+00:00] I (170401) RouteLoomRef: authority mesh tx_carrier=9 queued=8 shed=6972 rx_carrier=3 denied=0 timeout=1
[2026-09-26T15:25:46.089+00:00] I (170401) RouteLoomRef: authority jobs accepted=11 failed=0 last=
[2026-09-26T15:25:46.089+00:00] I (170401) RouteLoomRef: member discovery rx=5 offer_tx=5 offer_rx=2 auth=2 kind_reject=0 capacity=0 send_fail=1
[2026-09-26T15:25:46.089+00:00] I (170402) RouteLoomRef: member scope raw=7 accepted=6 mac_reject=0 hint=0 generation=0 key_unavailable=0 budget=0
[2026-09-26T15:25:51.102+00:00] I (175401) RouteLoomRef: member state=4 links=2 ends=1 authority=1/1 confirm=1 demux_drop=0
[2026-09-26T15:25:51.102+00:00] I (175402) RouteLoomRef: member handshake starts=6 requests=1 rejected=0 send_fail=2 established=2 failed=0 last_error=6 active=0
[2026-09-26T15:25:51.102+00:00] I (175402) RouteLoomRef: member end send_fail=0 established=1 failed=0 last_error=0
[2026-09-26T15:25:51.102+00:00] I (175402) RouteLoomRef: authority state=2 tx_sent=9 tx_failed=0 rx_accepted=2 rx_rejected=1 pull=0 busy=0 backoff_s=0
[2026-09-26T15:25:51.102+00:00] I (175403) RouteLoomRef: authority mesh tx_carrier=9 queued=8 shed=6972 rx_carrier=3 denied=0 timeout=1
[2026-09-26T15:25:51.102+00:00] I (175403) RouteLoomRef: authority jobs accepted=11 failed=0 last=
[2026-09-26T15:25:51.102+00:00] I (175403) RouteLoomRef: member discovery rx=5 offer_tx=5 offer_rx=2 auth=2 kind_reject=0 capacity=0 send_fail=1
[2026-09-26T15:25:51.102+00:00] I (175403) RouteLoomRef: member scope raw=7 accepted=6 mac_reject=0 hint=0 generation=0 key_unavailable=0 budget=0
[2026-09-26T15:25:56.017+00:00] I (180346) RouteLoom: stack hwm main 10196 B
[2026-09-26T15:25:56.018+00:00] I (180346) RouteLoom: HIL HEAP free=21812 largest=18432 min=20932 B
[2026-09-26T15:25:56.018+00:00] I (180347) RouteLoom: HIL DISCOVERY candidates=0 neighbors=2 capacity=0 auth=2 stale=0 probes=21 send_failures=1 kind_rejects=0
[2026-09-26T15:25:56.018+00:00] I (180347) RouteLoom: HIL ROUTE peer=1 phase=5 via=1 metric=1 generation=323 seq=4
[2026-09-26T15:25:56.018+00:00] I (180348) RouteLoom: HIL ROUTE peer=2 phase=-1 via=0 metric=0 generation=0 seq=0
[2026-09-26T15:25:56.118+00:00] I (180402) RouteLoomRef: member state=4 links=2 ends=1 authority=1/1 confirm=1 demux_drop=0
[2026-09-26T15:25:56.118+00:00] I (180403) RouteLoomRef: member handshake starts=6 requests=1 rejected=0 send_fail=2 established=2 failed=0 last_error=6 active=0
[2026-09-26T15:25:56.118+00:00] I (180403) RouteLoomRef: member end send_fail=0 established=1 failed=0 last_error=0
[2026-09-26T15:25:56.118+00:00] I (180403) RouteLoomRef: authority state=2 tx_sent=9 tx_failed=0 rx_accepted=2 rx_rejected=1 pull=0 busy=0 backoff_s=0
[2026-09-26T15:25:56.118+00:00] I (180404) RouteLoomRef: authority mesh tx_carrier=9 queued=8 shed=6972 rx_carrier=3 denied=0 timeout=1
[2026-09-26T15:25:56.118+00:00] I (180404) RouteLoomRef: authority jobs accepted=11 failed=0 last=
[2026-09-26T15:25:56.118+00:00] I (180404) RouteLoomRef: member discovery rx=5 offer_tx=5 offer_rx=2 auth=2 kind_reject=0 capacity=0 send_fail=1
[2026-09-26T15:25:56.118+00:00] I (180404) RouteLoomRef: member scope raw=7 accepted=6 mac_reject=0 hint=0 generation=0 key_unavailable=0 budget=0
[2026-09-26T15:26:01.129+00:00] I (185404) RouteLoomRef: member state=4 links=2 ends=1 authority=1/1 confirm=1 demux_drop=0
[2026-09-26T15:26:01.129+00:00] I (185405) RouteLoomRef: member handshake starts=6 requests=1 rejected=0 send_fail=2 established=2 failed=0 last_error=6 active=0
[2026-09-26T15:26:01.129+00:00] I (185405) RouteLoomRef: member end send_fail=0 established=1 failed=0 last_error=0
[2026-09-26T15:26:01.130+00:00] I (185405) RouteLoomRef: authority state=2 tx_sent=9 tx_failed=0 rx_accepted=2 rx_rejected=1 pull=0 busy=0 backoff_s=0
[2026-09-26T15:26:01.130+00:00] I (185406) RouteLoomRef: authority mesh tx_carrier=9 queued=8 shed=6972 rx_carrier=3 denied=0 timeout=1
[2026-09-26T15:26:01.130+00:00] I (185406) RouteLoomRef: authority jobs accepted=11 failed=0 last=
[2026-09-26T15:26:01.130+00:00] I (185406) RouteLoomRef: member discovery rx=5 offer_tx=5 offer_rx=2 auth=2 kind_reject=0 capacity=0 send_fail=1
[2026-09-26T15:26:01.130+00:00] I (185407) RouteLoomRef: member scope raw=7 accepted=6 mac_reject=0 hint=0 generation=0 key_unavailable=0 budget=0
[2026-09-26T15:26:06.148+00:00] I (190406) RouteLoomRef: member state=4 links=2 ends=1 authority=1/1 confirm=1 demux_drop=0
[2026-09-26T15:26:06.148+00:00] I (190407) RouteLoomRef: member handshake starts=6 requests=1 rejected=0 send_fail=2 established=2 failed=0 last_error=6 active=0
[2026-09-26T15:26:06.149+00:00] I (190407) RouteLoomRef: member end send_fail=0 established=1 failed=0 last_error=0
[2026-09-26T15:26:06.149+00:00] I (190407) RouteLoomRef: authority state=2 tx_sent=9 tx_failed=0 rx_accepted=2 rx_rejected=1 pull=0 busy=0 backoff_s=0
[2026-09-26T15:26:06.149+00:00] I (190408) RouteLoomRef: authority mesh tx_carrier=9 queued=8 shed=6972 rx_carrier=3 denied=0 timeout=1
[2026-09-26T15:26:06.149+00:00] I (190408) RouteLoomRef: authority jobs accepted=11 failed=0 last=
[2026-09-26T15:26:06.149+00:00] I (190408) RouteLoomRef: member discovery rx=5 offer_tx=5 offer_rx=2 auth=2 kind_reject=0 capacity=0 send_fail=1
[2026-09-26T15:26:06.149+00:00] I (190408) RouteLoomRef: member scope raw=7 accepted=6 mac_reject=0 hint=0 generation=0 key_unavailable=0 budget=0
[2026-09-26T15:26:11.068+00:00] I (195408) RouteLoomRef: member state=4 links=2 ends=1 authority=1/1 confirm=1 demux_drop=0
[2026-09-26T15:26:11.068+00:00] I (195409) RouteLoomRef: member handshake starts=6 requests=1 rejected=0 send_fail=2 established=2 failed=0 last_error=6 active=0
[2026-09-26T15:26:11.068+00:00] I (195409) RouteLoomRef: member end send_fail=0 established=1 failed=0 last_error=0
[2026-09-26T15:26:11.068+00:00] I (195409) RouteLoomRef: authority state=2 tx_sent=9 tx_failed=0 rx_accepted=2 rx_rejected=1 pull=0 busy=0 backoff_s=0
[2026-09-26T15:26:11.068+00:00] I (195410) RouteLoomRef: authority mesh tx_carrier=9 queued=8 shed=6972 rx_carrier=3 denied=0 timeout=1
[2026-09-26T15:26:11.068+00:00] I (195410) RouteLoomRef: authority jobs accepted=11 failed=0 last=
[2026-09-26T15:26:11.068+00:00] I (195410) RouteLoomRef: member discovery rx=5 offer_tx=5 offer_rx=2 auth=2 kind_reject=0 capacity=0 send_fail=1
[2026-09-26T15:26:11.068+00:00] I (195411) RouteLoomRef: member scope raw=7 accepted=6 mac_reject=0 hint=0 generation=0 key_unavailable=0 budget=0
[2026-09-26T15:26:15.580+00:00] I (199910) RouteLoomRef: message origin=1 session=406764572 sequence=125 bytes=9
[2026-09-26T15:26:16.081+00:00] I (200410) RouteLoomRef: member state=4 links=2 ends=1 authority=1/1 confirm=1 demux_drop=0
[2026-09-26T15:26:16.081+00:00] I (200411) RouteLoomRef: member handshake starts=6 requests=1 rejected=0 send_fail=2 established=2 failed=0 last_error=6 active=0
[2026-09-26T15:26:16.081+00:00] I (200411) RouteLoomRef: member end send_fail=0 established=1 failed=0 last_error=0
[2026-09-26T15:26:16.081+00:00] I (200411) RouteLoomRef: authority state=2 tx_sent=9 tx_failed=0 rx_accepted=2 rx_rejected=1 pull=0 busy=0 backoff_s=0
[2026-09-26T15:26:16.081+00:00] I (200412) RouteLoomRef: authority mesh tx_carrier=9 queued=8 shed=6972 rx_carrier=3 denied=0 timeout=1
[2026-09-26T15:26:16.081+00:00] I (200412) RouteLoomRef: authority jobs accepted=11 failed=0 last=
[2026-09-26T15:26:16.081+00:00] I (200412) RouteLoomRef: member discovery rx=5 offer_tx=5 offer_rx=2 auth=2 kind_reject=0 capacity=0 send_fail=1
[2026-09-26T15:26:16.081+00:00] I (200413) RouteLoomRef: member scope raw=7 accepted=6 mac_reject=0 hint=0 generation=0 key_unavailable=0 budget=0
[2026-09-26T15:26:21.094+00:00] I (205412) RouteLoomRef: member state=4 links=2 ends=1 authority=1/1 confirm=1 demux_drop=0
[2026-09-26T15:26:21.094+00:00] I (205413) RouteLoomRef: member handshake starts=6 requests=1 rejected=0 send_fail=2 established=2 failed=0 last_error=6 active=0
[2026-09-26T15:26:21.094+00:00] I (205413) RouteLoomRef: member end send_fail=0 established=1 failed=0 last_error=0
[2026-09-26T15:26:21.094+00:00] I (205413) RouteLoomRef: authority state=2 tx_sent=9 tx_failed=0 rx_accepted=2 rx_rejected=1 pull=0 busy=0 backoff_s=0
[2026-09-26T15:26:21.094+00:00] I (205414) RouteLoomRef: authority mesh tx_carrier=9 queued=8 shed=6972 rx_carrier=3 denied=0 timeout=1
[2026-09-26T15:26:21.094+00:00] I (205414) RouteLoomRef: authority jobs accepted=11 failed=0 last=
[2026-09-26T15:26:21.094+00:00] I (205414) RouteLoomRef: member discovery rx=5 offer_tx=5 offer_rx=2 auth=2 kind_reject=0 capacity=0 send_fail=1
[2026-09-26T15:26:21.094+00:00] I (205415) RouteLoomRef: member scope raw=7 accepted=6 mac_reject=0 hint=0 generation=0 key_unavailable=0 budget=0
[2026-09-26T15:26:26.108+00:00] I (210415) RouteLoomRef: member state=4 links=2 ends=1 authority=1/1 confirm=1 demux_drop=0
[2026-09-26T15:26:26.110+00:00] I (210416) RouteLoomRef: member handshake starts=6 requests=1 rejected=0 send_fail=2 established=2 failed=0 last_error=6 active=0
[2026-09-26T15:26:26.110+00:00] I (210416) RouteLoomRef: member end send_fail=0 established=1 failed=0 last_error=0
[2026-09-26T15:26:26.110+00:00] I (210416) RouteLoomRef: authority state=2 tx_sent=9 tx_failed=0 rx_accepted=2 rx_rejected=1 pull=0 busy=0 backoff_s=0
[2026-09-26T15:26:26.110+00:00] I (210417) RouteLoomRef: authority mesh tx_carrier=9 queued=8 shed=6972 rx_carrier=3 denied=0 timeout=1
[2026-09-26T15:26:26.110+00:00] I (210417) RouteLoomRef: authority jobs accepted=11 failed=0 last=
[2026-09-26T15:26:26.110+00:00] I (210417) RouteLoomRef: member discovery rx=5 offer_tx=5 offer_rx=2 auth=2 kind_reject=0 capacity=0 send_fail=1
[2026-09-26T15:26:26.110+00:00] I (210418) RouteLoomRef: member scope raw=7 accepted=6 mac_reject=0 hint=0 generation=0 key_unavailable=0 budget=0
[2026-09-26T15:26:31.125+00:00] I (215417) RouteLoomRef: member state=4 links=2 ends=1 authority=1/1 confirm=1 demux_drop=0
[2026-09-26T15:26:31.125+00:00] I (215418) RouteLoomRef: member handshake starts=6 requests=1 rejected=0 send_fail=2 established=2 failed=0 last_error=6 active=0
[2026-09-26T15:26:31.125+00:00] I (215418) RouteLoomRef: member end send_fail=0 established=1 failed=0 last_error=0
[2026-09-26T15:26:31.125+00:00] I (215418) RouteLoomRef: authority state=2 tx_sent=9 tx_failed=0 rx_accepted=2 rx_rejected=1 pull=0 busy=0 backoff_s=0
[2026-09-26T15:26:31.125+00:00] I (215419) RouteLoomRef: authority mesh tx_carrier=9 queued=8 shed=6972 rx_carrier=3 denied=0 timeout=1
[2026-09-26T15:26:31.125+00:00] I (215419) RouteLoomRef: authority jobs accepted=11 failed=0 last=
[2026-09-26T15:26:31.125+00:00] I (215419) RouteLoomRef: member discovery rx=5 offer_tx=5 offer_rx=2 auth=2 kind_reject=0 capacity=0 send_fail=1
[2026-09-26T15:26:31.125+00:00] I (215420) RouteLoomRef: member scope raw=7 accepted=6 mac_reject=0 hint=0 generation=0 key_unavailable=0 budget=0
[2026-09-26T15:26:36.142+00:00] I (220419) RouteLoomRef: member state=4 links=2 ends=1 authority=1/1 confirm=1 demux_drop=0
[2026-09-26T15:26:36.142+00:00] I (220420) RouteLoomRef: member handshake starts=6 requests=1 rejected=0 send_fail=2 established=2 failed=0 last_error=6 active=0
[2026-09-26T15:26:36.142+00:00] I (220420) RouteLoomRef: member end send_fail=0 established=1 failed=0 last_error=0
[2026-09-26T15:26:36.142+00:00] I (220420) RouteLoomRef: authority state=2 tx_sent=9 tx_failed=0 rx_accepted=2 rx_rejected=1 pull=0 busy=0 backoff_s=0
[2026-09-26T15:26:36.142+00:00] I (220421) RouteLoomRef: authority mesh tx_carrier=9 queued=8 shed=6972 rx_carrier=3 denied=0 timeout=1
[2026-09-26T15:26:36.142+00:00] I (220421) RouteLoomRef: authority jobs accepted=11 failed=0 last=
[2026-09-26T15:26:36.142+00:00] I (220421) RouteLoomRef: member discovery rx=5 offer_tx=5 offer_rx=2 auth=2 kind_reject=0 capacity=0 send_fail=1
[2026-09-26T15:26:36.142+00:00] I (220422) RouteLoomRef: member scope raw=7 accepted=6 mac_reject=0 hint=0 generation=0 key_unavailable=0 budget=0
[2026-09-26T15:26:41.068+00:00] I (225421) RouteLoomRef: member state=4 links=2 ends=1 authority=1/1 confirm=1 demux_drop=0
[2026-09-26T15:26:41.068+00:00] I (225422) RouteLoomRef: member handshake starts=6 requests=1 rejected=0 send_fail=2 established=2 failed=0 last_error=6 active=0
[2026-09-26T15:26:41.068+00:00] I (225422) RouteLoomRef: member end send_fail=0 established=1 failed=0 last_error=0
[2026-09-26T15:26:41.068+00:00] I (225422) RouteLoomRef: authority state=2 tx_sent=9 tx_failed=0 rx_accepted=2 rx_rejected=1 pull=0 busy=0 backoff_s=0
[2026-09-26T15:26:41.068+00:00] I (225423) RouteLoomRef: authority mesh tx_carrier=9 queued=8 shed=6972 rx_carrier=3 denied=0 timeout=1
[2026-09-26T15:26:41.068+00:00] I (225423) RouteLoomRef: authority jobs accepted=11 failed=0 last=
[2026-09-26T15:26:41.169+00:00] I (225423) RouteLoomRef: member discovery rx=5 offer_tx=5 offer_rx=2 auth=2 kind_reject=0 capacity=0 send_fail=1
[2026-09-26T15:26:41.169+00:00] I (225424) RouteLoomRef: member scope raw=7 accepted=6 mac_reject=0 hint=0 generation=0 key_unavailable=0 budget=0
[2026-09-26T15:26:45.897+00:00] W (230209) RouteLoomRef: diagnostic reason=ROUTE_INFEASIBLE_SEQNO_NEEDED peer=4 message=none
[2026-09-26T15:26:46.097+00:00] I (230421) RouteLoomRef: member state=4 links=2 ends=1 authority=1/1 confirm=1 demux_drop=0
[2026-09-26T15:26:46.097+00:00] I (230422) RouteLoomRef: member handshake starts=6 requests=1 rejected=0 send_fail=2 established=2 failed=0 last_error=6 active=0
[2026-09-26T15:26:46.097+00:00] I (230422) RouteLoomRef: member end send_fail=0 established=1 failed=0 last_error=0
[2026-09-26T15:26:46.097+00:00] I (230422) RouteLoomRef: authority state=2 tx_sent=9 tx_failed=0 rx_accepted=2 rx_rejected=1 pull=0 busy=0 backoff_s=0
[2026-09-26T15:26:46.097+00:00] I (230423) RouteLoomRef: authority mesh tx_carrier=9 queued=8 shed=6972 rx_carrier=3 denied=0 timeout=1
[2026-09-26T15:26:46.097+00:00] I (230423) RouteLoomRef: authority jobs accepted=11 failed=0 last=
[2026-09-26T15:26:46.097+00:00] I (230423) RouteLoomRef: member discovery rx=5 offer_tx=5 offer_rx=2 auth=2 kind_reject=0 capacity=0 send_fail=1
[2026-09-26T15:26:46.097+00:00] I (230424) RouteLoomRef: member scope raw=7 accepted=6 mac_reject=0 hint=0 generation=0 key_unavailable=0 budget=0
[2026-09-26T15:26:51.110+00:00] I (235423) RouteLoomRef: member state=4 links=2 ends=1 authority=1/1 confirm=1 demux_drop=0
[2026-09-26T15:26:51.110+00:00] I (235424) RouteLoomRef: member handshake starts=6 requests=1 rejected=0 send_fail=2 established=2 failed=0 last_error=6 active=0
[2026-09-26T15:26:51.110+00:00] I (235424) RouteLoomRef: member end send_fail=0 established=1 failed=0 last_error=0
[2026-09-26T15:26:51.110+00:00] I (235424) RouteLoomRef: authority state=2 tx_sent=9 tx_failed=0 rx_accepted=2 rx_rejected=1 pull=0 busy=0 backoff_s=0
[2026-09-26T15:26:51.110+00:00] I (235425) RouteLoomRef: authority mesh tx_carrier=9 queued=8 shed=6972 rx_carrier=3 denied=0 timeout=1
[2026-09-26T15:26:51.110+00:00] I (235425) RouteLoomRef: authority jobs accepted=11 failed=0 last=
[2026-09-26T15:26:51.111+00:00] I (235425) RouteLoomRef: member discovery rx=5 offer_tx=5 offer_rx=2 auth=2 kind_reject=0 capacity=0 send_fail=1
[2026-09-26T15:26:51.111+00:00] I (235425) RouteLoomRef: member scope raw=7 accepted=6 mac_reject=0 hint=0 generation=0 key_unavailable=0 budget=0
[2026-09-26T15:26:56.031+00:00] I (240348) RouteLoom: stack hwm main 10196 B
[2026-09-26T15:26:56.032+00:00] I (240348) RouteLoom: HIL HEAP free=21812 largest=18432 min=20932 B
[2026-09-26T15:26:56.032+00:00] I (240349) RouteLoom: HIL DISCOVERY candidates=0 neighbors=2 capacity=0 auth=2 stale=0 probes=27 send_failures=1 kind_rejects=0
[2026-09-26T15:26:56.032+00:00] I (240349) RouteLoom: HIL ROUTE peer=1 phase=5 via=1 metric=1 generation=323 seq=4
[2026-09-26T15:26:56.032+00:00] I (240349) RouteLoom: HIL ROUTE peer=2 phase=-1 via=0 metric=0 generation=0 seq=0
[2026-09-26T15:26:56.132+00:00] I (240424) RouteLoomRef: member state=4 links=2 ends=1 authority=1/1 confirm=1 demux_drop=0
[2026-09-26T15:26:56.132+00:00] I (240425) RouteLoomRef: member handshake starts=6 requests=1 rejected=0 send_fail=2 established=2 failed=0 last_error=6 active=0
[2026-09-26T15:26:56.132+00:00] I (240425) RouteLoomRef: member end send_fail=0 established=1 failed=0 last_error=0
[2026-09-26T15:26:56.132+00:00] I (240425) RouteLoomRef: authority state=2 tx_sent=9 tx_failed=0 rx_accepted=2 rx_rejected=1 pull=0 busy=0 backoff_s=0
[2026-09-26T15:26:56.132+00:00] I (240426) RouteLoomRef: authority mesh tx_carrier=9 queued=8 shed=6972 rx_carrier=3 denied=0 timeout=1
[2026-09-26T15:26:56.132+00:00] I (240426) RouteLoomRef: authority jobs accepted=11 failed=0 last=
[2026-09-26T15:26:56.132+00:00] I (240426) RouteLoomRef: member discovery rx=5 offer_tx=5 offer_rx=2 auth=2 kind_reject=0 capacity=0 send_fail=1
[2026-09-26T15:26:56.132+00:00] I (240427) RouteLoomRef: member scope raw=7 accepted=6 mac_reject=0 hint=0 generation=0 key_unavailable=0 budget=0
[2026-09-26T15:27:01.148+00:00] I (245427) RouteLoomRef: member state=4 links=2 ends=1 authority=1/1 confirm=1 demux_drop=0
[2026-09-26T15:27:01.148+00:00] I (245428) RouteLoomRef: member handshake starts=6 requests=1 rejected=0 send_fail=2 established=2 failed=0 last_error=6 active=0
[2026-09-26T15:27:01.148+00:00] I (245428) RouteLoomRef: member end send_fail=0 established=1 failed=0 last_error=0
[2026-09-26T15:27:01.148+00:00] I (245428) RouteLoomRef: authority state=2 tx_sent=9 tx_failed=0 rx_accepted=2 rx_rejected=1 pull=0 busy=0 backoff_s=0
[2026-09-26T15:27:01.148+00:00] I (245429) RouteLoomRef: authority mesh tx_carrier=9 queued=8 shed=6972 rx_carrier=3 denied=0 timeout=1
[2026-09-26T15:27:01.148+00:00] I (245429) RouteLoomRef: authority jobs accepted=11 failed=0 last=
[2026-09-26T15:27:01.148+00:00] I (245429) RouteLoomRef: member discovery rx=5 offer_tx=5 offer_rx=2 auth=2 kind_reject=0 capacity=0 send_fail=1
[2026-09-26T15:27:01.148+00:00] I (245429) RouteLoomRef: member scope raw=7 accepted=6 mac_reject=0 hint=0 generation=0 key_unavailable=0 budget=0
[2026-09-26T15:27:06.164+00:00] I (250429) RouteLoomRef: member state=4 links=2 ends=1 authority=1/1 confirm=1 demux_drop=0
[2026-09-26T15:27:06.164+00:00] I (250430) RouteLoomRef: member handshake starts=6 requests=1 rejected=0 send_fail=2 established=2 failed=0 last_error=6 active=0
[2026-09-26T15:27:06.164+00:00] I (250430) RouteLoomRef: member end send_fail=0 established=1 failed=0 last_error=0
[2026-09-26T15:27:06.164+00:00] I (250430) RouteLoomRef: authority state=2 tx_sent=9 tx_failed=0 rx_accepted=2 rx_rejected=1 pull=0 busy=0 backoff_s=0
[2026-09-26T15:27:06.164+00:00] I (250431) RouteLoomRef: authority mesh tx_carrier=9 queued=8 shed=6972 rx_carrier=3 denied=0 timeout=1
[2026-09-26T15:27:06.164+00:00] I (250431) RouteLoomRef: authority jobs accepted=11 failed=0 last=
[2026-09-26T15:27:06.164+00:00] I (250431) RouteLoomRef: member discovery rx=5 offer_tx=5 offer_rx=2 auth=2 kind_reject=0 capacity=0 send_fail=1
[2026-09-26T15:27:06.164+00:00] I (250432) RouteLoomRef: member scope raw=7 accepted=6 mac_reject=0 hint=0 generation=0 key_unavailable=0 budget=0
[2026-09-26T15:27:11.079+00:00] I (255431) RouteLoomRef: member state=4 links=2 ends=1 authority=1/1 confirm=1 demux_drop=0
[2026-09-26T15:27:11.079+00:00] I (255432) RouteLoomRef: member handshake starts=6 requests=1 rejected=0 send_fail=2 established=2 failed=0 last_error=6 active=0
[2026-09-26T15:27:11.079+00:00] I (255432) RouteLoomRef: member end send_fail=0 established=1 failed=0 last_error=0
[2026-09-26T15:27:11.079+00:00] I (255432) RouteLoomRef: authority state=2 tx_sent=9 tx_failed=0 rx_accepted=2 rx_rejected=1 pull=0 busy=0 backoff_s=0
[2026-09-26T15:27:11.079+00:00] I (255433) RouteLoomRef: authority mesh tx_carrier=9 queued=8 shed=6972 rx_carrier=3 denied=0 timeout=1
[2026-09-26T15:27:11.079+00:00] I (255433) RouteLoomRef: authority jobs accepted=11 failed=0 last=
[2026-09-26T15:27:11.079+00:00] I (255433) RouteLoomRef: member discovery rx=5 offer_tx=5 offer_rx=2 auth=2 kind_reject=0 capacity=0 send_fail=1
[2026-09-26T15:27:11.079+00:00] I (255434) RouteLoomRef: member scope raw=7 accepted=6 mac_reject=0 hint=0 generation=0 key_unavailable=0 budget=0
[2026-09-26T15:27:16.091+00:00] I (260433) RouteLoomRef: member state=4 links=2 ends=1 authority=1/1 confirm=1 demux_drop=0
[2026-09-26T15:27:16.091+00:00] I (260434) RouteLoomRef: member handshake starts=6 requests=1 rejected=0 send_fail=2 established=2 failed=0 last_error=6 active=0
[2026-09-26T15:27:16.091+00:00] I (260434) RouteLoomRef: member end send_fail=0 established=1 failed=0 last_error=0
[2026-09-26T15:27:16.091+00:00] I (260434) RouteLoomRef: authority state=2 tx_sent=9 tx_failed=0 rx_accepted=2 rx_rejected=1 pull=0 busy=0 backoff_s=0
[2026-09-26T15:27:16.091+00:00] I (260435) RouteLoomRef: authority mesh tx_carrier=9 queued=8 shed=6972 rx_carrier=3 denied=0 timeout=1
[2026-09-26T15:27:16.091+00:00] I (260435) RouteLoomRef: authority jobs accepted=11 failed=0 last=
[2026-09-26T15:27:16.091+00:00] I (260435) RouteLoomRef: member discovery rx=5 offer_tx=5 offer_rx=2 auth=2 kind_reject=0 capacity=0 send_fail=1
[2026-09-26T15:27:16.091+00:00] I (260435) RouteLoomRef: member scope raw=7 accepted=6 mac_reject=0 hint=0 generation=0 key_unavailable=0 budget=0
[2026-09-26T15:27:21.102+00:00] I (265436) RouteLoomRef: member state=4 links=2 ends=1 authority=1/1 confirm=1 demux_drop=0
[2026-09-26T15:27:21.102+00:00] I (265437) RouteLoomRef: member handshake starts=6 requests=1 rejected=0 send_fail=2 established=2 failed=0 last_error=6 active=0
[2026-09-26T15:27:21.102+00:00] I (265437) RouteLoomRef: member end send_fail=0 established=1 failed=0 last_error=0
[2026-09-26T15:27:21.102+00:00] I (265437) RouteLoomRef: authority state=2 tx_sent=9 tx_failed=0 rx_accepted=2 rx_rejected=1 pull=0 busy=0 backoff_s=0
[2026-09-26T15:27:21.102+00:00] I (265438) RouteLoomRef: authority mesh tx_carrier=9 queued=8 shed=6972 rx_carrier=3 denied=0 timeout=1
[2026-09-26T15:27:21.102+00:00] I (265438) RouteLoomRef: authority jobs accepted=11 failed=0 last=
[2026-09-26T15:27:21.102+00:00] I (265438) RouteLoomRef: member discovery rx=5 offer_tx=5 offer_rx=2 auth=2 kind_reject=0 capacity=0 send_fail=1
[2026-09-26T15:27:21.102+00:00] I (265438) RouteLoomRef: member scope raw=7 accepted=6 mac_reject=0 hint=0 generation=0 key_unavailable=0 budget=0
[2026-09-26T15:27:26.116+00:00] I (270439) RouteLoomRef: member state=4 links=2 ends=1 authority=1/1 confirm=1 demux_drop=0
[2026-09-26T15:27:26.116+00:00] I (270440) RouteLoomRef: member handshake starts=6 requests=1 rejected=0 send_fail=2 established=2 failed=0 last_error=6 active=0
[2026-09-26T15:27:26.116+00:00] I (270440) RouteLoomRef: member end send_fail=0 established=1 failed=0 last_error=0
[2026-09-26T15:27:26.116+00:00] I (270440) RouteLoomRef: authority state=2 tx_sent=9 tx_failed=0 rx_accepted=2 rx_rejected=1 pull=0 busy=0 backoff_s=0
[2026-09-26T15:27:26.116+00:00] I (270441) RouteLoomRef: authority mesh tx_carrier=9 queued=8 shed=6972 rx_carrier=3 denied=0 timeout=1
[2026-09-26T15:27:26.116+00:00] I (270441) RouteLoomRef: authority jobs accepted=11 failed=0 last=
[2026-09-26T15:27:26.116+00:00] I (270441) RouteLoomRef: member discovery rx=5 offer_tx=5 offer_rx=2 auth=2 kind_reject=0 capacity=0 send_fail=1
[2026-09-26T15:27:26.116+00:00] I (270442) RouteLoomRef: member scope raw=7 accepted=6 mac_reject=0 hint=0 generation=0 key_unavailable=0 budget=0
[2026-09-26T15:27:31.130+00:00] I (275442) RouteLoomRef: member state=4 links=2 ends=1 authority=1/1 confirm=1 demux_drop=0
[2026-09-26T15:27:31.130+00:00] I (275443) RouteLoomRef: member handshake starts=6 requests=1 rejected=0 send_fail=2 established=2 failed=0 last_error=6 active=0
[2026-09-26T15:27:31.130+00:00] I (275443) RouteLoomRef: member end send_fail=0 established=1 failed=0 last_error=0
[2026-09-26T15:27:31.130+00:00] I (275443) RouteLoomRef: authority state=2 tx_sent=9 tx_failed=0 rx_accepted=2 rx_rejected=1 pull=0 busy=0 backoff_s=0
[2026-09-26T15:27:31.130+00:00] I (275444) RouteLoomRef: authority mesh tx_carrier=9 queued=8 shed=6972 rx_carrier=3 denied=0 timeout=1
[2026-09-26T15:27:31.130+00:00] I (275444) RouteLoomRef: authority jobs accepted=11 failed=0 last=
[2026-09-26T15:27:31.130+00:00] I (275444) RouteLoomRef: member discovery rx=5 offer_tx=5 offer_rx=2 auth=2 kind_reject=0 capacity=0 send_fail=1
[2026-09-26T15:27:31.130+00:00] I (275445) RouteLoomRef: member scope raw=7 accepted=6 mac_reject=0 hint=0 generation=0 key_unavailable=0 budget=0
[2026-09-26T15:27:36.142+00:00] I (280444) RouteLoomRef: member state=4 links=2 ends=1 authority=1/1 confirm=1 demux_drop=0
[2026-09-26T15:27:36.142+00:00] I (280445) RouteLoomRef: member handshake starts=6 requests=1 rejected=0 send_fail=2 established=2 failed=0 last_error=6 active=0
[2026-09-26T15:27:36.142+00:00] I (280445) RouteLoomRef: member end send_fail=0 established=1 failed=0 last_error=0
[2026-09-26T15:27:36.142+00:00] I (280445) RouteLoomRef: authority state=2 tx_sent=9 tx_failed=0 rx_accepted=2 rx_rejected=1 pull=0 busy=0 backoff_s=0
[2026-09-26T15:27:36.142+00:00] I (280446) RouteLoomRef: authority mesh tx_carrier=9 queued=8 shed=6972 rx_carrier=3 denied=0 timeout=1
[2026-09-26T15:27:36.142+00:00] I (280446) RouteLoomRef: authority jobs accepted=11 failed=0 last=
[2026-09-26T15:27:36.142+00:00] I (280446) RouteLoomRef: member discovery rx=5 offer_tx=5 offer_rx=2 auth=2 kind_reject=0 capacity=0 send_fail=1
[2026-09-26T15:27:36.142+00:00] I (280446) RouteLoomRef: member scope raw=7 accepted=6 mac_reject=0 hint=0 generation=0 key_unavailable=0 budget=0
[2026-09-26T15:27:41.158+00:00] I (285446) RouteLoomRef: member state=4 links=2 ends=1 authority=1/1 confirm=1 demux_drop=0
[2026-09-26T15:27:41.158+00:00] I (285447) RouteLoomRef: member handshake starts=6 requests=1 rejected=0 send_fail=2 established=2 failed=0 last_error=6 active=0
[2026-09-26T15:27:41.158+00:00] I (285447) RouteLoomRef: member end send_fail=0 established=1 failed=0 last_error=0
[2026-09-26T15:27:41.158+00:00] I (285447) RouteLoomRef: authority state=2 tx_sent=9 tx_failed=0 rx_accepted=2 rx_rejected=1 pull=0 busy=0 backoff_s=0
[2026-09-26T15:27:41.158+00:00] I (285448) RouteLoomRef: authority mesh tx_carrier=9 queued=8 shed=6972 rx_carrier=3 denied=0 timeout=1
[2026-09-26T15:27:41.158+00:00] I (285448) RouteLoomRef: authority jobs accepted=11 failed=0 last=
[2026-09-26T15:27:41.158+00:00] I (285448) RouteLoomRef: member discovery rx=5 offer_tx=5 offer_rx=2 auth=2 kind_reject=0 capacity=0 send_fail=1
[2026-09-26T15:27:41.158+00:00] I (285449) RouteLoomRef: member scope raw=7 accepted=6 mac_reject=0 hint=0 generation=0 key_unavailable=0 budget=0
[2026-09-26T15:27:46.172+00:00] I (290448) RouteLoomRef: member state=4 links=2 ends=1 authority=1/1 confirm=1 demux_drop=0
[2026-09-26T15:27:46.172+00:00] I (290449) RouteLoomRef: member handshake starts=6 requests=1 rejected=0 send_fail=2 established=2 failed=0 last_error=6 active=0
[2026-09-26T15:27:46.172+00:00] I (290449) RouteLoomRef: member end send_fail=0 established=1 failed=0 last_error=0
[2026-09-26T15:27:46.172+00:00] I (290449) RouteLoomRef: authority state=2 tx_sent=9 tx_failed=0 rx_accepted=2 rx_rejected=1 pull=0 busy=0 backoff_s=0
[2026-09-26T15:27:46.172+00:00] I (290450) RouteLoomRef: authority mesh tx_carrier=9 queued=8 shed=6972 rx_carrier=3 denied=0 timeout=1
[2026-09-26T15:27:46.172+00:00] I (290450) RouteLoomRef: authority jobs accepted=11 failed=0 last=
[2026-09-26T15:27:46.172+00:00] I (290450) RouteLoomRef: member discovery rx=5 offer_tx=5 offer_rx=2 auth=2 kind_reject=0 capacity=0 send_fail=1
[2026-09-26T15:27:46.172+00:00] I (290451) RouteLoomRef: member scope raw=7 accepted=6 mac_reject=0 hint=0 generation=0 key_unavailable=0 budget=0
[2026-09-26T15:27:51.185+00:00] I (295450) RouteLoomRef: member state=4 links=2 ends=1 authority=1/1 confirm=1 demux_drop=0
[2026-09-26T15:27:51.185+00:00] I (295451) RouteLoomRef: member handshake starts=6 requests=1 rejected=0 send_fail=2 established=2 failed=0 last_error=6 active=0
[2026-09-26T15:27:51.185+00:00] I (295451) RouteLoomRef: member end send_fail=0 established=1 failed=0 last_error=0
[2026-09-26T15:27:51.185+00:00] I (295451) RouteLoomRef: authority state=2 tx_sent=9 tx_failed=0 rx_accepted=2 rx_rejected=1 pull=0 busy=0 backoff_s=0
[2026-09-26T15:27:51.185+00:00] I (295452) RouteLoomRef: authority mesh tx_carrier=9 queued=8 shed=6972 rx_carrier=3 denied=0 timeout=1
[2026-09-26T15:27:51.185+00:00] I (295452) RouteLoomRef: authority jobs accepted=11 failed=0 last=
[2026-09-26T15:27:51.185+00:00] I (295452) RouteLoomRef: member discovery rx=5 offer_tx=5 offer_rx=2 auth=2 kind_reject=0 capacity=0 send_fail=1
[2026-09-26T15:27:51.185+00:00] I (295453) RouteLoomRef: member scope raw=7 accepted=6 mac_reject=0 hint=0 generation=0 key_unavailable=0 budget=0
