Current status for hub 2-4 [174c:3074 Asmedia ASM107x, USB 3.00, 4 ports, ppps]
  Port 2: 0203 power 5gbps U0 enable connect [05e3:0626 GenesysLogic USB3.1 Hub, USB 3.20, 4 ports, ganged]
Sent power off request
New status for hub 2-4 [174c:3074 Asmedia ASM107x, USB 3.00, 4 ports, ppps]
  Port 2: 00a0 off
Current status for hub 1-4 [174c:2074 Asmedia ASM107x, USB 2.10, 4 ports, ppps]
  Port 2: 0503 power highspeed enable connect [05e3:0610 GenesysLogic USB2.1 Hub, USB 2.10, 4 ports, ganged]
Sent power off request
New status for hub 1-4 [174c:2074 Asmedia ASM107x, USB 2.10, 4 ports, ppps]
  Port 2: 0000 off
Current status for hub 2-4 [174c:3074 Asmedia ASM107x, USB 3.00, 4 ports, ppps]
  Port 2: 00a0 off
Sent power on request
New status for hub 2-4 [174c:3074 Asmedia ASM107x, USB 3.00, 4 ports, ppps]
  Port 2: 0203 power 5gbps U0 enable connect [05e3:0626]
Current status for hub 1-4 [174c:2074 Asmedia ASM107x, USB 2.10, 4 ports, ppps]
  Port 2: 0000 off
Sent power on request
New status for hub 1-4 [174c:2074 Asmedia ASM107x, USB 2.10, 4 ports, ppps]
  Port 2: 0503 power highspeed enable connect [05e3:0610]
total 0
lrwxrwxrwx 1 root root 13 Sep 26 14:07 usb-Espressif_USB_JTAG_serial_debug_unit_10:BD:A3:B1:47:54-if00 -> ../../ttyACM2
lrwxrwxrwx 1 root root 13 Sep 26 08:50 usb-Espressif_USB_JTAG_serial_debug_unit_10:BD:A3:B1:48:A8-if00 -> ../../ttyACM3
lrwxrwxrwx 1 root root 13 Sep 26 01:44 usb-Espressif_USB_JTAG_serial_debug_unit_94:A9:90:6A:EE:C4-if00 -> ../../ttyACM1
lrwxrwxrwx 1 root root 13 Sep 26 05:15 usb-Espressif_USB_JTAG_serial_debug_unit_94:A9:90:7A:B5:60-if00 -> ../../ttyACM0
