[2026-09-26T05:48:04.176+00:00] !! connected /dev/serial/by-id/usb-Espressif_USB_JTAG_serial_debug_unit_10:BD:A3:B1:48:A8-if00
[2026-09-26T05:48:41.046+00:00] I (2880489) RouteLoom: stack hwm main 11096 B
[2026-09-26T05:49:41.130+00:00] I (2940490) RouteLoom: stack hwm main 11096 B
[2026-09-26T05:50:41.141+00:00] I (3000491) RouteLoom: stack hwm main 11096 B
[2026-09-26T05:51:41.087+00:00] I (3060492) RouteLoom: stack hwm main 11096 B
[2026-09-26T05:52:41.188+00:00] I (3120492) RouteLoom: stack hwm main 11096 B
[2026-09-26T05:53:41.072+00:00] I (3180492) RouteLoom: stack hwm main 11096 B
[2026-09-26T05:54:41.150+00:00] I (3240493) RouteLoom: stack hwm main 11096 B
[2026-09-26T05:55:41.035+00:00] I (3300493) RouteLoom: stack hwm main 11096 B
[2026-09-26T05:56:41.114+00:00] I (3360493) RouteLoom: stack hwm main 11096 B
[2026-09-26T05:57:41.206+00:00] I (3420494) RouteLoom: stack hwm main 11096 B
[2026-09-26T05:58:41.094+00:00] I (3480495) RouteLoom: stack hwm main 11096 B
[2026-09-26T05:59:41.176+00:00] I (3540495) RouteLoom: stack hwm main 11096 B
[2026-09-26T06:00:41.061+00:00] I (3600496) RouteLoom: stack hwm main 11096 B
[2026-09-26T06:01:41.146+00:00] I (3660497) RouteLoom: stack hwm main 11096 B
[2026-09-26T06:02:41.230+00:00] I (3720498) RouteLoom: stack hwm main 11096 B
[2026-09-26T06:03:41.114+00:00] I (3780498) RouteLoom: stack hwm main 11096 B
[2026-09-26T06:04:41.194+00:00] I (3840499) RouteLoom: stack hwm main 11096 B
[2026-09-26T06:05:41.080+00:00] I (3900499) RouteLoom: stack hwm main 11096 B
[2026-09-26T06:06:41.167+00:00] I (3960499) RouteLoom: stack hwm main 11096 B
[2026-09-26T06:07:41.054+00:00] I (4020500) RouteLoom: stack hwm main 11096 B
[2026-09-26T06:08:41.143+00:00] I (4080500) RouteLoom: stack hwm main 11096 B
[2026-09-26T06:09:41.231+00:00] I (4140501) RouteLoom: stack hwm main 11096 B
[2026-09-26T06:10:41.119+00:00] I (4200501) RouteLoom: stack hwm main 11096 B
[2026-09-26T06:11:41.216+00:00] I (4260501) RouteLoom: stack hwm main 11096 B
[2026-09-26T06:12:41.102+00:00] I (4320502) RouteLoom: stack hwm main 11096 B
[2026-09-26T06:13:41.182+00:00] I (4380503) RouteLoom: stack hwm main 11096 B
[2026-09-26T06:14:41.081+00:00] I (4440504) RouteLoom: stack hwm main 11096 B
[2026-09-26T06:15:41.170+00:00] I (4500504) RouteLoom: stack hwm main 11096 B
[2026-09-26T06:16:41.058+00:00] I (4560505) RouteLoom: stack hwm main 11096 B
[2026-09-26T06:17:41.148+00:00] I (4620506) RouteLoom: stack hwm main 11096 B
[2026-09-26T06:18:41.048+00:00] I (4680506) RouteLoom: stack hwm main 11096 B
[2026-09-26T06:19:41.131+00:00] I (4740506) RouteLoom: stack hwm main 11096 B
[2026-09-26T06:20:41.219+00:00] I (4800507) RouteLoom: stack hwm main 11096 B
[2026-09-26T06:21:41.100+00:00] I (4860507) RouteLoom: stack hwm main 11096 B
[2026-09-26T06:22:41.186+00:00] I (4920507) RouteLoom: stack hwm main 11096 B
[2026-09-26T06:23:41.078+00:00] I (4980508) RouteLoom: stack hwm main 11096 B
[2026-09-26T06:24:41.162+00:00] I (5040509) RouteLoom: stack hwm main 11096 B
[2026-09-26T06:25:41.241+00:00] I (5100510) RouteLoom: stack hwm main 11096 B
[2026-09-26T06:26:41.128+00:00] I (5160511) RouteLoom: stack hwm main 11096 B
[2026-09-26T06:27:41.216+00:00] I (5220512) RouteLoom: stack hwm main 11096 B
[2026-09-26T06:28:41.110+00:00] I (5280513) RouteLoom: stack hwm main 11096 B
[2026-09-26T06:29:41.193+00:00] I (5340513) RouteLoom: stack hwm main 11096 B
[2026-09-26T06:30:41.081+00:00] I (5400513) RouteLoom: stack hwm main 11096 B
[2026-09-26T06:31:41.177+00:00] I (5460513) RouteLoom: stack hwm main 11096 B
[2026-09-26T06:32:41.057+00:00] I (5520513) RouteLoom: stack hwm main 11096 B
[2026-09-26T06:33:41.139+00:00] I (5580513) RouteLoom: stack hwm main 11096 B
[2026-09-26T06:34:41.221+00:00] I (5640513) RouteLoom: stack hwm main 11096 B
[2026-09-26T06:35:19.071+00:00] I (5678518) RouteLoomRef: discovery event=BOUND peer=1
[2026-09-26T06:35:19.071+00:00] W (5678518) RouteLoomRef: diagnostic reason=BOUND peer=1 message=none
[2026-09-26T06:35:19.272+00:00] I (5678551) RouteLoomRef: discovery event=REACHABLE peer=1
[2026-09-26T06:35:19.272+00:00] W (5678552) RouteLoomRef: diagnostic reason=REACHABLE peer=1 message=none
[2026-09-26T06:35:34.491+00:00] W (5693908) RouteLoomRef: diagnostic reason=UNMATCHED_HOP_ACCEPT peer=4 message=present
[2026-09-26T06:35:34.691+00:00] W (5694048) RouteLoomRef: diagnostic reason=UNMATCHED_HOP_ACCEPT peer=1 message=present
[2026-09-26T06:35:34.692+00:00] W (5694107) RouteLoomRef: diagnostic reason=UNMATCHED_HOP_ACCEPT peer=4 message=present
[2026-09-26T06:35:34.892+00:00] W (5694214) RouteLoomRef: diagnostic reason=session replay peer=1 message=none
[2026-09-26T06:35:41.102+00:00] I (5700513) RouteLoom: stack hwm main 10716 B
[2026-09-26T06:36:41.182+00:00] I (5760513) RouteLoom: stack hwm main 10716 B
[2026-09-26T06:37:41.118+00:00] I (5820514) RouteLoom: stack hwm main 10716 B
[2026-09-26T06:38:34.595+00:00] W (5874028) RouteLoomRef: diagnostic reason=TRANSIT_DEDUP_CONFLICT peer=1 message=present
[2026-09-26T06:38:34.795+00:00] W (5874201) RouteLoomRef: diagnostic reason=TRANSIT_DEDUP_CONFLICT peer=1 message=present
[2026-09-26T06:38:34.995+00:00] W (5874404) RouteLoomRef: diagnostic reason=TRANSIT_DEDUP_CONFLICT peer=1 message=present
[2026-09-26T06:38:35.396+00:00] W (5874772) RouteLoomRef: diagnostic reason=SEQNO_REQUEST_NO_PATH peer=4 message=present
[2026-09-26T06:38:35.596+00:00] W (5875051) RouteLoomRef: diagnostic reason=UNMATCHED_HOP_ACCEPT peer=4 message=present
[2026-09-26T06:38:41.203+00:00] I (5880515) RouteLoom: stack hwm main 10716 B
[2026-09-26T06:39:41.081+00:00] I (5940515) RouteLoom: stack hwm main 10716 B
[2026-09-26T06:40:04.715+00:00] W (5964066) RouteLoomRef: diagnostic reason=TRANSIT_DEDUP_CONFLICT peer=1 message=present
[2026-09-26T06:40:04.916+00:00] W (5964237) RouteLoomRef: diagnostic reason=TRANSIT_DEDUP_CONFLICT peer=1 message=present
[2026-09-26T06:40:04.916+00:00] W (5964266) RouteLoomRef: diagnostic reason=session replay peer=1 message=none
[2026-09-26T06:40:04.916+00:00] W (5964319) RouteLoomRef: diagnostic reason=session replay peer=1 message=none
[2026-09-26T06:40:05.116+00:00] W (5964400) RouteLoomRef: diagnostic reason=RECEIPT_DEDUP_CONFLICT peer=4 message=present
[2026-09-26T06:40:05.116+00:00] W (5964435) RouteLoomRef: diagnostic reason=UNMATCHED_HOP_ACCEPT peer=1 message=present
[2026-09-26T06:40:34.755+00:00] W (5994032) RouteLoomRef: diagnostic reason=TRANSIT_DEDUP_CONFLICT peer=1 message=present
[2026-09-26T06:40:34.755+00:00] W (5994091) RouteLoomRef: diagnostic reason=UNMATCHED_HOP_ACCEPT peer=4 message=present
[2026-09-26T06:40:34.755+00:00] W (5994187) RouteLoomRef: diagnostic reason=session replay peer=1 message=none
[2026-09-26T06:40:34.755+00:00] W (5994221) RouteLoomRef: diagnostic reason=UNMATCHED_HOP_ACCEPT peer=4 message=present
[2026-09-26T06:40:34.955+00:00] W (5994255) RouteLoomRef: diagnostic reason=session replay peer=1 message=none
[2026-09-26T06:40:34.955+00:00] W (5994266) RouteLoomRef: diagnostic reason=RECEIPT_DEDUP_CONFLICT peer=4 message=present
[2026-09-26T06:40:34.955+00:00] W (5994282) RouteLoomRef: diagnostic reason=RECEIPT_DEDUP_CONFLICT peer=4 message=present
[2026-09-26T06:40:34.955+00:00] W (5994316) RouteLoomRef: diagnostic reason=UNMATCHED_HOP_ACCEPT peer=1 message=present
[2026-09-26T06:40:34.955+00:00] W (5994350) RouteLoomRef: diagnostic reason=UNMATCHED_HOP_ACCEPT peer=4 message=present
[2026-09-26T06:40:34.955+00:00] W (5994398) RouteLoomRef: diagnostic reason=RECEIPT_DEDUP_CONFLICT peer=4 message=present
[2026-09-26T06:40:35.155+00:00] W (5994429) RouteLoomRef: diagnostic reason=RECEIPT_DEDUP_CONFLICT peer=4 message=present
[2026-09-26T06:40:35.155+00:00] W (5994434) RouteLoomRef: diagnostic reason=session replay peer=1 message=none
[2026-09-26T06:40:35.155+00:00] W (5994487) RouteLoomRef: diagnostic reason=RECEIPT_DEDUP_CONFLICT peer=4 message=present
[2026-09-26T06:40:41.163+00:00] I (6000516) RouteLoom: stack hwm main 10716 B
[2026-09-26T06:41:41.056+00:00] I (6060517) RouteLoom: stack hwm main 10716 B
[2026-09-26T06:42:41.158+00:00] I (6120517) RouteLoom: stack hwm main 10716 B
[2026-09-26T06:43:41.241+00:00] I (6180518) RouteLoom: stack hwm main 10716 B
[2026-09-26T06:44:41.125+00:00] I (6240519) RouteLoom: stack hwm main 10716 B
[2026-09-26T06:45:41.212+00:00] I (6300520) RouteLoom: stack hwm main 10716 B
[2026-09-26T06:46:41.099+00:00] I (6360520) RouteLoom: stack hwm main 10716 B
[2026-09-26T06:47:28.366+00:00] W (6407682) RouteLoomRef: diagnostic reason=session replay peer=1 message=none
[2026-09-26T06:47:34.574+00:00] W (6414025) RouteLoomRef: diagnostic reason=TRANSIT_DEDUP_CONFLICT peer=1 message=present
[2026-09-26T06:47:34.774+00:00] W (6414215) RouteLoomRef: diagnostic reason=TRANSIT_DEDUP_CONFLICT peer=1 message=present
[2026-09-26T06:47:34.979+00:00] W (6414446) RouteLoomRef: diagnostic reason=TRANSIT_DEDUP_CONFLICT peer=1 message=present
[2026-09-26T06:47:35.580+00:00] W (6415020) RouteLoomRef: diagnostic reason=SEQNO_REQUEST_NO_PATH peer=4 message=present
[2026-09-26T06:47:35.780+00:00] W (6415149) RouteLoomRef: diagnostic reason=UNMATCHED_HOP_ACCEPT peer=4 message=present
[2026-09-26T06:47:38.387+00:00] W (6417677) RouteLoomRef: diagnostic reason=session replay peer=1 message=none
[2026-09-26T06:47:41.191+00:00] I (6420521) RouteLoom: stack hwm main 10716 B
[2026-09-26T06:48:41.078+00:00] I (6480521) RouteLoom: stack hwm main 10716 B
[2026-09-26T06:49:41.163+00:00] I (6540522) RouteLoom: stack hwm main 10716 B
[2026-09-26T06:50:34.639+00:00] W (6594064) RouteLoomRef: diagnostic reason=TRANSIT_DEDUP_CONFLICT peer=1 message=present
[2026-09-26T06:50:34.839+00:00] W (6594225) RouteLoomRef: diagnostic reason=TRANSIT_DEDUP_CONFLICT peer=1 message=present
[2026-09-26T06:50:34.839+00:00] W (6594247) RouteLoomRef: diagnostic reason=session replay peer=1 message=none
[2026-09-26T06:50:35.039+00:00] W (6594368) RouteLoomRef: diagnostic reason=RECEIPT_DEDUP_CONFLICT peer=4 message=present
[2026-09-26T06:50:35.040+00:00] W (6594482) RouteLoomRef: diagnostic reason=TRANSIT_DEDUP_CONFLICT peer=1 message=present
[2026-09-26T06:50:35.440+00:00] W (6594842) RouteLoomRef: diagnostic reason=UNMATCHED_HOP_ACCEPT peer=4 message=present
[2026-09-26T06:50:35.640+00:00] W (6594935) RouteLoomRef: diagnostic reason=RECEIPT_DEDUP_CONFLICT peer=4 message=present
[2026-09-26T06:50:35.640+00:00] W (6595072) RouteLoomRef: diagnostic reason=UNMATCHED_HOP_ACCEPT peer=4 message=present
[2026-09-26T06:50:35.840+00:00] W (6595294) RouteLoomRef: diagnostic reason=RECEIPT_DEDUP_CONFLICT peer=4 message=present
[2026-09-26T06:50:36.241+00:00] W (6595592) RouteLoomRef: diagnostic reason=RECEIPT_DEDUP_CONFLICT peer=4 message=present
[2026-09-26T06:50:36.241+00:00] W (6595603) RouteLoomRef: diagnostic reason=RECEIPT_DEDUP_CONFLICT peer=4 message=present
[2026-09-26T06:50:36.241+00:00] W (6595660) RouteLoomRef: diagnostic reason=RECEIPT_DEDUP_CONFLICT peer=4 message=present
[2026-09-26T06:50:36.241+00:00] W (6595671) RouteLoomRef: diagnostic reason=RECEIPT_DEDUP_CONFLICT peer=4 message=present
[2026-09-26T06:50:36.441+00:00] W (6595761) RouteLoomRef: diagnostic reason=SEQNO_REQUEST_NO_PATH peer=4 message=present
[2026-09-26T06:50:36.441+00:00] W (6595769) RouteLoomRef: diagnostic reason=ROUTE_HELD_DOWN peer=1 message=none
[2026-09-26T06:50:41.248+00:00] I (6600522) RouteLoom: stack hwm main 10716 B
[2026-09-26T06:51:04.678+00:00] W (6624020) RouteLoomRef: diagnostic reason=TRANSIT_DEDUP_CONFLICT peer=1 message=present
[2026-09-26T06:51:04.878+00:00] W (6624250) RouteLoomRef: diagnostic reason=TRANSIT_DEDUP_CONFLICT peer=1 message=present
[2026-09-26T06:51:05.078+00:00] W (6624412) RouteLoomRef: diagnostic reason=TRANSIT_DEDUP_CONFLICT peer=1 message=present
[2026-09-26T06:51:05.278+00:00] W (6624671) RouteLoomRef: diagnostic reason=RECEIPT_DEDUP_CONFLICT peer=4 message=present
[2026-09-26T06:51:05.278+00:00] W (6624712) RouteLoomRef: diagnostic reason=RECEIPT_DEDUP_CONFLICT peer=4 message=present
[2026-09-26T06:51:34.716+00:00] W (6654054) RouteLoomRef: diagnostic reason=TRANSIT_DEDUP_CONFLICT peer=1 message=present
[2026-09-26T06:51:34.916+00:00] W (6654234) RouteLoomRef: diagnostic reason=TRANSIT_DEDUP_CONFLICT peer=1 message=present
[2026-09-26T06:51:34.916+00:00] W (6654386) RouteLoomRef: diagnostic reason=TRANSIT_DEDUP_CONFLICT peer=1 message=present
[2026-09-26T06:51:35.517+00:00] W (6654955) RouteLoomRef: diagnostic reason=SEQNO_REQUEST_NO_PATH peer=4 message=present
[2026-09-26T06:51:36.118+00:00] W (6655461) RouteLoomRef: diagnostic reason=UNMATCHED_HOP_ACCEPT peer=4 message=present
[2026-09-26T06:51:41.124+00:00] I (6660523) RouteLoom: stack hwm main 10716 B
[2026-09-26T06:52:04.556+00:00] W (6684020) RouteLoomRef: diagnostic reason=TRANSIT_DEDUP_CONFLICT peer=1 message=present
[2026-09-26T06:52:04.756+00:00] W (6684207) RouteLoomRef: diagnostic reason=TRANSIT_DEDUP_CONFLICT peer=1 message=present
[2026-09-26T06:52:04.956+00:00] W (6684321) RouteLoomRef: diagnostic reason=UNMATCHED_HOP_ACCEPT peer=4 message=present
[2026-09-26T06:52:04.956+00:00] W (6684362) RouteLoomRef: diagnostic reason=TRANSIT_DEDUP_CONFLICT peer=1 message=present
[2026-09-26T06:52:05.156+00:00] W (6684584) RouteLoomRef: diagnostic reason=RECEIPT_DEDUP_CONFLICT peer=4 message=present
[2026-09-26T06:52:05.757+00:00] W (6685147) RouteLoomRef: diagnostic reason=RECEIPT_DEDUP_CONFLICT peer=4 message=present
[2026-09-26T06:52:05.957+00:00] W (6685230) RouteLoomRef: diagnostic reason=ROUTE_HELD_DOWN peer=1 message=none
[2026-09-26T06:52:05.957+00:00] W (6685248) RouteLoomRef: diagnostic reason=RECEIPT_DEDUP_CONFLICT peer=4 message=present
[2026-09-26T06:52:05.957+00:00] W (6685265) RouteLoomRef: diagnostic reason=UNMATCHED_HOP_ACCEPT peer=4 message=present
[2026-09-26T06:52:05.957+00:00] W (6685276) RouteLoomRef: diagnostic reason=RECEIPT_TRANSIT_NO_ROUTE peer=4 message=present
[2026-09-26T06:52:05.957+00:00] W (6685314) RouteLoomRef: diagnostic reason=RECEIPT_DEDUP_CONFLICT peer=4 message=present
[2026-09-26T06:52:05.957+00:00] W (6685325) RouteLoomRef: diagnostic reason=RECEIPT_TRANSIT_NO_ROUTE peer=4 message=present
[2026-09-26T06:52:05.957+00:00] W (6685336) RouteLoomRef: diagnostic reason=RECEIPT_TRANSIT_NO_ROUTE peer=4 message=present
[2026-09-26T06:52:05.957+00:00] W (6685381) RouteLoomRef: diagnostic reason=RECEIPT_TRANSIT_NO_ROUTE peer=4 message=present
[2026-09-26T06:52:06.358+00:00] W (6685642) RouteLoomRef: diagnostic reason=SEQNO_REQUEST_NO_PATH peer=4 message=present
[2026-09-26T06:52:06.558+00:00] W (6685891) RouteLoomRef: diagnostic reason=UNMATCHED_HOP_ACCEPT peer=1 message=present
[2026-09-26T06:52:41.207+00:00] I (6720523) RouteLoom: stack hwm main 10716 B
[2026-09-26T06:53:41.090+00:00] I (6780524) RouteLoom: stack hwm main 10716 B
[2026-09-26T06:54:41.177+00:00] I (6840525) RouteLoom: stack hwm main 10716 B
[2026-09-26T06:55:04.611+00:00] W (6864026) RouteLoomRef: diagnostic reason=TRANSIT_DEDUP_CONFLICT peer=1 message=present
[2026-09-26T06:55:04.811+00:00] W (6864202) RouteLoomRef: diagnostic reason=TRANSIT_DEDUP_CONFLICT peer=1 message=present
[2026-09-26T06:55:05.011+00:00] W (6864351) RouteLoomRef: diagnostic reason=TRANSIT_DEDUP_CONFLICT peer=1 message=present
[2026-09-26T06:55:05.412+00:00] W (6864877) RouteLoomRef: diagnostic reason=SEQNO_REQUEST_NO_PATH peer=4 message=present
[2026-09-26T06:55:05.612+00:00] W (6865032) RouteLoomRef: diagnostic reason=UNMATCHED_HOP_ACCEPT peer=4 message=present
[2026-09-26T06:55:34.652+00:00] W (6894052) RouteLoomRef: diagnostic reason=TRANSIT_DEDUP_CONFLICT peer=1 message=present
[2026-09-26T06:55:34.853+00:00] W (6894251) RouteLoomRef: diagnostic reason=TRANSIT_DEDUP_CONFLICT peer=1 message=present
[2026-09-26T06:55:35.053+00:00] W (6894404) RouteLoomRef: diagnostic reason=session replay peer=1 message=none
[2026-09-26T06:55:35.053+00:00] W (6894454) RouteLoomRef: diagnostic reason=TRANSIT_DEDUP_CONFLICT peer=1 message=present
[2026-09-26T06:55:35.253+00:00] W (6894575) RouteLoomRef: diagnostic reason=RECEIPT_DEDUP_CONFLICT peer=4 message=present
[2026-09-26T06:55:35.653+00:00] W (6895087) RouteLoomRef: diagnostic reason=RECEIPT_TRANSIT_NO_ROUTE peer=4 message=present
[2026-09-26T06:55:35.853+00:00] W (6895201) RouteLoomRef: diagnostic reason=RECEIPT_TRANSIT_NO_ROUTE peer=4 message=present
[2026-09-26T06:55:35.853+00:00] W (6895232) RouteLoomRef: diagnostic reason=RECEIPT_TRANSIT_NO_ROUTE peer=4 message=present
[2026-09-26T06:55:35.853+00:00] W (6895292) RouteLoomRef: diagnostic reason=RECEIPT_TRANSIT_NO_ROUTE peer=4 message=present
[2026-09-26T06:55:36.454+00:00] W (6895786) RouteLoomRef: diagnostic reason=SEQNO_REQUEST_NO_PATH peer=4 message=present
[2026-09-26T06:55:41.060+00:00] I (6900525) RouteLoom: stack hwm main 10716 B
[2026-09-26T06:56:04.693+00:00] W (6924020) RouteLoomRef: diagnostic reason=TRANSIT_DEDUP_CONFLICT peer=1 message=present
[2026-09-26T06:56:04.893+00:00] W (6924257) RouteLoomRef: diagnostic reason=TRANSIT_DEDUP_CONFLICT peer=1 message=present
[2026-09-26T06:56:05.093+00:00] W (6924430) RouteLoomRef: diagnostic reason=TRANSIT_DEDUP_CONFLICT peer=1 message=present
[2026-09-26T06:56:05.494+00:00] W (6924780) RouteLoomRef: diagnostic reason=SEQNO_REQUEST_NO_PATH peer=4 message=present
[2026-09-26T06:56:05.894+00:00] W (6925256) RouteLoomRef: diagnostic reason=UNMATCHED_HOP_ACCEPT peer=4 message=present
[2026-09-26T06:56:08.297+00:00] W (6927670) RouteLoomRef: diagnostic reason=session replay peer=1 message=none
[2026-09-26T06:56:08.297+00:00] W (6927686) RouteLoomRef: diagnostic reason=session replay peer=4 message=none
[2026-09-26T06:56:08.297+00:00] W (6927694) RouteLoomRef: diagnostic reason=session replay peer=1 message=none
[2026-09-26T06:56:25.320+00:00] W (6944669) RouteLoomRef: diagnostic reason=SEQNO_REQUEST_NO_PATH peer=4 message=present
[2026-09-26T06:56:26.121+00:00] W (6945547) RouteLoomRef: diagnostic reason=RX_CONTEXT_CHANGED peer=1 message=present
[2026-09-26T06:56:33.330+00:00] W (6952662) RouteLoomRef: diagnostic reason=SEQNO_REQUEST_NO_PATH peer=4 message=present
[2026-09-26T06:56:41.141+00:00] I (6960525) RouteLoom: stack hwm main 10716 B
[2026-09-26T06:56:56.162+00:00] I (6975540) RouteLoomRef: discovery event=STALE peer=1
[2026-09-26T06:56:56.162+00:00] W (6975540) RouteLoomRef: diagnostic reason=STALE peer=1 message=none
[2026-09-26T06:56:58.165+00:00] I (6977541) RouteLoomRef: discovery event=REDISCOVERY peer=1
[2026-09-26T06:56:58.166+00:00] W (6977542) RouteLoomRef: diagnostic reason=REDISCOVERY peer=1 message=none
[2026-09-26T06:57:14.190+00:00] W (6993648) RouteLoomRef: diagnostic reason=RX_CONTEXT_CHANGED peer=1 message=present
[2026-09-26T06:57:22.002+00:00] I (7001414) RouteLoomRef: discovery event=DISCOVERY_FAILED peer=0
[2026-09-26T06:57:22.003+00:00] W (7001414) RouteLoomRef: diagnostic reason=DISCOVERY_FAILED peer=0 message=none
[2026-09-26T06:57:22.003+00:00] I (7001416) RouteLoomRef: discovery event=REDISCOVERY peer=1
[2026-09-26T06:57:22.003+00:00] W (7001421) RouteLoomRef: diagnostic reason=REDISCOVERY peer=1 message=none
[2026-09-26T06:57:37.625+00:00] I (7016994) RouteLoomRef: discovery event=REDISCOVERY peer=1
[2026-09-26T06:57:37.625+00:00] W (7016995) RouteLoomRef: diagnostic reason=REDISCOVERY peer=1 message=none
[2026-09-26T06:57:41.229+00:00] I (7020526) RouteLoom: stack hwm main 10716 B
[2026-09-26T06:57:49.640+00:00] I (7029056) RouteLoomRef: discovery event=REDISCOVERY peer=1
[2026-09-26T06:57:49.640+00:00] W (7029057) RouteLoomRef: diagnostic reason=REDISCOVERY peer=1 message=none
[2026-09-26T06:58:21.083+00:00] I (7060487) RouteLoomRef: discovery event=REDISCOVERY peer=1
[2026-09-26T06:58:21.083+00:00] W (7060488) RouteLoomRef: diagnostic reason=REDISCOVERY peer=1 message=none
[2026-09-26T06:58:41.112+00:00] I (7080527) RouteLoom: stack hwm main 10716 B
[2026-09-26T06:58:52.530+00:00] I (7091899) RouteLoomRef: discovery event=REDISCOVERY peer=1
[2026-09-26T06:58:52.531+00:00] W (7091900) RouteLoomRef: diagnostic reason=REDISCOVERY peer=1 message=none
[2026-09-26T06:59:41.202+00:00] I (7140527) RouteLoom: stack hwm main 10716 B
[2026-09-26T06:59:44.206+00:00] W (7143652) RouteLoomRef: diagnostic reason=RX_CONTEXT_CHANGED peer=1 message=present
[2026-09-26T06:59:52.618+00:00] I (7151900) RouteLoomRef: discovery event=REDISCOVERY peer=1
[2026-09-26T06:59:52.618+00:00] W (7151901) RouteLoomRef: diagnostic reason=REDISCOVERY peer=1 message=none
[2026-09-26T07:00:41.085+00:00] I (7200528) RouteLoom: stack hwm main 10716 B
[2026-09-26T07:00:52.500+00:00] I (7211901) RouteLoomRef: discovery event=REDISCOVERY peer=1
[2026-09-26T07:00:52.500+00:00] W (7211902) RouteLoomRef: diagnostic reason=REDISCOVERY peer=1 message=none
[2026-09-26T07:01:41.165+00:00] I (7260528) RouteLoom: stack hwm main 10716 B
[2026-09-26T07:01:52.581+00:00] I (7271902) RouteLoomRef: discovery event=REDISCOVERY peer=1
[2026-09-26T07:01:52.581+00:00] W (7271903) RouteLoomRef: diagnostic reason=REDISCOVERY peer=1 message=none
[2026-09-26T07:02:03.995+00:00] I (7283373) RouteLoomRef: discovery event=DISCOVERY_FAILED peer=0
[2026-09-26T07:02:03.995+00:00] W (7283373) RouteLoomRef: diagnostic reason=DISCOVERY_FAILED peer=0 message=none
[2026-09-26T07:02:14.207+00:00] W (7293655) RouteLoomRef: diagnostic reason=RX_CONTEXT_CHANGED peer=1 message=present
[2026-09-26T07:02:41.240+00:00] I (7320528) RouteLoom: stack hwm main 10716 B
[2026-09-26T07:02:52.456+00:00] I (7331903) RouteLoomRef: discovery event=REDISCOVERY peer=1
[2026-09-26T07:02:52.456+00:00] W (7331904) RouteLoomRef: diagnostic reason=REDISCOVERY peer=1 message=none
[2026-09-26T07:03:41.123+00:00] I (7380528) RouteLoom: stack hwm main 10716 B
[2026-09-26T07:03:52.539+00:00] I (7391903) RouteLoomRef: discovery event=REDISCOVERY peer=1
[2026-09-26T07:03:52.539+00:00] W (7391904) RouteLoomRef: diagnostic reason=REDISCOVERY peer=1 message=none
[2026-09-26T07:04:41.207+00:00] I (7440528) RouteLoom: stack hwm main 10716 B
[2026-09-26T07:04:44.211+00:00] W (7443657) RouteLoomRef: diagnostic reason=RX_CONTEXT_CHANGED peer=1 message=present
[2026-09-26T07:04:52.621+00:00] I (7451903) RouteLoomRef: discovery event=REDISCOVERY peer=1
[2026-09-26T07:04:52.621+00:00] W (7451904) RouteLoomRef: diagnostic reason=REDISCOVERY peer=1 message=none
[2026-09-26T07:05:41.084+00:00] I (7500528) RouteLoom: stack hwm main 10716 B
[2026-09-26T07:05:52.498+00:00] I (7511903) RouteLoomRef: discovery event=REDISCOVERY peer=1
[2026-09-26T07:05:52.498+00:00] W (7511904) RouteLoomRef: diagnostic reason=REDISCOVERY peer=1 message=none
[2026-09-26T07:06:41.162+00:00] I (7560528) RouteLoom: stack hwm main 10716 B
[2026-09-26T07:06:52.577+00:00] I (7571903) RouteLoomRef: discovery event=REDISCOVERY peer=1
[2026-09-26T07:06:52.578+00:00] W (7571904) RouteLoomRef: diagnostic reason=REDISCOVERY peer=1 message=none
[2026-09-26T07:07:41.244+00:00] I (7620529) RouteLoom: stack hwm main 10716 B
[2026-09-26T07:07:52.457+00:00] I (7631903) RouteLoomRef: discovery event=REDISCOVERY peer=1
[2026-09-26T07:07:52.457+00:00] W (7631904) RouteLoomRef: diagnostic reason=REDISCOVERY peer=1 message=none
[2026-09-26T07:08:41.119+00:00] I (7680530) RouteLoom: stack hwm main 10716 B
[2026-09-26T07:08:52.532+00:00] I (7691904) RouteLoomRef: discovery event=REDISCOVERY peer=1
[2026-09-26T07:08:52.533+00:00] W (7691905) RouteLoomRef: diagnostic reason=REDISCOVERY peer=1 message=none
[2026-09-26T07:09:41.197+00:00] I (7740530) RouteLoom: stack hwm main 10716 B
[2026-09-26T07:09:52.612+00:00] I (7751905) RouteLoomRef: discovery event=REDISCOVERY peer=1
[2026-09-26T07:09:52.612+00:00] W (7751906) RouteLoomRef: diagnostic reason=REDISCOVERY peer=1 message=none
[2026-09-26T07:10:18.245+00:00] I (7777625) RouteLoomRef: discovery event=DISCOVERY_FAILED peer=0
[2026-09-26T07:10:18.245+00:00] W (7777625) RouteLoomRef: diagnostic reason=DISCOVERY_FAILED peer=0 message=none
[2026-09-26T07:10:41.085+00:00] I (7800531) RouteLoom: stack hwm main 10716 B
[2026-09-26T07:10:52.502+00:00] I (7811905) RouteLoomRef: discovery event=REDISCOVERY peer=1
[2026-09-26T07:10:52.502+00:00] W (7811906) RouteLoomRef: diagnostic reason=REDISCOVERY peer=1 message=none
[2026-09-26T07:11:41.189+00:00] I (7860532) RouteLoom: stack hwm main 10716 B
[2026-09-26T07:11:52.623+00:00] I (7871906) RouteLoomRef: discovery event=REDISCOVERY peer=1
[2026-09-26T07:11:52.623+00:00] W (7871907) RouteLoomRef: diagnostic reason=REDISCOVERY peer=1 message=none
[2026-09-26T07:12:41.085+00:00] I (7920533) RouteLoom: stack hwm main 10716 B
[2026-09-26T07:12:52.500+00:00] I (7931906) RouteLoomRef: discovery event=REDISCOVERY peer=1
[2026-09-26T07:12:52.500+00:00] W (7931907) RouteLoomRef: diagnostic reason=REDISCOVERY peer=1 message=none
[2026-09-26T07:13:41.176+00:00] I (7980533) RouteLoom: stack hwm main 10716 B
[2026-09-26T07:13:52.592+00:00] I (7991907) RouteLoomRef: discovery event=REDISCOVERY peer=1
[2026-09-26T07:13:52.592+00:00] W (7991908) RouteLoomRef: diagnostic reason=REDISCOVERY peer=1 message=none
[2026-09-26T07:14:41.061+00:00] I (8040534) RouteLoom: stack hwm main 10716 B
[2026-09-26T07:14:52.476+00:00] I (8051907) RouteLoomRef: discovery event=REDISCOVERY peer=1
[2026-09-26T07:14:52.476+00:00] W (8051908) RouteLoomRef: diagnostic reason=REDISCOVERY peer=1 message=none
[2026-09-26T07:15:41.150+00:00] I (8100534) RouteLoom: stack hwm main 10716 B
[2026-09-26T07:15:52.574+00:00] I (8111907) RouteLoomRef: discovery event=REDISCOVERY peer=1
[2026-09-26T07:15:52.574+00:00] W (8111908) RouteLoomRef: diagnostic reason=REDISCOVERY peer=1 message=none
[2026-09-26T07:16:41.233+00:00] I (8160535) RouteLoom: stack hwm main 10716 B
[2026-09-26T07:16:52.451+00:00] I (8171907) RouteLoomRef: discovery event=REDISCOVERY peer=1
[2026-09-26T07:16:52.451+00:00] W (8171908) RouteLoomRef: diagnostic reason=REDISCOVERY peer=1 message=none
[2026-09-26T07:17:41.123+00:00] I (8220536) RouteLoom: stack hwm main 10716 B
[2026-09-26T07:17:52.538+00:00] I (8231907) RouteLoomRef: discovery event=REDISCOVERY peer=1
[2026-09-26T07:17:52.538+00:00] W (8231908) RouteLoomRef: diagnostic reason=REDISCOVERY peer=1 message=none
[2026-09-26T07:18:12.163+00:00] W (8251587) ESPNOW: Peer exists. Please call API esp_now_mod_peer()!
[2026-09-26T07:18:12.163+00:00] W (8251618) ESPNOW: Peer exists. Please call API esp_now_mod_peer()!
[2026-09-26T07:18:12.364+00:00] W (8251650) RouteLoomRef: diagnostic reason=RX_CONTEXT_CHANGED peer=1 message=present
[2026-09-26T07:18:12.364+00:00] I (8251669) RouteLoomRef: discovery event=REACHABLE peer=1
[2026-09-26T07:18:12.364+00:00] W (8251669) RouteLoomRef: diagnostic reason=REACHABLE peer=1 message=none
[2026-09-26T07:18:14.366+00:00] W (8253676) RouteLoomRef: diagnostic reason=PEER_RESTARTED_ROUTES_FLUSHED peer=1 message=none
[2026-09-26T07:18:22.187+00:00] I (8261514) RouteLoomRef: discovery event=DISCOVERY_FAILED peer=0
[2026-09-26T07:18:22.187+00:00] W (8261514) RouteLoomRef: diagnostic reason=DISCOVERY_FAILED peer=0 message=none
[2026-09-26T07:18:27.804+00:00] W (8267145) RouteLoomRef: diagnostic reason=session unknown context peer=1 message=present
[2026-09-26T07:18:27.804+00:00] I (8267224) RouteLoomRef: message origin=1 session=226 sequence=1 bytes=9
[2026-09-26T07:18:28.004+00:00] I (8267307) RouteLoomRef: message origin=1 session=226 sequence=4 bytes=9
[2026-09-26T07:18:28.004+00:00] I (8267374) RouteLoomRef: message origin=1 session=226 sequence=5 bytes=9
[2026-09-26T07:18:28.004+00:00] I (8267439) RouteLoomRef: message origin=1 session=226 sequence=6 bytes=9
[2026-09-26T07:18:28.205+00:00] I (8267510) RouteLoomRef: message origin=1 session=226 sequence=7 bytes=9
[2026-09-26T07:18:28.205+00:00] I (8267614) RouteLoomRef: message origin=1 session=226 sequence=8 bytes=9
[2026-09-26T07:18:28.405+00:00] I (8267685) RouteLoomRef: message origin=1 session=226 sequence=10 bytes=9
[2026-09-26T07:18:28.405+00:00] I (8267749) RouteLoomRef: message origin=1 session=226 sequence=11 bytes=9
[2026-09-26T07:18:28.405+00:00] I (8267864) RouteLoomRef: message origin=1 session=226 sequence=12 bytes=9
[2026-09-26T07:18:28.805+00:00] I (8268100) RouteLoomRef: message origin=1 session=226 sequence=13 bytes=9
[2026-09-26T07:18:28.805+00:00] I (8268270) RouteLoomRef: message origin=1 session=226 sequence=15 bytes=9
[2026-09-26T07:18:29.005+00:00] I (8268388) RouteLoomRef: message origin=1 session=226 sequence=16 bytes=9
[2026-09-26T07:18:29.206+00:00] I (8268508) RouteLoomRef: message origin=1 session=226 sequence=17 bytes=9
[2026-09-26T07:18:29.406+00:00] I (8268683) RouteLoomRef: message origin=1 session=226 sequence=19 bytes=9
[2026-09-26T07:18:29.807+00:00] W (8269258) RouteLoomRef: diagnostic reason=UNMATCHED_HOP_ACCEPT peer=1 message=present
[2026-09-26T07:18:30.007+00:00] I (8269289) RouteLoomRef: message origin=1 session=226 sequence=20 bytes=9
[2026-09-26T07:18:30.007+00:00] W (8269356) RouteLoomRef: diagnostic reason=UNMATCHED_HOP_ACCEPT peer=1 message=present
[2026-09-26T07:18:30.207+00:00] I (8269487) RouteLoomRef: message origin=1 session=226 sequence=21 bytes=9
[2026-09-26T07:18:30.207+00:00] W (8269535) RouteLoomRef: diagnostic reason=UNMATCHED_HOP_ACCEPT peer=1 message=present
[2026-09-26T07:18:41.225+00:00] I (8280537) RouteLoom: stack hwm main 10588 B
[2026-09-26T07:18:57.852+00:00] I (8297129) RouteLoomRef: message origin=1 session=226 sequence=22 bytes=9
[2026-09-26T07:19:27.692+00:00] I (8327126) RouteLoomRef: message origin=1 session=226 sequence=23 bytes=9
[2026-09-26T07:19:41.110+00:00] I (8340537) RouteLoom: stack hwm main 10588 B
[2026-09-26T07:19:57.733+00:00] I (8357129) RouteLoomRef: message origin=1 session=226 sequence=24 bytes=9
[2026-09-26T07:20:27.787+00:00] I (8387128) RouteLoomRef: message origin=1 session=226 sequence=25 bytes=9
[2026-09-26T07:20:41.208+00:00] I (8400538) RouteLoom: stack hwm main 10588 B
[2026-09-26T07:20:57.830+00:00] I (8417127) RouteLoomRef: message origin=1 session=226 sequence=26 bytes=9
[2026-09-26T07:21:27.679+00:00] I (8447134) RouteLoomRef: message origin=1 session=226 sequence=27 bytes=9
[2026-09-26T07:21:41.177+00:00] I (8460538) RouteLoom: stack hwm main 10588 B
[2026-09-26T07:21:57.814+00:00] I (8477135) RouteLoomRef: message origin=1 session=226 sequence=28 bytes=9
[2026-09-26T07:22:27.655+00:00] I (8507129) RouteLoomRef: message origin=1 session=226 sequence=29 bytes=9
[2026-09-26T07:22:41.073+00:00] I (8520539) RouteLoom: stack hwm main 10588 B
[2026-09-26T07:22:57.695+00:00] I (8537128) RouteLoomRef: message origin=1 session=226 sequence=30 bytes=9
[2026-09-26T07:23:27.735+00:00] I (8567132) RouteLoomRef: message origin=1 session=226 sequence=31 bytes=9
[2026-09-26T07:23:41.156+00:00] I (8580540) RouteLoom: stack hwm main 10588 B
[2026-09-26T07:23:57.781+00:00] I (8597130) RouteLoomRef: message origin=1 session=226 sequence=32 bytes=9
[2026-09-26T07:24:27.825+00:00] I (8627128) RouteLoomRef: message origin=1 session=226 sequence=33 bytes=9
[2026-09-26T07:24:41.244+00:00] I (8640541) RouteLoom: stack hwm main 10588 B
[2026-09-26T07:24:57.666+00:00] I (8657129) RouteLoomRef: message origin=1 session=226 sequence=34 bytes=9
[2026-09-26T07:25:27.707+00:00] I (8687131) RouteLoomRef: message origin=1 session=226 sequence=35 bytes=9
[2026-09-26T07:25:41.125+00:00] I (8700541) RouteLoom: stack hwm main 10588 B
[2026-09-26T07:25:57.818+00:00] I (8717142) RouteLoomRef: message origin=1 session=226 sequence=36 bytes=9
[2026-09-26T07:26:27.681+00:00] I (8747132) RouteLoomRef: message origin=1 session=226 sequence=37 bytes=9
[2026-09-26T07:26:41.099+00:00] I (8760542) RouteLoom: stack hwm main 10588 B
[2026-09-26T07:26:57.721+00:00] I (8777132) RouteLoomRef: message origin=1 session=226 sequence=38 bytes=9
[2026-09-26T07:27:27.762+00:00] I (8807132) RouteLoomRef: message origin=1 session=226 sequence=39 bytes=9
[2026-09-26T07:27:41.225+00:00] I (8820543) RouteLoom: stack hwm main 10588 B
[2026-09-26T07:27:57.848+00:00] I (8837132) RouteLoomRef: message origin=1 session=226 sequence=40 bytes=9
[2026-09-26T07:28:04.260+00:00] !! capture finished
