2026-09-26T16:39:44.422591+09:00 sahur-pc kernel: usb 1-4.2.1: USB disconnect, device number 66
2026-09-26T16:39:47.186664+09:00 sahur-pc kernel: usb 1-4.2.1: new full-speed USB device number 73 using xhci_hcd
2026-09-26T16:39:47.286720+09:00 sahur-pc kernel: usb 1-4.2.1: New USB device found, idVendor=303a, idProduct=1001, bcdDevice= 1.02
2026-09-26T16:39:47.287046+09:00 sahur-pc kernel: usb 1-4.2.1: New USB device strings: Mfr=1, Product=2, SerialNumber=3
2026-09-26T16:39:47.287167+09:00 sahur-pc kernel: usb 1-4.2.1: Product: USB JTAG/serial debug unit
2026-09-26T16:39:47.287268+09:00 sahur-pc kernel: usb 1-4.2.1: Manufacturer: Espressif
2026-09-26T16:39:47.287363+09:00 sahur-pc kernel: usb 1-4.2.1: SerialNumber: 10:BD:A3:B1:47:54
2026-09-26T16:39:47.300664+09:00 sahur-pc kernel: cdc_acm 1-4.2.1:1.0: ttyACM2: USB ACM device
2026-09-26T16:39:53.309677+09:00 sahur-pc kernel: usb 1-4.2.3: new full-speed USB device number 74 using xhci_hcd
2026-09-26T16:39:53.410733+09:00 sahur-pc kernel: usb 1-4.2.3: New USB device found, idVendor=303a, idProduct=1001, bcdDevice= 1.01
2026-09-26T16:39:53.411058+09:00 sahur-pc kernel: usb 1-4.2.3: New USB device strings: Mfr=1, Product=2, SerialNumber=3
2026-09-26T16:39:53.411183+09:00 sahur-pc kernel: usb 1-4.2.3: Product: USB JTAG/serial debug unit
2026-09-26T16:39:53.411288+09:00 sahur-pc kernel: usb 1-4.2.3: Manufacturer: Espressif
2026-09-26T16:39:53.411384+09:00 sahur-pc kernel: usb 1-4.2.3: SerialNumber: 94:A9:90:7A:26:AC
2026-09-26T16:39:53.426663+09:00 sahur-pc kernel: cdc_acm 1-4.2.3:1.0: ttyACM4: USB ACM device
2026-09-26T16:40:08.858700+09:00 sahur-pc kernel: usb 1-3: USB disconnect, device number 12
2026-09-26T16:40:11.999658+09:00 sahur-pc kernel: usb 1-4.2.2: new full-speed USB device number 75 using xhci_hcd
2026-09-26T16:40:12.100657+09:00 sahur-pc kernel: usb 1-4.2.2: New USB device found, idVendor=303a, idProduct=1001, bcdDevice= 1.01
2026-09-26T16:40:12.100949+09:00 sahur-pc kernel: usb 1-4.2.2: New USB device strings: Mfr=1, Product=2, SerialNumber=3
2026-09-26T16:40:12.101139+09:00 sahur-pc kernel: usb 1-4.2.2: Product: USB JTAG/serial debug unit
2026-09-26T16:40:12.101251+09:00 sahur-pc kernel: usb 1-4.2.2: Manufacturer: Espressif
2026-09-26T16:40:12.101359+09:00 sahur-pc kernel: usb 1-4.2.2: SerialNumber: 94:A9:90:6A:EE:C4
2026-09-26T16:40:12.114657+09:00 sahur-pc kernel: cdc_acm 1-4.2.2:1.0: ttyACM1: USB ACM device
2026-09-26T16:41:01.980695+09:00 sahur-pc kernel: usb 1-4.2.3: USB disconnect, device number 74
