/home/sahur/.local/bin/esptool --chip esp32c3 --port /dev/serial/by-id/usb-Espressif_USB_JTAG_serial_debug_unit_94:A9:90:7A:26:AC-if00 -b 460800 --after no-reset write-flash --flash-mode keep --flash-freq keep --flash-size keep 0x10000 /home/sahur/orca/workspaces/RouteLoom/v2-stab-b/artifacts/hil/images/sb-br-plan/images/ota_data_initial.bin 0x40000 /home/sahur/orca/workspaces/RouteLoom/v2-stab-b/artifacts/hil/images/sb-br-plan/images/application.bin
esptool v5.4.0
Serial port /dev/serial/by-id/usb-Espressif_USB_JTAG_serial_debug_unit_94:A9:90:7A:26:AC-if00:
Connecting...
Connected to ESP32-C3 on /dev/serial/by-id/usb-Espressif_USB_JTAG_serial_debug_unit_94:A9:90:7A:26:AC-if00:
Chip type:          ESP32-C3 (QFN32) (revision v0.4)
Features:           Wi-Fi, BT 5 (LE), Single Core, 160MHz, Embedded Flash 4MB (XMC)
Crystal frequency:  40MHz
USB mode:           USB-Serial/JTAG
MAC:                94:a9:90:7a:26:ac

Uploading stub flasher...
Running stub flasher...
Stub flasher running.
Changing baud rate to 460800...
Changed.

Configuring flash size...

Writing '/home/sahur/orca/workspaces/RouteLoom/v2-stab-b/artifacts/hil/images/sb-br-plan/images/ota_data_initial.bin' at 0x00010000...
Flash will be erased from 0x00010000 to 0x00011fff...
Compressed 8192 bytes to 31...
Writing at 0x00012000 ━━━━━━━━━━━━━━━━━━━━━━━━━━━━━━ 100.0% 31B/31B [0s] 
Wrote 8192 bytes (31 compressed) at 0x00010000 in 0.1 seconds (1149.6 kbit/s).
Verifying written data...
Hash of data verified.

Writing '/home/sahur/orca/workspaces/RouteLoom/v2-stab-b/artifacts/hil/images/sb-br-plan/images/application.bin' at 0x00040000...
Flash will be erased from 0x00040000 to 0x00173fff...
Compressed 1260640 bytes to 807626...
Writing at 0x0004c00c ╸                                2.0% 16.00kB/788.70kB [0s] 
Writing at 0x00057e81 ━                                4.1% 32.00kB/788.70kB [0s] 
Writing at 0x0005ecad ━╸                               6.1% 48.00kB/788.70kB [1s] 
Writing at 0x00067f29 ━━                               8.1% 64.00kB/788.70kB [1s] 
Writing at 0x0006da93 ━━━                             10.1% 80.00kB/788.70kB [2s] 
Writing at 0x000739e6 ━━━╸                            12.2% 96.00kB/788.70kB [2s] 
Writing at 0x00079c48 ━━━━                            14.2% 112.00kB/788.70kB [3s] 
Writing at 0x0007f80a ━━━━╸                           16.2% 128.00kB/788.70kB [4s] 
Writing at 0x00085646 ━━━━━                           18.3% 144.00kB/788.70kB [4s] 
Writing at 0x0008b835 ━━━━━━                          20.3% 160.00kB/788.70kB [4s] 
Writing at 0x0009144c ━━━━━━╸                         22.3% 176.00kB/788.70kB [5s] 
Writing at 0x00096fba ━━━━━━━                         24.3% 192.00kB/788.70kB [5s] 
Writing at 0x0009d064 ━━━━━━━╸                        26.4% 208.00kB/788.70kB [5s] 
Writing at 0x000a2a0c ━━━━━━━━╸                       28.4% 224.00kB/788.70kB [5s] 
Writing at 0x000a86fd ━━━━━━━━━                       30.4% 240.00kB/788.70kB [5s] 
Writing at 0x000aded8 ━━━━━━━━━╸                      32.5% 256.00kB/788.70kB [5s] 
Writing at 0x000b364c ━━━━━━━━━━                      34.5% 272.00kB/788.70kB [5s] 
Writing at 0x000b93fa ━━━━━━━━━━╸                     36.5% 288.00kB/788.70kB [5s] 
Writing at 0x000bf00a ━━━━━━━━━━━╸                    38.5% 304.00kB/788.70kB [6s] 
Writing at 0x000c5027 ━━━━━━━━━━━━                    40.6% 320.00kB/788.70kB [6s] 
Writing at 0x000cac8c ━━━━━━━━━━━━╸                   42.6% 336.00kB/788.70kB [6s] 
Writing at 0x000d0660 ━━━━━━━━━━━━━                   44.6% 352.00kB/788.70kB [6s] 
Writing at 0x000d60fd ━━━━━━━━━━━━━╸                  46.7% 368.00kB/788.70kB [6s] 
Writing at 0x000dc419 ━━━━━━━━━━━━━━╸                 48.7% 384.00kB/788.70kB [6s] 
Writing at 0x000e2219 ━━━━━━━━━━━━━━━                 50.7% 400.00kB/788.70kB [6s] 
Writing at 0x000e7f1c ━━━━━━━━━━━━━━━╸                52.7% 416.00kB/788.70kB [6s] 
Writing at 0x000eebf2 ━━━━━━━━━━━━━━━━                54.8% 432.00kB/788.70kB [6s] 
Writing at 0x000f485c ━━━━━━━━━━━━━━━━━               56.8% 448.00kB/788.70kB [6s] 
Writing at 0x000fa5fe ━━━━━━━━━━━━━━━━━╸              58.8% 464.00kB/788.70kB [6s] 
Writing at 0x00100158 ━━━━━━━━━━━━━━━━━━              60.9% 480.00kB/788.70kB [6s] 
Writing at 0x00106664 ━━━━━━━━━━━━━━━━━━╸             62.9% 496.00kB/788.70kB [7s] 
Writing at 0x0010c915 ━━━━━━━━━━━━━━━━━━━             64.9% 512.00kB/788.70kB [7s] 
Writing at 0x00112572 ━━━━━━━━━━━━━━━━━━━━            66.9% 528.00kB/788.70kB [7s] 
Writing at 0x00118403 ━━━━━━━━━━━━━━━━━━━━╸           69.0% 544.00kB/788.70kB [7s] 
Writing at 0x0011e001 ━━━━━━━━━━━━━━━━━━━━━           71.0% 560.00kB/788.70kB [7s] 
Writing at 0x00123a24 ━━━━━━━━━━━━━━━━━━━━━╸          73.0% 576.00kB/788.70kB [7s] 
Writing at 0x00129742 ━━━━━━━━━━━━━━━━━━━━━━╸         75.1% 592.00kB/788.70kB [7s] 
Writing at 0x0012f7ec ━━━━━━━━━━━━━━━━━━━━━━━         77.1% 608.00kB/788.70kB [7s] 
Writing at 0x00135e5a ━━━━━━━━━━━━━━━━━━━━━━━╸        79.1% 624.00kB/788.70kB [7s] 
Writing at 0x0013bb22 ━━━━━━━━━━━━━━━━━━━━━━━━        81.1% 640.00kB/788.70kB [7s] 
Writing at 0x00141f80 ━━━━━━━━━━━━━━━━━━━━━━━━╸       83.2% 656.00kB/788.70kB [7s] 
Writing at 0x001482cc ━━━━━━━━━━━━━━━━━━━━━━━━━╸      85.2% 672.00kB/788.70kB [8s] 
Writing at 0x0014e205 ━━━━━━━━━━━━━━━━━━━━━━━━━━      87.2% 688.00kB/788.70kB [8s] 
Writing at 0x001541a1 ━━━━━━━━━━━━━━━━━━━━━━━━━━╸     89.3% 704.00kB/788.70kB [8s] 
Writing at 0x00159c8e ━━━━━━━━━━━━━━━━━━━━━━━━━━━     91.3% 720.00kB/788.70kB [8s] 
Writing at 0x0015f266 ━━━━━━━━━━━━━━━━━━━━━━━━━━━╸    93.3% 736.00kB/788.70kB [8s] 
Writing at 0x001647fc ━━━━━━━━━━━━━━━━━━━━━━━━━━━━╸   95.3% 752.00kB/788.70kB [8s] 
Writing at 0x0016a12f ━━━━━━━━━━━━━━━━━━━━━━━━━━━━━   97.4% 768.00kB/788.70kB [8s] 
Writing at 0x00170516 ━━━━━━━━━━━━━━━━━━━━━━━━━━━━━╸  99.4% 784.00kB/788.70kB [8s] 
Writing at 0x00173c60 ━━━━━━━━━━━━━━━━━━━━━━━━━━━━━━ 100.0% 788.70kB/788.70kB [8s] 
Wrote 1260640 bytes (807626 compressed) at 0x00040000 in 8.8 seconds (1141.9 kbit/s).
Verifying written data...
Hash of data verified.

Staying in bootloader.
