[2026-09-29T04:57:15.209+00:00] >> status
[2026-09-29T04:57:15.310+00:00] I (3125) RouteLoomSdkv1: console stack free=9024
[2026-09-29T04:57:15.310+00:00] OK identity=none pending=0 locked=0 fw=1
[2026-09-29T04:57:15.327+00:00] >> keygen 0000000000000014 7f3468ee08818101f427670bccef4478e2f6...
[2026-09-29T04:57:15.585+00:00] I (3499) RouteLoomSdkv1: console stack free=8292
[2026-09-29T04:57:15.685+00:00] OK pop_hex=d28443a10126a0586c0101000000000000000000147f3468ee08818101f427670bccef4478e2f6d60670928d87f6e20e44c351e03c134c12671d42c7fc798a9ec86ad5988b6eadb2db656c7bed24444c9184434d05b6750777c639944c382767d703128b481e70ffe9d3a42a7153c1eb38d0e1b95258409f197294df7e54852f890b963da1bdd5c969c7ff991952556813c4477f483c9d207c5c8a9791d27d7a6875fc05e9c4c257af901776287e075441fc72696146ea
[2026-09-29T04:57:15.773+00:00] >> identity 7b0a202022666f726d6174223a2022726f7574656c6f6f6d2d6...
[2026-09-29T04:57:16.475+00:00] I (4335) RouteLoomSdkv1: console stack free=8180
[2026-09-29T04:57:16.475+00:00] OK sealed kid=4eb2c0c75e21666163c4806717d0b5f4ae9a60de3baf43275ec62d96e6890cbb
[2026-09-29T04:57:16.484+00:00] >> lock 4eb2c0c75e21666163c4806717d0b5f4ae9a60de3baf43275ec62d9...
[2026-09-29T04:57:17.386+00:00] I (5296) RouteLoomSdkv1: console stack free=8164
[2026-09-29T04:57:17.386+00:00] OK locked kid=4eb2c0c75e21666163c4806717d0b5f4ae9a60de3baf43275ec62d96e6890cbb
[2026-09-29T04:57:17.408+00:00] >> status
[2026-09-29T04:57:17.788+00:00] I (5703) RouteLoomSdkv1: console stack free=8164
[2026-09-29T04:57:17.888+00:00] OK identity=sealed pending=0 locked=1 node=0000000000000014 kid=4eb2c0c75e21666163c4806717d0b5f4ae9a60de3baf43275ec62d96e6890cbb serial=520 devcert_sha256=6fd08976c669fdc8424935a6998dba61f41f5fad080b14faa10ff0aa8995f6ed fw=1
[2026-09-29T04:57:17.888+00:00] >> status
[2026-09-29T04:57:18.268+00:00] I (6183) RouteLoomSdkv1: console stack free=8164
[2026-09-29T04:57:18.368+00:00] OK identity=sealed pending=0 locked=1 node=0000000000000014 kid=4eb2c0c75e21666163c4806717d0b5f4ae9a60de3baf43275ec62d96e6890cbb serial=520 devcert_sha256=6fd08976c669fdc8424935a6998dba61f41f5fad080b14faa10ff0aa8995f6ed fw=1
[2026-09-29T04:57:18.369+00:00] >> status
[2026-09-29T04:57:18.748+00:00] I (6663) RouteLoomSdkv1: console stack free=8164
[2026-09-29T04:57:18.849+00:00] OK identity=sealed pending=0 locked=1 node=0000000000000014 kid=4eb2c0c75e21666163c4806717d0b5f4ae9a60de3baf43275ec62d96e6890cbb serial=520 devcert_sha256=6fd08976c669fdc8424935a6998dba61f41f5fad080b14faa10ff0aa8995f6ed fw=1
[2026-09-29T04:57:21.950+00:00] >> status
[2026-09-29T04:57:22.332+00:00] I (3479) RouteLoomSdkv1: console stack free=8164
[2026-09-29T04:57:22.433+00:00] OK identity=sealed pending=0 locked=1 node=0000000000000014 kid=4eb2c0c75e21666163c4806717d0b5f4ae9a60de3baf43275ec62d96e6890cbb serial=520 devcert_sha256=6fd08976c669fdc8424935a6998dba61f41f5fad080b14faa10ff0aa8995f6ed fw=1
