/home/sahur/.local/bin/esptool --chip esp32c6 --port /dev/serial/by-id/usb-Espressif_USB_JTAG_serial_debug_unit_10:BD:A3:B1:48:A8-if00 -b 460800 --after no-reset write-flash --flash-mode keep --flash-freq keep --flash-size keep 0x10000 /home/sahur/orca/workspaces/RouteLoom/v2-h0/artifacts/hil/images/h0r-ref-c6-member-sleep/images/ota_data_initial.bin 0x40000 /home/sahur/orca/workspaces/RouteLoom/v2-h0/artifacts/hil/images/h0r-ref-c6-member-sleep/images/application.bin
esptool v5.4.0
Serial port /dev/serial/by-id/usb-Espressif_USB_JTAG_serial_debug_unit_10:BD:A3:B1:48:A8-if00:
Connecting...
Connected to ESP32-C6 on /dev/serial/by-id/usb-Espressif_USB_JTAG_serial_debug_unit_10:BD:A3:B1:48:A8-if00:
Chip type:          ESP32-C6FH4 (QFN32) (revision v0.2)
Features:           Wi-Fi 6, BT 5 (LE), IEEE802.15.4, Single Core + LP Core, 160MHz, Embedded Flash 4MB
Crystal frequency:  40MHz
USB mode:           USB-Serial/JTAG
MAC:                10:bd:a3:ff:fe:b1:48:a8
BASE MAC:           10:bd:a3:b1:48:a8
MAC_EXT:            ff:fe

Uploading stub flasher...
Running stub flasher...
Stub flasher running.
Changing baud rate to 460800...
Changed.

Configuring flash size...

Writing '/home/sahur/orca/workspaces/RouteLoom/v2-h0/artifacts/hil/images/h0r-ref-c6-member-sleep/images/ota_data_initial.bin' at 0x00010000...
Flash will be erased from 0x00010000 to 0x00011fff...
Compressed 8192 bytes to 31...
Writing at 0x00012000 ━━━━━━━━━━━━━━━━━━━━━━━━━━━━━━ 100.0% 31B/31B [0s] 
Wrote 8192 bytes (31 compressed) at 0x00010000 in 0.0 seconds (5003.8 kbit/s).
Verifying written data...
Hash of data verified.

Writing '/home/sahur/orca/workspaces/RouteLoom/v2-h0/artifacts/hil/images/h0r-ref-c6-member-sleep/images/application.bin' at 0x00040000...
Flash will be erased from 0x00040000 to 0x00199fff...
Compressed 1414880 bytes to 836612...
Writing at 0x0004c1a6 ╸                                2.0% 16.00kB/817.00kB [0s] 
Writing at 0x0005811f ━                                3.9% 32.00kB/817.00kB [0s] 
Writing at 0x0005f339 ━╸                               5.9% 48.00kB/817.00kB [0s] 
Writing at 0x00068008 ━━                               7.8% 64.00kB/817.00kB [0s] 
Writing at 0x0006e531 ━━╸                              9.8% 80.00kB/817.00kB [1s] 
Writing at 0x0007514a ━━━╸                            11.8% 96.00kB/817.00kB [1s] 
Writing at 0x0007cb54 ━━━━                            13.7% 112.00kB/817.00kB [1s] 
Writing at 0x00083745 ━━━━╸                           15.7% 128.00kB/817.00kB [1s] 
Writing at 0x0008a5bd ━━━━━                           17.6% 144.00kB/817.00kB [1s] 
Writing at 0x0009146c ━━━━━╸                          19.6% 160.00kB/817.00kB [2s] 
Writing at 0x00097e22 ━━━━━━                          21.5% 176.00kB/817.00kB [2s] 
Writing at 0x0009e577 ━━━━━━━                         23.5% 192.00kB/817.00kB [2s] 
Writing at 0x000a5257 ━━━━━━━╸                        25.5% 208.00kB/817.00kB [2s] 
Writing at 0x000abe5c ━━━━━━━━                        27.4% 224.00kB/817.00kB [2s] 
Writing at 0x000b2456 ━━━━━━━━╸                       29.4% 240.00kB/817.00kB [2s] 
Writing at 0x000b8c1c ━━━━━━━━━                       31.3% 256.00kB/817.00kB [2s] 
Writing at 0x000bf49f ━━━━━━━━━╸                      33.3% 272.00kB/817.00kB [2s] 
Writing at 0x000c5e1b ━━━━━━━━━━╸                     35.3% 288.00kB/817.00kB [2s] 
Writing at 0x000cc776 ━━━━━━━━━━━                     37.2% 304.00kB/817.00kB [2s] 
Writing at 0x000d2f9e ━━━━━━━━━━━╸                    39.2% 320.00kB/817.00kB [3s] 
Writing at 0x000da191 ━━━━━━━━━━━━                    41.1% 336.00kB/817.00kB [3s] 
Writing at 0x000e0b6d ━━━━━━━━━━━━╸                   43.1% 352.00kB/817.00kB [3s] 
Writing at 0x000e721e ━━━━━━━━━━━━━╸                  45.0% 368.00kB/817.00kB [3s] 
Writing at 0x000ee6b7 ━━━━━━━━━━━━━━                  47.0% 384.00kB/817.00kB [3s] 
Writing at 0x000f5978 ━━━━━━━━━━━━━━╸                 49.0% 400.00kB/817.00kB [3s] 
Writing at 0x000fc1d0 ━━━━━━━━━━━━━━━                 50.9% 416.00kB/817.00kB [3s] 
Writing at 0x001024c8 ━━━━━━━━━━━━━━━╸                52.9% 432.00kB/817.00kB [3s] 
Writing at 0x0010916a ━━━━━━━━━━━━━━━━                54.8% 448.00kB/817.00kB [3s] 
Writing at 0x00110460 ━━━━━━━━━━━━━━━━━               56.8% 464.00kB/817.00kB [3s] 
Writing at 0x00117509 ━━━━━━━━━━━━━━━━━╸              58.8% 480.00kB/817.00kB [3s] 
Writing at 0x0011df5c ━━━━━━━━━━━━━━━━━━              60.7% 496.00kB/817.00kB [3s] 
Writing at 0x00123bb7 ━━━━━━━━━━━━━━━━━━╸             62.7% 512.00kB/817.00kB [3s] 
Writing at 0x00129bde ━━━━━━━━━━━━━━━━━━━             64.6% 528.00kB/817.00kB [3s] 
Writing at 0x0012f7ba ━━━━━━━━━━━━━━━━━━━╸            66.6% 544.00kB/817.00kB [3s] 
Writing at 0x0013510f ━━━━━━━━━━━━━━━━━━━━╸           68.5% 560.00kB/817.00kB [3s] 
Writing at 0x0013b0ee ━━━━━━━━━━━━━━━━━━━━━           70.5% 576.00kB/817.00kB [4s] 
Writing at 0x00141dce ━━━━━━━━━━━━━━━━━━━━━╸          72.5% 592.00kB/817.00kB [4s] 
Writing at 0x00147aac ━━━━━━━━━━━━━━━━━━━━━━          74.4% 608.00kB/817.00kB [4s] 
Writing at 0x0014d98e ━━━━━━━━━━━━━━━━━━━━━━╸         76.4% 624.00kB/817.00kB [4s] 
Writing at 0x00153a0b ━━━━━━━━━━━━━━━━━━━━━━━╸        78.3% 640.00kB/817.00kB [4s] 
Writing at 0x00159fb1 ━━━━━━━━━━━━━━━━━━━━━━━━        80.3% 656.00kB/817.00kB [4s] 
Writing at 0x0015fcbf ━━━━━━━━━━━━━━━━━━━━━━━━╸       82.3% 672.00kB/817.00kB [4s] 
Writing at 0x00165bbc ━━━━━━━━━━━━━━━━━━━━━━━━━       84.2% 688.00kB/817.00kB [4s] 
Writing at 0x0016bb58 ━━━━━━━━━━━━━━━━━━━━━━━━━╸      86.2% 704.00kB/817.00kB [4s] 
Writing at 0x001720b8 ━━━━━━━━━━━━━━━━━━━━━━━━━━      88.1% 720.00kB/817.00kB [4s] 
Writing at 0x00178477 ━━━━━━━━━━━━━━━━━━━━━━━━━━━     90.1% 736.00kB/817.00kB [4s] 
Writing at 0x0017dff8 ━━━━━━━━━━━━━━━━━━━━━━━━━━━╸    92.0% 752.00kB/817.00kB [4s] 
Writing at 0x00184da5 ━━━━━━━━━━━━━━━━━━━━━━━━━━━━    94.0% 768.00kB/817.00kB [4s] 
Writing at 0x0018b0c4 ━━━━━━━━━━━━━━━━━━━━━━━━━━━━╸   96.0% 784.00kB/817.00kB [4s] 
Writing at 0x00190afd ━━━━━━━━━━━━━━━━━━━━━━━━━━━━━   97.9% 800.00kB/817.00kB [4s] 
Writing at 0x00198bbd ━━━━━━━━━━━━━━━━━━━━━━━━━━━━━╸  99.9% 816.00kB/817.00kB [5s] 
Writing at 0x001996e0 ━━━━━━━━━━━━━━━━━━━━━━━━━━━━━━ 100.0% 817.00kB/817.00kB [5s] 
Wrote 1414880 bytes (836612 compressed) at 0x00040000 in 5.1 seconds (2209.1 kbit/s).
Verifying written data...
Hash of data verified.

Staying in bootloader.
