$ /home/sahur/.local/bin/esptool --chip esp32c3 --port /dev/serial/by-id/usb-Espressif_USB_JTAG_serial_debug_unit_94:A9:90:7A:B5:60-if00 --baud 460800 --before default-reset --after hard-reset write-flash --flash-mode dio --flash-size 2MB --flash-freq 80m 0x10000 artifacts/hil/2026-09-26/images/full-r1-console-node2/build/routeloom_reference_node.bin
esptool v5.4.0
Serial port /dev/serial/by-id/usb-Espressif_USB_JTAG_serial_debug_unit_94:A9:90:7A:B5:60-if00:
Connecting...
Connected to ESP32-C3 on /dev/serial/by-id/usb-Espressif_USB_JTAG_serial_debug_unit_94:A9:90:7A:B5:60-if00:
Chip type:          ESP32-C3 (QFN32) (revision v0.4)
Features:           Wi-Fi, BT 5 (LE), Single Core, 160MHz, Embedded Flash 4MB (XMC)
Crystal frequency:  40MHz
USB mode:           USB-Serial/JTAG
MAC:                94:a9:90:7a:b5:60

Uploading stub flasher...
Running stub flasher...
Stub flasher running.
Changing baud rate to 460800...
Changed.

Configuring flash size...
Flash will be erased from 0x00010000 to 0x0005dfff...
Compressed 315712 bytes to 177553...
Writing at 0x0001ada5 ━━╸                              9.2% 16.00kB/173.39kB [0s] 
Writing at 0x00022caf ━━━━━╸                          18.5% 32.00kB/173.39kB [0s] 
Writing at 0x00029a42 ━━━━━━━━                        27.7% 48.00kB/173.39kB [0s] 
Writing at 0x00030a87 ━━━━━━━━━━━                     36.9% 64.00kB/173.39kB [1s] 
Writing at 0x00037505 ━━━━━━━━━━━━━╸                  46.1% 80.00kB/173.39kB [1s] 
Writing at 0x0003e234 ━━━━━━━━━━━━━━━━╸               55.4% 96.00kB/173.39kB [1s] 
Writing at 0x00044174 ━━━━━━━━━━━━━━━━━━━             64.6% 112.00kB/173.39kB [1s] 
Writing at 0x0004a450 ━━━━━━━━━━━━━━━━━━━━━━          73.8% 128.00kB/173.39kB [1s] 
Writing at 0x000502e0 ━━━━━━━━━━━━━━━━━━━━━━━━╸       83.0% 144.00kB/173.39kB [1s] 
Writing at 0x00056e85 ━━━━━━━━━━━━━━━━━━━━━━━━━━━╸    92.3% 160.00kB/173.39kB [2s] 
Writing at 0x0005d140 ━━━━━━━━━━━━━━━━━━━━━━━━━━━━━━ 100.0% 173.39kB/173.39kB [2s] 
Wrote 315712 bytes (177553 compressed) at 0x00010000 in 2.3 seconds (1120.9 kbit/s).
Verifying written data...
Hash of data verified.

Hard resetting via RTS pin...
