$ /home/sahur/.local/bin/esptool --chip esp32c6 --port /dev/serial/by-id/usb-Espressif_USB_JTAG_serial_debug_unit_10:BD:A3:B1:47:54-if00 --baud 460800 --before default-reset --after hard-reset write-flash --flash-mode dio --flash-size 2MB --flash-freq 80m 0x0 artifacts/hil/2026-09-26/images/ref-c-c6-devram/build/bootloader/bootloader.bin 0x8000 artifacts/hil/2026-09-26/images/ref-c-c6-devram/build/partition_table/partition-table.bin 0x10000 artifacts/hil/2026-09-26/images/ref-c-c6-devram/build/routeloom_reference_node.bin
esptool v5.4.0
Serial port /dev/serial/by-id/usb-Espressif_USB_JTAG_serial_debug_unit_10:BD:A3:B1:47:54-if00:
Connecting...
Connected to ESP32-C6 on /dev/serial/by-id/usb-Espressif_USB_JTAG_serial_debug_unit_10:BD:A3:B1:47:54-if00:
Chip type:          ESP32-C6FH4 (QFN32) (revision v0.2)
Features:           Wi-Fi 6, BT 5 (LE), IEEE802.15.4, Single Core + LP Core, 160MHz, Embedded Flash 4MB
Crystal frequency:  40MHz
USB mode:           USB-Serial/JTAG
MAC:                10:bd:a3:ff:fe:b1:47:54
BASE MAC:           10:bd:a3:b1:47:54
MAC_EXT:            ff:fe

Uploading stub flasher...
Running stub flasher...
Stub flasher running.
Changing baud rate to 460800...
Changed.

Configuring flash size...

Writing 'artifacts/hil/2026-09-26/images/ref-c-c6-devram/build/bootloader/bootloader.bin' at 0x00000000...
SHA digest in image updated.
Flash will be erased from 0x00000000 to 0x00005fff...
Compressed 22400 bytes to 14063...
Writing at 0x00005780 ━━━━━━━━━━━━━━━━━━━━━━━━━━━━━━ 100.0% 13.73kB/13.73kB [0s] 
Wrote 22400 bytes (14063 compressed) at 0x00000000 in 0.2 seconds (1074.0 kbit/s).
Verifying written data...
Hash of data verified.

Writing 'artifacts/hil/2026-09-26/images/ref-c-c6-devram/build/partition_table/partition-table.bin' at 0x00008000...
Flash will be erased from 0x00008000 to 0x00008fff...
Compressed 3072 bytes to 118...
Writing at 0x00008c00 ━━━━━━━━━━━━━━━━━━━━━━━━━━━━━━ 100.0% 118B/118B [0s] 
Wrote 3072 bytes (118 compressed) at 0x00008000 in 0.0 seconds (6007.3 kbit/s).
Verifying written data...
Hash of data verified.

Writing 'artifacts/hil/2026-09-26/images/ref-c-c6-devram/build/routeloom_reference_node.bin' at 0x00010000...
Flash will be erased from 0x00010000 to 0x00184fff...
Compressed 1527744 bytes to 900517...
Writing at 0x0001c321 ╸                                1.8% 16.00kB/879.41kB [0s] 
Writing at 0x00028394 ━                                3.6% 32.00kB/879.41kB [0s] 
Writing at 0x0002f610 ━╸                               5.5% 48.00kB/879.41kB [0s] 
Writing at 0x000397c6 ━━                               7.3% 64.00kB/879.41kB [0s] 
Writing at 0x0003f9f8 ━━╸                              9.1% 80.00kB/879.41kB [1s] 
Writing at 0x00046aa0 ━━━                             10.9% 96.00kB/879.41kB [1s] 
Writing at 0x0004dda5 ━━━╸                            12.7% 112.00kB/879.41kB [1s] 
Writing at 0x00054d38 ━━━━                            14.6% 128.00kB/879.41kB [1s] 
Writing at 0x0005b6ac ━━━━╸                           16.4% 144.00kB/879.41kB [1s] 
Writing at 0x000629a6 ━━━━━                           18.2% 160.00kB/879.41kB [1s] 
Writing at 0x0006938d ━━━━━━                          20.0% 176.00kB/879.41kB [2s] 
Writing at 0x00070098 ━━━━━━╸                         21.8% 192.00kB/879.41kB [2s] 
Writing at 0x00076843 ━━━━━━━                         23.7% 208.00kB/879.41kB [2s] 
Writing at 0x0007d3eb ━━━━━━━╸                        25.5% 224.00kB/879.41kB [2s] 
Writing at 0x00083868 ━━━━━━━━                        27.3% 240.00kB/879.41kB [2s] 
Writing at 0x0008a23c ━━━━━━━━╸                       29.1% 256.00kB/879.41kB [2s] 
Writing at 0x0009084f ━━━━━━━━━                       30.9% 272.00kB/879.41kB [2s] 
Writing at 0x000974e8 ━━━━━━━━━╸                      32.7% 288.00kB/879.41kB [2s] 
Writing at 0x0009dc3f ━━━━━━━━━━                      34.6% 304.00kB/879.41kB [2s] 
Writing at 0x000a4937 ━━━━━━━━━━╸                     36.4% 320.00kB/879.41kB [2s] 
Writing at 0x000ab3b0 ━━━━━━━━━━━                     38.2% 336.00kB/879.41kB [2s] 
Writing at 0x000b1a74 ━━━━━━━━━━━━                    40.0% 352.00kB/879.41kB [3s] 
Writing at 0x000b8e68 ━━━━━━━━━━━━╸                   41.8% 368.00kB/879.41kB [3s] 
Writing at 0x000bfdfd ━━━━━━━━━━━━━                   43.7% 384.00kB/879.41kB [3s] 
Writing at 0x000c65ef ━━━━━━━━━━━━━╸                  45.5% 400.00kB/879.41kB [3s] 
Writing at 0x000ccd8c ━━━━━━━━━━━━━━                  47.3% 416.00kB/879.41kB [3s] 
Writing at 0x000d4806 ━━━━━━━━━━━━━━╸                 49.1% 432.00kB/879.41kB [3s] 
Writing at 0x000dbaa1 ━━━━━━━━━━━━━━━                 50.9% 448.00kB/879.41kB [3s] 
Writing at 0x000e2a12 ━━━━━━━━━━━━━━━╸                52.8% 464.00kB/879.41kB [3s] 
Writing at 0x000e8708 ━━━━━━━━━━━━━━━━                54.6% 480.00kB/879.41kB [3s] 
Writing at 0x000ee5cb ━━━━━━━━━━━━━━━━╸               56.4% 496.00kB/879.41kB [3s] 
Writing at 0x000f4401 ━━━━━━━━━━━━━━━━━               58.2% 512.00kB/879.41kB [3s] 
Writing at 0x000f9d23 ━━━━━━━━━━━━━━━━━━              60.0% 528.00kB/879.41kB [3s] 
Writing at 0x000ffd57 ━━━━━━━━━━━━━━━━━━╸             61.9% 544.00kB/879.41kB [3s] 
Writing at 0x001069d5 ━━━━━━━━━━━━━━━━━━━             63.7% 560.00kB/879.41kB [3s] 
Writing at 0x0010c804 ━━━━━━━━━━━━━━━━━━━╸            65.5% 576.00kB/879.41kB [3s] 
Writing at 0x00112434 ━━━━━━━━━━━━━━━━━━━━            67.3% 592.00kB/879.41kB [3s] 
Writing at 0x0011832e ━━━━━━━━━━━━━━━━━━━━╸           69.1% 608.00kB/879.41kB [3s] 
Writing at 0x0011e4a9 ━━━━━━━━━━━━━━━━━━━━━           71.0% 624.00kB/879.41kB [3s] 
Writing at 0x00124a5a ━━━━━━━━━━━━━━━━━━━━━╸          72.8% 640.00kB/879.41kB [3s] 
Writing at 0x0012a90e ━━━━━━━━━━━━━━━━━━━━━━          74.6% 656.00kB/879.41kB [4s] 
Writing at 0x001306a5 ━━━━━━━━━━━━━━━━━━━━━━╸         76.4% 672.00kB/879.41kB [4s] 
Writing at 0x00136730 ━━━━━━━━━━━━━━━━━━━━━━━         78.2% 688.00kB/879.41kB [4s] 
Writing at 0x0013cbf7 ━━━━━━━━━━━━━━━━━━━━━━━━        80.1% 704.00kB/879.41kB [4s] 
Writing at 0x00143c77 ━━━━━━━━━━━━━━━━━━━━━━━━╸       81.9% 720.00kB/879.41kB [4s] 
Writing at 0x0014a8da ━━━━━━━━━━━━━━━━━━━━━━━━━       83.7% 736.00kB/879.41kB [4s] 
Writing at 0x00151a24 ━━━━━━━━━━━━━━━━━━━━━━━━━╸      85.5% 752.00kB/879.41kB [4s] 
Writing at 0x00157dec ━━━━━━━━━━━━━━━━━━━━━━━━━━      87.3% 768.00kB/879.41kB [4s] 
Writing at 0x0015e204 ━━━━━━━━━━━━━━━━━━━━━━━━━━╸     89.2% 784.00kB/879.41kB [4s] 
Writing at 0x001644ad ━━━━━━━━━━━━━━━━━━━━━━━━━━━     91.0% 800.00kB/879.41kB [4s] 
Writing at 0x0016a2b2 ━━━━━━━━━━━━━━━━━━━━━━━━━━━╸    92.8% 816.00kB/879.41kB [4s] 
Writing at 0x00171570 ━━━━━━━━━━━━━━━━━━━━━━━━━━━━    94.6% 832.00kB/879.41kB [4s] 
Writing at 0x00177530 ━━━━━━━━━━━━━━━━━━━━━━━━━━━━╸   96.4% 848.00kB/879.41kB [4s] 
Writing at 0x0017d1b7 ━━━━━━━━━━━━━━━━━━━━━━━━━━━━━   98.2% 864.00kB/879.41kB [4s] 
Writing at 0x00184fc0 ━━━━━━━━━━━━━━━━━━━━━━━━━━━━━━ 100.0% 879.41kB/879.41kB [4s] 
Wrote 1527744 bytes (900517 compressed) at 0x00010000 in 4.9 seconds (2519.4 kbit/s).
Verifying written data...
Hash of data verified.

Hard resetting via RTS pin...
