/home/sahur/.local/bin/esptool --chip esp32c6 --port /dev/serial/by-id/usb-Espressif_USB_JTAG_serial_debug_unit_10:BD:A3:B1:47:54-if00 -b 460800 --after no-reset write-flash --flash-mode keep --flash-freq keep --flash-size keep 0x10000 /home/sahur/orca/workspaces/RouteLoom/v2-stab-b/artifacts/hil/images/sb-ep-plan/images/ota_data_initial.bin 0x40000 /home/sahur/orca/workspaces/RouteLoom/v2-stab-b/artifacts/hil/images/sb-ep-plan/images/application.bin
esptool v5.4.0
Serial port /dev/serial/by-id/usb-Espressif_USB_JTAG_serial_debug_unit_10:BD:A3:B1:47:54-if00:
Connecting...
Connected to ESP32-C6 on /dev/serial/by-id/usb-Espressif_USB_JTAG_serial_debug_unit_10:BD:A3:B1:47:54-if00:
Chip type:          ESP32-C6FH4 (QFN32) (revision v0.2)
Features:           Wi-Fi 6, BT 5 (LE), IEEE802.15.4, Single Core + LP Core, 160MHz, Embedded Flash 4MB
Crystal frequency:  40MHz
USB mode:           USB-Serial/JTAG
MAC:                10:bd:a3:ff:fe:b1:47:54
BASE MAC:           10:bd:a3:b1:47:54
MAC_EXT:            ff:fe

Uploading stub flasher...
Running stub flasher...
Stub flasher running.
Changing baud rate to 460800...
Changed.

Configuring flash size...

Writing '/home/sahur/orca/workspaces/RouteLoom/v2-stab-b/artifacts/hil/images/sb-ep-plan/images/ota_data_initial.bin' at 0x00010000...
Flash will be erased from 0x00010000 to 0x00011fff...
Compressed 8192 bytes to 31...
Writing at 0x00012000 ━━━━━━━━━━━━━━━━━━━━━━━━━━━━━━ 100.0% 31B/31B [0s] 
Wrote 8192 bytes (31 compressed) at 0x00010000 in 0.0 seconds (4434.8 kbit/s).
Verifying written data...
Hash of data verified.

Writing '/home/sahur/orca/workspaces/RouteLoom/v2-stab-b/artifacts/hil/images/sb-ep-plan/images/application.bin' at 0x00040000...
Flash will be erased from 0x00040000 to 0x0017afff...
Compressed 1288944 bytes to 827955...
Writing at 0x0004bf60 ╸                                2.0% 16.00kB/808.55kB [0s] 
Writing at 0x00057b27 ━                                4.0% 32.00kB/808.55kB [0s] 
Writing at 0x0005ed61 ━╸                               5.9% 48.00kB/808.55kB [0s] 
Writing at 0x000678d8 ━━                               7.9% 64.00kB/808.55kB [0s] 
Writing at 0x0006d3e0 ━━╸                              9.9% 80.00kB/808.55kB [0s] 
Writing at 0x000730ba ━━━╸                            11.9% 96.00kB/808.55kB [1s] 
Writing at 0x00079891 ━━━━                            13.9% 112.00kB/808.55kB [1s] 
Writing at 0x0007f407 ━━━━╸                           15.8% 128.00kB/808.55kB [1s] 
Writing at 0x0008519a ━━━━━                           17.8% 144.00kB/808.55kB [1s] 
Writing at 0x0008ae03 ━━━━━╸                          19.8% 160.00kB/808.55kB [1s] 
Writing at 0x00091064 ━━━━━━╸                         21.8% 176.00kB/808.55kB [2s] 
Writing at 0x00096d14 ━━━━━━━                         23.7% 192.00kB/808.55kB [2s] 
Writing at 0x0009c907 ━━━━━━━╸                        25.7% 208.00kB/808.55kB [2s] 
Writing at 0x000a23ce ━━━━━━━━                        27.7% 224.00kB/808.55kB [2s] 
Writing at 0x000a830b ━━━━━━━━╸                       29.7% 240.00kB/808.55kB [2s] 
Writing at 0x000ad9d7 ━━━━━━━━━                       31.7% 256.00kB/808.55kB [2s] 
Writing at 0x000b33a6 ━━━━━━━━━━                      33.6% 272.00kB/808.55kB [2s] 
Writing at 0x000b8db4 ━━━━━━━━━━╸                     35.6% 288.00kB/808.55kB [2s] 
Writing at 0x000bea5a ━━━━━━━━━━━                     37.6% 304.00kB/808.55kB [2s] 
Writing at 0x000c4c77 ━━━━━━━━━━━╸                    39.6% 320.00kB/808.55kB [2s] 
Writing at 0x000ca7c0 ━━━━━━━━━━━━                    41.6% 336.00kB/808.55kB [2s] 
Writing at 0x000d021e ━━━━━━━━━━━━━                   43.5% 352.00kB/808.55kB [2s] 
Writing at 0x000d5bae ━━━━━━━━━━━━━╸                  45.5% 368.00kB/808.55kB [2s] 
Writing at 0x000dba9e ━━━━━━━━━━━━━━                  47.5% 384.00kB/808.55kB [3s] 
Writing at 0x000e19bd ━━━━━━━━━━━━━━╸                 49.5% 400.00kB/808.55kB [3s] 
Writing at 0x000e7cf9 ━━━━━━━━━━━━━━━                 51.5% 416.00kB/808.55kB [3s] 
Writing at 0x000ed6cf ━━━━━━━━━━━━━━━━                53.4% 432.00kB/808.55kB [3s] 
Writing at 0x000f345b ━━━━━━━━━━━━━━━━╸               55.4% 448.00kB/808.55kB [3s] 
Writing at 0x000f93e3 ━━━━━━━━━━━━━━━━━               57.4% 464.00kB/808.55kB [3s] 
Writing at 0x000ff2dd ━━━━━━━━━━━━━━━━━╸              59.4% 480.00kB/808.55kB [3s] 
Writing at 0x0010585d ━━━━━━━━━━━━━━━━━━              61.3% 496.00kB/808.55kB [3s] 
Writing at 0x0010b5e0 ━━━━━━━━━━━━━━━━━━╸             63.3% 512.00kB/808.55kB [3s] 
Writing at 0x0011141f ━━━━━━━━━━━━━━━━━━━╸            65.3% 528.00kB/808.55kB [3s] 
Writing at 0x00116fd3 ━━━━━━━━━━━━━━━━━━━━            67.3% 544.00kB/808.55kB [3s] 
Writing at 0x0011c936 ━━━━━━━━━━━━━━━━━━━━╸           69.3% 560.00kB/808.55kB [3s] 
Writing at 0x001228a8 ━━━━━━━━━━━━━━━━━━━━━           71.2% 576.00kB/808.55kB [3s] 
Writing at 0x001295e5 ━━━━━━━━━━━━━━━━━━━━━╸          73.2% 592.00kB/808.55kB [3s] 
Writing at 0x0012f28a ━━━━━━━━━━━━━━━━━━━━━━╸         75.2% 608.00kB/808.55kB [3s] 
Writing at 0x00135182 ━━━━━━━━━━━━━━━━━━━━━━━         77.2% 624.00kB/808.55kB [3s] 
Writing at 0x0013b1b1 ━━━━━━━━━━━━━━━━━━━━━━━╸        79.2% 640.00kB/808.55kB [4s] 
Writing at 0x001416f1 ━━━━━━━━━━━━━━━━━━━━━━━━        81.1% 656.00kB/808.55kB [4s] 
Writing at 0x00147467 ━━━━━━━━━━━━━━━━━━━━━━━━╸       83.1% 672.00kB/808.55kB [4s] 
Writing at 0x0014d4c0 ━━━━━━━━━━━━━━━━━━━━━━━━━╸      85.1% 688.00kB/808.55kB [4s] 
Writing at 0x001532fe ━━━━━━━━━━━━━━━━━━━━━━━━━━      87.1% 704.00kB/808.55kB [4s] 
Writing at 0x00158f28 ━━━━━━━━━━━━━━━━━━━━━━━━━━╸     89.0% 720.00kB/808.55kB [4s] 
Writing at 0x0015e624 ━━━━━━━━━━━━━━━━━━━━━━━━━━━     91.0% 736.00kB/808.55kB [4s] 
Writing at 0x00163bc8 ━━━━━━━━━━━━━━━━━━━━━━━━━━━╸    93.0% 752.00kB/808.55kB [4s] 
Writing at 0x0016a0f0 ━━━━━━━━━━━━━━━━━━━━━━━━━━━━    95.0% 768.00kB/808.55kB [4s] 
Writing at 0x0016fa2f ━━━━━━━━━━━━━━━━━━━━━━━━━━━━━   97.0% 784.00kB/808.55kB [4s] 
Writing at 0x00175693 ━━━━━━━━━━━━━━━━━━━━━━━━━━━━━╸  98.9% 800.00kB/808.55kB [4s] 
Writing at 0x0017aaf0 ━━━━━━━━━━━━━━━━━━━━━━━━━━━━━━ 100.0% 808.55kB/808.55kB [4s] 
Wrote 1288944 bytes (827955 compressed) at 0x00040000 in 4.8 seconds (2136.2 kbit/s).
Verifying written data...
Hash of data verified.

Staying in bootloader.
