/home/sahur/.local/bin/esptool --chip esp32c6 --port /dev/serial/by-id/usb-Espressif_USB_JTAG_serial_debug_unit_10:BD:A3:B1:47:54-if00 -b 460800 --after no-reset write-flash --flash-mode keep --flash-freq keep --flash-size keep 0x10000 /home/sahur/orca/workspaces/RouteLoom/v2-h0/artifacts/hil/images/h0r-c6-n3-devram-up/images/ota_data_initial.bin 0x40000 /home/sahur/orca/workspaces/RouteLoom/v2-h0/artifacts/hil/images/h0r-c6-n3-devram-up/images/application.bin
esptool v5.4.0
Serial port /dev/serial/by-id/usb-Espressif_USB_JTAG_serial_debug_unit_10:BD:A3:B1:47:54-if00:
Connecting...
Connected to ESP32-C6 on /dev/serial/by-id/usb-Espressif_USB_JTAG_serial_debug_unit_10:BD:A3:B1:47:54-if00:
Chip type:          ESP32-C6FH4 (QFN32) (revision v0.2)
Features:           Wi-Fi 6, BT 5 (LE), IEEE802.15.4, Single Core + LP Core, 160MHz, Embedded Flash 4MB
Crystal frequency:  40MHz
USB mode:           USB-Serial/JTAG
MAC:                10:bd:a3:ff:fe:b1:47:54
BASE MAC:           10:bd:a3:b1:47:54
MAC_EXT:            ff:fe

Uploading stub flasher...
Running stub flasher...
Stub flasher running.
Changing baud rate to 460800...
Changed.

Configuring flash size...

Writing '/home/sahur/orca/workspaces/RouteLoom/v2-h0/artifacts/hil/images/h0r-c6-n3-devram-up/images/ota_data_initial.bin' at 0x00010000...
Flash will be erased from 0x00010000 to 0x00011fff...
Compressed 8192 bytes to 31...
Writing at 0x00012000 ━━━━━━━━━━━━━━━━━━━━━━━━━━━━━━ 100.0% 31B/31B [0s] 
Wrote 8192 bytes (31 compressed) at 0x00010000 in 0.0 seconds (4364.3 kbit/s).
Verifying written data...
Hash of data verified.

Writing '/home/sahur/orca/workspaces/RouteLoom/v2-h0/artifacts/hil/images/h0r-c6-n3-devram-up/images/application.bin' at 0x00040000...
Flash will be erased from 0x00040000 to 0x00196fff...
Compressed 1403936 bytes to 831100...
Writing at 0x0004c1a5 ╸                                2.0% 16.00kB/811.62kB [0s] 
Writing at 0x00058084 ━                                3.9% 32.00kB/811.62kB [0s] 
Writing at 0x0005f10a ━╸                               5.9% 48.00kB/811.62kB [0s] 
Writing at 0x00067d76 ━━                               7.9% 64.00kB/811.62kB [0s] 
Writing at 0x0006e389 ━━╸                              9.9% 80.00kB/811.62kB [0s] 
Writing at 0x00074e60 ━━━╸                            11.8% 96.00kB/811.62kB [1s] 
Writing at 0x0007c88c ━━━━                            13.8% 112.00kB/811.62kB [1s] 
Writing at 0x000833c9 ━━━━╸                           15.8% 128.00kB/811.62kB [1s] 
Writing at 0x0008a204 ━━━━━                           17.7% 144.00kB/811.62kB [1s] 
Writing at 0x00090fbe ━━━━━╸                          19.7% 160.00kB/811.62kB [2s] 
Writing at 0x00097957 ━━━━━━╸                         21.7% 176.00kB/811.62kB [2s] 
Writing at 0x0009e52c ━━━━━━━                         23.7% 192.00kB/811.62kB [2s] 
Writing at 0x000a4e14 ━━━━━━━╸                        25.6% 208.00kB/811.62kB [2s] 
Writing at 0x000aba89 ━━━━━━━━                        27.6% 224.00kB/811.62kB [2s] 
Writing at 0x000b1ffe ━━━━━━━━╸                       29.6% 240.00kB/811.62kB [2s] 
Writing at 0x000b86b2 ━━━━━━━━━                       31.5% 256.00kB/811.62kB [2s] 
Writing at 0x000befe6 ━━━━━━━━━━                      33.5% 272.00kB/811.62kB [2s] 
Writing at 0x000c5a1c ━━━━━━━━━━╸                     35.5% 288.00kB/811.62kB [2s] 
Writing at 0x000cc233 ━━━━━━━━━━━                     37.5% 304.00kB/811.62kB [2s] 
Writing at 0x000d2cbe ━━━━━━━━━━━╸                    39.4% 320.00kB/811.62kB [2s] 
Writing at 0x000d967b ━━━━━━━━━━━━                    41.4% 336.00kB/811.62kB [3s] 
Writing at 0x000dfd96 ━━━━━━━━━━━━━                   43.4% 352.00kB/811.62kB [3s] 
Writing at 0x000e6aa2 ━━━━━━━━━━━━━╸                  45.3% 368.00kB/811.62kB [3s] 
Writing at 0x000edaa6 ━━━━━━━━━━━━━━                  47.3% 384.00kB/811.62kB [3s] 
Writing at 0x000f4c76 ━━━━━━━━━━━━━━╸                 49.3% 400.00kB/811.62kB [3s] 
Writing at 0x000fb1ac ━━━━━━━━━━━━━━━                 51.3% 416.00kB/811.62kB [3s] 
Writing at 0x001018c2 ━━━━━━━━━━━━━━━╸                53.2% 432.00kB/811.62kB [3s] 
Writing at 0x00108b8d ━━━━━━━━━━━━━━━━╸               55.2% 448.00kB/811.62kB [3s] 
Writing at 0x0010ff81 ━━━━━━━━━━━━━━━━━               57.2% 464.00kB/811.62kB [3s] 
Writing at 0x001172d7 ━━━━━━━━━━━━━━━━━╸              59.1% 480.00kB/811.62kB [3s] 
Writing at 0x0011d4d6 ━━━━━━━━━━━━━━━━━━              61.1% 496.00kB/811.62kB [3s] 
Writing at 0x001233d2 ━━━━━━━━━━━━━━━━━━╸             63.1% 512.00kB/811.62kB [3s] 
Writing at 0x001291ae ━━━━━━━━━━━━━━━━━━━╸            65.1% 528.00kB/811.62kB [3s] 
Writing at 0x0012ec9f ━━━━━━━━━━━━━━━━━━━━            67.0% 544.00kB/811.62kB [3s] 
Writing at 0x00134a0e ━━━━━━━━━━━━━━━━━━━━╸           69.0% 560.00kB/811.62kB [4s] 
Writing at 0x0013a7ca ━━━━━━━━━━━━━━━━━━━━━           71.0% 576.00kB/811.62kB [4s] 
Writing at 0x001414f4 ━━━━━━━━━━━━━━━━━━━━━╸          72.9% 592.00kB/811.62kB [4s] 
Writing at 0x001471f4 ━━━━━━━━━━━━━━━━━━━━━━          74.9% 608.00kB/811.62kB [4s] 
Writing at 0x0014cf9f ━━━━━━━━━━━━━━━━━━━━━━━         76.9% 624.00kB/811.62kB [4s] 
Writing at 0x0015322e ━━━━━━━━━━━━━━━━━━━━━━━╸        78.9% 640.00kB/811.62kB [4s] 
Writing at 0x001595c2 ━━━━━━━━━━━━━━━━━━━━━━━━        80.8% 656.00kB/811.62kB [4s] 
Writing at 0x0015f610 ━━━━━━━━━━━━━━━━━━━━━━━━╸       82.8% 672.00kB/811.62kB [4s] 
Writing at 0x00165289 ━━━━━━━━━━━━━━━━━━━━━━━━━       84.8% 688.00kB/811.62kB [4s] 
Writing at 0x0016b685 ━━━━━━━━━━━━━━━━━━━━━━━━━━      86.7% 704.00kB/811.62kB [4s] 
Writing at 0x001717b2 ━━━━━━━━━━━━━━━━━━━━━━━━━━╸     88.7% 720.00kB/811.62kB [4s] 
Writing at 0x00177c0e ━━━━━━━━━━━━━━━━━━━━━━━━━━━     90.7% 736.00kB/811.62kB [4s] 
Writing at 0x0017d5e9 ━━━━━━━━━━━━━━━━━━━━━━━━━━━╸    92.7% 752.00kB/811.62kB [4s] 
Writing at 0x00184b6a ━━━━━━━━━━━━━━━━━━━━━━━━━━━━    94.6% 768.00kB/811.62kB [4s] 
Writing at 0x0018a5fa ━━━━━━━━━━━━━━━━━━━━━━━━━━━━╸   96.6% 784.00kB/811.62kB [4s] 
Writing at 0x001903ce ━━━━━━━━━━━━━━━━━━━━━━━━━━━━━╸  98.6% 800.00kB/811.62kB [5s] 
Writing at 0x00196c20 ━━━━━━━━━━━━━━━━━━━━━━━━━━━━━━ 100.0% 811.62kB/811.62kB [5s] 
Wrote 1403936 bytes (831100 compressed) at 0x00040000 in 5.2 seconds (2171.6 kbit/s).
Verifying written data...
Hash of data verified.

Staying in bootloader.
