$ /home/sahur/.local/bin/esptool --chip esp32c3 --port /dev/serial/by-id/usb-Espressif_USB_JTAG_serial_debug_unit_94:A9:90:7A:26:AC-if00 --baud 460800 --before default-reset --after hard-reset write-flash --flash-mode dio --flash-size 2MB --flash-freq 80m 0x10000 artifacts/hil/2026-09-26/images/full-r1-console-node3/build/routeloom_reference_node.bin
esptool v5.4.0
Serial port /dev/serial/by-id/usb-Espressif_USB_JTAG_serial_debug_unit_94:A9:90:7A:26:AC-if00:
Connecting...
Connected to ESP32-C3 on /dev/serial/by-id/usb-Espressif_USB_JTAG_serial_debug_unit_94:A9:90:7A:26:AC-if00:
Chip type:          ESP32-C3 (QFN32) (revision v0.4)
Features:           Wi-Fi, BT 5 (LE), Single Core, 160MHz, Embedded Flash 4MB (XMC)
Crystal frequency:  40MHz
USB mode:           USB-Serial/JTAG
MAC:                94:a9:90:7a:26:ac

Uploading stub flasher...
Running stub flasher...
Stub flasher running.
Changing baud rate to 460800...
Changed.

Configuring flash size...
Flash will be erased from 0x00010000 to 0x0005dfff...
Compressed 316464 bytes to 177875...
Writing at 0x0001ae3e ━━╸                              9.2% 16.00kB/173.71kB [0s] 
Writing at 0x00022d55 ━━━━━╸                          18.4% 32.00kB/173.71kB [0s] 
Writing at 0x00029b10 ━━━━━━━━                        27.6% 48.00kB/173.71kB [0s] 
Writing at 0x00030ace ━━━━━━━━━━━                     36.8% 64.00kB/173.71kB [1s] 
Writing at 0x0003756a ━━━━━━━━━━━━━╸                  46.1% 80.00kB/173.71kB [1s] 
Writing at 0x0003e2e8 ━━━━━━━━━━━━━━━━╸               55.3% 96.00kB/173.71kB [1s] 
Writing at 0x000442a2 ━━━━━━━━━━━━━━━━━━━             64.5% 112.00kB/173.71kB [1s] 
Writing at 0x0004a596 ━━━━━━━━━━━━━━━━━━━━━━          73.7% 128.00kB/173.71kB [1s] 
Writing at 0x000503fd ━━━━━━━━━━━━━━━━━━━━━━━━╸       82.9% 144.00kB/173.71kB [1s] 
Writing at 0x00056f9d ━━━━━━━━━━━━━━━━━━━━━━━━━━━╸    92.1% 160.00kB/173.71kB [2s] 
Writing at 0x0005d430 ━━━━━━━━━━━━━━━━━━━━━━━━━━━━━━ 100.0% 173.71kB/173.71kB [2s] 
Wrote 316464 bytes (177875 compressed) at 0x00010000 in 2.3 seconds (1086.5 kbit/s).
Verifying written data...
Hash of data verified.

Hard resetting via RTS pin...
