[2026-09-26T15:09:09.272+00:00] ESP-ROM:esp32c3-api1-20210207
[2026-09-26T15:09:09.272+00:00] Build:Feb  7 2021
[2026-09-26T15:09:09.272+00:00] rst:0x15 (USB_UART_CHIP_RESET),boot:0x8 (SPI_FAST_FLASH_BOOT)
[2026-09-26T15:09:09.272+00:00] Saved PC:0x4005880e
[2026-09-26T15:09:09.272+00:00] SPIWP:0xee
[2026-09-26T15:09:09.272+00:00] mode:DIO, clock div:1
[2026-09-26T15:09:09.272+00:00] load:0x3fcd5830,len:0x15a4
[2026-09-26T15:09:09.272+00:00] load:0x403cbf10,len:0xce0
[2026-09-26T15:09:09.272+00:00] load:0x403ce710,len:0x303c
[2026-09-26T15:09:09.272+00:00] entry 0x403cbf1a
[2026-09-26T15:09:09.272+00:00] I (24) boot: ESP-IDF v6.0.3 2nd stage bootloader
[2026-09-26T15:09:09.272+00:00] I (24) boot: compile time Sep 26 2026 09:37:13
[2026-09-26T15:09:09.272+00:00] I (25) boot: chip revision: v0.4
[2026-09-26T15:09:09.272+00:00] I (25) boot: efuse block revision: v1.3
[2026-09-26T15:09:09.272+00:00] I (28) boot.esp32c3: SPI Speed      : 80MHz
[2026-09-26T15:09:09.272+00:00] I (32) boot.esp32c3: SPI Mode       : DIO
[2026-09-26T15:09:09.272+00:00] I (36) boot.esp32c3: SPI Flash Size : 2MB
[2026-09-26T15:09:09.272+00:00] I (39) boot: Enabling RNG early entropy source...
[2026-09-26T15:09:09.272+00:00] I (44) boot: Partition Table:
[2026-09-26T15:09:09.272+00:00] I (46) boot: ## Label            Usage          Type ST Offset   Length
[2026-09-26T15:09:09.272+00:00] I (53) boot:  0 nvs              WiFi data        01 02 00009000 00006000
[2026-09-26T15:09:09.272+00:00] I (59) boot:  1 phy_init         RF data          01 01 0000f000 00001000
[2026-09-26T15:09:09.272+00:00] I (66) boot:  2 factory          factory app      00 00 00010000 00180000
[2026-09-26T15:09:09.272+00:00] I (72) boot:  3 rlsec            WiFi data        01 02 00190000 00020000
[2026-09-26T15:09:09.272+00:00] I (79) boot: End of partition table
[2026-09-26T15:09:09.272+00:00] I (82) esp_image: segment 0: paddr=00010020 vaddr=3c110020 size=21ca4h (138404) map
[2026-09-26T15:09:09.272+00:00] I (112) esp_image: segment 1: paddr=00031ccc vaddr=3fc8e000 size=03404h ( 13316) load
[2026-09-26T15:09:09.272+00:00] I (115) esp_image: segment 2: paddr=000350d8 vaddr=40380000 size=0af40h ( 44864) load
[2026-09-26T15:09:09.272+00:00] I (125) esp_image: segment 3: paddr=00040020 vaddr=42000020 size=10d3b4h (1102772) map
[2026-09-26T15:09:09.272+00:00] I (304) esp_image: segment 4: paddr=0014d3dc vaddr=4038af40 size=03004h ( 12292) load
[2026-09-26T15:09:09.272+00:00] I (307) esp_image: segment 5: paddr=001503e8 vaddr=50000000 size=0001ch (    28) load
[2026-09-26T15:09:09.272+00:00] I (308) esp_image: segment 6: paddr=0015040c vaddr=50000020 size=016b8h (  5816) load
[2026-09-26T15:09:09.272+00:00] I (317) esp_image: segment 7: paddr=00151acc vaddr=500016e0 size=00024h (    36) load
[2026-09-26T15:09:09.272+00:00] I (328) boot: Loaded app from partition at offset 0x10000
[2026-09-26T15:09:09.272+00:00] I (328) boot: Disabling RNG early entropy source...
[2026-09-26T15:09:09.272+00:00] I (345) cpu_start: Unicore app
[2026-09-26T15:09:09.272+00:00] I (354) cpu_start: GPIO 20 and 21 are used as console UART I/O pins
[2026-09-26T15:09:09.272+00:00] I (354) cpu_start: Pro cpu start user code
[2026-09-26T15:09:09.272+00:00] I (354) cpu_start: cpu freq: 160000000 Hz
[2026-09-26T15:09:09.272+00:00] I (356) app_init: Application information:
[2026-09-26T15:09:09.272+00:00] I (360) app_init: Project name:     routeloom_bridge_node
[2026-09-26T15:09:09.272+00:00] I (365) app_init: App version:      1
[2026-09-26T15:09:09.272+00:00] I (368) app_init: Compile time:     Sep 26 2026 11:56:42
[2026-09-26T15:09:09.272+00:00] I (373) app_init: ELF file SHA256:  5e4868d7c...
[2026-09-26T15:09:09.272+00:00] I (378) app_init: ESP-IDF:          v6.0.3
[2026-09-26T15:09:09.272+00:00] I (381) efuse_init: Min chip rev:     v0.3
[2026-09-26T15:09:09.272+00:00] I (385) efuse_init: Max chip rev:     v1.99 
[2026-09-26T15:09:09.272+00:00] I (389) efuse_init: Chip rev:         v0.4
[2026-09-26T15:09:09.272+00:00] I (393) heap_init: Initializing. RAM available for dynamic allocation:
[2026-09-26T15:09:09.272+00:00] I (399) heap_init: At 3FCC79C0 len 00014D50 (83 KiB): Retention RAM
[2026-09-26T15:09:09.272+00:00] I (405) heap_init: At 3FCDC710 len 00002950 (10 KiB): Retention RAM
[2026-09-26T15:09:09.272+00:00] I (411) heap_init: At 50001704 len 000008E4 (2 KiB): RTCRAM
[2026-09-26T15:09:09.272+00:00] I (417) spi_flash: detected chip: generic
[2026-09-26T15:09:09.272+00:00] I (420) spi_flash: flash io: dio
[2026-09-26T15:09:09.272+00:00] W (423) spi_flash: Detected size(4096k) larger than the size in the binary image header(2048k). Using the size in the binary image header.
[2026-09-26T15:09:09.272+00:00] I (436) sleep_gpio: Configure to isolate all GPIO pins in sleep state
[2026-09-26T15:09:09.272+00:00] I (442) sleep_gpio: Enable automatic switching of GPIO sleep configuration
