$ /home/sahur/.local/bin/esptool --chip esp32c3 --port /dev/serial/by-id/usb-Espressif_USB_JTAG_serial_debug_unit_94:A9:90:6A:EE:C4-if00 --baud 460800 --before default-reset --after hard-reset write-flash --flash-mode dio --flash-size 2MB --flash-freq 80m 0x0 artifacts/hil/2026-09-26/images/bridge-lowmem/build/bootloader/bootloader.bin 0x8000 artifacts/hil/2026-09-26/images/bridge-lowmem/build/partition_table/partition-table.bin 0x10000 artifacts/hil/2026-09-26/images/bridge-lowmem/build/routeloom_bridge_node.bin
esptool v5.4.0
Serial port /dev/serial/by-id/usb-Espressif_USB_JTAG_serial_debug_unit_94:A9:90:6A:EE:C4-if00:
Connecting...
Connected to ESP32-C3 on /dev/serial/by-id/usb-Espressif_USB_JTAG_serial_debug_unit_94:A9:90:6A:EE:C4-if00:
Chip type:          ESP32-C3 (QFN32) (revision v0.4)
Features:           Wi-Fi, BT 5 (LE), Single Core, 160MHz, Embedded Flash 4MB (XMC)
Crystal frequency:  40MHz
USB mode:           USB-Serial/JTAG
MAC:                94:a9:90:6a:ee:c4

Uploading stub flasher...
Running stub flasher...
Stub flasher running.
Changing baud rate to 460800...
Changed.

Configuring flash size...

Writing 'artifacts/hil/2026-09-26/images/bridge-lowmem/build/bootloader/bootloader.bin' at 0x00000000...
SHA digest in image updated.
Flash will be erased from 0x00000000 to 0x00005fff...
Compressed 21280 bytes to 13471...
Writing at 0x00005320 ━━━━━━━━━━━━━━━━━━━━━━━━━━━━━━ 100.0% 13.16kB/13.16kB [0s] 
Wrote 21280 bytes (13471 compressed) at 0x00000000 in 0.3 seconds (666.7 kbit/s).
Verifying written data...
Hash of data verified.

Writing 'artifacts/hil/2026-09-26/images/bridge-lowmem/build/partition_table/partition-table.bin' at 0x00008000...
Flash will be erased from 0x00008000 to 0x00008fff...
Compressed 3072 bytes to 120...
Writing at 0x00008c00 ━━━━━━━━━━━━━━━━━━━━━━━━━━━━━━ 100.0% 120B/120B [0s] 
Wrote 3072 bytes (120 compressed) at 0x00008000 in 0.0 seconds (4237.8 kbit/s).
Verifying written data...
Hash of data verified.

Writing 'artifacts/hil/2026-09-26/images/bridge-lowmem/build/routeloom_bridge_node.bin' at 0x00010000...
Flash will be erased from 0x00010000 to 0x00175fff...
Compressed 1463344 bytes to 862700...
Writing at 0x0001c4c8 ╸                                1.9% 16.00kB/842.48kB [0s] 
Writing at 0x00028412 ━                                3.8% 32.00kB/842.48kB [0s] 
Writing at 0x0002f796 ━╸                               5.7% 48.00kB/842.48kB [1s] 
Writing at 0x00039bb4 ━━                               7.6% 64.00kB/842.48kB [1s] 
Writing at 0x0003ffd0 ━━╸                              9.5% 80.00kB/842.48kB [2s] 
Writing at 0x00046d42 ━━━                             11.4% 96.00kB/842.48kB [2s] 
Writing at 0x0004dee6 ━━━╸                            13.3% 112.00kB/842.48kB [3s] 
Writing at 0x0005494c ━━━━╸                           15.2% 128.00kB/842.48kB [4s] 
Writing at 0x0005b5d6 ━━━━━                           17.1% 144.00kB/842.48kB [4s] 
Writing at 0x00061e08 ━━━━━╸                          19.0% 160.00kB/842.48kB [5s] 
Writing at 0x0006861c ━━━━━━                          20.9% 176.00kB/842.48kB [5s] 
Writing at 0x0006f58e ━━━━━━╸                         22.8% 192.00kB/842.48kB [6s] 
Writing at 0x00075c22 ━━━━━━━                         24.7% 208.00kB/842.48kB [6s] 
Writing at 0x0007c9e0 ━━━━━━━╸                        26.6% 224.00kB/842.48kB [6s] 
Writing at 0x000830cc ━━━━━━━━╸                       28.5% 240.00kB/842.48kB [6s] 
Writing at 0x000899f2 ━━━━━━━━━                       30.4% 256.00kB/842.48kB [6s] 
Writing at 0x00090156 ━━━━━━━━━╸                      32.3% 272.00kB/842.48kB [6s] 
Writing at 0x00096869 ━━━━━━━━━━                      34.2% 288.00kB/842.48kB [6s] 
Writing at 0x0009d287 ━━━━━━━━━━╸                     36.1% 304.00kB/842.48kB [6s] 
Writing at 0x000a3c06 ━━━━━━━━━━━                     38.0% 320.00kB/842.48kB [7s] 
Writing at 0x000aa28c ━━━━━━━━━━━╸                    39.9% 336.00kB/842.48kB [7s] 
Writing at 0x000b0f24 ━━━━━━━━━━━━╸                   41.8% 352.00kB/842.48kB [7s] 
Writing at 0x000b75a1 ━━━━━━━━━━━━━                   43.7% 368.00kB/842.48kB [7s] 
Writing at 0x000be312 ━━━━━━━━━━━━━╸                  45.6% 384.00kB/842.48kB [7s] 
Writing at 0x000c4b97 ━━━━━━━━━━━━━━                  47.5% 400.00kB/842.48kB [7s] 
Writing at 0x000cb278 ━━━━━━━━━━━━━━╸                 49.4% 416.00kB/842.48kB [7s] 
Writing at 0x000d22d7 ━━━━━━━━━━━━━━━                 51.3% 432.00kB/842.48kB [7s] 
Writing at 0x000d9a34 ━━━━━━━━━━━━━━━╸                53.2% 448.00kB/842.48kB [7s] 
Writing at 0x000e0672 ━━━━━━━━━━━━━━━━╸               55.1% 464.00kB/842.48kB [7s] 
Writing at 0x000e76bf ━━━━━━━━━━━━━━━━━               57.0% 480.00kB/842.48kB [8s] 
Writing at 0x000ed3e9 ━━━━━━━━━━━━━━━━━╸              58.9% 496.00kB/842.48kB [8s] 
Writing at 0x000f30b3 ━━━━━━━━━━━━━━━━━━              60.8% 512.00kB/842.48kB [8s] 
Writing at 0x000f8c9c ━━━━━━━━━━━━━━━━━━╸             62.7% 528.00kB/842.48kB [8s] 
Writing at 0x000fe785 ━━━━━━━━━━━━━━━━━━━             64.6% 544.00kB/842.48kB [8s] 
Writing at 0x0010459a ━━━━━━━━━━━━━━━━━━━╸            66.5% 560.00kB/842.48kB [8s] 
Writing at 0x0010afd2 ━━━━━━━━━━━━━━━━━━━━╸           68.4% 576.00kB/842.48kB [8s] 
Writing at 0x00110d0a ━━━━━━━━━━━━━━━━━━━━━           70.3% 592.00kB/842.48kB [8s] 
Writing at 0x00116afd ━━━━━━━━━━━━━━━━━━━━━╸          72.2% 608.00kB/842.48kB [8s] 
Writing at 0x0011cd94 ━━━━━━━━━━━━━━━━━━━━━━          74.1% 624.00kB/842.48kB [8s] 
Writing at 0x001232c6 ━━━━━━━━━━━━━━━━━━━━━━╸         76.0% 640.00kB/842.48kB [8s] 
Writing at 0x001294a0 ━━━━━━━━━━━━━━━━━━━━━━━         77.9% 656.00kB/842.48kB [9s] 
Writing at 0x0012f2df ━━━━━━━━━━━━━━━━━━━━━━━╸        79.8% 672.00kB/842.48kB [9s] 
Writing at 0x00135a25 ━━━━━━━━━━━━━━━━━━━━━━━━        81.7% 688.00kB/842.48kB [9s] 
Writing at 0x0013c7fe ━━━━━━━━━━━━━━━━━━━━━━━━━       83.6% 704.00kB/842.48kB [9s] 
Writing at 0x001435e8 ━━━━━━━━━━━━━━━━━━━━━━━━━╸      85.5% 720.00kB/842.48kB [9s] 
Writing at 0x0014a02a ━━━━━━━━━━━━━━━━━━━━━━━━━━      87.4% 736.00kB/842.48kB [9s] 
Writing at 0x001503ae ━━━━━━━━━━━━━━━━━━━━━━━━━━╸     89.3% 752.00kB/842.48kB [9s] 
Writing at 0x0015661e ━━━━━━━━━━━━━━━━━━━━━━━━━━━     91.2% 768.00kB/842.48kB [9s] 
Writing at 0x0015c890 ━━━━━━━━━━━━━━━━━━━━━━━━━━━╸    93.1% 784.00kB/842.48kB [9s] 
Writing at 0x00161e76 ━━━━━━━━━━━━━━━━━━━━━━━━━━━━    95.0% 800.00kB/842.48kB [9s] 
Writing at 0x00167d38 ━━━━━━━━━━━━━━━━━━━━━━━━━━━━━   96.9% 816.00kB/842.48kB [9s] 
Writing at 0x0016ed6e ━━━━━━━━━━━━━━━━━━━━━━━━━━━━━╸  98.8% 832.00kB/842.48kB [10s] 
Writing at 0x00175430 ━━━━━━━━━━━━━━━━━━━━━━━━━━━━━━ 100.0% 842.48kB/842.48kB [10s] 
Wrote 1463344 bytes (862700 compressed) at 0x00010000 in 10.3 seconds (1136.6 kbit/s).
Verifying written data...
Hash of data verified.

Hard resetting via RTS pin...
