$ /home/sahur/.local/bin/esptool --chip esp32c3 --port /dev/serial/by-id/usb-Espressif_USB_JTAG_serial_debug_unit_94:A9:90:6A:EE:C4-if00 --baud 460800 --before default-reset --after hard-reset write-flash --flash-mode dio --flash-size 2MB --flash-freq 80m 0x10000 artifacts/hil/2026-09-26/images/full-r20-member-bridge-adoptionfix-net3/build/routeloom_bridge_node.bin
esptool v5.4.0
Serial port /dev/serial/by-id/usb-Espressif_USB_JTAG_serial_debug_unit_94:A9:90:6A:EE:C4-if00:
Connecting...
Connected to ESP32-C3 on /dev/serial/by-id/usb-Espressif_USB_JTAG_serial_debug_unit_94:A9:90:6A:EE:C4-if00:
Chip type:          ESP32-C3 (QFN32) (revision v0.4)
Features:           Wi-Fi, BT 5 (LE), Single Core, 160MHz, Embedded Flash 4MB (XMC)
Crystal frequency:  40MHz
USB mode:           USB-Serial/JTAG
MAC:                94:a9:90:6a:ee:c4

Uploading stub flasher...
Running stub flasher...
Stub flasher running.
Changing baud rate to 460800...
Changed.

Configuring flash size...
Flash will be erased from 0x00010000 to 0x00151fff...
Compressed 1318144 bytes to 779326...
Writing at 0x0001c5a4 ╸                                2.1% 16.00kB/761.06kB [0s] 
Writing at 0x00027eca ━                                4.2% 32.00kB/761.06kB [0s] 
Writing at 0x0002eb39 ━╸                               6.3% 48.00kB/761.06kB [1s] 
Writing at 0x00037b87 ━━╸                              8.4% 64.00kB/761.06kB [1s] 
Writing at 0x0003e3d8 ━━━                             10.5% 80.00kB/761.06kB [2s] 
Writing at 0x000450f4 ━━━╸                            12.6% 96.00kB/761.06kB [2s] 
Writing at 0x0004c24d ━━━━                            14.7% 112.00kB/761.06kB [3s] 
Writing at 0x00052dc2 ━━━━━                           16.8% 128.00kB/761.06kB [4s] 
Writing at 0x000596a8 ━━━━━╸                          18.9% 144.00kB/761.06kB [4s] 
Writing at 0x0006056a ━━━━━━                          21.0% 160.00kB/761.06kB [5s] 
Writing at 0x00066d8f ━━━━━━╸                         23.1% 176.00kB/761.06kB [5s] 
Writing at 0x0006daf9 ━━━━━━━╸                        25.2% 192.00kB/761.06kB [5s] 
Writing at 0x00074348 ━━━━━━━━                        27.3% 208.00kB/761.06kB [5s] 
Writing at 0x0007b0da ━━━━━━━━╸                       29.4% 224.00kB/761.06kB [5s] 
Writing at 0x00081670 ━━━━━━━━━                       31.5% 240.00kB/761.06kB [5s] 
Writing at 0x00087f34 ━━━━━━━━━━                      33.6% 256.00kB/761.06kB [5s] 
Writing at 0x0008e5d7 ━━━━━━━━━━╸                     35.7% 272.00kB/761.06kB [6s] 
Writing at 0x000950f8 ━━━━━━━━━━━                     37.8% 288.00kB/761.06kB [6s] 
Writing at 0x0009b823 ━━━━━━━━━━━╸                    39.9% 304.00kB/761.06kB [6s] 
Writing at 0x000a2038 ━━━━━━━━━━━━╸                   42.0% 320.00kB/761.06kB [6s] 
Writing at 0x000a89f6 ━━━━━━━━━━━━━                   44.1% 336.00kB/761.06kB [6s] 
Writing at 0x000af39d ━━━━━━━━━━━━━╸                  46.3% 352.00kB/761.06kB [6s] 
Writing at 0x000b5cd8 ━━━━━━━━━━━━━━╸                 48.4% 368.00kB/761.06kB [6s] 
Writing at 0x000bc387 ━━━━━━━━━━━━━━━                 50.5% 384.00kB/761.06kB [6s] 
Writing at 0x000c32b4 ━━━━━━━━━━━━━━━╸                52.6% 400.00kB/761.06kB [6s] 
Writing at 0x000c9b0f ━━━━━━━━━━━━━━━━                54.7% 416.00kB/761.06kB [6s] 
Writing at 0x000d02d5 ━━━━━━━━━━━━━━━━━               56.8% 432.00kB/761.06kB [7s] 
Writing at 0x000d7abb ━━━━━━━━━━━━━━━━━╸              58.9% 448.00kB/761.06kB [7s] 
Writing at 0x000deeae ━━━━━━━━━━━━━━━━━━              61.0% 464.00kB/761.06kB [7s] 
Writing at 0x000e5d00 ━━━━━━━━━━━━━━━━━━╸             63.1% 480.00kB/761.06kB [7s] 
Writing at 0x000ebacf ━━━━━━━━━━━━━━━━━━━╸            65.2% 496.00kB/761.06kB [7s] 
Writing at 0x000f19ee ━━━━━━━━━━━━━━━━━━━━            67.3% 512.00kB/761.06kB [7s] 
Writing at 0x000f7786 ━━━━━━━━━━━━━━━━━━━━╸           69.4% 528.00kB/761.06kB [7s] 
Writing at 0x000fd188 ━━━━━━━━━━━━━━━━━━━━━           71.5% 544.00kB/761.06kB [7s] 
Writing at 0x00102e80 ━━━━━━━━━━━━━━━━━━━━━━          73.6% 560.00kB/761.06kB [7s] 
Writing at 0x00109594 ━━━━━━━━━━━━━━━━━━━━━━╸         75.7% 576.00kB/761.06kB [7s] 
Writing at 0x0010f5e8 ━━━━━━━━━━━━━━━━━━━━━━━         77.8% 592.00kB/761.06kB [7s] 
Writing at 0x00115231 ━━━━━━━━━━━━━━━━━━━━━━━╸        79.9% 608.00kB/761.06kB [7s] 
Writing at 0x0011b9db ━━━━━━━━━━━━━━━━━━━━━━━━╸       82.0% 624.00kB/761.06kB [8s] 
Writing at 0x00121acf ━━━━━━━━━━━━━━━━━━━━━━━━━       84.1% 640.00kB/761.06kB [8s] 
Writing at 0x0012792e ━━━━━━━━━━━━━━━━━━━━━━━━━╸      86.2% 656.00kB/761.06kB [8s] 
Writing at 0x0012dd8a ━━━━━━━━━━━━━━━━━━━━━━━━━━      88.3% 672.00kB/761.06kB [8s] 
Writing at 0x0013428f ━━━━━━━━━━━━━━━━━━━━━━━━━━━     90.4% 688.00kB/761.06kB [8s] 
Writing at 0x0013a6d8 ━━━━━━━━━━━━━━━━━━━━━━━━━━━╸    92.5% 704.00kB/761.06kB [8s] 
Writing at 0x00140141 ━━━━━━━━━━━━━━━━━━━━━━━━━━━━    94.6% 720.00kB/761.06kB [8s] 
Writing at 0x00145876 ━━━━━━━━━━━━━━━━━━━━━━━━━━━━━   96.7% 736.00kB/761.06kB [8s] 
Writing at 0x0014c32c ━━━━━━━━━━━━━━━━━━━━━━━━━━━━━╸  98.8% 752.00kB/761.06kB [8s] 
Writing at 0x00151d00 ━━━━━━━━━━━━━━━━━━━━━━━━━━━━━━ 100.0% 761.06kB/761.06kB [8s] 
Wrote 1318144 bytes (779326 compressed) at 0x00010000 in 9.1 seconds (1164.3 kbit/s).
Verifying written data...
Hash of data verified.

Hard resetting via RTS pin...
