$ /home/sahur/.local/bin/esptool --chip esp32c3 --port /dev/serial/by-id/usb-Espressif_USB_JTAG_serial_debug_unit_94:A9:90:7A:B5:60-if00 --baud 460800 --before default-reset --after hard-reset write-flash --flash-mode dio --flash-size 2MB --flash-freq 80m 0x10000 artifacts/hil/2026-09-26/images/ref-a-c3-devram-r6fix-trace-node2/build/routeloom_reference_node.bin
esptool v5.4.0
Serial port /dev/serial/by-id/usb-Espressif_USB_JTAG_serial_debug_unit_94:A9:90:7A:B5:60-if00:
Connecting....
Connected to ESP32-C3 on /dev/serial/by-id/usb-Espressif_USB_JTAG_serial_debug_unit_94:A9:90:7A:B5:60-if00:
Chip type:          ESP32-C3 (QFN32) (revision v0.4)
Features:           Wi-Fi, BT 5 (LE), Single Core, 160MHz, Embedded Flash 4MB (XMC)
Crystal frequency:  40MHz
USB mode:           USB-Serial/JTAG
MAC:                94:a9:90:7a:b5:60

Uploading stub flasher...
Running stub flasher...
Stub flasher running.
Changing baud rate to 460800...
Changed.

Configuring flash size...
Flash will be erased from 0x00010000 to 0x00164fff...
Compressed 1396736 bytes to 824457...
Writing at 0x0001c4f9 ╸                                2.0% 16.00kB/805.13kB [0s] 
Writing at 0x00027f96 ━                                4.0% 32.00kB/805.13kB [0s] 
Writing at 0x0002f0c5 ━╸                               6.0% 48.00kB/805.13kB [1s] 
Writing at 0x00038ed6 ━━                               7.9% 64.00kB/805.13kB [1s] 
Writing at 0x0003f33b ━━╸                              9.9% 80.00kB/805.13kB [2s] 
Writing at 0x00046091 ━━━╸                            11.9% 96.00kB/805.13kB [2s] 
Writing at 0x0004cfce ━━━━                            13.9% 112.00kB/805.13kB [3s] 
Writing at 0x00053dab ━━━━╸                           15.9% 128.00kB/805.13kB [3s] 
Writing at 0x0005a8c8 ━━━━━                           17.9% 144.00kB/805.13kB [4s] 
Writing at 0x000615dd ━━━━━╸                          19.9% 160.00kB/805.13kB [5s] 
Writing at 0x00067a7a ━━━━━━╸                         21.9% 176.00kB/805.13kB [5s] 
Writing at 0x0006e809 ━━━━━━━                         23.8% 192.00kB/805.13kB [5s] 
Writing at 0x00075079 ━━━━━━━╸                        25.8% 208.00kB/805.13kB [5s] 
Writing at 0x0007bee5 ━━━━━━━━                        27.8% 224.00kB/805.13kB [5s] 
Writing at 0x000826b0 ━━━━━━━━╸                       29.8% 240.00kB/805.13kB [6s] 
Writing at 0x00088f3c ━━━━━━━━━╸                      31.8% 256.00kB/805.13kB [6s] 
Writing at 0x0008f5c5 ━━━━━━━━━━                      33.8% 272.00kB/805.13kB [6s] 
Writing at 0x00095da0 ━━━━━━━━━━╸                     35.8% 288.00kB/805.13kB [6s] 
Writing at 0x0009c7e2 ━━━━━━━━━━━                     37.8% 304.00kB/805.13kB [6s] 
Writing at 0x000a3134 ━━━━━━━━━━━╸                    39.7% 320.00kB/805.13kB [6s] 
Writing at 0x000a97fd ━━━━━━━━━━━━╸                   41.7% 336.00kB/805.13kB [6s] 
Writing at 0x000b0600 ━━━━━━━━━━━━━                   43.7% 352.00kB/805.13kB [6s] 
Writing at 0x000b6fdf ━━━━━━━━━━━━━╸                  45.7% 368.00kB/805.13kB [6s] 
Writing at 0x000bd57a ━━━━━━━━━━━━━━                  47.7% 384.00kB/805.13kB [6s] 
Writing at 0x000c43b7 ━━━━━━━━━━━━━━╸                 49.7% 400.00kB/805.13kB [7s] 
Writing at 0x000cbbd6 ━━━━━━━━━━━━━━━╸                51.7% 416.00kB/805.13kB [7s] 
Writing at 0x000d2808 ━━━━━━━━━━━━━━━━                53.7% 432.00kB/805.13kB [7s] 
Writing at 0x000d97a4 ━━━━━━━━━━━━━━━━╸               55.6% 448.00kB/805.13kB [7s] 
Writing at 0x000df4ac ━━━━━━━━━━━━━━━━━               57.6% 464.00kB/805.13kB [7s] 
Writing at 0x000e5173 ━━━━━━━━━━━━━━━━━╸              59.6% 480.00kB/805.13kB [7s] 
Writing at 0x000ead04 ━━━━━━━━━━━━━━━━━━              61.6% 496.00kB/805.13kB [7s] 
Writing at 0x000f07ca ━━━━━━━━━━━━━━━━━━━             63.6% 512.00kB/805.13kB [7s] 
Writing at 0x000f6708 ━━━━━━━━━━━━━━━━━━━╸            65.6% 528.00kB/805.13kB [7s] 
Writing at 0x000fd0f2 ━━━━━━━━━━━━━━━━━━━━            67.6% 544.00kB/805.13kB [7s] 
Writing at 0x00102e6a ━━━━━━━━━━━━━━━━━━━━╸           69.6% 560.00kB/805.13kB [7s] 
Writing at 0x00108b8d ━━━━━━━━━━━━━━━━━━━━━           71.5% 576.00kB/805.13kB [8s] 
Writing at 0x0010ee48 ━━━━━━━━━━━━━━━━━━━━━━          73.5% 592.00kB/805.13kB [8s] 
Writing at 0x00115364 ━━━━━━━━━━━━━━━━━━━━━━╸         75.5% 608.00kB/805.13kB [8s] 
Writing at 0x0011b638 ━━━━━━━━━━━━━━━━━━━━━━━         77.5% 624.00kB/805.13kB [8s] 
Writing at 0x0012147f ━━━━━━━━━━━━━━━━━━━━━━━╸        79.5% 640.00kB/805.13kB [8s] 
Writing at 0x00127c49 ━━━━━━━━━━━━━━━━━━━━━━━━        81.5% 656.00kB/805.13kB [8s] 
Writing at 0x0012e924 ━━━━━━━━━━━━━━━━━━━━━━━━━       83.5% 672.00kB/805.13kB [8s] 
Writing at 0x001356e4 ━━━━━━━━━━━━━━━━━━━━━━━━━╸      85.5% 688.00kB/805.13kB [8s] 
Writing at 0x0013c1cf ━━━━━━━━━━━━━━━━━━━━━━━━━━      87.4% 704.00kB/805.13kB [8s] 
Writing at 0x0014254f ━━━━━━━━━━━━━━━━━━━━━━━━━━╸     89.4% 720.00kB/805.13kB [8s] 
Writing at 0x001487a2 ━━━━━━━━━━━━━━━━━━━━━━━━━━━     91.4% 736.00kB/805.13kB [8s] 
Writing at 0x0014e966 ━━━━━━━━━━━━━━━━━━━━━━━━━━━━    93.4% 752.00kB/805.13kB [9s] 
Writing at 0x00154068 ━━━━━━━━━━━━━━━━━━━━━━━━━━━━╸   95.4% 768.00kB/805.13kB [9s] 
Writing at 0x0015b4b7 ━━━━━━━━━━━━━━━━━━━━━━━━━━━━━   97.4% 784.00kB/805.13kB [9s] 
Writing at 0x00161423 ━━━━━━━━━━━━━━━━━━━━━━━━━━━━━╸  99.4% 800.00kB/805.13kB [9s] 
Writing at 0x00165000 ━━━━━━━━━━━━━━━━━━━━━━━━━━━━━━ 100.0% 805.13kB/805.13kB [9s] 
Wrote 1396736 bytes (824457 compressed) at 0x00010000 in 9.5 seconds (1175.1 kbit/s).
Verifying written data...
Hash of data verified.

Hard resetting via RTS pin...
