/home/sahur/.local/bin/esptool --chip esp32c6 --port /dev/serial/by-id/usb-Espressif_USB_JTAG_serial_debug_unit_10:BD:A3:B1:47:54-if00 -b 460800 --after no-reset write-flash --flash-mode keep --flash-freq keep --flash-size keep 0x10000 /home/sahur/orca/workspaces/RouteLoom/v2-h0/artifacts/hil/images/h0-ref-c6-member/images/ota_data_initial.bin 0x40000 /home/sahur/orca/workspaces/RouteLoom/v2-h0/artifacts/hil/images/h0-ref-c6-member/images/application.bin
esptool v5.4.0
Serial port /dev/serial/by-id/usb-Espressif_USB_JTAG_serial_debug_unit_10:BD:A3:B1:47:54-if00:
Connecting...
Connected to ESP32-C6 on /dev/serial/by-id/usb-Espressif_USB_JTAG_serial_debug_unit_10:BD:A3:B1:47:54-if00:
Chip type:          ESP32-C6FH4 (QFN32) (revision v0.2)
Features:           Wi-Fi 6, BT 5 (LE), IEEE802.15.4, Single Core + LP Core, 160MHz, Embedded Flash 4MB
Crystal frequency:  40MHz
USB mode:           USB-Serial/JTAG
MAC:                10:bd:a3:ff:fe:b1:47:54
BASE MAC:           10:bd:a3:b1:47:54
MAC_EXT:            ff:fe

Uploading stub flasher...
Running stub flasher...
Stub flasher running.
Changing baud rate to 460800...
Changed.

Configuring flash size...

Writing '/home/sahur/orca/workspaces/RouteLoom/v2-h0/artifacts/hil/images/h0-ref-c6-member/images/ota_data_initial.bin' at 0x00010000...
Flash will be erased from 0x00010000 to 0x00011fff...
Compressed 8192 bytes to 31...
Writing at 0x00012000 ━━━━━━━━━━━━━━━━━━━━━━━━━━━━━━ 100.0% 31B/31B [0s] 
Wrote 8192 bytes (31 compressed) at 0x00010000 in 0.0 seconds (5786.8 kbit/s).
Verifying written data...
Hash of data verified.

Writing '/home/sahur/orca/workspaces/RouteLoom/v2-h0/artifacts/hil/images/h0-ref-c6-member/images/application.bin' at 0x00040000...
Flash will be erased from 0x00040000 to 0x0019afff...
Compressed 1417824 bytes to 839466...
Writing at 0x0004c164 ╸                                2.0% 16.00kB/819.79kB [0s] 
Writing at 0x00058069 ━                                3.9% 32.00kB/819.79kB [0s] 
Writing at 0x0005f259 ━╸                               5.9% 48.00kB/819.79kB [0s] 
Writing at 0x00067f17 ━━                               7.8% 64.00kB/819.79kB [0s] 
Writing at 0x0006e47a ━━╸                              9.8% 80.00kB/819.79kB [0s] 
Writing at 0x000750a7 ━━━╸                            11.7% 96.00kB/819.79kB [0s] 
Writing at 0x0007cad8 ━━━━                            13.7% 112.00kB/819.79kB [0s] 
Writing at 0x00083710 ━━━━╸                           15.6% 128.00kB/819.79kB [0s] 
Writing at 0x0008a249 ━━━━━                           17.6% 144.00kB/819.79kB [1s] 
Writing at 0x000911ff ━━━━━╸                          19.5% 160.00kB/819.79kB [1s] 
Writing at 0x00097ae8 ━━━━━━                          21.5% 176.00kB/819.79kB [1s] 
Writing at 0x0009e2f2 ━━━━━━━                         23.4% 192.00kB/819.79kB [1s] 
Writing at 0x000a535d ━━━━━━━╸                        25.4% 208.00kB/819.79kB [1s] 
Writing at 0x000ab806 ━━━━━━━━                        27.3% 224.00kB/819.79kB [1s] 
Writing at 0x000b24cd ━━━━━━━━╸                       29.3% 240.00kB/819.79kB [1s] 
Writing at 0x000b8824 ━━━━━━━━━                       31.2% 256.00kB/819.79kB [1s] 
Writing at 0x000bf206 ━━━━━━━━━╸                      33.2% 272.00kB/819.79kB [1s] 
Writing at 0x000c58b3 ━━━━━━━━━━╸                     35.1% 288.00kB/819.79kB [1s] 
Writing at 0x000cc2d1 ━━━━━━━━━━━                     37.1% 304.00kB/819.79kB [1s] 
Writing at 0x000d2af4 ━━━━━━━━━━━╸                    39.0% 320.00kB/819.79kB [1s] 
Writing at 0x000d9616 ━━━━━━━━━━━━                    41.0% 336.00kB/819.79kB [1s] 
Writing at 0x000dff6d ━━━━━━━━━━━━╸                   42.9% 352.00kB/819.79kB [1s] 
Writing at 0x000e66cd ━━━━━━━━━━━━━                   44.9% 368.00kB/819.79kB [1s] 
Writing at 0x000ed5ad ━━━━━━━━━━━━━━                  46.8% 384.00kB/819.79kB [1s] 
Writing at 0x000f4506 ━━━━━━━━━━━━━━╸                 48.8% 400.00kB/819.79kB [2s] 
Writing at 0x000fb348 ━━━━━━━━━━━━━━━                 50.7% 416.00kB/819.79kB [2s] 
Writing at 0x001019f1 ━━━━━━━━━━━━━━━╸                52.7% 432.00kB/819.79kB [2s] 
Writing at 0x00108722 ━━━━━━━━━━━━━━━━                54.6% 448.00kB/819.79kB [2s] 
Writing at 0x0011001d ━━━━━━━━━━━━━━━━╸               56.6% 464.00kB/819.79kB [2s] 
Writing at 0x00116d38 ━━━━━━━━━━━━━━━━━╸              58.6% 480.00kB/819.79kB [2s] 
Writing at 0x0011df90 ━━━━━━━━━━━━━━━━━━              60.5% 496.00kB/819.79kB [2s] 
Writing at 0x00123a26 ━━━━━━━━━━━━━━━━━━╸             62.5% 512.00kB/819.79kB [2s] 
Writing at 0x00129909 ━━━━━━━━━━━━━━━━━━━             64.4% 528.00kB/819.79kB [2s] 
Writing at 0x0012f6e5 ━━━━━━━━━━━━━━━━━━━╸            66.4% 544.00kB/819.79kB [2s] 
Writing at 0x00134ffa ━━━━━━━━━━━━━━━━━━━━            68.3% 560.00kB/819.79kB [2s] 
Writing at 0x0013b067 ━━━━━━━━━━━━━━━━━━━━━           70.3% 576.00kB/819.79kB [2s] 
Writing at 0x00141c5b ━━━━━━━━━━━━━━━━━━━━━╸          72.2% 592.00kB/819.79kB [2s] 
Writing at 0x001479df ━━━━━━━━━━━━━━━━━━━━━━          74.2% 608.00kB/819.79kB [2s] 
Writing at 0x0014d8d5 ━━━━━━━━━━━━━━━━━━━━━━╸         76.1% 624.00kB/819.79kB [2s] 
Writing at 0x00153771 ━━━━━━━━━━━━━━━━━━━━━━━         78.1% 640.00kB/819.79kB [3s] 
Writing at 0x00159d7f ━━━━━━━━━━━━━━━━━━━━━━━━        80.0% 656.00kB/819.79kB [3s] 
Writing at 0x0015fb2a ━━━━━━━━━━━━━━━━━━━━━━━━╸       82.0% 672.00kB/819.79kB [3s] 
Writing at 0x0016595b ━━━━━━━━━━━━━━━━━━━━━━━━━       83.9% 688.00kB/819.79kB [3s] 
Writing at 0x0016b9aa ━━━━━━━━━━━━━━━━━━━━━━━━━╸      85.9% 704.00kB/819.79kB [3s] 
Writing at 0x00171ebf ━━━━━━━━━━━━━━━━━━━━━━━━━━      87.8% 720.00kB/819.79kB [3s] 
Writing at 0x00178097 ━━━━━━━━━━━━━━━━━━━━━━━━━━╸     89.8% 736.00kB/819.79kB [3s] 
Writing at 0x0017dffe ━━━━━━━━━━━━━━━━━━━━━━━━━━━╸    91.7% 752.00kB/819.79kB [3s] 
Writing at 0x0018469a ━━━━━━━━━━━━━━━━━━━━━━━━━━━━    93.7% 768.00kB/819.79kB [3s] 
Writing at 0x0018af97 ━━━━━━━━━━━━━━━━━━━━━━━━━━━━╸   95.6% 784.00kB/819.79kB [3s] 
Writing at 0x00190936 ━━━━━━━━━━━━━━━━━━━━━━━━━━━━━   97.6% 800.00kB/819.79kB [3s] 
Writing at 0x00197bfe ━━━━━━━━━━━━━━━━━━━━━━━━━━━━━╸  99.5% 816.00kB/819.79kB [3s] 
Writing at 0x0019a260 ━━━━━━━━━━━━━━━━━━━━━━━━━━━━━━ 100.0% 819.79kB/819.79kB [3s] 
Wrote 1417824 bytes (839466 compressed) at 0x00040000 in 3.8 seconds (2974.1 kbit/s).
Verifying written data...
Hash of data verified.

Staying in bootloader.
