[ 21%] Built target routeloom_edhoc_third_party
[ 45%] Built target routeloom_core
[ 45%] Built target routeloom_core_tests
[ 46%] Built target routeloom_host_ops_tests
[ 47%] Built target routeloom_routing_tests
[ 47%] Built target routeloom_ledger_tests
[ 48%] Built target routeloom_golden_tests
[ 49%] Built target routeloom_routing_scale_tests
[ 50%] Built target routeloom_power_tests
[ 50%] Built target routeloom_hardening_tests
[ 51%] Built target routeloom_usb_tests
[ 52%] Built target routeloom_endpoint_tests
[ 52%] Built target routeloom_autonomy_tests
[ 52%] Built target routeloom_gateway_tests
[ 54%] Built target routeloom_load_routing_tests
[ 54%] Built target routeloom_congestion_tests
[ 54%] Built target routeloom_scope_tests
[ 55%] Built target routeloom_discovery_tests
[ 56%] Built target routeloom_telemetry_tests
[ 56%] Built target routeloom_channel_tests
[ 57%] Built target routeloom_baseline_diff_tests
[ 58%] Built target routeloom_migration_tests
[ 58%] Built target routeloom_migration_wire_tests
[ 59%] Built target routeloom_config_tests
[ 60%] Built target routeloom_security_floor_tests
[ 61%] Built target routeloom_credential_tests
[ 61%] Built target routeloom_trust_store_tests
[ 62%] Built target routeloom_cose_tests
[ 62%] Built target routeloom_config_wire_tests
[ 63%] Built target routeloom_trust_manifest_tests
[ 64%] Built target routeloom_sdkv1_authority_tests
[ 65%] Built target routeloom_reply_lease_tests
[ 66%] Built target routeloom_kdf_tests
[ 67%] Built target routeloom_key_schedule_tests
[ 67%] Built target routeloom_rlres1_tests
[ 67%] Built target routeloom_sdkv1_authority_transport_tests
[ 68%] Built target routeloom_trust_view_tests
[ 68%] Built target routeloom_reply_admission_tests
[ 69%] Built target routeloom_c_header_test
[ 70%] Built target routeloom_property_tests
[ 70%] Building CXX object tests/cpp/CMakeFiles/routeloom_espnow_runtime_tests.dir/__/__/components/routeloom_espnow/src/espnow_runtime.cpp.o
[ 71%] Built target routeloom_applied_tests
[ 72%] Built target routeloom_fault_tests
[ 72%] Built target routeloom_dedup_tests
[ 73%] Built target routeloom_node_status_tests
[ 73%] Built target routeloom_peer_state_tests
[ 73%] Built target routeloom_session_tests
[ 74%] Built target routeloom_group_tests
[ 75%] Built target routeloom_sdkv1_golden_tests
[ 76%] Built target routeloom_sdkv1_handshake_tests
[ 77%] Built target routeloom_sdkv1_session_wire_tests
[ 77%] Built target routeloom_sdkv1_bootstrap_tests
[ 77%] Built target routeloom_sdkv1_ead_tests
[ 78%] Built target routeloom_sdkv1_join_relay_tests
[ 79%] Built target routeloom_sdkv1_join_candidates_tests
[ 80%] Built target routeloom_sdkv1_join_transport_tests
[ 80%] Built target routeloom_sdkv1_joiner_tests
[ 80%] Built target routeloom_sdkv1_join_handshake_tests
[ 80%] Built target routeloom_sdkv1_dev_keys_tests
[ 81%] Built target routeloom_sdkv1_dev_session_tests
[ 82%] Built target routeloom_sdkv1_legacy_purge_tests
[ 83%] Built target routeloom_nvs_legacy_purge_tests
[ 84%] Built target routeloom_sdkv1_boot_session_tests
[ 85%] Built target routeloom_sdkv1_session_rtc_tests
[ 85%] Linking CXX executable routeloom_sdkv1_coordinator_tests
[ 86%] Linking CXX executable routeloom_sdkv1_owner_sleep_tests
[ 86%] Linking CXX executable routeloom_sdkv1_records_tests
[ 86%] Linking CXX executable routeloom_sdkv1_dev_route_tests
[ 86%] Linking CXX executable routeloom_joiner_interop_peer
[ 86%] Built target routeloom_sdkv1_records_tests
[ 86%] Linking CXX executable routeloom_sdkv1_store_tests
[ 86%] Built target routeloom_joiner_interop_peer
[ 86%] Built target routeloom_sdkv1_store_tests
[ 86%] Built target routeloom_sdkv1_owner_sleep_tests
[ 86%] Linking CXX executable routeloom_sdkv1_session_bank_tests
[ 86%] Linking CXX executable routeloom_sdkv1_membership_tests
[ 86%] Linking CXX executable routeloom_sdkv1_grant_renew_tests
[ 87%] Built target routeloom_sdkv1_dev_route_tests
[ 88%] Linking CXX executable routeloom_sdkv1_revocation_tests
[ 89%] Built target routeloom_sdkv1_coordinator_tests
[ 89%] Built target routeloom_sdkv1_session_bank_tests
[ 89%] Built target routeloom_sdkv1_grant_renew_tests
[ 90%] Built target routeloom_sdkv1_membership_tests
[ 90%] Linking CXX executable routeloom_sdkv1_maintenance_tests
[ 90%] Linking CXX executable routeloom_espnow_sdkv1_entropy_tests
[ 90%] Linking CXX executable routeloom_sdkv1_blob_storage_tests
[ 90%] Linking CXX executable routeloom_edhoc_tests
[ 91%] Built target routeloom_espnow_sdkv1_entropy_tests
[ 92%] Linking CXX executable routeloom_edhoc_interop_peer
[ 92%] Built target routeloom_sdkv1_maintenance_tests
[ 93%] Built target routeloom_sdkv1_blob_storage_tests
[ 93%] Linking CXX executable fuzz_wire_frame
[ 94%] Linking CXX executable fuzz_usb_codec
[ 94%] Built target routeloom_edhoc_tests
[ 94%] Linking CXX executable fuzz_autonomy
[ 94%] Built target routeloom_sdkv1_revocation_tests
[ 94%] Linking CXX executable fuzz_endpoint
[ 94%] Built target fuzz_usb_codec
[ 94%] Built target routeloom_edhoc_interop_peer
[ 94%] Built target fuzz_wire_frame
[ 94%] Linking CXX executable fuzz_host_ops
[ 95%] Linking CXX executable fuzz_migration
[ 96%] Linking CXX executable fuzz_cose
[ 96%] Built target fuzz_autonomy
[ 96%] Linking CXX executable fuzz_rlres1
[ 96%] Built target fuzz_endpoint
[ 97%] Linking CXX executable fuzz_sdkv1
[ 98%] Built target fuzz_host_ops
[ 98%] Built target fuzz_cose
[ 98%] Built target fuzz_migration
[ 98%] Linking CXX executable fuzz_sdkv1_ead
[ 98%] Linking CXX executable fuzz_sdkv1_join
[ 98%] Built target fuzz_rlres1
[ 98%] Built target fuzz_sdkv1
[ 98%] Built target fuzz_sdkv1_ead
[ 99%] Built target fuzz_sdkv1_join
[ 99%] Linking CXX executable routeloom_espnow_runtime_tests
[100%] Built target routeloom_espnow_runtime_tests
