/home/sahur/.local/bin/esptool --chip esp32c3 --port /dev/serial/by-id/usb-Espressif_USB_JTAG_serial_debug_unit_94:A9:90:7A:26:AC-if00 -b 460800 --after no-reset write-flash --flash-mode keep --flash-freq keep --flash-size keep 0x10000 /home/sahur/orca/workspaces/RouteLoom/v2-stab-b/artifacts/hil/images/sb-br-n1/images/ota_data_initial.bin 0x40000 /home/sahur/orca/workspaces/RouteLoom/v2-stab-b/artifacts/hil/images/sb-br-n1/images/application.bin
esptool v5.4.0
Serial port /dev/serial/by-id/usb-Espressif_USB_JTAG_serial_debug_unit_94:A9:90:7A:26:AC-if00:
Connecting...
Connected to ESP32-C3 on /dev/serial/by-id/usb-Espressif_USB_JTAG_serial_debug_unit_94:A9:90:7A:26:AC-if00:
Chip type:          ESP32-C3 (QFN32) (revision v0.4)
Features:           Wi-Fi, BT 5 (LE), Single Core, 160MHz, Embedded Flash 4MB (XMC)
Crystal frequency:  40MHz
USB mode:           USB-Serial/JTAG
MAC:                94:a9:90:7a:26:ac

Uploading stub flasher...
Running stub flasher...
Stub flasher running.
Changing baud rate to 460800...
Changed.

Configuring flash size...

Writing '/home/sahur/orca/workspaces/RouteLoom/v2-stab-b/artifacts/hil/images/sb-br-n1/images/ota_data_initial.bin' at 0x00010000...
Flash will be erased from 0x00010000 to 0x00011fff...
Compressed 8192 bytes to 31...
Writing at 0x00012000 ━━━━━━━━━━━━━━━━━━━━━━━━━━━━━━ 100.0% 31B/31B [0s] 
Wrote 8192 bytes (31 compressed) at 0x00010000 in 0.0 seconds (1326.7 kbit/s).
Verifying written data...
Hash of data verified.

Writing '/home/sahur/orca/workspaces/RouteLoom/v2-stab-b/artifacts/hil/images/sb-br-n1/images/application.bin' at 0x00040000...
Flash will be erased from 0x00040000 to 0x00167fff...
Compressed 1211776 bytes to 776313...
Writing at 0x0004c349 ╸                                2.1% 16.00kB/758.12kB [0s] 
Writing at 0x00057997 ━                                4.2% 32.00kB/758.12kB [0s] 
Writing at 0x0005e4f8 ━╸                               6.3% 48.00kB/758.12kB [1s] 
Writing at 0x000672d5 ━━╸                              8.4% 64.00kB/758.12kB [1s] 
Writing at 0x0006cf74 ━━━                             10.6% 80.00kB/758.12kB [2s] 
Writing at 0x00072e54 ━━━╸                            12.7% 96.00kB/758.12kB [2s] 
Writing at 0x000791cc ━━━━                            14.8% 112.00kB/758.12kB [3s] 
Writing at 0x0007eea4 ━━━━━                           16.9% 128.00kB/758.12kB [4s] 
Writing at 0x00084b07 ━━━━━╸                          19.0% 144.00kB/758.12kB [4s] 
Writing at 0x0008abe9 ━━━━━━                          21.1% 160.00kB/758.12kB [4s] 
Writing at 0x00090811 ━━━━━━╸                         23.2% 176.00kB/758.12kB [4s] 
Writing at 0x0009639a ━━━━━━━╸                        25.3% 192.00kB/758.12kB [5s] 
Writing at 0x0009bf48 ━━━━━━━━                        27.4% 208.00kB/758.12kB [5s] 
Writing at 0x000a18fb ━━━━━━━━╸                       29.5% 224.00kB/758.12kB [5s] 
Writing at 0x000a7293 ━━━━━━━━━                       31.7% 240.00kB/758.12kB [5s] 
Writing at 0x000accd3 ━━━━━━━━━━                      33.8% 256.00kB/758.12kB [5s] 
Writing at 0x000b27fd ━━━━━━━━━━╸                     35.9% 272.00kB/758.12kB [5s] 
Writing at 0x000b866d ━━━━━━━━━━━                     38.0% 288.00kB/758.12kB [5s] 
Writing at 0x000be597 ━━━━━━━━━━━━                    40.1% 304.00kB/758.12kB [5s] 
Writing at 0x000c3fd3 ━━━━━━━━━━━━╸                   42.2% 320.00kB/758.12kB [5s] 
Writing at 0x000c9b53 ━━━━━━━━━━━━━                   44.3% 336.00kB/758.12kB [6s] 
Writing at 0x000cf773 ━━━━━━━━━━━━━╸                  46.4% 352.00kB/758.12kB [6s] 
Writing at 0x000d5769 ━━━━━━━━━━━━━━╸                 48.5% 368.00kB/758.12kB [6s] 
Writing at 0x000db9b6 ━━━━━━━━━━━━━━━                 50.7% 384.00kB/758.12kB [6s] 
Writing at 0x000e233d ━━━━━━━━━━━━━━━╸                52.8% 400.00kB/758.12kB [6s] 
Writing at 0x000e825f ━━━━━━━━━━━━━━━━                54.9% 416.00kB/758.12kB [6s] 
Writing at 0x000edde2 ━━━━━━━━━━━━━━━━━               57.0% 432.00kB/758.12kB [6s] 
Writing at 0x000f3aec ━━━━━━━━━━━━━━━━━╸              59.1% 448.00kB/758.12kB [6s] 
Writing at 0x000f9a2e ━━━━━━━━━━━━━━━━━━              61.2% 464.00kB/758.12kB [6s] 
Writing at 0x000ffe06 ━━━━━━━━━━━━━━━━━━╸             63.3% 480.00kB/758.12kB [6s] 
Writing at 0x00105dff ━━━━━━━━━━━━━━━━━━━╸            65.4% 496.00kB/758.12kB [6s] 
Writing at 0x0010bcaf ━━━━━━━━━━━━━━━━━━━━            67.5% 512.00kB/758.12kB [7s] 
Writing at 0x00111a0e ━━━━━━━━━━━━━━━━━━━━╸           69.6% 528.00kB/758.12kB [7s] 
Writing at 0x00117419 ━━━━━━━━━━━━━━━━━━━━━╸          71.8% 544.00kB/758.12kB [7s] 
Writing at 0x0011cff0 ━━━━━━━━━━━━━━━━━━━━━━          73.9% 560.00kB/758.12kB [7s] 
Writing at 0x00122d7c ━━━━━━━━━━━━━━━━━━━━━━╸         76.0% 576.00kB/758.12kB [7s] 
Writing at 0x001297af ━━━━━━━━━━━━━━━━━━━━━━━         78.1% 592.00kB/758.12kB [7s] 
Writing at 0x0012f56c ━━━━━━━━━━━━━━━━━━━━━━━━        80.2% 608.00kB/758.12kB [7s] 
Writing at 0x00135602 ━━━━━━━━━━━━━━━━━━━━━━━━╸       82.3% 624.00kB/758.12kB [7s] 
Writing at 0x0013ba2b ━━━━━━━━━━━━━━━━━━━━━━━━━       84.4% 640.00kB/758.12kB [7s] 
Writing at 0x00141cae ━━━━━━━━━━━━━━━━━━━━━━━━━╸      86.5% 656.00kB/758.12kB [7s] 
Writing at 0x00147a74 ━━━━━━━━━━━━━━━━━━━━━━━━━━╸     88.6% 672.00kB/758.12kB [7s] 
Writing at 0x0014d876 ━━━━━━━━━━━━━━━━━━━━━━━━━━━     90.8% 688.00kB/758.12kB [8s] 
Writing at 0x00152d23 ━━━━━━━━━━━━━━━━━━━━━━━━━━━╸    92.9% 704.00kB/758.12kB [8s] 
Writing at 0x00158505 ━━━━━━━━━━━━━━━━━━━━━━━━━━━━    95.0% 720.00kB/758.12kB [8s] 
Writing at 0x0015da67 ━━━━━━━━━━━━━━━━━━━━━━━━━━━━━   97.1% 736.00kB/758.12kB [8s] 
Writing at 0x00163d96 ━━━━━━━━━━━━━━━━━━━━━━━━━━━━━╸  99.2% 752.00kB/758.12kB [8s] 
Writing at 0x00167d80 ━━━━━━━━━━━━━━━━━━━━━━━━━━━━━━ 100.0% 758.12kB/758.12kB [8s] 
Wrote 1211776 bytes (776313 compressed) at 0x00040000 in 8.6 seconds (1127.1 kbit/s).
Verifying written data...
Hash of data verified.

Staying in bootloader.
