/home/sahur/.local/bin/esptool --chip esp32c3 --port /dev/serial/by-id/usb-Espressif_USB_JTAG_serial_debug_unit_94:A9:90:7A:26:AC-if00 -b 460800 --after no-reset write-flash --flash-mode keep --flash-freq keep --flash-size keep 0x10000 /home/sahur/orca/workspaces/RouteLoom/v2-h0/artifacts/hil/images/h0r-bridge-c3-devram-diag/images/ota_data_initial.bin 0x40000 /home/sahur/orca/workspaces/RouteLoom/v2-h0/artifacts/hil/images/h0r-bridge-c3-devram-diag/images/application.bin
esptool v5.4.0
Serial port /dev/serial/by-id/usb-Espressif_USB_JTAG_serial_debug_unit_94:A9:90:7A:26:AC-if00:
Connecting...
Connected to ESP32-C3 on /dev/serial/by-id/usb-Espressif_USB_JTAG_serial_debug_unit_94:A9:90:7A:26:AC-if00:
Chip type:          ESP32-C3 (QFN32) (revision v0.4)
Features:           Wi-Fi, BT 5 (LE), Single Core, 160MHz, Embedded Flash 4MB (XMC)
Crystal frequency:  40MHz
USB mode:           USB-Serial/JTAG
MAC:                94:a9:90:7a:26:ac

Uploading stub flasher...
Running stub flasher...
Stub flasher running.
Changing baud rate to 460800...
Changed.

Configuring flash size...

Writing '/home/sahur/orca/workspaces/RouteLoom/v2-h0/artifacts/hil/images/h0r-bridge-c3-devram-diag/images/ota_data_initial.bin' at 0x00010000...
Flash will be erased from 0x00010000 to 0x00011fff...
Compressed 8192 bytes to 31...
Writing at 0x00012000 ━━━━━━━━━━━━━━━━━━━━━━━━━━━━━━ 100.0% 31B/31B [0s] 
Wrote 8192 bytes (31 compressed) at 0x00010000 in 0.1 seconds (992.8 kbit/s).
Verifying written data...
Hash of data verified.

Writing '/home/sahur/orca/workspaces/RouteLoom/v2-h0/artifacts/hil/images/h0r-bridge-c3-devram-diag/images/application.bin' at 0x00040000...
Flash will be erased from 0x00040000 to 0x0018afff...
Compressed 1354784 bytes to 800268...
Writing at 0x0004c413 ╸                                2.0% 16.00kB/781.51kB [0s] 
Writing at 0x000581ea ━                                4.1% 32.00kB/781.51kB [0s] 
Writing at 0x0005f10e ━╸                               6.1% 48.00kB/781.51kB [1s] 
Writing at 0x000681de ━━                               8.2% 64.00kB/781.51kB [1s] 
Writing at 0x0006e8a6 ━━━                             10.2% 80.00kB/781.51kB [2s] 
Writing at 0x000756e9 ━━━╸                            12.3% 96.00kB/781.51kB [3s] 
Writing at 0x0007c61d ━━━━                            14.3% 112.00kB/781.51kB [3s] 
Writing at 0x000832cc ━━━━╸                           16.4% 128.00kB/781.51kB [4s] 
Writing at 0x00089c9c ━━━━━╸                          18.4% 144.00kB/781.51kB [4s] 
Writing at 0x000907e7 ━━━━━━                          20.5% 160.00kB/781.51kB [5s] 
Writing at 0x00097430 ━━━━━━╸                         22.5% 176.00kB/781.51kB [5s] 
Writing at 0x0009da9d ━━━━━━━                         24.6% 192.00kB/781.51kB [5s] 
Writing at 0x000a4c4d ━━━━━━━╸                        26.6% 208.00kB/781.51kB [6s] 
Writing at 0x000ab13d ━━━━━━━━╸                       28.7% 224.00kB/781.51kB [6s] 
Writing at 0x000b1802 ━━━━━━━━━                       30.7% 240.00kB/781.51kB [6s] 
Writing at 0x000b8232 ━━━━━━━━━╸                      32.8% 256.00kB/781.51kB [6s] 
Writing at 0x000be808 ━━━━━━━━━━                      34.8% 272.00kB/781.51kB [6s] 
Writing at 0x000c514c ━━━━━━━━━━━                     36.9% 288.00kB/781.51kB [6s] 
Writing at 0x000cb7d8 ━━━━━━━━━━━╸                    38.9% 304.00kB/781.51kB [6s] 
Writing at 0x000d221e ━━━━━━━━━━━━                    40.9% 320.00kB/781.51kB [7s] 
Writing at 0x000d8945 ━━━━━━━━━━━━╸                   43.0% 336.00kB/781.51kB [7s] 
Writing at 0x000dee75 ━━━━━━━━━━━━━╸                  45.0% 352.00kB/781.51kB [7s] 
Writing at 0x000e5e53 ━━━━━━━━━━━━━━                  47.1% 368.00kB/781.51kB [7s] 
Writing at 0x000ec3ce ━━━━━━━━━━━━━━╸                 49.1% 384.00kB/781.51kB [7s] 
Writing at 0x000f3291 ━━━━━━━━━━━━━━━                 51.2% 400.00kB/781.51kB [7s] 
Writing at 0x000fa1f5 ━━━━━━━━━━━━━━━╸                53.2% 416.00kB/781.51kB [7s] 
Writing at 0x001008de ━━━━━━━━━━━━━━━━╸               55.3% 432.00kB/781.51kB [7s] 
Writing at 0x00107090 ━━━━━━━━━━━━━━━━━               57.3% 448.00kB/781.51kB [7s] 
Writing at 0x0010e315 ━━━━━━━━━━━━━━━━━╸              59.4% 464.00kB/781.51kB [7s] 
Writing at 0x001157ce ━━━━━━━━━━━━━━━━━━              61.4% 480.00kB/781.51kB [8s] 
Writing at 0x0011ca30 ━━━━━━━━━━━━━━━━━━━             63.5% 496.00kB/781.51kB [8s] 
Writing at 0x00122966 ━━━━━━━━━━━━━━━━━━━╸            65.5% 512.00kB/781.51kB [8s] 
Writing at 0x00128899 ━━━━━━━━━━━━━━━━━━━━            67.6% 528.00kB/781.51kB [8s] 
Writing at 0x0012e612 ━━━━━━━━━━━━━━━━━━━━╸           69.6% 544.00kB/781.51kB [8s] 
Writing at 0x00134045 ━━━━━━━━━━━━━━━━━━━━━           71.7% 560.00kB/781.51kB [8s] 
Writing at 0x00139bf3 ━━━━━━━━━━━━━━━━━━━━━━          73.7% 576.00kB/781.51kB [8s] 
Writing at 0x0013fb4f ━━━━━━━━━━━━━━━━━━━━━━╸         75.8% 592.00kB/781.51kB [8s] 
Writing at 0x001463e8 ━━━━━━━━━━━━━━━━━━━━━━━         77.8% 608.00kB/781.51kB [8s] 
Writing at 0x0014c166 ━━━━━━━━━━━━━━━━━━━━━━━╸        79.8% 624.00kB/781.51kB [8s] 
Writing at 0x00152580 ━━━━━━━━━━━━━━━━━━━━━━━━╸       81.9% 640.00kB/781.51kB [8s] 
Writing at 0x001587fb ━━━━━━━━━━━━━━━━━━━━━━━━━       83.9% 656.00kB/781.51kB [9s] 
Writing at 0x0015e81a ━━━━━━━━━━━━━━━━━━━━━━━━━╸      86.0% 672.00kB/781.51kB [9s] 
Writing at 0x00164902 ━━━━━━━━━━━━━━━━━━━━━━━━━━      88.0% 688.00kB/781.51kB [9s] 
Writing at 0x0016b154 ━━━━━━━━━━━━━━━━━━━━━━━━━━━     90.1% 704.00kB/781.51kB [9s] 
Writing at 0x0017125f ━━━━━━━━━━━━━━━━━━━━━━━━━━━╸    92.1% 720.00kB/781.51kB [9s] 
Writing at 0x00177148 ━━━━━━━━━━━━━━━━━━━━━━━━━━━━    94.2% 736.00kB/781.51kB [9s] 
Writing at 0x0017c6c8 ━━━━━━━━━━━━━━━━━━━━━━━━━━━━╸   96.2% 752.00kB/781.51kB [9s] 
Writing at 0x00182c9b ━━━━━━━━━━━━━━━━━━━━━━━━━━━━━   98.3% 768.00kB/781.51kB [9s] 
Writing at 0x0018ac20 ━━━━━━━━━━━━━━━━━━━━━━━━━━━━━━ 100.0% 781.51kB/781.51kB [9s] 
Wrote 1354784 bytes (800268 compressed) at 0x00040000 in 10.0 seconds (1087.6 kbit/s).
Verifying written data...
Hash of data verified.

Staying in bootloader.
