[2026-09-28T20:00:26.176+00:00] !! reset pulse
[2026-09-28T20:00:26.276+00:00] ESP-ROM:esp32c3-api1-20210207
[2026-09-28T20:00:26.276+00:00] Build:Feb  7 2021
[2026-09-28T20:00:26.276+00:00] rst:0x15 (USB_UART_CHIP_RESET),boot:0x8 (SPI_FAST_FLASH_BOOT)
[2026-09-28T20:00:26.276+00:00] Saved PC:0x40385a48
[2026-09-28T20:00:26.276+00:00] SPIWP:0xee
[2026-09-28T20:00:26.276+00:00] mode:DIO, clock div:1
[2026-09-28T20:00:26.276+00:00] load:0x3fcd5830,len:0x15a4
[2026-09-28T20:00:26.276+00:00] load:0x403cbf10,len:0xce0
[2026-09-28T20:00:26.276+00:00] load:0x403ce710,len:0x30c4
[2026-09-28T20:00:26.276+00:00] entry 0x403cbf1a
[2026-09-28T20:00:26.276+00:00] I (24) boot: ESP-IDF v6.0.3 2nd stage bootloader
[2026-09-28T20:00:26.276+00:00] I (24) boot: compile time Sep 28 2026 19:53:46
[2026-09-28T20:00:26.276+00:00] I (25) boot: chip revision: v0.4
[2026-09-28T20:00:26.276+00:00] I (25) boot: efuse block revision: v1.3
[2026-09-28T20:00:26.276+00:00] I (28) boot.esp32c3: SPI Speed      : 80MHz
[2026-09-28T20:00:26.276+00:00] I (32) boot.esp32c3: SPI Mode       : DIO
[2026-09-28T20:00:26.276+00:00] I (36) boot.esp32c3: SPI Flash Size : 4MB
[2026-09-28T20:00:26.276+00:00] I (39) boot: Enabling RNG early entropy source...
[2026-09-28T20:00:26.276+00:00] I (44) boot: Partition Table:
[2026-09-28T20:00:26.276+00:00] I (46) boot: ## Label            Usage          Type ST Offset   Length
[2026-09-28T20:00:26.276+00:00] I (53) boot:  0 nvs              WiFi data        01 02 00009000 00006000
[2026-09-28T20:00:26.276+00:00] I (59) boot:  1 phy_init         RF data          01 01 0000f000 00001000
[2026-09-28T20:00:26.276+00:00] I (66) boot:  2 otadata          OTA data         01 00 00010000 00002000
[2026-09-28T20:00:26.276+00:00] I (72) boot:  3 rlcfg            WiFi data        01 02 00012000 00006000
[2026-09-28T20:00:26.276+00:00] I (79) boot:  4 rlkeys           WiFi data        01 02 00018000 00003000
[2026-09-28T20:00:26.276+00:00] I (85) boot:  5 rlsec            WiFi data        01 02 00020000 00020000
[2026-09-28T20:00:26.276+00:00] I (92) boot:  6 ota_0            OTA app          00 10 00040000 001d0000
[2026-09-28T20:00:26.276+00:00] I (98) boot:  7 ota_1            OTA app          00 11 00210000 001d0000
[2026-09-28T20:00:26.276+00:00] I (105) boot:  8 coredump         Unknown data     01 03 003e0000 00010000
[2026-09-28T20:00:26.276+00:00] I (111) boot: End of partition table
[2026-09-28T20:00:26.276+00:00] I (115) esp_image: segment 0: paddr=00040020 vaddr=3c110020 size=2131ch (135964) map
[2026-09-28T20:00:26.276+00:00] I (144) esp_image: segment 1: paddr=00061344 vaddr=3fc91e00 size=03444h ( 13380) load
[2026-09-28T20:00:26.276+00:00] I (147) esp_image: segment 2: paddr=00064790 vaddr=40380000 size=0b888h ( 47240) load
[2026-09-28T20:00:26.276+00:00] I (157) esp_image: segment 3: paddr=00070020 vaddr=42000020 size=1026bch (1058492) map
[2026-09-28T20:00:26.376+00:00] I (329) esp_image: segment 4: paddr=001726e4 vaddr=4038b888 size=06508h ( 25864) load
[2026-09-28T20:00:26.376+00:00] I (335) esp_image: segment 5: paddr=00178bf4 vaddr=50000000 size=0001ch (    28) load
[2026-09-28T20:00:26.377+00:00] I (335) esp_image: segment 6: paddr=00178c18 vaddr=50000020 size=01990h (  6544) load
[2026-09-28T20:00:26.377+00:00] I (342) esp_image: segment 7: paddr=0017a5b0 vaddr=500019b8 size=00024h (    36) load
[2026-09-28T20:00:26.377+00:00] I (355) boot: Loaded app from partition at offset 0x40000
[2026-09-28T20:00:26.377+00:00] I (355) boot: Disabling RNG early entropy source...
[2026-09-28T20:00:26.377+00:00] I (371) cpu_start: Unicore app
[2026-09-28T20:00:26.377+00:00] I (379) cpu_start: GPIO 20 and 21 are used as console UART I/O pins
[2026-09-28T20:00:26.377+00:00] I (379) cpu_start: Pro cpu start user code
[2026-09-28T20:00:26.377+00:00] I (379) cpu_start: cpu freq: 160000000 Hz
[2026-09-28T20:00:26.377+00:00] I (381) app_init: Application information:
[2026-09-28T20:00:26.377+00:00] I (385) app_init: Project name:     routeloom_reference_node
[2026-09-28T20:00:26.377+00:00] I (390) app_init: App version:      1
[2026-09-28T20:00:26.377+00:00] I (394) app_init: Compile time:     Sep 28 2026 19:53:50
[2026-09-28T20:00:26.477+00:00] I (399) app_init: ELF file SHA256:  96d7174c4...
[2026-09-28T20:00:26.477+00:00] I (403) app_init: ESP-IDF:          v6.0.3
[2026-09-28T20:00:26.477+00:00] I (407) efuse_init: Min chip rev:     v0.3
[2026-09-28T20:00:26.477+00:00] I (411) efuse_init: Max chip rev:     v1.99
[2026-09-28T20:00:26.477+00:00] I (415) efuse_init: Chip rev:         v0.4
[2026-09-28T20:00:26.477+00:00] I (419) heap_init: Initializing. RAM available for dynamic allocation:
[2026-09-28T20:00:26.477+00:00] I (425) heap_init: At 3FCC6440 len 000162D0 (88 KiB): Retention RAM
[2026-09-28T20:00:26.477+00:00] I (431) heap_init: At 3FCDC710 len 00002950 (10 KiB): Retention RAM
[2026-09-28T20:00:26.477+00:00] I (437) heap_init: At 500019DC len 0000060C (1 KiB): RTCRAM
[2026-09-28T20:00:26.477+00:00] I (443) spi_flash: detected chip: generic
[2026-09-28T20:00:26.477+00:00] I (446) spi_flash: flash io: dio
[2026-09-28T20:00:26.477+00:00] I (450) sleep_gpio: Configure to isolate all GPIO pins in sleep state
[2026-09-28T20:00:26.477+00:00] I (455) sleep_gpio: Enable automatic switching of GPIO sleep configuration
[2026-09-28T20:00:26.477+00:00] I (462) main_task: Started on CPU0
[2026-09-28T20:00:26.477+00:00] I (465) main_task: Calling app_main()
[2026-09-28T20:00:26.477+00:00] I (468) rl_flash: image: sdk=0.1.0 layout=PT-4M-v2 storage_epoch=2
[2026-09-28T20:00:26.980+00:00] I (903) RouteLoomRef: sdkv1 identity: node=2 kid=56f5160c88c84fa96900d02df4a369a980883bd0a56ed0ad67b8fe9afc7909ec devcert_sha256=6572dc6b123d8e047a4a4605523e73d310ffb2712bd56183137ce0c34a4dc19a key_location=1 flags=0x01 anchors=1 devcert=179B
[2026-09-28T20:00:26.980+00:00] I (913) RouteLoomRef: sdkv1 site: not a member
[2026-09-28T20:00:26.980+00:00] I (917) RouteLoomRef: sdkv1 revocation: none rs_epoch=0 resume_slots=16
[2026-09-28T20:00:26.980+00:00] I (924) RouteLoomRef: sdkv1 local_revocation: none
[2026-09-28T20:00:26.980+00:00] I (928) RouteLoomRef: sdkv1 lifecycle: none
[2026-09-28T20:00:26.980+00:00] I (932) RouteLoomRef: routeloom field boot: fw=1 app_sha256=96d7174c4138a6019a31864007ebb8ccb6eee8917d0776009f746cbf5f720902
[2026-09-28T20:00:26.980+00:00] I (950) RouteLoomRef: board config: gen=1 node=0x2 secrets_gen=0 mac=94a9907a26ac
[2026-09-28T20:00:26.980+00:00] I (954) RouteLoomRef: security owner ready (node 0x2)
[2026-09-28T20:00:26.980+00:00] I (956) RouteLoom: Wi-Fi init heap: free=46808 largest=45056 bytes
[2026-09-28T20:00:26.980+00:00] I (961) pp: pp rom version: 9387209
[2026-09-28T20:00:26.980+00:00] I (964) net80211: net80211 rom version: 9387209
[2026-09-28T20:00:26.980+00:00] I (970) wifi:wifi driver task: 3fcd3c90, prio:23, stack:6656, core=0
[2026-09-28T20:00:26.980+00:00] I (975) wifi:wifi firmware version: da143fa
[2026-09-28T20:00:26.980+00:00] I (978) wifi:wifi certification version: v7.0
[2026-09-28T20:00:26.980+00:00] I (982) wifi:config NVS flash: disabled
[2026-09-28T20:00:26.980+00:00] I (986) wifi:config nano formatting: disabled
[2026-09-28T20:00:26.980+00:00] I (990) wifi:Init data frame dynamic rx buffer num: 8
[2026-09-28T20:00:26.980+00:00] I (995) wifi:Init static rx mgmt buffer num: 2
[2026-09-28T20:00:26.980+00:00] I (999) wifi:Init management short buffer num: 8
[2026-09-28T20:00:27.081+00:00] I (1003) wifi:Init dynamic tx buffer num: 8
[2026-09-28T20:00:27.081+00:00] I (1007) wifi:Init static tx FG buffer num: 2
[2026-09-28T20:00:27.081+00:00] I (1011) wifi:Init static rx buffer size: 1600
[2026-09-28T20:00:27.081+00:00] I (1015) wifi:Init static rx buffer num: 4
[2026-09-28T20:00:27.081+00:00] I (1019) wifi:Init dynamic rx buffer num: 8
[2026-09-28T20:00:27.081+00:00] I (1024) wifi_init: accept mbox: 6
[2026-09-28T20:00:27.081+00:00] I (1026) wifi_init: tcpip mbox: 32
[2026-09-28T20:00:27.081+00:00] I (1029) wifi_init: udp mbox: 6
[2026-09-28T20:00:27.081+00:00] I (1032) wifi_init: tcp mbox: 6
[2026-09-28T20:00:27.081+00:00] I (1035) wifi_init: tcp tx win: 5760
[2026-09-28T20:00:27.081+00:00] I (1038) wifi_init: tcp rx win: 5760
[2026-09-28T20:00:27.081+00:00] I (1042) wifi_init: tcp mss: 1440
[2026-09-28T20:00:27.081+00:00] I (1045) wifi_init: WiFi IRAM OP enabled
[2026-09-28T20:00:27.081+00:00] I (1048) wifi_init: WiFi RX IRAM OP enabled
[2026-09-28T20:00:27.081+00:00] I (1052) RouteLoom: Wi-Fi initialized heap: free=21444 largest=19456 min=21416 bytes
[2026-09-28T20:00:27.081+00:00] I (1060) wifi:(2.4G)set country: cc=JP  schan=1 nchan=13 policy=1
[2026-09-28T20:00:27.081+00:00] I (1066) wifi:ifx:0, phymode(new:3, sta nvs: 3 ap nvs: 3)
[2026-09-28T20:00:27.081+00:00] I (1071) phy_init: phy_version 1235,8bd8c6fc,Apr 13 2026,18:46:20
[2026-09-28T20:00:27.181+00:00] I (1108) wifi:mode : sta (94:a9:90:7a:26:ac)
[2026-09-28T20:00:27.181+00:00] I (1108) wifi:enable tsf
[2026-09-28T20:00:27.181+00:00] I (1111) RouteLoom: Wi-Fi started heap: free=19632 largest=17408 min=19372 bytes
[2026-09-28T20:00:27.181+00:00] I (1112) ESPNOW: espnow [version: 2.0] init
[2026-09-28T20:00:27.181+00:00] I (1115) RouteLoom: ESP-NOW ready heap: free=19436 largest=17408 min=19372 bytes
[2026-09-28T20:00:27.181+00:00] E (1122) RouteLoomRef: p6: STORAGE BLOCKED reason=2
[2026-09-28T20:00:27.181+00:00] I (1127) RouteLoomRef: booted (radio)
[2026-09-28T20:00:27.181+00:00] I (1129) RouteLoomRef: security owner started; node start deferred to membership
[2026-09-28T20:00:27.682+00:00] I (1669) RouteLoomRef: join mode=1 state=2 error=0
[2026-09-28T20:00:27.682+00:00] I (1671) RouteLoomRef: join mode=1 state=3 error=0
[2026-09-28T20:00:27.682+00:00] I (1678) RouteLoomRef: join mode=1 state=4 error=0
[2026-09-28T20:00:27.982+00:00] I (1997) RouteLoomRef: join mode=1 state=2 error=0
[2026-09-28T20:00:27.982+00:00] I (1999) RouteLoomRef: join mode=1 state=3 error=0
[2026-09-28T20:00:27.982+00:00] I (2005) RouteLoomRef: join mode=1 state=4 error=0
[2026-09-28T20:00:28.383+00:00] I (2324) RouteLoomRef: join mode=1 state=2 error=0
[2026-09-28T20:00:28.383+00:00] I (2326) RouteLoomRef: join mode=1 state=3 error=0
[2026-09-28T20:00:28.383+00:00] I (2332) RouteLoomRef: join mode=1 state=4 error=0
[2026-09-28T20:00:28.683+00:00] I (2651) RouteLoomRef: join mode=1 state=5 error=0
[2026-09-28T20:00:28.683+00:00] I (2653) RouteLoomRef: join mode=1 state=3 error=0
[2026-09-28T20:00:28.683+00:00] I (2659) RouteLoomRef: join mode=1 state=6 error=0
[2026-09-28T20:00:29.185+00:00] I (3111) RouteLoomRef: join mode=1 state=7 error=0
[2026-09-28T20:00:29.285+00:00] I (3247) RouteLoomRef: join mode=1 state=8 error=0
[2026-09-28T20:00:29.986+00:00] I (3984) RouteLoomEdhoc: HIL EDHOC ECDH us=130611 ok=1
[2026-09-28T20:00:30.286+00:00] I (4296) RouteLoomEdhoc: HIL EDHOC VERIFY us=153234 ok=1
[2026-09-28T20:00:30.286+00:00] I (4298) RouteLoomRef: join mode=1 state=9 error=0
[2026-09-28T20:00:30.487+00:00] I (4439) RouteLoomEdhoc: HIL EDHOC SIGN us=138677 ok=1
[2026-09-28T20:00:30.487+00:00] I (4444) RouteLoomRef: join mode=1 state=10 error=0
[2026-09-28T20:00:31.288+00:00] I (5231) RouteLoomRef: join mode=1 state=11 error=0
[2026-09-28T20:00:31.389+00:00] I (5400) RouteLoomRef: join mode=1 state=12 error=0
[2026-09-28T20:00:31.889+00:00] W (5904) RouteLoomRef: diagnostic reason=SECURITY_PROFILE_EXPERIMENTAL peer=0 message=none
[2026-09-28T20:00:31.890+00:00] I (5911) RouteLoomRef: member discovery started
[2026-09-28T20:00:33.292+00:00] I (7225) RouteLoomEdhoc: HIL EDHOC ECDH us=131209 ok=1
[2026-09-28T20:00:33.592+00:00] I (7547) RouteLoomEdhoc: HIL EDHOC VERIFY us=155651 ok=1
[2026-09-28T20:00:33.692+00:00] I (7690) RouteLoomEdhoc: HIL EDHOC SIGN us=138912 ok=1
[2026-09-28T20:00:33.893+00:00] I (7914) RouteLoomRef: discovery event=REDISCOVERY peer=0
[2026-09-28T20:00:33.893+00:00] W (7914) RouteLoomRef: diagnostic reason=REDISCOVERY peer=0 message=none
[2026-09-28T20:00:37.201+00:00] I (11214) RouteLoomRef: discovery event=REDISCOVERY peer=0
[2026-09-28T20:00:37.201+00:00] W (11214) RouteLoomRef: diagnostic reason=REDISCOVERY peer=0 message=none
[2026-09-28T20:00:38.303+00:00] I (12293) RouteLoomRef: discovery event=REDISCOVERY peer=0
[2026-09-28T20:00:38.303+00:00] W (12294) RouteLoomRef: diagnostic reason=REDISCOVERY peer=0 message=none
[2026-09-28T20:00:42.312+00:00] I (16300) RouteLoomRef: discovery event=REDISCOVERY peer=0
[2026-09-28T20:00:42.313+00:00] W (16300) RouteLoomRef: diagnostic reason=REDISCOVERY peer=0 message=none
[2026-09-28T20:00:46.319+00:00] I (20301) RouteLoomRef: discovery event=REDISCOVERY peer=0
[2026-09-28T20:00:46.319+00:00] W (20302) RouteLoomRef: diagnostic reason=REDISCOVERY peer=0 message=none
[2026-09-28T20:00:48.322+00:00] I (22301) RouteLoomRef: discovery event=REDISCOVERY peer=0
[2026-09-28T20:00:48.322+00:00] W (22302) RouteLoomRef: diagnostic reason=REDISCOVERY peer=0 message=none
[2026-09-28T20:00:50.325+00:00] I (24299) RouteLoomRef: discovery event=REDISCOVERY peer=0
[2026-09-28T20:00:50.325+00:00] W (24300) RouteLoomRef: diagnostic reason=REDISCOVERY peer=0 message=none
[2026-09-28T20:00:52.329+00:00] I (26301) RouteLoomRef: discovery event=REDISCOVERY peer=0
[2026-09-28T20:00:52.329+00:00] W (26302) RouteLoomRef: diagnostic reason=REDISCOVERY peer=0 message=none
[2026-09-28T20:00:54.333+00:00] I (28303) RouteLoomRef: discovery event=REDISCOVERY peer=0
[2026-09-28T20:00:54.333+00:00] W (28304) RouteLoomRef: diagnostic reason=REDISCOVERY peer=0 message=none
[2026-09-28T20:00:58.341+00:00] I (32305) RouteLoomRef: discovery event=REDISCOVERY peer=0
[2026-09-28T20:00:58.341+00:00] W (32306) RouteLoomRef: diagnostic reason=REDISCOVERY peer=0 message=none
[2026-09-28T20:01:00.344+00:00] I (34305) RouteLoomRef: discovery event=REDISCOVERY peer=0
[2026-09-28T20:01:00.344+00:00] W (34306) RouteLoomRef: diagnostic reason=REDISCOVERY peer=0 message=none
[2026-09-28T20:01:02.247+00:00] I (36259) RouteLoomRef: discovery event=REDISCOVERY peer=0
[2026-09-28T20:01:02.247+00:00] W (36260) RouteLoomRef: diagnostic reason=REDISCOVERY peer=0 message=none
[2026-09-28T20:01:03.349+00:00] I (37348) RouteLoomRef: discovery event=REDISCOVERY peer=0
[2026-09-28T20:01:03.349+00:00] W (37349) RouteLoomRef: diagnostic reason=REDISCOVERY peer=0 message=none
[2026-09-28T20:01:04.351+00:00] I (38307) RouteLoomRef: discovery event=REDISCOVERY peer=0
[2026-09-28T20:01:04.351+00:00] W (38308) RouteLoomRef: diagnostic reason=REDISCOVERY peer=0 message=none
[2026-09-28T20:01:08.758+00:00] I (42689) RouteLoomRef: discovery event=REDISCOVERY peer=0
[2026-09-28T20:01:08.758+00:00] W (42689) RouteLoomRef: diagnostic reason=REDISCOVERY peer=0 message=none
[2026-09-28T20:01:09.660+00:00] I (43584) RouteLoomRef: discovery event=REDISCOVERY peer=0
[2026-09-28T20:01:09.660+00:00] W (43585) RouteLoomRef: diagnostic reason=REDISCOVERY peer=0 message=none
[2026-09-28T20:01:11.062+00:00] I (45071) RouteLoomRef: discovery event=REDISCOVERY peer=0
[2026-09-28T20:01:11.062+00:00] W (45071) RouteLoomRef: diagnostic reason=REDISCOVERY peer=0 message=none
[2026-09-28T20:01:11.663+00:00] I (45643) RouteLoomRef: discovery event=REDISCOVERY peer=0
[2026-09-28T20:01:11.663+00:00] W (45643) RouteLoomRef: diagnostic reason=REDISCOVERY peer=0 message=none
[2026-09-28T20:01:12.165+00:00] I (46143) RouteLoomEdhoc: HIL EDHOC ECDH us=131101 ok=1
[2026-09-28T20:01:12.265+00:00] I (46284) RouteLoomEdhoc: HIL EDHOC SIGN us=138184 ok=1
[2026-09-28T20:01:13.869+00:00] I (47866) RouteLoomEdhoc: HIL EDHOC VERIFY us=153638 ok=1
[2026-09-28T20:01:13.869+00:00] HIL EDHOC HANDSHAKE us=2012684 role=2 scope=0 peer=1 heap_free=18576 heap_min=18028
[2026-09-28T20:01:13.869+00:00] I (47884) RouteLoomRef: discovery event=BOUND peer=1
[2026-09-28T20:01:13.869+00:00] W (47885) RouteLoomRef: diagnostic reason=BOUND peer=1 message=none
[2026-09-28T20:01:13.969+00:00] I (47966) RouteLoomRef: discovery event=REACHABLE peer=1
[2026-09-28T20:01:13.969+00:00] W (47966) RouteLoomRef: diagnostic reason=REACHABLE peer=1 message=none
[2026-09-28T20:01:13.969+00:00] W (47984) RouteLoomRef: diagnostic reason=SESSION_PENDING peer=1 message=present
[2026-09-28T20:01:15.672+00:00] W (49615) RouteLoomRef: diagnostic reason=session unknown context peer=1 message=none
[2026-09-28T20:01:15.672+00:00] W (49651) RouteLoomRef: diagnostic reason=UNMATCHED_HOP_ACCEPT peer=1 message=present
[2026-09-28T20:01:16.072+00:00] I (50063) RouteLoomRef: discovery event=REACHABLE peer=1
[2026-09-28T20:01:16.072+00:00] W (50064) RouteLoomRef: diagnostic reason=REACHABLE peer=1 message=none
[2026-09-28T20:01:16.072+00:00] W (50072) RouteLoomRef: diagnostic reason=UNMATCHED_HOP_ACCEPT peer=1 message=present
[2026-09-28T20:01:26.492+00:00] I (60443) RouteLoom: stack hwm main 8308 B
[2026-09-28T20:01:26.493+00:00] I (60443) RouteLoom: owner polls=13787 empty=12276 rxq_max=2 max_us rx=3566 bootstrap=613281 node=4897 security=532335
[2026-09-28T20:01:26.493+00:00] I (60447) RouteLoom: owner expiry_slots=5274560 hop_accept_expired=2
[2026-09-28T20:01:26.493+00:00] I (60453) RouteLoom: HIL HEAP free=18468 largest=16384 min=17656 B
[2026-09-28T20:01:26.493+00:00] I (60458) RouteLoom: HIL DISCOVERY candidates=0 neighbors=1 capacity=0 auth=2 stale=0 probes=2 send_failures=5 kind_rejects=0
[2026-09-28T20:01:26.493+00:00] I (60470) RouteLoom: HIL ROUTE peer=1 phase=5 via=1 metric=1 generation=7 seq=2
[2026-09-28T20:01:26.493+00:00] I (60477) RouteLoom: HIL ROUTE peer=3 phase=-1 via=0 metric=0 generation=0 seq=0
[2026-09-28T20:01:28.396+00:00] W (62336) RouteLoomRef: diagnostic reason=SESSION_PENDING peer=1 message=present
[2026-09-28T20:01:28.997+00:00] W (62925) RouteLoomRef: diagnostic reason=UNMATCHED_HOP_ACCEPT peer=1 message=present
[2026-09-28T20:01:28.997+00:00] W (62934) RouteLoomRef: diagnostic reason=UNMATCHED_HOP_ACCEPT peer=1 message=present
[2026-09-28T20:01:29.397+00:00] I (63414) RouteLoomEdhoc: HIL EDHOC ECDH us=131403 ok=1
[2026-09-28T20:01:29.798+00:00] I (63732) RouteLoomEdhoc: HIL EDHOC VERIFY us=151621 ok=1
[2026-09-28T20:01:29.898+00:00] I (63875) RouteLoomEdhoc: HIL EDHOC SIGN us=138749 ok=1
[2026-09-28T20:01:30.599+00:00] W (64578) RouteLoomRef: diagnostic reason=UNMATCHED_HOP_ACCEPT peer=1 message=present
[2026-09-28T20:01:30.599+00:00] W (64593) RouteLoomRef: diagnostic reason=UNMATCHED_HOP_ACCEPT peer=1 message=present
[2026-09-28T20:01:30.600+00:00] W (64602) RouteLoomRef: diagnostic reason=UNMATCHED_HOP_ACCEPT peer=1 message=present
[2026-09-28T20:01:30.600+00:00] W (64612) RouteLoomRef: diagnostic reason=UNMATCHED_HOP_ACCEPT peer=1 message=present
[2026-09-28T20:01:30.700+00:00] HIL EDHOC HANDSHAKE us=2306390 role=1 scope=1 peer=1 heap_free=18468 heap_min=17656
[2026-09-28T20:01:37.616+00:00] I (71561) RouteLoomRef: message origin=1 session=679009635 sequence=24 bytes=2
[2026-09-28T20:01:37.616+00:00] I (71571) RouteLoomRef: message origin=1 session=679009635 sequence=25 bytes=2
[2026-09-28T20:01:37.616+00:00] I (71586) RouteLoomRef: message origin=1 session=679009635 sequence=26 bytes=2
[2026-09-28T20:01:37.616+00:00] I (71602) RouteLoomRef: message origin=1 session=679009635 sequence=27 bytes=2
[2026-09-28T20:01:37.616+00:00] I (71615) RouteLoomRef: message origin=1 session=679009635 sequence=28 bytes=2
[2026-09-28T20:02:26.461+00:00] I (120445) RouteLoom: stack hwm main 8308 B
[2026-09-28T20:02:26.461+00:00] I (120445) RouteLoom: owner polls=28380 empty=26716 rxq_max=6 max_us rx=9109 bootstrap=613281 node=4897 security=609594
[2026-09-28T20:02:26.461+00:00] I (120449) RouteLoom: owner expiry_slots=11461992 hop_accept_expired=8
[2026-09-28T20:02:26.461+00:00] I (120455) RouteLoom: HIL HEAP free=18468 largest=16384 min=17640 B
[2026-09-28T20:02:26.461+00:00] I (120461) RouteLoom: HIL DISCOVERY candidates=0 neighbors=1 capacity=0 auth=2 stale=0 probes=5 send_failures=7 kind_rejects=0
[2026-09-28T20:02:26.461+00:00] I (120472) RouteLoom: HIL ROUTE peer=1 phase=5 via=1 metric=1 generation=7 seq=2
[2026-09-28T20:02:26.561+00:00] I (120479) RouteLoom: HIL ROUTE peer=3 phase=-1 via=0 metric=0 generation=0 seq=0
[2026-09-28T20:03:07.737+00:00] I (161682) RouteLoomRef: message origin=1 session=679009635 sequence=29 bytes=2
[2026-09-28T20:03:08.739+00:00] I (162682) RouteLoomRef: message origin=1 session=679009635 sequence=30 bytes=2
[2026-09-28T20:03:09.741+00:00] I (163687) RouteLoomRef: message origin=1 session=679009635 sequence=31 bytes=2
[2026-09-28T20:03:10.743+00:00] I (164695) RouteLoomRef: message origin=1 session=679009635 sequence=32 bytes=2
[2026-09-28T20:03:11.745+00:00] I (165700) RouteLoomRef: message origin=1 session=679009635 sequence=33 bytes=2
[2026-09-28T20:03:12.746+00:00] I (166709) RouteLoomRef: message origin=1 session=679009635 sequence=34 bytes=2
[2026-09-28T20:03:12.746+00:00] I (166720) RouteLoomRef: message origin=1 session=679009635 sequence=35 bytes=2
[2026-09-28T20:03:12.746+00:00] I (166742) RouteLoomRef: message origin=1 session=679009635 sequence=36 bytes=2
[2026-09-28T20:03:12.746+00:00] I (166756) RouteLoomRef: message origin=1 session=679009635 sequence=37 bytes=2
[2026-09-28T20:03:12.847+00:00] I (166773) RouteLoomRef: message origin=1 session=679009635 sequence=38 bytes=2
[2026-09-28T20:03:26.472+00:00] I (180445) RouteLoom: stack hwm main 8308 B
[2026-09-28T20:03:26.472+00:00] I (180445) RouteLoom: owner polls=43331 empty=41605 rxq_max=6 max_us rx=9109 bootstrap=613281 node=4897 security=609594
[2026-09-28T20:03:26.472+00:00] I (180449) RouteLoom: owner expiry_slots=17801216 hop_accept_expired=8
[2026-09-28T20:03:26.472+00:00] I (180455) RouteLoom: HIL HEAP free=18468 largest=16384 min=17640 B
[2026-09-28T20:03:26.472+00:00] I (180461) RouteLoom: HIL DISCOVERY candidates=0 neighbors=1 capacity=0 auth=2 stale=0 probes=9 send_failures=8 kind_rejects=0
[2026-09-28T20:03:26.472+00:00] I (180472) RouteLoom: HIL ROUTE peer=1 phase=5 via=1 metric=1 generation=7 seq=2
[2026-09-28T20:03:26.472+00:00] I (180479) RouteLoom: HIL ROUTE peer=3 phase=-1 via=0 metric=0 generation=0 seq=0
