$ /home/sahur/.local/bin/esptool --chip esp32c3 --port /dev/serial/by-id/usb-Espressif_USB_JTAG_serial_debug_unit_94:A9:90:6A:EE:C4-if00 --baud 460800 --before default-reset --after hard-reset write-flash --flash-mode dio --flash-size 2MB --flash-freq 80m 0x0 artifacts/hil/2026-09-26/images/bridge-member-chunkpaced/build/bootloader/bootloader.bin 0x8000 artifacts/hil/2026-09-26/images/bridge-member-chunkpaced/build/partition_table/partition-table.bin 0x10000 artifacts/hil/2026-09-26/images/bridge-member-chunkpaced/build/routeloom_bridge_node.bin
esptool v5.4.0
Serial port /dev/serial/by-id/usb-Espressif_USB_JTAG_serial_debug_unit_94:A9:90:6A:EE:C4-if00:
Connecting...
Connected to ESP32-C3 on /dev/serial/by-id/usb-Espressif_USB_JTAG_serial_debug_unit_94:A9:90:6A:EE:C4-if00:
Chip type:          ESP32-C3 (QFN32) (revision v0.4)
Features:           Wi-Fi, BT 5 (LE), Single Core, 160MHz, Embedded Flash 4MB (XMC)
Crystal frequency:  40MHz
USB mode:           USB-Serial/JTAG
MAC:                94:a9:90:6a:ee:c4

Uploading stub flasher...
Running stub flasher...
Stub flasher running.
Changing baud rate to 460800...
Changed.

Configuring flash size...

Writing 'artifacts/hil/2026-09-26/images/bridge-member-chunkpaced/build/bootloader/bootloader.bin' at 0x00000000...
SHA digest in image updated.
Flash will be erased from 0x00000000 to 0x00005fff...
Compressed 21344 bytes to 13510...
Writing at 0x00005360 ━━━━━━━━━━━━━━━━━━━━━━━━━━━━━━ 100.0% 13.19kB/13.19kB [0s] 
Wrote 21344 bytes (13510 compressed) at 0x00000000 in 0.3 seconds (674.6 kbit/s).
Verifying written data...
Hash of data verified.

Writing 'artifacts/hil/2026-09-26/images/bridge-member-chunkpaced/build/partition_table/partition-table.bin' at 0x00008000...
Flash will be erased from 0x00008000 to 0x00008fff...
Compressed 3072 bytes to 120...
Writing at 0x00008c00 ━━━━━━━━━━━━━━━━━━━━━━━━━━━━━━ 100.0% 120B/120B [0s] 
Wrote 3072 bytes (120 compressed) at 0x00008000 in 0.0 seconds (4367.2 kbit/s).
Verifying written data...
Hash of data verified.

Writing 'artifacts/hil/2026-09-26/images/bridge-member-chunkpaced/build/routeloom_bridge_node.bin' at 0x00010000...
Flash will be erased from 0x00010000 to 0x00175fff...
Compressed 1463872 bytes to 862855...
Writing at 0x0001c564 ╸                                1.9% 16.00kB/842.63kB [0s] 
Writing at 0x000284fc ━                                3.8% 32.00kB/842.63kB [0s] 
Writing at 0x0002f939 ━╸                               5.7% 48.00kB/842.63kB [1s] 
Writing at 0x00039d26 ━━                               7.6% 64.00kB/842.63kB [1s] 
Writing at 0x000400f5 ━━╸                              9.5% 80.00kB/842.63kB [2s] 
Writing at 0x00046f1b ━━━                             11.4% 96.00kB/842.63kB [3s] 
Writing at 0x0004e16d ━━━╸                            13.3% 112.00kB/842.63kB [3s] 
Writing at 0x00054b9a ━━━━╸                           15.2% 128.00kB/842.63kB [3s] 
Writing at 0x0005b857 ━━━━━                           17.1% 144.00kB/842.63kB [4s] 
Writing at 0x000620d7 ━━━━━╸                          19.0% 160.00kB/842.63kB [5s] 
Writing at 0x00068824 ━━━━━━                          20.9% 176.00kB/842.63kB [5s] 
Writing at 0x0006f6e1 ━━━━━━╸                         22.8% 192.00kB/842.63kB [6s] 
Writing at 0x00075eca ━━━━━━━                         24.7% 208.00kB/842.63kB [6s] 
Writing at 0x0007cbf4 ━━━━━━━╸                        26.6% 224.00kB/842.63kB [6s] 
Writing at 0x00083240 ━━━━━━━━╸                       28.5% 240.00kB/842.63kB [6s] 
Writing at 0x00089c09 ━━━━━━━━━                       30.4% 256.00kB/842.63kB [6s] 
Writing at 0x0009028a ━━━━━━━━━╸                      32.3% 272.00kB/842.63kB [6s] 
Writing at 0x00096b72 ━━━━━━━━━━                      34.2% 288.00kB/842.63kB [6s] 
Writing at 0x0009d466 ━━━━━━━━━━╸                     36.1% 304.00kB/842.63kB [6s] 
Writing at 0x000a3dbc ━━━━━━━━━━━                     38.0% 320.00kB/842.63kB [6s] 
Writing at 0x000aa433 ━━━━━━━━━━━╸                    39.9% 336.00kB/842.63kB [7s] 
Writing at 0x000b1214 ━━━━━━━━━━━━╸                   41.8% 352.00kB/842.63kB [7s] 
Writing at 0x000b7846 ━━━━━━━━━━━━━                   43.7% 368.00kB/842.63kB [7s] 
Writing at 0x000be2ae ━━━━━━━━━━━━━╸                  45.6% 384.00kB/842.63kB [7s] 
Writing at 0x000c4db0 ━━━━━━━━━━━━━━                  47.5% 400.00kB/842.63kB [7s] 
Writing at 0x000cb4af ━━━━━━━━━━━━━━╸                 49.4% 416.00kB/842.63kB [7s] 
Writing at 0x000d2480 ━━━━━━━━━━━━━━━                 51.3% 432.00kB/842.63kB [7s] 
Writing at 0x000d9c28 ━━━━━━━━━━━━━━━╸                53.2% 448.00kB/842.63kB [7s] 
Writing at 0x000e08eb ━━━━━━━━━━━━━━━━╸               55.1% 464.00kB/842.63kB [7s] 
Writing at 0x000e7816 ━━━━━━━━━━━━━━━━━               57.0% 480.00kB/842.63kB [7s] 
Writing at 0x000ed54e ━━━━━━━━━━━━━━━━━╸              58.9% 496.00kB/842.63kB [7s] 
Writing at 0x000f31ca ━━━━━━━━━━━━━━━━━━              60.8% 512.00kB/842.63kB [8s] 
Writing at 0x000f8dc9 ━━━━━━━━━━━━━━━━━━╸             62.7% 528.00kB/842.63kB [8s] 
Writing at 0x000fe863 ━━━━━━━━━━━━━━━━━━━             64.6% 544.00kB/842.63kB [8s] 
Writing at 0x00104754 ━━━━━━━━━━━━━━━━━━━╸            66.5% 560.00kB/842.63kB [8s] 
Writing at 0x0010b0f9 ━━━━━━━━━━━━━━━━━━━━╸           68.4% 576.00kB/842.63kB [8s] 
Writing at 0x00110e21 ━━━━━━━━━━━━━━━━━━━━━           70.3% 592.00kB/842.63kB [8s] 
Writing at 0x00116b50 ━━━━━━━━━━━━━━━━━━━━━╸          72.2% 608.00kB/842.63kB [8s] 
Writing at 0x0011ce98 ━━━━━━━━━━━━━━━━━━━━━━          74.1% 624.00kB/842.63kB [8s] 
Writing at 0x001233f8 ━━━━━━━━━━━━━━━━━━━━━━╸         76.0% 640.00kB/842.63kB [8s] 
Writing at 0x00129589 ━━━━━━━━━━━━━━━━━━━━━━━         77.9% 656.00kB/842.63kB [8s] 
Writing at 0x0012f38c ━━━━━━━━━━━━━━━━━━━━━━━╸        79.8% 672.00kB/842.63kB [9s] 
Writing at 0x00135b56 ━━━━━━━━━━━━━━━━━━━━━━━━        81.6% 688.00kB/842.63kB [9s] 
Writing at 0x0013c90f ━━━━━━━━━━━━━━━━━━━━━━━━━       83.5% 704.00kB/842.63kB [9s] 
Writing at 0x00143709 ━━━━━━━━━━━━━━━━━━━━━━━━━╸      85.4% 720.00kB/842.63kB [9s] 
Writing at 0x0014a150 ━━━━━━━━━━━━━━━━━━━━━━━━━━      87.3% 736.00kB/842.63kB [9s] 
Writing at 0x001504ad ━━━━━━━━━━━━━━━━━━━━━━━━━━╸     89.2% 752.00kB/842.63kB [9s] 
Writing at 0x0015675a ━━━━━━━━━━━━━━━━━━━━━━━━━━━     91.1% 768.00kB/842.63kB [9s] 
Writing at 0x0015c93c ━━━━━━━━━━━━━━━━━━━━━━━━━━━╸    93.0% 784.00kB/842.63kB [9s] 
Writing at 0x00161f42 ━━━━━━━━━━━━━━━━━━━━━━━━━━━━    94.9% 800.00kB/842.63kB [9s] 
Writing at 0x00167e92 ━━━━━━━━━━━━━━━━━━━━━━━━━━━━━   96.8% 816.00kB/842.63kB [9s] 
Writing at 0x0016ee04 ━━━━━━━━━━━━━━━━━━━━━━━━━━━━━╸  98.7% 832.00kB/842.63kB [9s] 
Writing at 0x00175640 ━━━━━━━━━━━━━━━━━━━━━━━━━━━━━━ 100.0% 842.63kB/842.63kB [10s] 
Wrote 1463872 bytes (862855 compressed) at 0x00010000 in 10.2 seconds (1148.9 kbit/s).
Verifying written data...
Hash of data verified.

Hard resetting via RTS pin...
