[2026-09-29T06:18:34.151+00:00] !! reset pulse
[2026-09-29T06:18:34.251+00:00] ESP-ROM:esp32c6-20220919
[2026-09-29T06:18:34.251+00:00] Build:Sep 19 2022
[2026-09-29T06:18:34.251+00:00] rst:0x15 (USB_UART_HPSYS),boot:0x1e (SPI_FAST_FLASH_BOOT)
[2026-09-29T06:18:34.251+00:00] Saved PC:0x42016920
[2026-09-29T06:18:34.251+00:00] SPIWP:0xee
[2026-09-29T06:18:34.251+00:00] mode:DIO, clock div:2
[2026-09-29T06:18:34.251+00:00] load:0x40875730,len:0x1738
[2026-09-29T06:18:34.251+00:00] load:0x4086b910,len:0xd8c
[2026-09-29T06:18:34.251+00:00] load:0x4086e610,len:0x32e0
[2026-09-29T06:18:34.251+00:00] entry 0x4086b91a
[2026-09-29T06:18:34.251+00:00] I (23) boot: ESP-IDF v6.0.3 2nd stage bootloader
[2026-09-29T06:18:34.251+00:00] I (23) boot: compile time Sep 29 2026 04:09:08
[2026-09-29T06:18:34.251+00:00] I (24) boot: chip revision: v0.2
[2026-09-29T06:18:34.251+00:00] I (24) boot: efuse block revision: v0.3
[2026-09-29T06:18:34.251+00:00] I (26) boot.esp32c6: SPI Speed      : 80MHz
[2026-09-29T06:18:34.251+00:00] I (30) boot.esp32c6: SPI Mode       : DIO
[2026-09-29T06:18:34.251+00:00] I (34) boot.esp32c6: SPI Flash Size : 4MB
[2026-09-29T06:18:34.251+00:00] I (38) boot: Enabling RNG early entropy source...
[2026-09-29T06:18:34.251+00:00] I (42) boot: Partition Table:
[2026-09-29T06:18:34.251+00:00] I (45) boot: ## Label            Usage          Type ST Offset   Length
[2026-09-29T06:18:34.251+00:00] I (51) boot:  0 nvs              WiFi data        01 02 00009000 00006000
[2026-09-29T06:18:34.251+00:00] I (58) boot:  1 phy_init         RF data          01 01 0000f000 00001000
[2026-09-29T06:18:34.251+00:00] I (64) boot:  2 otadata          OTA data         01 00 00010000 00002000
[2026-09-29T06:18:34.251+00:00] I (71) boot:  3 rlcfg            WiFi data        01 02 00012000 00006000
[2026-09-29T06:18:34.251+00:00] I (77) boot:  4 rlkeys           WiFi data        01 02 00018000 00003000
[2026-09-29T06:18:34.251+00:00] I (84) boot:  5 rlsec            WiFi data        01 02 00020000 00020000
[2026-09-29T06:18:34.251+00:00] I (90) boot:  6 ota_0            OTA app          00 10 00040000 001d0000
[2026-09-29T06:18:34.251+00:00] I (97) boot:  7 ota_1            OTA app          00 11 00210000 001d0000
[2026-09-29T06:18:34.251+00:00] I (103) boot:  8 coredump         Unknown data     01 03 003e0000 00010000
[2026-09-29T06:18:34.251+00:00] I (110) boot: End of partition table
[2026-09-29T06:18:34.251+00:00] I (114) esp_image: segment 0: paddr=00040020 vaddr=42120020 size=259f0h (154096) map
[2026-09-29T06:18:34.251+00:00] I (149) esp_image: segment 1: paddr=00065a18 vaddr=40800000 size=0a600h ( 42496) load
[2026-09-29T06:18:34.251+00:00] I (159) esp_image: segment 2: paddr=00070020 vaddr=42000020 size=1120d8h (1122520) map
[2026-09-29T06:18:34.351+00:00] I (367) esp_image: segment 3: paddr=00182100 vaddr=4080a600 size=0fa0ch ( 64012) load
[2026-09-29T06:18:34.351+00:00] I (381) esp_image: segment 4: paddr=00191b14 vaddr=4081a010 size=03c14h ( 15380) load
[2026-09-29T06:18:34.351+00:00] I (385) esp_image: segment 5: paddr=00195730 vaddr=50000000 size=00060h (    96) load
[2026-09-29T06:18:34.351+00:00] I (386) esp_image: segment 6: paddr=00195798 vaddr=50000068 size=00024h (    36) load
[2026-09-29T06:18:34.351+00:00] I (398) boot: Loaded app from partition at offset 0x40000
[2026-09-29T06:18:34.451+00:00] I (399) boot: Disabling RNG early entropy source...
[2026-09-29T06:18:34.451+00:00] I (414) cpu_start: Unicore app
[2026-09-29T06:18:34.451+00:00] I (424) cpu_start: GPIO 17 and 16 are used as console UART I/O pins
[2026-09-29T06:18:34.451+00:00] I (424) cpu_start: Pro cpu start user code
[2026-09-29T06:18:34.451+00:00] I (424) cpu_start: cpu freq: 160000000 Hz
[2026-09-29T06:18:34.451+00:00] I (426) app_init: Application information:
[2026-09-29T06:18:34.451+00:00] I (430) app_init: Project name:     routeloom_reference_node
[2026-09-29T06:18:34.451+00:00] I (435) app_init: App version:      1
[2026-09-29T06:18:34.451+00:00] I (439) app_init: Compile time:     Sep 29 2026 04:17:46
[2026-09-29T06:18:34.451+00:00] I (444) app_init: ELF file SHA256:  2d453c688...
[2026-09-29T06:18:34.451+00:00] I (448) app_init: ESP-IDF:          v6.0.3
[2026-09-29T06:18:34.451+00:00] I (452) efuse_init: Min chip rev:     v0.0
[2026-09-29T06:18:34.451+00:00] I (456) efuse_init: Max chip rev:     v0.99
[2026-09-29T06:18:34.451+00:00] I (460) efuse_init: Chip rev:         v0.2
[2026-09-29T06:18:34.451+00:00] I (464) heap_init: Initializing. RAM available for dynamic allocation:
[2026-09-29T06:18:34.451+00:00] I (470) heap_init: At 40849B70 len 00032AA0 (202 KiB): RAM
[2026-09-29T06:18:34.451+00:00] I (475) heap_init: At 4087C610 len 00002F54 (11 KiB): RAM
[2026-09-29T06:18:34.451+00:00] I (480) heap_init: At 5000008C len 00003F5C (15 KiB): RTCRAM
[2026-09-29T06:18:34.451+00:00] I (486) spi_flash: detected chip: generic
[2026-09-29T06:18:34.451+00:00] I (489) spi_flash: flash io: dio
[2026-09-29T06:18:34.451+00:00] I (493) sleep_gpio: Configure to isolate all GPIO pins in sleep state
[2026-09-29T06:18:34.551+00:00] I (498) sleep_gpio: Enable automatic switching of GPIO sleep configuration
[2026-09-29T06:18:34.551+00:00] I (514) main_task: Started on CPU0
[2026-09-29T06:18:34.551+00:00] I (516) main_task: Calling app_main()
[2026-09-29T06:18:34.551+00:00] I (520) rl_flash: image: sdk=0.1.0 layout=PT-4M-v2 storage_epoch=2
[2026-09-29T06:18:34.952+00:00] I (952) RouteLoomRef: sdkv1 identity: node=3 kid=1aecf50aaaa10846dc12acdce69a177e035ee387cc72342597bb4f9f1f6aef45 devcert_sha256=60ff24c0485fc050d596bda3c757a66e97e2b63b1aafe6c6c3a9b51a43ce3858 key_location=1 flags=0x01 anchors=1 devcert=179B
[2026-09-29T06:18:34.952+00:00] I (963) RouteLoomRef: sdkv1 site: site=7199734415343522507 network=0x12d30648b generation=1 gk=2
[2026-09-29T06:18:34.952+00:00] I (971) RouteLoomRef: sdkv1 revocation: adopted rs_epoch=1 resume_slots=16
[2026-09-29T06:18:34.952+00:00] I (978) RouteLoomRef: sdkv1 local_revocation: none
[2026-09-29T06:18:34.952+00:00] I (982) RouteLoomRef: sdkv1 lifecycle: none
[2026-09-29T06:18:34.952+00:00] I (987) RouteLoomRef: routeloom field boot: fw=1 app_sha256=2d453c688e4e8a7bf0c3a289b8fd2413144e604a7204bfb1b9022393f39df163
[2026-09-29T06:18:35.052+00:00] I (1007) RouteLoomRef: board config: gen=1 node=0x3 secrets_gen=0 mac=10bda3b14754
[2026-09-29T06:18:35.052+00:00] I (1009) RouteLoomRef: security owner ready (node 0x3)
[2026-09-29T06:18:35.052+00:00] I (1010) RouteLoom: Wi-Fi init heap: free=176416 largest=159744 bytes
[2026-09-29T06:18:35.052+00:00] I (1016) pp: pp rom version: 5b8dcfa
[2026-09-29T06:18:35.052+00:00] I (1019) net80211: net80211 rom version: 5b8dcfa
[2026-09-29T06:18:35.052+00:00] I (1024) wifi:wifi driver task: 40857524, prio:23, stack:6656, core=0
[2026-09-29T06:18:35.052+00:00] I (1030) wifi:wifi firmware version: da143fa
[2026-09-29T06:18:35.052+00:00] I (1033) wifi:wifi certification version: v7.0
[2026-09-29T06:18:35.052+00:00] I (1037) wifi:config NVS flash: disabled
[2026-09-29T06:18:35.052+00:00] I (1041) wifi:config nano formatting: disabled
[2026-09-29T06:18:35.052+00:00] I (1045) wifi:mac_version:HAL_MAC_ESP32AX_761,ut_version:N, band mode:0x1
[2026-09-29T06:18:35.052+00:00] I (1052) wifi:Init data frame dynamic rx buffer num: 8
[2026-09-29T06:18:35.052+00:00] I (1057) wifi:Init static rx mgmt buffer num: 2
[2026-09-29T06:18:35.052+00:00] I (1061) wifi:Init management short buffer num: 8
[2026-09-29T06:18:35.052+00:00] I (1065) wifi:Init dynamic tx buffer num: 8
[2026-09-29T06:18:35.052+00:00] I (1069) wifi:Init static tx FG buffer num: 2
[2026-09-29T06:18:35.052+00:00] I (1073) wifi:Init static rx buffer size: 1700 (rxctrl:92, csi:512)
[2026-09-29T06:18:35.052+00:00] I (1079) wifi:Init static rx buffer num: 4
[2026-09-29T06:18:35.052+00:00] I (1083) wifi:Init dynamic rx buffer num: 8
[2026-09-29T06:18:35.052+00:00] I (1088) wifi_init: accept mbox: 6
[2026-09-29T06:18:35.052+00:00] I (1090) wifi_init: tcpip mbox: 32
[2026-09-29T06:18:35.052+00:00] I (1093) wifi_init: udp mbox: 6
[2026-09-29T06:18:35.052+00:00] I (1096) wifi_init: tcp mbox: 6
[2026-09-29T06:18:35.152+00:00] I (1099) wifi_init: tcp tx win: 5760
[2026-09-29T06:18:35.152+00:00] I (1102) wifi_init: tcp rx win: 5760
[2026-09-29T06:18:35.152+00:00] I (1106) wifi_init: tcp mss: 1440
[2026-09-29T06:18:35.152+00:00] I (1109) wifi_init: WiFi IRAM OP enabled
[2026-09-29T06:18:35.152+00:00] I (1112) wifi_init: WiFi RX IRAM OP enabled
[2026-09-29T06:18:35.152+00:00] I (1116) wifi_init: WiFi SLP IRAM OP enabled
[2026-09-29T06:18:35.152+00:00] I (1120) RouteLoom: Wi-Fi initialized heap: free=150676 largest=135168 min=150648 bytes
[2026-09-29T06:18:35.152+00:00] I (1128) wifi:(2.4G)set country: cc=JP  schan=1 nchan=13 policy=1
[2026-09-29T06:18:35.152+00:00] I (1134) wifi:ifx:0, phymode(new:3, sta nvs: 7 ap nvs: 3)
[2026-09-29T06:18:35.152+00:00] I (1139) phy_init: phy_version 345,552b044,Jul 14 2026,10:37:00
[2026-09-29T06:18:35.252+00:00] I (1233) phy_init: Saving new calibration data due to checksum failure or outdated calibration data, mode(0)
[2026-09-29T06:18:35.252+00:00] I (1242) wifi:11ax coex: WDEVAX_PTI0(0x55777555), WDEVAX_PTI1(0x00003377).
[2026-09-29T06:18:35.252+00:00] 
[2026-09-29T06:18:35.252+00:00] I (1243) wifi:mode : sta (10:bd:a3:b1:47:54)
[2026-09-29T06:18:35.252+00:00] I (1243) wifi:enable tsf
[2026-09-29T06:18:35.252+00:00] I (1247) RouteLoom: Wi-Fi started heap: free=148356 largest=131072 min=148088 bytes
[2026-09-29T06:18:35.252+00:00] I (1252) ESPNOW: espnow [version: 2.0] init
[2026-09-29T06:18:35.252+00:00] I (1256) RouteLoom: ESP-NOW ready heap: free=148164 largest=131072 min=148088 bytes
[2026-09-29T06:18:35.553+00:00] I (1562) RouteLoomRef: booted (radio)
[2026-09-29T06:18:35.553+00:00] I (1562) RouteLoomRef: security owner started; node start deferred to membership
[2026-09-29T06:18:36.355+00:00] W (2376) RouteLoomRef: diagnostic reason=SECURITY_PROFILE_EXPERIMENTAL peer=0 message=none
[2026-09-29T06:18:36.355+00:00] I (2385) RouteLoomRef: member discovery started
[2026-09-29T06:18:38.059+00:00] I (4103) RouteLoomRef: discovery event=BOUND peer=1
[2026-09-29T06:18:38.059+00:00] W (4103) RouteLoomRef: diagnostic reason=BOUND peer=1 message=none
[2026-09-29T06:18:38.159+00:00] I (4182) RouteLoomRef: discovery event=REACHABLE peer=1
[2026-09-29T06:18:38.159+00:00] W (4182) RouteLoomRef: diagnostic reason=REACHABLE peer=1 message=none
[2026-09-29T06:18:38.159+00:00] W (4189) RouteLoomRef: diagnostic reason=SESSION_PENDING peer=1 message=present
[2026-09-29T06:18:38.359+00:00] W (4330) RouteLoomRef: diagnostic reason=session unknown context peer=1 message=present
[2026-09-29T06:18:38.460+00:00] W (4421) RouteLoomRef: diagnostic reason=session unknown context peer=1 message=present
[2026-09-29T06:18:40.364+00:00] W (6348) RouteLoomRef: diagnostic reason=session unknown context peer=1 message=present
[2026-09-29T06:18:40.464+00:00] W (6436) RouteLoomRef: diagnostic reason=session unknown context peer=1 message=present
[2026-09-29T06:18:41.066+00:00] W (7057) RouteLoomRef: diagnostic reason=UNMATCHED_HOP_ACCEPT peer=1 message=present
[2026-09-29T06:18:41.467+00:00] I (7494) RouteLoomEdhoc: HIL EDHOC ECDH us=124606 ok=1
[2026-09-29T06:18:41.768+00:00] I (7795) RouteLoomEdhoc: HIL EDHOC VERIFY us=146904 ok=1
[2026-09-29T06:18:41.968+00:00] I (7931) RouteLoomEdhoc: HIL EDHOC SIGN us=131646 ok=1
[2026-09-29T06:18:42.168+00:00] W (8180) RouteLoomRef: diagnostic reason=DEDUP_EVICTED_RESOLVED peer=1 message=present
[2026-09-29T06:18:42.570+00:00] W (8565) RouteLoomRef: diagnostic reason=UNMATCHED_HOP_ACCEPT peer=1 message=present
[2026-09-29T06:18:42.570+00:00] W (8578) RouteLoomRef: diagnostic reason=UNMATCHED_HOP_ACCEPT peer=1 message=present
[2026-09-29T06:18:42.570+00:00] W (8591) RouteLoomRef: diagnostic reason=UNMATCHED_HOP_ACCEPT peer=1 message=present
[2026-09-29T06:18:42.570+00:00] W (8604) RouteLoomRef: diagnostic reason=UNMATCHED_HOP_ACCEPT peer=1 message=present
[2026-09-29T06:18:42.570+00:00] W (8614) RouteLoomRef: diagnostic reason=DEDUP_EVICTED_RESOLVED peer=1 message=present
[2026-09-29T06:18:42.670+00:00] W (8629) RouteLoomRef: diagnostic reason=DEDUP_EVICTED_RESOLVED peer=1 message=present
[2026-09-29T06:18:42.670+00:00] HIL EDHOC HANDSHAKE us=2448778 role=1 scope=1 peer=1 heap_free=147184 heap_min=146328
[2026-09-29T06:18:43.071+00:00] W (9064) RouteLoomRef: diagnostic reason=session unknown context peer=1 message=present
[2026-09-29T06:18:43.071+00:00] W (9079) RouteLoomRef: diagnostic reason=DEDUP_EVICTED_RESOLVED peer=1 message=present
[2026-09-29T06:18:43.071+00:00] W (9095) RouteLoomRef: diagnostic reason=DEDUP_EVICTED_RESOLVED peer=1 message=present
[2026-09-29T06:18:43.271+00:00] W (9223) RouteLoomRef: diagnostic reason=session unknown context peer=1 message=present
[2026-09-29T06:18:44.374+00:00] W (10371) RouteLoomRef: diagnostic reason=session unknown context peer=1 message=present
[2026-09-29T06:18:44.474+00:00] W (10500) RouteLoomRef: diagnostic reason=session unknown context peer=1 message=present
[2026-09-29T06:18:46.378+00:00] W (12380) RouteLoomRef: diagnostic reason=session unknown context peer=1 message=present
[2026-09-29T06:18:46.478+00:00] W (12518) RouteLoomRef: diagnostic reason=session unknown context peer=1 message=present
[2026-09-29T06:18:48.382+00:00] W (14388) RouteLoomRef: diagnostic reason=session unknown context peer=1 message=present
[2026-09-29T06:18:48.482+00:00] W (14529) RouteLoomRef: diagnostic reason=session unknown context peer=1 message=present
[2026-09-29T06:18:50.385+00:00] W (16395) RouteLoomRef: diagnostic reason=session unknown context peer=1 message=present
[2026-09-29T06:18:50.485+00:00] W (16528) RouteLoomRef: diagnostic reason=session unknown context peer=1 message=present
[2026-09-29T06:18:52.388+00:00] W (18404) RouteLoomRef: diagnostic reason=session unknown context peer=1 message=present
[2026-09-29T06:18:52.588+00:00] W (18541) RouteLoomRef: diagnostic reason=session unknown context peer=1 message=present
[2026-09-29T06:18:54.391+00:00] W (20413) RouteLoomRef: diagnostic reason=session unknown context peer=1 message=present
[2026-09-29T06:18:54.691+00:00] W (20646) RouteLoomRef: diagnostic reason=session unknown context peer=1 message=present
[2026-09-29T06:18:55.092+00:00] W (21108) RouteLoomRef: diagnostic reason=UNMATCHED_HOP_ACCEPT peer=1 message=present
[2026-09-29T06:18:55.092+00:00] W (21121) RouteLoomRef: diagnostic reason=UNMATCHED_HOP_ACCEPT peer=1 message=present
[2026-09-29T06:18:55.593+00:00] I (21548) RouteLoomEdhoc: HIL EDHOC ECDH us=124108 ok=1
[2026-09-29T06:18:55.894+00:00] I (21850) RouteLoomEdhoc: HIL EDHOC VERIFY us=147869 ok=1
[2026-09-29T06:18:55.994+00:00] I (21985) RouteLoomEdhoc: HIL EDHOC SIGN us=131504 ok=1
[2026-09-29T06:18:56.194+00:00] W (22202) RouteLoomRef: diagnostic reason=DEDUP_EVICTED_RESOLVED peer=1 message=present
[2026-09-29T06:18:56.595+00:00] W (22583) RouteLoomRef: diagnostic reason=UNMATCHED_HOP_ACCEPT peer=1 message=present
[2026-09-29T06:18:56.595+00:00] W (22596) RouteLoomRef: diagnostic reason=UNMATCHED_HOP_ACCEPT peer=1 message=present
[2026-09-29T06:18:56.595+00:00] W (22609) RouteLoomRef: diagnostic reason=UNMATCHED_HOP_ACCEPT peer=1 message=present
[2026-09-29T06:18:56.595+00:00] W (22619) RouteLoomRef: diagnostic reason=UNMATCHED_HOP_ACCEPT peer=1 message=present
[2026-09-29T06:18:56.595+00:00] W (22632) RouteLoomRef: diagnostic reason=DEDUP_EVICTED_RESOLVED peer=1 message=present
[2026-09-29T06:18:56.695+00:00] W (22644) RouteLoomRef: diagnostic reason=DEDUP_EVICTED_RESOLVED peer=1 message=present
[2026-09-29T06:18:56.695+00:00] HIL EDHOC HANDSHAKE us=2143240 role=1 scope=1 peer=1 heap_free=147184 heap_min=146328
[2026-09-29T06:18:56.695+00:00] W (22663) RouteLoomRef: diagnostic reason=session unknown context peer=1 message=present
[2026-09-29T06:18:57.096+00:00] W (23111) RouteLoomRef: diagnostic reason=DEDUP_EVICTED_RESOLVED peer=1 message=present
[2026-09-29T06:18:57.096+00:00] W (23137) RouteLoomRef: diagnostic reason=session unknown context peer=1 message=present
[2026-09-29T06:18:57.197+00:00] W (23154) RouteLoomRef: diagnostic reason=DEDUP_EVICTED_RESOLVED peer=1 message=present
[2026-09-29T06:18:57.197+00:00] W (23183) RouteLoomRef: diagnostic reason=UNMATCHED_HOP_ACCEPT peer=1 message=present
[2026-09-29T06:18:58.499+00:00] W (24507) RouteLoomRef: diagnostic reason=session unknown context peer=1 message=present
[2026-09-29T06:18:58.700+00:00] W (24652) RouteLoomRef: diagnostic reason=session unknown context peer=1 message=present
