[2026-09-29T06:50:58.721+00:00] !! reset pulse
[2026-09-29T06:50:58.822+00:00] ESP-ROM:esp32c6-20220919
[2026-09-29T06:50:58.822+00:00] Build:Sep 19 2022
[2026-09-29T06:50:58.822+00:00] rst:0x15 (USB_UART_HPSYS),boot:0x1e (SPI_FAST_FLASH_BOOT)
[2026-09-29T06:50:58.822+00:00] Saved PC:0x40807866
[2026-09-29T06:50:58.822+00:00] SPIWP:0xee
[2026-09-29T06:50:58.822+00:00] mode:DIO, clock div:2
[2026-09-29T06:50:58.822+00:00] load:0x40875730,len:0x1738
[2026-09-29T06:50:58.822+00:00] load:0x4086b910,len:0xd8c
[2026-09-29T06:50:58.822+00:00] load:0x4086e610,len:0x32e0
[2026-09-29T06:50:58.822+00:00] entry 0x4086b91a
[2026-09-29T06:50:58.822+00:00] I (23) boot: ESP-IDF v6.0.3 2nd stage bootloader
[2026-09-29T06:50:58.822+00:00] I (23) boot: compile time Sep 29 2026 04:09:08
[2026-09-29T06:50:58.822+00:00] I (24) boot: chip revision: v0.2
[2026-09-29T06:50:58.822+00:00] I (24) boot: efuse block revision: v0.3
[2026-09-29T06:50:58.822+00:00] I (26) boot.esp32c6: SPI Speed      : 80MHz
[2026-09-29T06:50:58.822+00:00] I (30) boot.esp32c6: SPI Mode       : DIO
[2026-09-29T06:50:58.822+00:00] I (34) boot.esp32c6: SPI Flash Size : 4MB
[2026-09-29T06:50:58.822+00:00] I (38) boot: Enabling RNG early entropy source...
[2026-09-29T06:50:58.822+00:00] I (42) boot: Partition Table:
[2026-09-29T06:50:58.822+00:00] I (45) boot: ## Label            Usage          Type ST Offset   Length
[2026-09-29T06:50:58.822+00:00] I (51) boot:  0 nvs              WiFi data        01 02 00009000 00006000
[2026-09-29T06:50:58.822+00:00] I (58) boot:  1 phy_init         RF data          01 01 0000f000 00001000
[2026-09-29T06:50:58.822+00:00] I (64) boot:  2 otadata          OTA data         01 00 00010000 00002000
[2026-09-29T06:50:58.822+00:00] I (71) boot:  3 rlcfg            WiFi data        01 02 00012000 00006000
[2026-09-29T06:50:58.822+00:00] I (77) boot:  4 rlkeys           WiFi data        01 02 00018000 00003000
[2026-09-29T06:50:58.822+00:00] I (84) boot:  5 rlsec            WiFi data        01 02 00020000 00020000
[2026-09-29T06:50:58.822+00:00] I (90) boot:  6 ota_0            OTA app          00 10 00040000 001d0000
[2026-09-29T06:50:58.822+00:00] I (97) boot:  7 ota_1            OTA app          00 11 00210000 001d0000
[2026-09-29T06:50:58.822+00:00] I (103) boot:  8 coredump         Unknown data     01 03 003e0000 00010000
[2026-09-29T06:50:58.822+00:00] I (110) boot: End of partition table
[2026-09-29T06:50:58.822+00:00] I (114) esp_image: segment 0: paddr=00040020 vaddr=42120020 size=259f0h (154096) map
[2026-09-29T06:50:58.822+00:00] I (149) esp_image: segment 1: paddr=00065a18 vaddr=40800000 size=0a600h ( 42496) load
[2026-09-29T06:50:58.822+00:00] I (159) esp_image: segment 2: paddr=00070020 vaddr=42000020 size=1120d8h (1122520) map
[2026-09-29T06:50:58.922+00:00] I (367) esp_image: segment 3: paddr=00182100 vaddr=4080a600 size=0fa0ch ( 64012) load
[2026-09-29T06:50:58.922+00:00] I (381) esp_image: segment 4: paddr=00191b14 vaddr=4081a010 size=03c14h ( 15380) load
[2026-09-29T06:50:58.922+00:00] I (385) esp_image: segment 5: paddr=00195730 vaddr=50000000 size=00060h (    96) load
[2026-09-29T06:50:58.922+00:00] I (386) esp_image: segment 6: paddr=00195798 vaddr=50000068 size=00024h (    36) load
[2026-09-29T06:50:58.922+00:00] I (398) boot: Loaded app from partition at offset 0x40000
[2026-09-29T06:50:59.022+00:00] I (399) boot: Disabling RNG early entropy source...
[2026-09-29T06:50:59.022+00:00] I (414) cpu_start: Unicore app
[2026-09-29T06:50:59.022+00:00] I (424) cpu_start: GPIO 17 and 16 are used as console UART I/O pins
[2026-09-29T06:50:59.022+00:00] I (424) cpu_start: Pro cpu start user code
[2026-09-29T06:50:59.022+00:00] I (424) cpu_start: cpu freq: 160000000 Hz
[2026-09-29T06:50:59.022+00:00] I (426) app_init: Application information:
[2026-09-29T06:50:59.022+00:00] I (430) app_init: Project name:     routeloom_reference_node
[2026-09-29T06:50:59.022+00:00] I (435) app_init: App version:      1
[2026-09-29T06:50:59.022+00:00] I (439) app_init: Compile time:     Sep 29 2026 04:17:46
[2026-09-29T06:50:59.022+00:00] I (444) app_init: ELF file SHA256:  2d453c688...
[2026-09-29T06:50:59.022+00:00] I (448) app_init: ESP-IDF:          v6.0.3
[2026-09-29T06:50:59.022+00:00] I (452) efuse_init: Min chip rev:     v0.0
[2026-09-29T06:50:59.022+00:00] I (456) efuse_init: Max chip rev:     v0.99
[2026-09-29T06:50:59.022+00:00] I (460) efuse_init: Chip rev:         v0.2
[2026-09-29T06:50:59.022+00:00] I (464) heap_init: Initializing. RAM available for dynamic allocation:
[2026-09-29T06:50:59.022+00:00] I (470) heap_init: At 40849B70 len 00032AA0 (202 KiB): RAM
[2026-09-29T06:50:59.022+00:00] I (475) heap_init: At 4087C610 len 00002F54 (11 KiB): RAM
[2026-09-29T06:50:59.022+00:00] I (480) heap_init: At 5000008C len 00003F5C (15 KiB): RTCRAM
[2026-09-29T06:50:59.022+00:00] I (486) spi_flash: detected chip: generic
[2026-09-29T06:50:59.022+00:00] I (489) spi_flash: flash io: dio
[2026-09-29T06:50:59.022+00:00] I (493) sleep_gpio: Configure to isolate all GPIO pins in sleep state
[2026-09-29T06:50:59.122+00:00] I (498) sleep_gpio: Enable automatic switching of GPIO sleep configuration
[2026-09-29T06:50:59.122+00:00] I (514) main_task: Started on CPU0
[2026-09-29T06:50:59.122+00:00] I (516) main_task: Calling app_main()
[2026-09-29T06:50:59.122+00:00] I (520) rl_flash: image: sdk=0.1.0 layout=PT-4M-v2 storage_epoch=2
[2026-09-29T06:50:59.523+00:00] I (950) RouteLoomRef: sdkv1 identity: node=3 kid=1aecf50aaaa10846dc12acdce69a177e035ee387cc72342597bb4f9f1f6aef45 devcert_sha256=60ff24c0485fc050d596bda3c757a66e97e2b63b1aafe6c6c3a9b51a43ce3858 key_location=1 flags=0x01 anchors=1 devcert=179B
[2026-09-29T06:50:59.523+00:00] I (960) RouteLoomRef: sdkv1 site: not a member
[2026-09-29T06:50:59.523+00:00] I (964) RouteLoomRef: sdkv1 revocation: none rs_epoch=0 resume_slots=16
[2026-09-29T06:50:59.523+00:00] I (971) RouteLoomRef: sdkv1 local_revocation: blocked
[2026-09-29T06:50:59.523+00:00] I (975) RouteLoomRef: sdkv1 lifecycle: journaled
[2026-09-29T06:50:59.523+00:00] I (980) RouteLoomRef: routeloom field boot: fw=1 app_sha256=2d453c688e4e8a7bf0c3a289b8fd2413144e604a7204bfb1b9022393f39df163
[2026-09-29T06:50:59.523+00:00] I (1000) RouteLoomRef: board config: gen=1 node=0x3 secrets_gen=0 mac=10bda3b14754
[2026-09-29T06:50:59.623+00:00] I (1002) RouteLoomRef: security owner ready (node 0x3)
[2026-09-29T06:50:59.623+00:00] I (1004) RouteLoom: Wi-Fi init heap: free=176284 largest=159744 bytes
[2026-09-29T06:50:59.623+00:00] I (1009) pp: pp rom version: 5b8dcfa
[2026-09-29T06:50:59.623+00:00] I (1012) net80211: net80211 rom version: 5b8dcfa
[2026-09-29T06:50:59.623+00:00] I (1018) wifi:wifi driver task: 408575d4, prio:23, stack:6656, core=0
[2026-09-29T06:50:59.623+00:00] I (1024) wifi:wifi firmware version: da143fa
[2026-09-29T06:50:59.623+00:00] I (1027) wifi:wifi certification version: v7.0
[2026-09-29T06:50:59.623+00:00] I (1031) wifi:config NVS flash: disabled
[2026-09-29T06:50:59.623+00:00] I (1034) wifi:config nano formatting: disabled
[2026-09-29T06:50:59.623+00:00] I (1039) wifi:mac_version:HAL_MAC_ESP32AX_761,ut_version:N, band mode:0x1
[2026-09-29T06:50:59.623+00:00] I (1046) wifi:Init data frame dynamic rx buffer num: 8
[2026-09-29T06:50:59.623+00:00] I (1050) wifi:Init static rx mgmt buffer num: 2
[2026-09-29T06:50:59.623+00:00] I (1054) wifi:Init management short buffer num: 8
[2026-09-29T06:50:59.623+00:00] I (1059) wifi:Init dynamic tx buffer num: 8
[2026-09-29T06:50:59.623+00:00] I (1063) wifi:Init static tx FG buffer num: 2
[2026-09-29T06:50:59.623+00:00] I (1067) wifi:Init static rx buffer size: 1700 (rxctrl:92, csi:512)
[2026-09-29T06:50:59.623+00:00] I (1073) wifi:Init static rx buffer num: 4
[2026-09-29T06:50:59.623+00:00] I (1076) wifi:Init dynamic rx buffer num: 8
[2026-09-29T06:50:59.623+00:00] I (1081) wifi_init: accept mbox: 6
[2026-09-29T06:50:59.623+00:00] I (1083) wifi_init: tcpip mbox: 32
[2026-09-29T06:50:59.623+00:00] I (1087) wifi_init: udp mbox: 6
[2026-09-29T06:50:59.623+00:00] I (1089) wifi_init: tcp mbox: 6
[2026-09-29T06:50:59.623+00:00] I (1092) wifi_init: tcp tx win: 5760
[2026-09-29T06:50:59.623+00:00] I (1096) wifi_init: tcp rx win: 5760
[2026-09-29T06:50:59.723+00:00] I (1099) wifi_init: tcp mss: 1440
[2026-09-29T06:50:59.723+00:00] I (1102) wifi_init: WiFi IRAM OP enabled
[2026-09-29T06:50:59.723+00:00] I (1106) wifi_init: WiFi RX IRAM OP enabled
[2026-09-29T06:50:59.723+00:00] I (1109) wifi_init: WiFi SLP IRAM OP enabled
[2026-09-29T06:50:59.723+00:00] I (1113) RouteLoom: Wi-Fi initialized heap: free=150564 largest=135168 min=150536 bytes
[2026-09-29T06:50:59.723+00:00] I (1122) wifi:(2.4G)set country: cc=JP  schan=1 nchan=13 policy=1
[2026-09-29T06:50:59.723+00:00] I (1127) wifi:ifx:0, phymode(new:3, sta nvs: 7 ap nvs: 3)
[2026-09-29T06:50:59.723+00:00] I (1132) phy_init: phy_version 345,552b044,Jul 14 2026,10:37:00
[2026-09-29T06:50:59.823+00:00] I (1225) wifi:11ax coex: WDEVAX_PTI0(0x55777555), WDEVAX_PTI1(0x00003377).
[2026-09-29T06:50:59.823+00:00] 
[2026-09-29T06:50:59.823+00:00] I (1226) wifi:mode : sta (10:bd:a3:b1:47:54)
[2026-09-29T06:50:59.823+00:00] I (1226) wifi:enable tsf
[2026-09-29T06:50:59.823+00:00] I (1230) RouteLoom: Wi-Fi started heap: free=148376 largest=131072 min=148120 bytes
[2026-09-29T06:50:59.823+00:00] I (1235) ESPNOW: espnow [version: 2.0] init
[2026-09-29T06:50:59.823+00:00] I (1239) RouteLoom: ESP-NOW ready heap: free=148168 largest=131072 min=148120 bytes
[2026-09-29T06:50:59.823+00:00] I (1250) RouteLoomRef: booted (radio)
[2026-09-29T06:50:59.823+00:00] I (1251) RouteLoomRef: security owner started; node start deferred to membership
[2026-09-29T06:51:00.324+00:00] I (1763) RouteLoomRef: join mode=1 state=2 error=0
[2026-09-29T06:51:00.324+00:00] I (1765) RouteLoomRef: join mode=1 state=3 error=0
[2026-09-29T06:51:00.324+00:00] I (1771) RouteLoomRef: join mode=1 state=4 error=0
[2026-09-29T06:51:00.625+00:00] I (2088) RouteLoomRef: join mode=1 state=2 error=0
[2026-09-29T06:51:00.625+00:00] I (2090) RouteLoomRef: join mode=1 state=3 error=0
[2026-09-29T06:51:00.625+00:00] I (2096) RouteLoomRef: join mode=1 state=4 error=0
[2026-09-29T06:51:01.026+00:00] I (2414) RouteLoomRef: join mode=1 state=2 error=0
[2026-09-29T06:51:01.026+00:00] I (2416) RouteLoomRef: join mode=1 state=3 error=0
[2026-09-29T06:51:01.026+00:00] I (2422) RouteLoomRef: join mode=1 state=4 error=0
[2026-09-29T06:51:01.327+00:00] I (2740) RouteLoomRef: join mode=1 state=5 error=0
[2026-09-29T06:51:01.327+00:00] I (2742) RouteLoomRef: join mode=1 state=3 error=0
[2026-09-29T06:51:01.327+00:00] I (2748) RouteLoomRef: join mode=1 state=6 error=0
[2026-09-29T06:51:01.727+00:00] I (3194) RouteLoomRef: join mode=1 state=7 error=0
[2026-09-29T06:51:01.928+00:00] I (3323) RouteLoomRef: join mode=1 state=8 error=0
[2026-09-29T06:51:03.631+00:00] I (5077) RouteLoomEdhoc: HIL EDHOC ECDH us=124197 ok=1
[2026-09-29T06:51:03.932+00:00] I (5379) RouteLoomEdhoc: HIL EDHOC VERIFY us=151328 ok=1
[2026-09-29T06:51:03.932+00:00] I (5381) RouteLoomRef: join mode=1 state=9 error=0
[2026-09-29T06:51:04.132+00:00] I (5515) RouteLoomEdhoc: HIL EDHOC SIGN us=131685 ok=1
[2026-09-29T06:51:04.132+00:00] I (5519) RouteLoomRef: join mode=1 state=10 error=0
[2026-09-29T06:51:05.535+00:00] I (6983) RouteLoomRef: join mode=1 state=5 error=0
[2026-09-29T06:51:05.535+00:00] I (6986) RouteLoomRef: join mode=1 state=14 error=0
[2026-09-29T06:51:06.637+00:00] I (8108) RouteLoomRef: join mode=1 state=6 error=0
[2026-09-29T06:51:07.037+00:00] I (8430) RouteLoomRef: join mode=1 state=5 error=0
[2026-09-29T06:51:07.038+00:00] I (8432) RouteLoomRef: join mode=1 state=14 error=0
[2026-09-29T06:51:09.242+00:00] I (10700) RouteLoomRef: join mode=1 state=6 error=0
[2026-09-29T06:51:09.643+00:00] I (11023) RouteLoomRef: join mode=1 state=5 error=0
[2026-09-29T06:51:09.643+00:00] I (11026) RouteLoomRef: join mode=1 state=14 error=0
[2026-09-29T06:51:14.452+00:00] I (15860) RouteLoomRef: join mode=1 state=6 error=0
[2026-09-29T06:51:14.753+00:00] I (16183) RouteLoomRef: join mode=1 state=5 error=0
[2026-09-29T06:51:14.753+00:00] I (16185) RouteLoomRef: join mode=1 state=14 error=0
[2026-09-29T06:51:24.070+00:00] I (25529) RouteLoomRef: join mode=1 state=6 error=0
[2026-09-29T06:51:24.571+00:00] I (25978) RouteLoomRef: join mode=1 state=7 error=0
[2026-09-29T06:51:24.671+00:00] I (26106) RouteLoomRef: join mode=1 state=8 error=0
[2026-09-29T06:51:24.872+00:00] I (26344) RouteLoomEdhoc: HIL EDHOC ECDH us=124199 ok=1
[2026-09-29T06:51:25.172+00:00] I (26648) RouteLoomEdhoc: HIL EDHOC VERIFY us=153452 ok=1
[2026-09-29T06:51:25.172+00:00] I (26650) RouteLoomRef: join mode=1 state=9 error=0
[2026-09-29T06:51:25.373+00:00] I (26784) RouteLoomEdhoc: HIL EDHOC SIGN us=131142 ok=1
[2026-09-29T06:51:25.373+00:00] I (26788) RouteLoomRef: join mode=1 state=10 error=0
[2026-09-29T06:51:25.473+00:00] I (26895) RouteLoomRef: join mode=1 state=11 error=0
[2026-09-29T06:51:25.473+00:00] I (26899) RouteLoomRef: join mode=1 state=5 error=0
[2026-09-29T06:51:25.473+00:00] I (26901) RouteLoomRef: join mode=1 state=14 error=0
[2026-09-29T06:51:37.498+00:00] I (38899) RouteLoomRef: join mode=1 state=6 error=0
[2026-09-29T06:51:37.899+00:00] I (39348) RouteLoomRef: join mode=1 state=7 error=0
[2026-09-29T06:51:37.999+00:00] I (39476) RouteLoomRef: join mode=1 state=8 error=0
[2026-09-29T06:51:38.299+00:00] I (39706) RouteLoomEdhoc: HIL EDHOC ECDH us=124205 ok=1
[2026-09-29T06:51:38.600+00:00] I (40005) RouteLoomEdhoc: HIL EDHOC VERIFY us=148457 ok=1
[2026-09-29T06:51:38.600+00:00] I (40007) RouteLoomRef: join mode=1 state=9 error=0
