[2026-09-29T06:18:09.048+00:00] !! reset pulse
[2026-09-29T06:18:09.148+00:00] ESP-ROM:esp32c6-20220919
[2026-09-29T06:18:09.148+00:00] Build:Sep 19 2022
[2026-09-29T06:18:09.148+00:00] rst:0x15 (USB_UART_HPSYS),boot:0x3f (SPI_FAST_FLASH_BOOT)
[2026-09-29T06:18:09.148+00:00] Saved PC:0x4210fefc
[2026-09-29T06:18:09.148+00:00] SPIWP:0xee
[2026-09-29T06:18:09.148+00:00] mode:DIO, clock div:2
[2026-09-29T06:18:09.148+00:00] load:0x40875730,len:0x1738
[2026-09-29T06:18:09.148+00:00] load:0x4086b910,len:0xd8c
[2026-09-29T06:18:09.148+00:00] load:0x4086e610,len:0x32e0
[2026-09-29T06:18:09.148+00:00] entry 0x4086b91a
[2026-09-29T06:18:09.148+00:00] I (23) boot: ESP-IDF v6.0.3 2nd stage bootloader
[2026-09-29T06:18:09.148+00:00] I (23) boot: compile time Sep 29 2026 04:09:08
[2026-09-29T06:18:09.148+00:00] I (24) boot: chip revision: v0.2
[2026-09-29T06:18:09.148+00:00] I (24) boot: efuse block revision: v0.3
[2026-09-29T06:18:09.148+00:00] I (26) boot.esp32c6: SPI Speed      : 80MHz
[2026-09-29T06:18:09.148+00:00] I (30) boot.esp32c6: SPI Mode       : DIO
[2026-09-29T06:18:09.148+00:00] I (34) boot.esp32c6: SPI Flash Size : 4MB
[2026-09-29T06:18:09.148+00:00] I (38) boot: Enabling RNG early entropy source...
[2026-09-29T06:18:09.148+00:00] I (42) boot: Partition Table:
[2026-09-29T06:18:09.148+00:00] I (45) boot: ## Label            Usage          Type ST Offset   Length
[2026-09-29T06:18:09.148+00:00] I (51) boot:  0 nvs              WiFi data        01 02 00009000 00006000
[2026-09-29T06:18:09.148+00:00] I (58) boot:  1 phy_init         RF data          01 01 0000f000 00001000
[2026-09-29T06:18:09.148+00:00] I (64) boot:  2 otadata          OTA data         01 00 00010000 00002000
[2026-09-29T06:18:09.148+00:00] I (71) boot:  3 rlcfg            WiFi data        01 02 00012000 00006000
[2026-09-29T06:18:09.148+00:00] I (77) boot:  4 rlkeys           WiFi data        01 02 00018000 00003000
[2026-09-29T06:18:09.148+00:00] I (84) boot:  5 rlsec            WiFi data        01 02 00020000 00020000
[2026-09-29T06:18:09.148+00:00] I (90) boot:  6 ota_0            OTA app          00 10 00040000 001d0000
[2026-09-29T06:18:09.148+00:00] I (97) boot:  7 ota_1            OTA app          00 11 00210000 001d0000
[2026-09-29T06:18:09.148+00:00] I (103) boot:  8 coredump         Unknown data     01 03 003e0000 00010000
[2026-09-29T06:18:09.148+00:00] I (110) boot: End of partition table
[2026-09-29T06:18:09.148+00:00] I (114) esp_image: segment 0: paddr=00040020 vaddr=42120020 size=259f0h (154096) map
[2026-09-29T06:18:09.148+00:00] I (149) esp_image: segment 1: paddr=00065a18 vaddr=40800000 size=0a600h ( 42496) load
[2026-09-29T06:18:09.148+00:00] I (159) esp_image: segment 2: paddr=00070020 vaddr=42000020 size=1121c0h (1122752) map
[2026-09-29T06:18:09.249+00:00] I (367) esp_image: segment 3: paddr=001821e8 vaddr=4080a600 size=0fa0ch ( 64012) load
[2026-09-29T06:18:09.249+00:00] I (381) esp_image: segment 4: paddr=00191bfc vaddr=4081a010 size=03c14h ( 15380) load
[2026-09-29T06:18:09.249+00:00] I (385) esp_image: segment 5: paddr=00195818 vaddr=50000000 size=00060h (    96) load
[2026-09-29T06:18:09.249+00:00] I (386) esp_image: segment 6: paddr=00195880 vaddr=50000068 size=00024h (    36) load
[2026-09-29T06:18:09.249+00:00] I (398) boot: Loaded app from partition at offset 0x40000
[2026-09-29T06:18:09.349+00:00] I (399) boot: Disabling RNG early entropy source...
[2026-09-29T06:18:09.349+00:00] I (415) cpu_start: Unicore app
[2026-09-29T06:18:09.349+00:00] I (423) cpu_start: GPIO 17 and 16 are used as console UART I/O pins
[2026-09-29T06:18:09.349+00:00] I (423) cpu_start: Pro cpu start user code
[2026-09-29T06:18:09.349+00:00] I (424) cpu_start: cpu freq: 160000000 Hz
[2026-09-29T06:18:09.349+00:00] I (425) app_init: Application information:
[2026-09-29T06:18:09.349+00:00] I (429) app_init: Project name:     routeloom_reference_node
[2026-09-29T06:18:09.349+00:00] I (434) app_init: App version:      1
[2026-09-29T06:18:09.349+00:00] I (438) app_init: Compile time:     Sep 29 2026 04:20:26
[2026-09-29T06:18:09.349+00:00] I (443) app_init: ELF file SHA256:  ee314a9cd...
[2026-09-29T06:18:09.349+00:00] I (447) app_init: ESP-IDF:          v6.0.3
[2026-09-29T06:18:09.349+00:00] I (451) efuse_init: Min chip rev:     v0.0
[2026-09-29T06:18:09.349+00:00] I (455) efuse_init: Max chip rev:     v0.99
[2026-09-29T06:18:09.349+00:00] I (459) efuse_init: Chip rev:         v0.2
[2026-09-29T06:18:09.349+00:00] I (463) heap_init: Initializing. RAM available for dynamic allocation:
[2026-09-29T06:18:09.349+00:00] I (469) heap_init: At 4084BDB0 len 00030860 (194 KiB): RAM
[2026-09-29T06:18:09.349+00:00] I (474) heap_init: At 4087C610 len 00002F54 (11 KiB): RAM
[2026-09-29T06:18:09.349+00:00] I (479) heap_init: At 5000008C len 00003F5C (15 KiB): RTCRAM
[2026-09-29T06:18:09.349+00:00] I (485) spi_flash: detected chip: generic
[2026-09-29T06:18:09.349+00:00] I (488) spi_flash: flash io: dio
[2026-09-29T06:18:09.349+00:00] I (492) sleep_gpio: Configure to isolate all GPIO pins in sleep state
[2026-09-29T06:18:09.449+00:00] I (498) sleep_gpio: Enable automatic switching of GPIO sleep configuration
[2026-09-29T06:18:09.449+00:00] I (513) main_task: Started on CPU0
[2026-09-29T06:18:09.449+00:00] I (515) main_task: Calling app_main()
[2026-09-29T06:18:09.449+00:00] I (519) rl_flash: image: sdk=0.1.0 layout=PT-4M-v2 storage_epoch=2
[2026-09-29T06:18:09.850+00:00] I (959) RouteLoomRef: sdkv1 identity: node=2 kid=edb66fdb8cebf1e68c5598a7cd5c653ce51c5bc9f8e481c175e9404e1b927ed2 devcert_sha256=1c66fee33b6bdee44c4c4dfa32d38fa51f2f9f8add5838ffa34895ba9ed294f8 key_location=1 flags=0x01 anchors=1 devcert=179B
[2026-09-29T06:18:09.850+00:00] I (969) RouteLoomRef: sdkv1 site: site=7199734415343522507 network=0x12d30648b generation=1 gk=2
[2026-09-29T06:18:09.850+00:00] I (978) RouteLoomRef: sdkv1 revocation: adopted rs_epoch=1 resume_slots=16
[2026-09-29T06:18:09.850+00:00] I (984) RouteLoomRef: sdkv1 local_revocation: none
[2026-09-29T06:18:09.850+00:00] I (989) RouteLoomRef: sdkv1 lifecycle: none
[2026-09-29T06:18:09.950+00:00] I (993) RouteLoomRef: routeloom field boot: fw=1 app_sha256=ee314a9cda37f7460439e3c3924bd559329e92bc5316023d3445c641a1626fcc
[2026-09-29T06:18:09.950+00:00] I (1013) RouteLoomRef: board config: gen=1 node=0x2 secrets_gen=0 mac=10bda3b148a8
[2026-09-29T06:18:09.950+00:00] I (1015) RouteLoomRef: security owner ready (node 0x2)
[2026-09-29T06:18:09.950+00:00] I (1017) RouteLoom: Wi-Fi init heap: free=167516 largest=151552 bytes
[2026-09-29T06:18:09.950+00:00] I (1022) pp: pp rom version: 5b8dcfa
[2026-09-29T06:18:09.950+00:00] I (1025) net80211: net80211 rom version: 5b8dcfa
[2026-09-29T06:18:09.950+00:00] I (1031) wifi:wifi driver task: 40859814, prio:23, stack:6656, core=0
[2026-09-29T06:18:09.950+00:00] I (1037) wifi:wifi firmware version: da143fa
[2026-09-29T06:18:09.950+00:00] I (1040) wifi:wifi certification version: v7.0
[2026-09-29T06:18:09.950+00:00] I (1044) wifi:config NVS flash: disabled
[2026-09-29T06:18:09.950+00:00] I (1047) wifi:config nano formatting: disabled
[2026-09-29T06:18:09.950+00:00] I (1052) wifi:mac_version:HAL_MAC_ESP32AX_761,ut_version:N, band mode:0x1
[2026-09-29T06:18:09.950+00:00] I (1059) wifi:Init data frame dynamic rx buffer num: 8
[2026-09-29T06:18:09.950+00:00] I (1063) wifi:Init static rx mgmt buffer num: 2
[2026-09-29T06:18:09.950+00:00] I (1067) wifi:Init management short buffer num: 8
[2026-09-29T06:18:09.950+00:00] I (1072) wifi:Init dynamic tx buffer num: 8
[2026-09-29T06:18:09.950+00:00] I (1076) wifi:Init static tx FG buffer num: 2
[2026-09-29T06:18:09.950+00:00] I (1080) wifi:Init static rx buffer size: 1700 (rxctrl:92, csi:512)
[2026-09-29T06:18:09.950+00:00] I (1086) wifi:Init static rx buffer num: 4
[2026-09-29T06:18:09.950+00:00] I (1089) wifi:Init dynamic rx buffer num: 8
[2026-09-29T06:18:09.950+00:00] I (1094) wifi_init: accept mbox: 6
[2026-09-29T06:18:09.950+00:00] I (1096) wifi_init: tcpip mbox: 32
[2026-09-29T06:18:10.050+00:00] I (1100) wifi_init: udp mbox: 6
[2026-09-29T06:18:10.050+00:00] I (1102) wifi_init: tcp mbox: 6
[2026-09-29T06:18:10.050+00:00] I (1105) wifi_init: tcp tx win: 5760
[2026-09-29T06:18:10.050+00:00] I (1109) wifi_init: tcp rx win: 5760
[2026-09-29T06:18:10.050+00:00] I (1112) wifi_init: tcp mss: 1440
[2026-09-29T06:18:10.050+00:00] I (1115) wifi_init: WiFi IRAM OP enabled
[2026-09-29T06:18:10.050+00:00] I (1119) wifi_init: WiFi RX IRAM OP enabled
[2026-09-29T06:18:10.050+00:00] I (1122) wifi_init: WiFi SLP IRAM OP enabled
[2026-09-29T06:18:10.050+00:00] I (1126) RouteLoom: Wi-Fi initialized heap: free=141796 largest=126976 min=141768 bytes
[2026-09-29T06:18:10.050+00:00] I (1135) wifi:(2.4G)set country: cc=JP  schan=1 nchan=13 policy=1
[2026-09-29T06:18:10.050+00:00] I (1140) wifi:ifx:0, phymode(new:3, sta nvs: 7 ap nvs: 3)
[2026-09-29T06:18:10.050+00:00] I (1145) phy_init: phy_version 345,552b044,Jul 14 2026,10:37:00
[2026-09-29T06:18:10.150+00:00] I (1235) wifi:11ax coex: WDEVAX_PTI0(0x55777555), WDEVAX_PTI1(0x00003377).
[2026-09-29T06:18:10.150+00:00] 
[2026-09-29T06:18:10.150+00:00] I (1236) wifi:mode : sta (10:bd:a3:b1:48:a8)
[2026-09-29T06:18:10.150+00:00] I (1236) wifi:enable tsf
[2026-09-29T06:18:10.150+00:00] I (1240) RouteLoom: Wi-Fi started heap: free=139608 largest=122880 min=139352 bytes
[2026-09-29T06:18:10.150+00:00] I (1245) ESPNOW: espnow [version: 2.0] init
[2026-09-29T06:18:10.150+00:00] I (1249) RouteLoom: ESP-NOW ready heap: free=139400 largest=122880 min=139352 bytes
[2026-09-29T06:18:10.451+00:00] I (1561) RouteLoomRef: booted (radio)
[2026-09-29T06:18:10.451+00:00] I (1561) RouteLoomRef: security owner started; node start deferred to membership
[2026-09-29T06:18:11.252+00:00] W (2394) RouteLoomRef: diagnostic reason=SECURITY_PROFILE_EXPERIMENTAL peer=0 message=none
[2026-09-29T06:18:11.252+00:00] I (2403) RouteLoomRef: member discovery started
[2026-09-29T06:18:12.154+00:00] I (3213) RouteLoomRef: discovery event=BOUND peer=1
[2026-09-29T06:18:12.154+00:00] W (3213) RouteLoomRef: diagnostic reason=BOUND peer=1 message=none
[2026-09-29T06:18:14.158+00:00] I (5294) RouteLoomRef: discovery event=REACHABLE peer=1
[2026-09-29T06:18:14.158+00:00] W (5294) RouteLoomRef: diagnostic reason=REACHABLE peer=1 message=none
[2026-09-29T06:18:14.258+00:00] W (5311) RouteLoomRef: diagnostic reason=SESSION_PENDING peer=1 message=present
[2026-09-29T06:18:14.559+00:00] W (5689) RouteLoomRef: diagnostic reason=UNMATCHED_HOP_ACCEPT peer=1 message=present
