$ /home/sahur/.local/bin/esptool --chip esp32c3 --port /dev/serial/by-id/usb-Espressif_USB_JTAG_serial_debug_unit_94:A9:90:7A:B5:60-if00 --baud 460800 --before default-reset --after hard-reset write-flash --flash-mode dio --flash-size 2MB --flash-freq 80m 0x0 artifacts/hil/2026-09-26/images/ref-a-legacy-sleep-r2/build/bootloader/bootloader.bin 0x8000 artifacts/hil/2026-09-26/images/ref-a-legacy-sleep-r2/build/partition_table/partition-table.bin 0x10000 artifacts/hil/2026-09-26/images/ref-a-legacy-sleep-r2/build/routeloom_reference_node.bin
esptool v5.4.0
Serial port /dev/serial/by-id/usb-Espressif_USB_JTAG_serial_debug_unit_94:A9:90:7A:B5:60-if00:
Connecting...
Connected to ESP32-C3 on /dev/serial/by-id/usb-Espressif_USB_JTAG_serial_debug_unit_94:A9:90:7A:B5:60-if00:
Chip type:          ESP32-C3 (QFN32) (revision v0.4)
Features:           Wi-Fi, BT 5 (LE), Single Core, 160MHz, Embedded Flash 4MB (XMC)
Crystal frequency:  40MHz
USB mode:           USB-Serial/JTAG
MAC:                94:a9:90:7a:b5:60

Uploading stub flasher...
Running stub flasher...
Stub flasher running.
Changing baud rate to 460800...
Changed.

Configuring flash size...

Writing 'artifacts/hil/2026-09-26/images/ref-a-legacy-sleep-r2/build/bootloader/bootloader.bin' at 0x00000000...
SHA digest in image updated.
Flash will be erased from 0x00000000 to 0x00005fff...
Compressed 21280 bytes to 13472...
Writing at 0x00005320 ━━━━━━━━━━━━━━━━━━━━━━━━━━━━━━ 100.0% 13.16kB/13.16kB [0s] 
Wrote 21280 bytes (13472 compressed) at 0x00000000 in 0.3 seconds (626.9 kbit/s).
Verifying written data...
Hash of data verified.

Writing 'artifacts/hil/2026-09-26/images/ref-a-legacy-sleep-r2/build/partition_table/partition-table.bin' at 0x00008000...
Flash will be erased from 0x00008000 to 0x00008fff...
Compressed 3072 bytes to 118...
Writing at 0x00008c00 ━━━━━━━━━━━━━━━━━━━━━━━━━━━━━━ 100.0% 118B/118B [0s] 
Wrote 3072 bytes (118 compressed) at 0x00008000 in 0.0 seconds (4174.1 kbit/s).
Verifying written data...
Hash of data verified.

Writing 'artifacts/hil/2026-09-26/images/ref-a-legacy-sleep-r2/build/routeloom_reference_node.bin' at 0x00010000...
Flash will be erased from 0x00010000 to 0x00114fff...
Compressed 1068256 bytes to 640981...
Writing at 0x0001bd00 ╸                                2.6% 16.00kB/625.96kB [0s] 
Writing at 0x00025e0a ━╸                               5.1% 32.00kB/625.96kB [0s] 
Writing at 0x0002d5f2 ━━                               7.7% 48.00kB/625.96kB [1s] 
Writing at 0x00034e33 ━━━                             10.2% 64.00kB/625.96kB [1s] 
Writing at 0x0003bf40 ━━━╸                            12.8% 80.00kB/625.96kB [2s] 
Writing at 0x00042c45 ━━━━╸                           15.3% 96.00kB/625.96kB [2s] 
Writing at 0x00049ae1 ━━━━━                           17.9% 112.00kB/625.96kB [3s] 
Writing at 0x00050339 ━━━━━━                          20.4% 128.00kB/625.96kB [3s] 
Writing at 0x00056f5c ━━━━━━╸                         23.0% 144.00kB/625.96kB [4s] 
Writing at 0x0005d78b ━━━━━━━╸                        25.6% 160.00kB/625.96kB [4s] 
Writing at 0x00064732 ━━━━━━━━                        28.1% 176.00kB/625.96kB [4s] 
Writing at 0x0006aa5f ━━━━━━━━━                       30.7% 192.00kB/625.96kB [4s] 
Writing at 0x00071518 ━━━━━━━━━╸                      33.2% 208.00kB/625.96kB [4s] 
Writing at 0x000778a8 ━━━━━━━━━━╸                     35.8% 224.00kB/625.96kB [4s] 
Writing at 0x0007e8d8 ━━━━━━━━━━━╸                    38.3% 240.00kB/625.96kB [4s] 
Writing at 0x0008448e ━━━━━━━━━━━━                    40.9% 256.00kB/625.96kB [4s] 
Writing at 0x0008a2ff ━━━━━━━━━━━━━                   43.5% 272.00kB/625.96kB [5s] 
Writing at 0x0008fce7 ━━━━━━━━━━━━━╸                  46.0% 288.00kB/625.96kB [5s] 
Writing at 0x0009593b ━━━━━━━━━━━━━━╸                 48.6% 304.00kB/625.96kB [5s] 
Writing at 0x0009b77c ━━━━━━━━━━━━━━━                 51.1% 320.00kB/625.96kB [5s] 
Writing at 0x000a2207 ━━━━━━━━━━━━━━━━                53.7% 336.00kB/625.96kB [5s] 
Writing at 0x000a7ed0 ━━━━━━━━━━━━━━━━╸               56.2% 352.00kB/625.96kB [5s] 
Writing at 0x000adbea ━━━━━━━━━━━━━━━━━╸              58.8% 368.00kB/625.96kB [5s] 
Writing at 0x000b3ec6 ━━━━━━━━━━━━━━━━━━              61.3% 384.00kB/625.96kB [5s] 
Writing at 0x000ba4b8 ━━━━━━━━━━━━━━━━━━━             63.9% 400.00kB/625.96kB [5s] 
Writing at 0x000c05e4 ━━━━━━━━━━━━━━━━━━━╸            66.5% 416.00kB/625.96kB [5s] 
Writing at 0x000c6591 ━━━━━━━━━━━━━━━━━━━━╸           69.0% 432.00kB/625.96kB [6s] 
Writing at 0x000cccd5 ━━━━━━━━━━━━━━━━━━━━━           71.6% 448.00kB/625.96kB [6s] 
Writing at 0x000d3a3b ━━━━━━━━━━━━━━━━━━━━━━          74.1% 464.00kB/625.96kB [6s] 
Writing at 0x000da805 ━━━━━━━━━━━━━━━━━━━━━━━         76.7% 480.00kB/625.96kB [6s] 
Writing at 0x000e12a7 ━━━━━━━━━━━━━━━━━━━━━━━╸        79.2% 496.00kB/625.96kB [6s] 
Writing at 0x000e7636 ━━━━━━━━━━━━━━━━━━━━━━━━╸       81.8% 512.00kB/625.96kB [6s] 
Writing at 0x000ed910 ━━━━━━━━━━━━━━━━━━━━━━━━━       84.4% 528.00kB/625.96kB [6s] 
Writing at 0x000f3c36 ━━━━━━━━━━━━━━━━━━━━━━━━━━      86.9% 544.00kB/625.96kB [6s] 
Writing at 0x000f9275 ━━━━━━━━━━━━━━━━━━━━━━━━━━╸     89.5% 560.00kB/625.96kB [6s] 
Writing at 0x000ffecc ━━━━━━━━━━━━━━━━━━━━━━━━━━━╸    92.0% 576.00kB/625.96kB [6s] 
Writing at 0x0010709d ━━━━━━━━━━━━━━━━━━━━━━━━━━━━    94.6% 592.00kB/625.96kB [6s] 
Writing at 0x0010dfa1 ━━━━━━━━━━━━━━━━━━━━━━━━━━━━━   97.1% 608.00kB/625.96kB [7s] 
Writing at 0x00113c81 ━━━━━━━━━━━━━━━━━━━━━━━━━━━━━╸  99.7% 624.00kB/625.96kB [7s] 
Writing at 0x00114ce0 ━━━━━━━━━━━━━━━━━━━━━━━━━━━━━━ 100.0% 625.96kB/625.96kB [7s] 
Wrote 1068256 bytes (640981 compressed) at 0x00010000 in 7.3 seconds (1173.0 kbit/s).
Verifying written data...
Hash of data verified.

Hard resetting via RTS pin...
