[2026-09-29T21:47:55.486+00:00] !! reset pulse
[2026-09-29T21:47:55.586+00:00] I (345597) RouteLoomRef: HIL GW RESOLVE start gw=1 ok=0 detail=NESP-ROM:esp32c6-20220919
[2026-09-29T21:47:55.586+00:00] Build:Sep 19 2022
[2026-09-29T21:47:55.586+00:00] rst:0x15 (USB_UART_HPSYS),boot:0x3f (SPI_FAST_FLASH_BOOT)
[2026-09-29T21:47:55.586+00:00] Saved PC:0x42067360
[2026-09-29T21:47:55.586+00:00] SPIWP:0xee
[2026-09-29T21:47:55.586+00:00] mode:DIO, clock div:2
[2026-09-29T21:47:55.586+00:00] load:0x40875730,len:0x1738
[2026-09-29T21:47:55.586+00:00] load:0x4086b910,len:0xd8c
[2026-09-29T21:47:55.586+00:00] load:0x4086e610,len:0x32e0
[2026-09-29T21:47:55.586+00:00] entry 0x4086b91a
[2026-09-29T21:47:55.586+00:00] I (23) boot: ESP-IDF v6.0.3 2nd stage bootloader
[2026-09-29T21:47:55.586+00:00] I (23) boot: compile time Sep 29 2026 20:16:00
[2026-09-29T21:47:55.586+00:00] I (24) boot: chip revision: v0.2
[2026-09-29T21:47:55.586+00:00] I (24) boot: efuse block revision: v0.3
[2026-09-29T21:47:55.586+00:00] I (26) boot.esp32c6: SPI Speed      : 80MHz
[2026-09-29T21:47:55.586+00:00] I (30) boot.esp32c6: SPI Mode       : DIO
[2026-09-29T21:47:55.586+00:00] I (34) boot.esp32c6: SPI Flash Size : 4MB
[2026-09-29T21:47:55.586+00:00] I (38) boot: Enabling RNG early entropy source...
[2026-09-29T21:47:55.586+00:00] I (42) boot: Partition Table:
[2026-09-29T21:47:55.586+00:00] I (45) boot: ## Label            Usage          Type ST Offset   Length
[2026-09-29T21:47:55.586+00:00] I (51) boot:  0 nvs              WiFi data        01 02 00009000 00006000
[2026-09-29T21:47:55.586+00:00] I (58) boot:  1 phy_init         RF data          01 01 0000f000 00001000
[2026-09-29T21:47:55.586+00:00] I (64) boot:  2 otadata          OTA data         01 00 00010000 00002000
[2026-09-29T21:47:55.586+00:00] I (71) boot:  3 rlcfg            WiFi data        01 02 00012000 00006000
[2026-09-29T21:47:55.586+00:00] I (77) boot:  4 rlkeys           WiFi data        01 02 00018000 00003000
[2026-09-29T21:47:55.586+00:00] I (84) boot:  5 rlsec            WiFi data        01 02 00020000 00020000
[2026-09-29T21:47:55.586+00:00] I (90) boot:  6 ota_0            OTA app          00 10 00040000 001d0000
[2026-09-29T21:47:55.586+00:00] I (97) boot:  7 ota_1            OTA app          00 11 00210000 001d0000
[2026-09-29T21:47:55.586+00:00] I (103) boot:  8 coredump         Unknown data     01 03 003e0000 00010000
[2026-09-29T21:47:55.586+00:00] I (110) boot: End of partition table
[2026-09-29T21:47:55.586+00:00] I (114) esp_image: segment 0: paddr=00040020 vaddr=42110020 size=27e40h (163392) map
[2026-09-29T21:47:55.586+00:00] I (151) esp_image: segment 1: paddr=00067e68 vaddr=40800000 size=081b0h ( 33200) load
[2026-09-29T21:47:55.586+00:00] I (159) esp_image: segment 2: paddr=00070020 vaddr=42000020 size=1063f4h (1074164) map
[2026-09-29T21:47:55.687+00:00] I (358) esp_image: segment 3: paddr=0017641c vaddr=408081b0 size=10188h ( 65928) load
[2026-09-29T21:47:55.687+00:00] I (372) esp_image: segment 4: paddr=001865ac vaddr=40818340 size=046b8h ( 18104) load
[2026-09-29T21:47:55.687+00:00] I (377) esp_image: segment 5: paddr=0018ac6c vaddr=50000000 size=00044h (    68) load
[2026-09-29T21:47:55.687+00:00] I (378) esp_image: segment 6: paddr=0018acb8 vaddr=5000004c size=00024h (    36) load
[2026-09-29T21:47:55.687+00:00] I (389) boot: Loaded app from partition at offset 0x40000
[2026-09-29T21:47:55.687+00:00] I (390) boot: Disabling RNG early entropy source...
[2026-09-29T21:47:55.787+00:00] I (406) cpu_start: Unicore app
[2026-09-29T21:47:55.787+00:00] I (414) cpu_start: GPIO 17 and 16 are used as console UART I/O pins
[2026-09-29T21:47:55.787+00:00] I (415) cpu_start: Pro cpu start user code
[2026-09-29T21:47:55.787+00:00] I (415) cpu_start: cpu freq: 160000000 Hz
[2026-09-29T21:47:55.787+00:00] I (417) app_init: Application information:
[2026-09-29T21:47:55.787+00:00] I (420) app_init: Project name:     routeloom_reference_node
[2026-09-29T21:47:55.787+00:00] I (426) app_init: App version:      1
[2026-09-29T21:47:55.787+00:00] I (429) app_init: Compile time:     Sep 29 2026 20:21:21
[2026-09-29T21:47:55.787+00:00] I (434) app_init: ELF file SHA256:  71a15ae86...
[2026-09-29T21:47:55.787+00:00] I (439) app_init: ESP-IDF:          v6.0.3
[2026-09-29T21:47:55.787+00:00] I (442) efuse_init: Min chip rev:     v0.0
[2026-09-29T21:47:55.787+00:00] I (446) efuse_init: Max chip rev:     v0.99
[2026-09-29T21:47:55.787+00:00] I (450) efuse_init: Chip rev:         v0.2
[2026-09-29T21:47:55.787+00:00] I (454) heap_init: Initializing. RAM available for dynamic allocation:
[2026-09-29T21:47:55.787+00:00] I (460) heap_init: At 40859490 len 00023180 (140 KiB): RAM
[2026-09-29T21:47:55.787+00:00] I (465) heap_init: At 4087C610 len 00002F54 (11 KiB): RAM
[2026-09-29T21:47:55.787+00:00] I (471) heap_init: At 50000070 len 00003F78 (15 KiB): RTCRAM
[2026-09-29T21:47:55.787+00:00] I (477) spi_flash: detected chip: generic
[2026-09-29T21:47:55.787+00:00] I (480) spi_flash: flash io: dio
[2026-09-29T21:47:55.787+00:00] I (483) sleep_gpio: Configure to isolate all GPIO pins in sleep state
[2026-09-29T21:47:55.787+00:00] I (489) sleep_gpio: Enable automatic switching of GPIO sleep configuration
[2026-09-29T21:47:55.887+00:00] I (504) main_task: Started on CPU0
[2026-09-29T21:47:55.887+00:00] I (506) main_task: Calling app_main()
[2026-09-29T21:47:55.887+00:00] I (510) main_task: Returned from app_main()
[2026-09-29T21:47:55.887+00:00] I (511) rl_flash: image: sdk=0.1.0 layout=PT-4M-v2 storage_epoch=2
[2026-09-29T21:47:56.188+00:00] I (885) RouteLoomRef: sdkv1 identity: node=2 kid=bf689dc8a44cb79bd6872936428a3b1d0fc97aae8cf4c8e0d9aa8c9ea74d4a1b devcert_sha256=941fcd918acecafe485af5ebd9f4f39c8f5e2f5c8181ceeaeb40b9ef9dd396ca key_location=1 flags=0x01 anchors=1 devcert=180B
[2026-09-29T21:47:56.288+00:00] I (896) RouteLoomRef: sdkv1 site: site=306665162302327061 network=0x17364b05e generation=1 gk=1
[2026-09-29T21:47:56.288+00:00] I (904) RouteLoomRef: sdkv1 revocation: adopted rs_epoch=1 resume_slots=16
[2026-09-29T21:47:56.288+00:00] I (911) RouteLoomRef: sdkv1 local_revocation: none
[2026-09-29T21:47:56.288+00:00] I (915) RouteLoomRef: sdkv1 lifecycle: none
[2026-09-29T21:47:56.288+00:00] I (919) RouteLoomRef: routeloom field boot: fw=1 app_sha256=71a15ae86eceb119f1de84427f2d94c010a482aa14b45fdccf7206fc7e8d5f86
[2026-09-29T21:47:56.288+00:00] I (939) RouteLoomRef: board config: gen=1 node=0x2 secrets_gen=0 mac=10bda3b148a8
[2026-09-29T21:47:56.288+00:00] I (942) RouteLoomRef: security owner ready (node 0x2)
[2026-09-29T21:47:56.288+00:00] I (943) RouteLoom: Wi-Fi init heap: free=112920 largest=96256 bytes
[2026-09-29T21:47:56.288+00:00] I (948) pp: pp rom version: 5b8dcfa
[2026-09-29T21:47:56.288+00:00] I (952) net80211: net80211 rom version: 5b8dcfa
[2026-09-29T21:47:56.288+00:00] I (957) wifi:wifi driver task: 40866d50, prio:23, stack:6656, core=0
[2026-09-29T21:47:56.288+00:00] I (963) wifi:wifi firmware version: da143fa
[2026-09-29T21:47:56.288+00:00] I (966) wifi:wifi certification version: v7.0
[2026-09-29T21:47:56.288+00:00] I (970) wifi:config NVS flash: disabled
[2026-09-29T21:47:56.288+00:00] I (973) wifi:config nano formatting: disabled
[2026-09-29T21:47:56.288+00:00] I (977) wifi:mac_version:HAL_MAC_ESP32AX_761,ut_version:N, band mode:0x1
[2026-09-29T21:47:56.288+00:00] I (984) wifi:Init data frame dynamic rx buffer num: 8
[2026-09-29T21:47:56.288+00:00] I (989) wifi:Init static rx mgmt buffer num: 2
[2026-09-29T21:47:56.288+00:00] I (993) wifi:Init management short buffer num: 8
[2026-09-29T21:47:56.388+00:00] I (997) wifi:Init dynamic tx buffer num: 8
[2026-09-29T21:47:56.388+00:00] I (1001) wifi:Init static tx FG buffer num: 2
[2026-09-29T21:47:56.388+00:00] I (1005) wifi:Init static rx buffer size: 1700 (rxctrl:92, csi:512)
[2026-09-29T21:47:56.388+00:00] I (1011) wifi:Init static rx buffer num: 4
[2026-09-29T21:47:56.388+00:00] I (1015) wifi:Init dynamic rx buffer num: 8
[2026-09-29T21:47:56.388+00:00] I (1019) wifi_init: accept mbox: 6
[2026-09-29T21:47:56.388+00:00] I (1022) wifi_init: tcpip mbox: 32
[2026-09-29T21:47:56.388+00:00] I (1025) wifi_init: udp mbox: 6
[2026-09-29T21:47:56.388+00:00] I (1028) wifi_init: tcp mbox: 6
[2026-09-29T21:47:56.388+00:00] I (1031) wifi_init: tcp tx win: 5760
[2026-09-29T21:47:56.388+00:00] I (1034) wifi_init: tcp rx win: 5760
[2026-09-29T21:47:56.388+00:00] I (1037) wifi_init: tcp mss: 1440
[2026-09-29T21:47:56.388+00:00] I (1040) wifi_init: WiFi IRAM OP enabled
[2026-09-29T21:47:56.388+00:00] I (1044) wifi_init: WiFi RX IRAM OP enabled
[2026-09-29T21:47:56.388+00:00] I (1048) wifi_init: WiFi SLP IRAM OP enabled
[2026-09-29T21:47:56.388+00:00] I (1052) RouteLoom: Wi-Fi initialized heap: free=87200 largest=71680 min=87172 bytes
[2026-09-29T21:47:56.388+00:00] I (1060) wifi:(2.4G)set country: cc=JP  schan=1 nchan=13 policy=1
[2026-09-29T21:47:56.388+00:00] I (1065) wifi:ifx:0, phymode(new:3, sta nvs: 7 ap nvs: 3)
[2026-09-29T21:47:56.388+00:00] I (1071) phy_init: phy_version 345,552b044,Jul 14 2026,10:37:00
[2026-09-29T21:47:56.488+00:00] I (1161) wifi:11ax coex: WDEVAX_PTI0(0x55777555), WDEVAX_PTI1(0x00003377).
[2026-09-29T21:47:56.488+00:00] 
[2026-09-29T21:47:56.488+00:00] I (1162) wifi:mode : sta (10:bd:a3:b1:48:a8)
[2026-09-29T21:47:56.488+00:00] I (1162) wifi:enable tsf
[2026-09-29T21:47:56.488+00:00] I (1166) RouteLoom: Wi-Fi started heap: free=85012 largest=67584 min=84748 bytes
[2026-09-29T21:47:56.488+00:00] I (1171) ESPNOW: espnow [version: 2.0] init
[2026-09-29T21:47:56.488+00:00] I (1175) RouteLoom: ESP-NOW ready heap: free=84796 largest=67584 min=84748 bytes
[2026-09-29T21:47:56.789+00:00] I (1439) RouteLoomRef: booted (radio)
[2026-09-29T21:47:56.789+00:00] I (1440) RouteLoomRef: security owner started; node start deferred to membership
[2026-09-29T21:47:57.490+00:00] W (2136) RouteLoomRef: diagnostic reason=SECURITY_PROFILE_EXPERIMENTAL peer=0 message=none
[2026-09-29T21:47:57.490+00:00] W (2140) rl_migrate: migration event MIGRATION_MODE_MANUAL peer=0
[2026-09-29T21:47:57.490+00:00] W (2140) RouteLoomRef: diagnostic reason=MIGRATION_MODE_MANUAL peer=0 message=none
[2026-09-29T21:47:57.490+00:00] I (2155) RouteLoomRef: member discovery started
[2026-09-29T21:47:58.392+00:00] I (3093) RouteLoomRef: discovery event=BOUND peer=3
[2026-09-29T21:47:58.392+00:00] W (3094) RouteLoomRef: diagnostic reason=BOUND peer=3 message=none
[2026-09-29T21:47:58.492+00:00] I (3172) RouteLoomRef: discovery event=REACHABLE peer=3
[2026-09-29T21:47:58.492+00:00] W (3172) RouteLoomRef: diagnostic reason=REACHABLE peer=3 message=none
[2026-09-29T21:48:01.597+00:00] W (6271) RouteLoomRef: diagnostic reason=UNMATCHED_HOP_ACCEPT peer=3 message=present
[2026-09-29T21:48:01.597+00:00] W (6282) RouteLoomRef: diagnostic reason=UNMATCHED_HOP_ACCEPT peer=3 message=present
[2026-09-29T21:48:01.597+00:00] W (6295) RouteLoomRef: diagnostic reason=UNMATCHED_HOP_ACCEPT peer=3 message=present
[2026-09-29T21:48:01.597+00:00] W (6305) RouteLoomRef: diagnostic reason=UNMATCHED_HOP_ACCEPT peer=3 message=present
[2026-09-29T21:48:01.697+00:00] W (6315) RouteLoomRef: diagnostic reason=UNMATCHED_HOP_ACCEPT peer=3 message=present
[2026-09-29T21:48:01.898+00:00] W (6522) RouteLoomRef: diagnostic reason=DEDUP_EVICTED_RESOLVED peer=3 message=present
[2026-09-29T21:48:02.098+00:00] W (6802) RouteLoomRef: diagnostic reason=DEDUP_EVICTED_RESOLVED peer=3 message=present
[2026-09-29T21:48:02.098+00:00] W (6805) RouteLoomRef: diagnostic reason=DEDUP_EVICTED_RESOLVED peer=3 message=present
[2026-09-29T21:48:02.299+00:00] W (6925) RouteLoomRef: diagnostic reason=DEDUP_EVICTED_RESOLVED peer=3 message=present
[2026-09-29T21:48:02.299+00:00] W (6926) RouteLoomRef: diagnostic reason=SERVICE_NO_ENDPOINT peer=3 message=present
[2026-09-29T21:48:16.823+00:00] I (21443) RouteLoomRef: HIL GW RESOLVE start gw=1 ok=0 detail=NO_ROUTE
[2026-09-29T21:48:19.530+00:00] I (24153) RouteLoomRef: discovery event=REDISCOVERY peer=0
[2026-09-29T21:48:19.530+00:00] W (24154) RouteLoomRef: diagnostic reason=REDISCOVERY peer=0 message=none
[2026-09-29T21:48:19.830+00:00] I (24445) RouteLoomRef: HIL GW RESOLVE start gw=1 ok=0 detail=NO_ROUTE
