/home/sahur/.local/bin/esptool --chip esp32c6 --port /dev/serial/by-id/usb-Espressif_USB_JTAG_serial_debug_unit_10:BD:A3:B1:47:54-if00 -b 460800 --after no-reset write-flash --flash-mode keep --flash-freq keep --flash-size keep 0x10000 /home/sahur/orca/workspaces/RouteLoom/v2-h0/artifacts/hil/images/h0r-c6-n3-devram-drop-bridge/images/ota_data_initial.bin 0x40000 /home/sahur/orca/workspaces/RouteLoom/v2-h0/artifacts/hil/images/h0r-c6-n3-devram-drop-bridge/images/application.bin
esptool v5.4.0
Serial port /dev/serial/by-id/usb-Espressif_USB_JTAG_serial_debug_unit_10:BD:A3:B1:47:54-if00:
Connecting...
Connected to ESP32-C6 on /dev/serial/by-id/usb-Espressif_USB_JTAG_serial_debug_unit_10:BD:A3:B1:47:54-if00:
Chip type:          ESP32-C6FH4 (QFN32) (revision v0.2)
Features:           Wi-Fi 6, BT 5 (LE), IEEE802.15.4, Single Core + LP Core, 160MHz, Embedded Flash 4MB
Crystal frequency:  40MHz
USB mode:           USB-Serial/JTAG
MAC:                10:bd:a3:ff:fe:b1:47:54
BASE MAC:           10:bd:a3:b1:47:54
MAC_EXT:            ff:fe

Uploading stub flasher...
Running stub flasher...
Stub flasher running.
Changing baud rate to 460800...
Changed.

Configuring flash size...

Writing '/home/sahur/orca/workspaces/RouteLoom/v2-h0/artifacts/hil/images/h0r-c6-n3-devram-drop-bridge/images/ota_data_initial.bin' at 0x00010000...
Flash will be erased from 0x00010000 to 0x00011fff...
Compressed 8192 bytes to 31...
Writing at 0x00012000 ━━━━━━━━━━━━━━━━━━━━━━━━━━━━━━ 100.0% 31B/31B [0s] 
Wrote 8192 bytes (31 compressed) at 0x00010000 in 0.0 seconds (4426.4 kbit/s).
Verifying written data...
Hash of data verified.

Writing '/home/sahur/orca/workspaces/RouteLoom/v2-h0/artifacts/hil/images/h0r-c6-n3-devram-drop-bridge/images/application.bin' at 0x00040000...
Flash will be erased from 0x00040000 to 0x00196fff...
Compressed 1401632 bytes to 829616...
Writing at 0x0004c1c5 ╸                                2.0% 16.00kB/810.17kB [0s] 
Writing at 0x00058070 ━                                3.9% 32.00kB/810.17kB [0s] 
Writing at 0x0005f063 ━╸                               5.9% 48.00kB/810.17kB [0s] 
Writing at 0x00067ce5 ━━                               7.9% 64.00kB/810.17kB [0s] 
Writing at 0x0006e310 ━━╸                              9.9% 80.00kB/810.17kB [0s] 
Writing at 0x00074d82 ━━━╸                            11.8% 96.00kB/810.17kB [1s] 
Writing at 0x0007c808 ━━━━                            13.8% 112.00kB/810.17kB [1s] 
Writing at 0x00083342 ━━━━╸                           15.8% 128.00kB/810.17kB [1s] 
Writing at 0x0008a0bd ━━━━━                           17.8% 144.00kB/810.17kB [1s] 
Writing at 0x00090ec2 ━━━━━╸                          19.7% 160.00kB/810.17kB [2s] 
Writing at 0x00097866 ━━━━━━╸                         21.7% 176.00kB/810.17kB [2s] 
Writing at 0x0009e3d6 ━━━━━━━                         23.7% 192.00kB/810.17kB [2s] 
Writing at 0x000a4d1d ━━━━━━━╸                        25.7% 208.00kB/810.17kB [2s] 
Writing at 0x000ab934 ━━━━━━━━                        27.6% 224.00kB/810.17kB [2s] 
Writing at 0x000b2099 ━━━━━━━━╸                       29.6% 240.00kB/810.17kB [2s] 
Writing at 0x000b869a ━━━━━━━━━                       31.6% 256.00kB/810.17kB [2s] 
Writing at 0x000befdf ━━━━━━━━━━                      33.6% 272.00kB/810.17kB [2s] 
Writing at 0x000c5937 ━━━━━━━━━━╸                     35.5% 288.00kB/810.17kB [2s] 
Writing at 0x000cc0d9 ━━━━━━━━━━━                     37.5% 304.00kB/810.17kB [2s] 
Writing at 0x000d2d23 ━━━━━━━━━━━╸                    39.5% 320.00kB/810.17kB [2s] 
Writing at 0x000d96ef ━━━━━━━━━━━━                    41.5% 336.00kB/810.17kB [2s] 
Writing at 0x000dfd74 ━━━━━━━━━━━━━                   43.4% 352.00kB/810.17kB [3s] 
Writing at 0x000e6c8d ━━━━━━━━━━━━━╸                  45.4% 368.00kB/810.17kB [3s] 
Writing at 0x000edac7 ━━━━━━━━━━━━━━                  47.4% 384.00kB/810.17kB [3s] 
Writing at 0x000f4b72 ━━━━━━━━━━━━━━╸                 49.4% 400.00kB/810.17kB [3s] 
Writing at 0x000fb196 ━━━━━━━━━━━━━━━                 51.3% 416.00kB/810.17kB [3s] 
Writing at 0x00101796 ━━━━━━━━━━━━━━━╸                53.3% 432.00kB/810.17kB [3s] 
Writing at 0x00108b8b ━━━━━━━━━━━━━━━━╸               55.3% 448.00kB/810.17kB [3s] 
Writing at 0x001100b6 ━━━━━━━━━━━━━━━━━               57.3% 464.00kB/810.17kB [3s] 
Writing at 0x00117340 ━━━━━━━━━━━━━━━━━╸              59.2% 480.00kB/810.17kB [3s] 
Writing at 0x0011d355 ━━━━━━━━━━━━━━━━━━              61.2% 496.00kB/810.17kB [3s] 
Writing at 0x001232e0 ━━━━━━━━━━━━━━━━━━╸             63.2% 512.00kB/810.17kB [3s] 
Writing at 0x00128fa7 ━━━━━━━━━━━━━━━━━━━╸            65.2% 528.00kB/810.17kB [3s] 
Writing at 0x0012ebb3 ━━━━━━━━━━━━━━━━━━━━            67.1% 544.00kB/810.17kB [3s] 
Writing at 0x0013488c ━━━━━━━━━━━━━━━━━━━━╸           69.1% 560.00kB/810.17kB [3s] 
Writing at 0x0013a755 ━━━━━━━━━━━━━━━━━━━━━           71.1% 576.00kB/810.17kB [3s] 
Writing at 0x0014148b ━━━━━━━━━━━━━━━━━━━━━╸          73.1% 592.00kB/810.17kB [4s] 
Writing at 0x001470e4 ━━━━━━━━━━━━━━━━━━━━━━╸         75.0% 608.00kB/810.17kB [4s] 
Writing at 0x0014ce1c ━━━━━━━━━━━━━━━━━━━━━━━         77.0% 624.00kB/810.17kB [4s] 
Writing at 0x001533c8 ━━━━━━━━━━━━━━━━━━━━━━━╸        79.0% 640.00kB/810.17kB [4s] 
Writing at 0x001595c2 ━━━━━━━━━━━━━━━━━━━━━━━━        81.0% 656.00kB/810.17kB [4s] 
Writing at 0x0015f57b ━━━━━━━━━━━━━━━━━━━━━━━━╸       82.9% 672.00kB/810.17kB [4s] 
Writing at 0x001651a0 ━━━━━━━━━━━━━━━━━━━━━━━━━       84.9% 688.00kB/810.17kB [4s] 
Writing at 0x0016b59a ━━━━━━━━━━━━━━━━━━━━━━━━━━      86.9% 704.00kB/810.17kB [4s] 
Writing at 0x001717cd ━━━━━━━━━━━━━━━━━━━━━━━━━━╸     88.9% 720.00kB/810.17kB [4s] 
Writing at 0x00177c19 ━━━━━━━━━━━━━━━━━━━━━━━━━━━     90.8% 736.00kB/810.17kB [4s] 
Writing at 0x0017d5a5 ━━━━━━━━━━━━━━━━━━━━━━━━━━━╸    92.8% 752.00kB/810.17kB [4s] 
Writing at 0x00184cde ━━━━━━━━━━━━━━━━━━━━━━━━━━━━    94.8% 768.00kB/810.17kB [4s] 
Writing at 0x0018a441 ━━━━━━━━━━━━━━━━━━━━━━━━━━━━━   96.8% 784.00kB/810.17kB [4s] 
Writing at 0x0019028b ━━━━━━━━━━━━━━━━━━━━━━━━━━━━━╸  98.7% 800.00kB/810.17kB [4s] 
Writing at 0x00196320 ━━━━━━━━━━━━━━━━━━━━━━━━━━━━━━ 100.0% 810.17kB/810.17kB [4s] 
Wrote 1401632 bytes (829616 compressed) at 0x00040000 in 5.0 seconds (2249.8 kbit/s).
Verifying written data...
Hash of data verified.

Staying in bootloader.
