[2026-09-25T16:46:32.544Z] $ esptool reset ref-a on /dev/serial/by-id/usb-Espressif_USB_JTAG_serial_debug_unit_94:A9:90:7A:B5:60-if00
[2026-09-25T16:46:32.544Z]   esptool v5.4.0
[2026-09-25T16:46:32.544Z]   Serial port /dev/serial/by-id/usb-Espressif_USB_JTAG_serial_debug_unit_94:A9:90:7A:B5:60-if00:
[2026-09-25T16:46:32.544Z]   Connecting...
[2026-09-25T16:46:32.544Z]   Connected to ESP32-C3 on /dev/serial/by-id/usb-Espressif_USB_JTAG_serial_debug_unit_94:A9:90:7A:B5:60-if00:
[2026-09-25T16:46:32.544Z]   Chip type:          ESP32-C3 (QFN32) (revision v0.4)
[2026-09-25T16:46:32.544Z]   Features:           Wi-Fi, BT 5 (LE), Single Core, 160MHz, Embedded Flash 4MB (XMC)
[2026-09-25T16:46:32.544Z]   Crystal frequency:  40MHz
[2026-09-25T16:46:32.544Z]   USB mode:           USB-Serial/JTAG
[2026-09-25T16:46:32.544Z]   MAC:                94:a9:90:7a:b5:60
[2026-09-25T16:46:32.544Z]   
[2026-09-25T16:46:32.544Z]   Uploading stub flasher...
[2026-09-25T16:46:32.544Z]   Running stub flasher...
[2026-09-25T16:46:32.544Z]   Stub flasher running.
[2026-09-25T16:46:32.544Z]   
[2026-09-25T16:46:32.544Z]   MAC:                94:a9:90:7a:b5:60
[2026-09-25T16:46:32.544Z]   
[2026-09-25T16:46:32.544Z]   Hard resetting via RTS pin...
[2026-09-25T16:46:33.069Z] $ esptool reset bridge on /dev/serial/by-id/usb-Espressif_USB_JTAG_serial_debug_unit_94:A9:90:6A:EE:C4-if00
[2026-09-25T16:46:33.069Z]   esptool v5.4.0
[2026-09-25T16:46:33.069Z]   Serial port /dev/serial/by-id/usb-Espressif_USB_JTAG_serial_debug_unit_94:A9:90:6A:EE:C4-if00:
[2026-09-25T16:46:33.069Z]   Connecting...
[2026-09-25T16:46:33.069Z]   Connected to ESP32-C3 on /dev/serial/by-id/usb-Espressif_USB_JTAG_serial_debug_unit_94:A9:90:6A:EE:C4-if00:
[2026-09-25T16:46:33.069Z]   Chip type:          ESP32-C3 (QFN32) (revision v0.4)
[2026-09-25T16:46:33.069Z]   Features:           Wi-Fi, BT 5 (LE), Single Core, 160MHz, Embedded Flash 4MB (XMC)
[2026-09-25T16:46:33.069Z]   Crystal frequency:  40MHz
[2026-09-25T16:46:33.069Z]   USB mode:           USB-Serial/JTAG
[2026-09-25T16:46:33.069Z]   MAC:                94:a9:90:6a:ee:c4
[2026-09-25T16:46:33.069Z]   
[2026-09-25T16:46:33.069Z]   Uploading stub flasher...
[2026-09-25T16:46:33.069Z]   Running stub flasher...
[2026-09-25T16:46:33.069Z]   Stub flasher running.
[2026-09-25T16:46:33.069Z]   
[2026-09-25T16:46:33.069Z]   MAC:                94:a9:90:6a:ee:c4
[2026-09-25T16:46:33.069Z]   
[2026-09-25T16:46:33.069Z]   Hard resetting via RTS pin...
