$ /home/sahur/.local/bin/esptool --chip esp32c3 --port /dev/serial/by-id/usb-Espressif_USB_JTAG_serial_debug_unit_94:A9:90:7A:26:AC-if00 --baud 460800 --before default-reset --after hard-reset write-flash --flash-mode dio --flash-size 2MB --flash-freq 80m 0x10000 artifacts/hil/2026-09-26/images/full-r4-member-node6-relayfix/build/routeloom_reference_node.bin
esptool v5.4.0
Serial port /dev/serial/by-id/usb-Espressif_USB_JTAG_serial_debug_unit_94:A9:90:7A:26:AC-if00:
Connecting...
Connected to ESP32-C3 on /dev/serial/by-id/usb-Espressif_USB_JTAG_serial_debug_unit_94:A9:90:7A:26:AC-if00:
Chip type:          ESP32-C3 (QFN32) (revision v0.4)
Features:           Wi-Fi, BT 5 (LE), Single Core, 160MHz, Embedded Flash 4MB (XMC)
Crystal frequency:  40MHz
USB mode:           USB-Serial/JTAG
MAC:                94:a9:90:7a:26:ac

Uploading stub flasher...
Running stub flasher...
Stub flasher running.
Changing baud rate to 460800...
Changed.

Configuring flash size...
Flash will be erased from 0x00010000 to 0x0013ffff...
Compressed 1243424 bytes to 736848...
Writing at 0x0001c530 ╸                                2.2% 16.00kB/719.58kB [0s] 
Writing at 0x000277a5 ━                                4.4% 32.00kB/719.58kB [0s] 
Writing at 0x0002e593 ━━                               6.7% 48.00kB/719.58kB [1s] 
Writing at 0x00036d72 ━━╸                              8.9% 64.00kB/719.58kB [1s] 
Writing at 0x0003d83a ━━━                             11.1% 80.00kB/719.58kB [2s] 
Writing at 0x00043d0f ━━━━                            13.3% 96.00kB/719.58kB [2s] 
Writing at 0x0004af41 ━━━━╸                           15.6% 112.00kB/719.58kB [3s] 
Writing at 0x00051b59 ━━━━━                           17.8% 128.00kB/719.58kB [4s] 
Writing at 0x0005836f ━━━━━━                          20.0% 144.00kB/719.58kB [4s] 
Writing at 0x0005f013 ━━━━━━╸                         22.2% 160.00kB/719.58kB [5s] 
Writing at 0x00065864 ━━━━━━━                         24.5% 176.00kB/719.58kB [5s] 
Writing at 0x0006c4c8 ━━━━━━━━                        26.7% 192.00kB/719.58kB [5s] 
Writing at 0x00072ccc ━━━━━━━━╸                       28.9% 208.00kB/719.58kB [5s] 
Writing at 0x00079b0c ━━━━━━━━━                       31.1% 224.00kB/719.58kB [5s] 
Writing at 0x00080104 ━━━━━━━━━━                      33.4% 240.00kB/719.58kB [5s] 
Writing at 0x00086a60 ━━━━━━━━━━╸                     35.6% 256.00kB/719.58kB [5s] 
Writing at 0x0008d110 ━━━━━━━━━━━                     37.8% 272.00kB/719.58kB [5s] 
Writing at 0x00093bce ━━━━━━━━━━━━                    40.0% 288.00kB/719.58kB [5s] 
Writing at 0x0009a274 ━━━━━━━━━━━━╸                   42.2% 304.00kB/719.58kB [5s] 
Writing at 0x000a0b42 ━━━━━━━━━━━━━                   44.5% 320.00kB/719.58kB [6s] 
Writing at 0x000a748c ━━━━━━━━━━━━━━                  46.7% 336.00kB/719.58kB [6s] 
Writing at 0x000adf3a ━━━━━━━━━━━━━━╸                 48.9% 352.00kB/719.58kB [6s] 
Writing at 0x000b4999 ━━━━━━━━━━━━━━━                 51.1% 368.00kB/719.58kB [6s] 
Writing at 0x000bb1f2 ━━━━━━━━━━━━━━━━                53.4% 384.00kB/719.58kB [6s] 
Writing at 0x000c1aa6 ━━━━━━━━━━━━━━━━╸               55.6% 400.00kB/719.58kB [6s] 
Writing at 0x000c94a5 ━━━━━━━━━━━━━━━━━               57.8% 416.00kB/719.58kB [6s] 
Writing at 0x000d051d ━━━━━━━━━━━━━━━━━━              60.0% 432.00kB/719.58kB [6s] 
Writing at 0x000d75dc ━━━━━━━━━━━━━━━━━━╸             62.3% 448.00kB/719.58kB [6s] 
Writing at 0x000dd09a ━━━━━━━━━━━━━━━━━━━             64.5% 464.00kB/719.58kB [6s] 
Writing at 0x000e2e44 ━━━━━━━━━━━━━━━━━━━━            66.7% 480.00kB/719.58kB [6s] 
Writing at 0x000e8c1b ━━━━━━━━━━━━━━━━━━━━╸           68.9% 496.00kB/719.58kB [7s] 
Writing at 0x000ee480 ━━━━━━━━━━━━━━━━━━━━━           71.2% 512.00kB/719.58kB [7s] 
Writing at 0x000f4239 ━━━━━━━━━━━━━━━━━━━━━━          73.4% 528.00kB/719.58kB [7s] 
Writing at 0x000fadf9 ━━━━━━━━━━━━━━━━━━━━━━╸         75.6% 544.00kB/719.58kB [7s] 
Writing at 0x00100b28 ━━━━━━━━━━━━━━━━━━━━━━━         77.8% 560.00kB/719.58kB [7s] 
Writing at 0x0010664c ━━━━━━━━━━━━━━━━━━━━━━━━        80.0% 576.00kB/719.58kB [7s] 
Writing at 0x0010ceaa ━━━━━━━━━━━━━━━━━━━━━━━━╸       82.3% 592.00kB/719.58kB [7s] 
Writing at 0x00112ec8 ━━━━━━━━━━━━━━━━━━━━━━━━━       84.5% 608.00kB/719.58kB [7s] 
Writing at 0x00118f8a ━━━━━━━━━━━━━━━━━━━━━━━━━━      86.7% 624.00kB/719.58kB [7s] 
Writing at 0x0011f483 ━━━━━━━━━━━━━━━━━━━━━━━━━━╸     88.9% 640.00kB/719.58kB [7s] 
Writing at 0x00125744 ━━━━━━━━━━━━━━━━━━━━━━━━━━━     91.2% 656.00kB/719.58kB [7s] 
Writing at 0x0012bb80 ━━━━━━━━━━━━━━━━━━━━━━━━━━━━    93.4% 672.00kB/719.58kB [8s] 
Writing at 0x00131376 ━━━━━━━━━━━━━━━━━━━━━━━━━━━━╸   95.6% 688.00kB/719.58kB [8s] 
Writing at 0x00137ef5 ━━━━━━━━━━━━━━━━━━━━━━━━━━━━━   97.8% 704.00kB/719.58kB [8s] 
Writing at 0x0013f920 ━━━━━━━━━━━━━━━━━━━━━━━━━━━━━━ 100.0% 719.58kB/719.58kB [8s] 
Wrote 1243424 bytes (736848 compressed) at 0x00010000 in 8.4 seconds (1178.2 kbit/s).
Verifying written data...
Hash of data verified.

Hard resetting via RTS pin...
