$ /home/sahur/.local/bin/esptool --chip esp32c3 --port /dev/serial/by-id/usb-Espressif_USB_JTAG_serial_debug_unit_94:A9:90:7A:B5:60-if00 --baud 460800 --before default-reset --after hard-reset write-flash --flash-mode dio --flash-size 2MB --flash-freq 80m 0x0 artifacts/hil/2026-09-26/images/full-r3-c3-chain-node2/build/bootloader/bootloader.bin 0x8000 artifacts/hil/2026-09-26/images/full-r3-c3-chain-node2/build/partition_table/partition-table.bin 0x10000 artifacts/hil/2026-09-26/images/full-r3-c3-chain-node2/build/routeloom_reference_node.bin
esptool v5.4.0
Serial port /dev/serial/by-id/usb-Espressif_USB_JTAG_serial_debug_unit_94:A9:90:7A:B5:60-if00:
Connecting...
Connected to ESP32-C3 on /dev/serial/by-id/usb-Espressif_USB_JTAG_serial_debug_unit_94:A9:90:7A:B5:60-if00:
Chip type:          ESP32-C3 (QFN32) (revision v0.4)
Features:           Wi-Fi, BT 5 (LE), Single Core, 160MHz, Embedded Flash 4MB (XMC)
Crystal frequency:  40MHz
USB mode:           USB-Serial/JTAG
MAC:                94:a9:90:7a:b5:60

Uploading stub flasher...
Running stub flasher...
Stub flasher running.
Changing baud rate to 460800...
Changed.

Configuring flash size...

Writing 'artifacts/hil/2026-09-26/images/full-r3-c3-chain-node2/build/bootloader/bootloader.bin' at 0x00000000...
SHA digest in image updated.
Flash will be erased from 0x00000000 to 0x00005fff...
Compressed 21280 bytes to 13468...
Writing at 0x00005320 ━━━━━━━━━━━━━━━━━━━━━━━━━━━━━━ 100.0% 13.15kB/13.15kB [0s] 
Wrote 21280 bytes (13468 compressed) at 0x00000000 in 0.3 seconds (599.1 kbit/s).
Verifying written data...
Hash of data verified.

Writing 'artifacts/hil/2026-09-26/images/full-r3-c3-chain-node2/build/partition_table/partition-table.bin' at 0x00008000...
Flash will be erased from 0x00008000 to 0x00008fff...
Compressed 3072 bytes to 118...
Writing at 0x00008c00 ━━━━━━━━━━━━━━━━━━━━━━━━━━━━━━ 100.0% 118B/118B [0s] 
Wrote 3072 bytes (118 compressed) at 0x00008000 in 0.0 seconds (4069.0 kbit/s).
Verifying written data...
Hash of data verified.

Writing 'artifacts/hil/2026-09-26/images/full-r3-c3-chain-node2/build/routeloom_reference_node.bin' at 0x00010000...
Flash will be erased from 0x00010000 to 0x00140fff...
Compressed 1247632 bytes to 738800...
Writing at 0x0001c48e ╸                                2.2% 16.00kB/721.48kB [0s] 
Writing at 0x000276ec ━                                4.4% 32.00kB/721.48kB [0s] 
Writing at 0x0002e4c3 ━╸                               6.7% 48.00kB/721.48kB [1s] 
Writing at 0x00036cfa ━━╸                              8.9% 64.00kB/721.48kB [1s] 
Writing at 0x0003d7a2 ━━━                             11.1% 80.00kB/721.48kB [2s] 
Writing at 0x00043c0a ━━━╸                            13.3% 96.00kB/721.48kB [2s] 
Writing at 0x0004af96 ━━━━╸                           15.5% 112.00kB/721.48kB [3s] 
Writing at 0x00051aec ━━━━━                           17.7% 128.00kB/721.48kB [3s] 
Writing at 0x0005870b ━━━━━╸                          20.0% 144.00kB/721.48kB [4s] 
Writing at 0x0005f2d4 ━━━━━━╸                         22.2% 160.00kB/721.48kB [5s] 
Writing at 0x00065bdd ━━━━━━━                         24.4% 176.00kB/721.48kB [5s] 
Writing at 0x0006c7d2 ━━━━━━━╸                        26.6% 192.00kB/721.48kB [5s] 
Writing at 0x00072f7c ━━━━━━━━╸                       28.8% 208.00kB/721.48kB [5s] 
Writing at 0x00079e2a ━━━━━━━━━                       31.0% 224.00kB/721.48kB [5s] 
Writing at 0x00080459 ━━━━━━━━━╸                      33.3% 240.00kB/721.48kB [5s] 
Writing at 0x00086d39 ━━━━━━━━━━╸                     35.5% 256.00kB/721.48kB [5s] 
Writing at 0x0008d3e6 ━━━━━━━━━━━                     37.7% 272.00kB/721.48kB [5s] 
Writing at 0x00093f05 ━━━━━━━━━━━╸                    39.9% 288.00kB/721.48kB [5s] 
Writing at 0x0009a603 ━━━━━━━━━━━━╸                   42.1% 304.00kB/721.48kB [5s] 
Writing at 0x000a0d87 ━━━━━━━━━━━━━                   44.4% 320.00kB/721.48kB [6s] 
Writing at 0x000a7762 ━━━━━━━━━━━━━╸                  46.6% 336.00kB/721.48kB [6s] 
Writing at 0x000ae074 ━━━━━━━━━━━━━━╸                 48.8% 352.00kB/721.48kB [6s] 
Writing at 0x000b4d1f ━━━━━━━━━━━━━━━                 51.0% 368.00kB/721.48kB [6s] 
Writing at 0x000bb69b ━━━━━━━━━━━━━━━╸                53.2% 384.00kB/721.48kB [6s] 
Writing at 0x000c1e32 ━━━━━━━━━━━━━━━━╸               55.4% 400.00kB/721.48kB [6s] 
Writing at 0x000c961c ━━━━━━━━━━━━━━━━━               57.7% 416.00kB/721.48kB [6s] 
Writing at 0x000d0a74 ━━━━━━━━━━━━━━━━━╸              59.9% 432.00kB/721.48kB [6s] 
Writing at 0x000d7864 ━━━━━━━━━━━━━━━━━━╸             62.1% 448.00kB/721.48kB [6s] 
Writing at 0x000dd53e ━━━━━━━━━━━━━━━━━━━             64.3% 464.00kB/721.48kB [6s] 
Writing at 0x000e33c5 ━━━━━━━━━━━━━━━━━━━╸            66.5% 480.00kB/721.48kB [6s] 
Writing at 0x000e9118 ━━━━━━━━━━━━━━━━━━━━╸           68.7% 496.00kB/721.48kB [7s] 
Writing at 0x000eeaf6 ━━━━━━━━━━━━━━━━━━━━━           71.0% 512.00kB/721.48kB [7s] 
Writing at 0x000f47d6 ━━━━━━━━━━━━━━━━━━━━━╸          73.2% 528.00kB/721.48kB [7s] 
Writing at 0x000fb332 ━━━━━━━━━━━━━━━━━━━━━━╸         75.4% 544.00kB/721.48kB [7s] 
Writing at 0x00100feb ━━━━━━━━━━━━━━━━━━━━━━━         77.6% 560.00kB/721.48kB [7s] 
Writing at 0x00106afd ━━━━━━━━━━━━━━━━━━━━━━━╸        79.8% 576.00kB/721.48kB [7s] 
Writing at 0x0010d3d9 ━━━━━━━━━━━━━━━━━━━━━━━━╸       82.1% 592.00kB/721.48kB [7s] 
Writing at 0x00113346 ━━━━━━━━━━━━━━━━━━━━━━━━━       84.3% 608.00kB/721.48kB [7s] 
Writing at 0x001194c6 ━━━━━━━━━━━━━━━━━━━━━━━━━╸      86.5% 624.00kB/721.48kB [7s] 
Writing at 0x0011f923 ━━━━━━━━━━━━━━━━━━━━━━━━━━╸     88.7% 640.00kB/721.48kB [7s] 
Writing at 0x00125c5c ━━━━━━━━━━━━━━━━━━━━━━━━━━━     90.9% 656.00kB/721.48kB [8s] 
Writing at 0x0012c133 ━━━━━━━━━━━━━━━━━━━━━━━━━━━╸    93.1% 672.00kB/721.48kB [8s] 
Writing at 0x001319b5 ━━━━━━━━━━━━━━━━━━━━━━━━━━━━╸   95.4% 688.00kB/721.48kB [8s] 
Writing at 0x00137fee ━━━━━━━━━━━━━━━━━━━━━━━━━━━━━   97.6% 704.00kB/721.48kB [8s] 
Writing at 0x0013e5ec ━━━━━━━━━━━━━━━━━━━━━━━━━━━━━╸  99.8% 720.00kB/721.48kB [8s] 
Writing at 0x00140990 ━━━━━━━━━━━━━━━━━━━━━━━━━━━━━━ 100.0% 721.48kB/721.48kB [8s] 
Wrote 1247632 bytes (738800 compressed) at 0x00010000 in 8.6 seconds (1161.5 kbit/s).
Verifying written data...
Hash of data verified.

Hard resetting via RTS pin...
