$ /home/sahur/.local/bin/esptool --chip esp32c3 --port /dev/serial/by-id/usb-Espressif_USB_JTAG_serial_debug_unit_94:A9:90:7A:B5:60-if00 --baud 460800 --before default-reset --after hard-reset write-flash --flash-mode dio --flash-size 2MB --flash-freq 80m 0x10000 artifacts/hil/2026-09-26/images/ref-a-node4-authdiag-r3/build/routeloom_reference_node.bin
esptool v5.4.0
Serial port /dev/serial/by-id/usb-Espressif_USB_JTAG_serial_debug_unit_94:A9:90:7A:B5:60-if00:
Connecting...
Connected to ESP32-C3 on /dev/serial/by-id/usb-Espressif_USB_JTAG_serial_debug_unit_94:A9:90:7A:B5:60-if00:
Chip type:          ESP32-C3 (QFN32) (revision v0.4)
Features:           Wi-Fi, BT 5 (LE), Single Core, 160MHz, Embedded Flash 4MB (XMC)
Crystal frequency:  40MHz
USB mode:           USB-Serial/JTAG
MAC:                94:a9:90:7a:b5:60

Uploading stub flasher...
Running stub flasher...
Stub flasher running.
Changing baud rate to 460800...
Changed.

Configuring flash size...
Flash will be erased from 0x00010000 to 0x00163fff...
Compressed 1389104 bytes to 820536...
Writing at 0x0001c529 ╸                                2.0% 16.00kB/801.30kB [0s] 
Writing at 0x00027f78 ━                                4.0% 32.00kB/801.30kB [0s] 
Writing at 0x0002f025 ━╸                               6.0% 48.00kB/801.30kB [1s] 
Writing at 0x00038d94 ━━                               8.0% 64.00kB/801.30kB [1s] 
Writing at 0x0003f1e9 ━━╸                             10.0% 80.00kB/801.30kB [2s] 
Writing at 0x00045f83 ━━━╸                            12.0% 96.00kB/801.30kB [2s] 
Writing at 0x0004ce7d ━━━━                            14.0% 112.00kB/801.30kB [3s] 
Writing at 0x00053bf4 ━━━━╸                           16.0% 128.00kB/801.30kB [3s] 
Writing at 0x0005a69b ━━━━━                           18.0% 144.00kB/801.30kB [4s] 
Writing at 0x000610df ━━━━━╸                          20.0% 160.00kB/801.30kB [5s] 
Writing at 0x00067609 ━━━━━━╸                         22.0% 176.00kB/801.30kB [5s] 
Writing at 0x0006e557 ━━━━━━━                         24.0% 192.00kB/801.30kB [5s] 
Writing at 0x00074cec ━━━━━━━╸                        26.0% 208.00kB/801.30kB [5s] 
Writing at 0x0007ba8b ━━━━━━━━                        28.0% 224.00kB/801.30kB [5s] 
Writing at 0x00082128 ━━━━━━━━╸                       30.0% 240.00kB/801.30kB [6s] 
Writing at 0x00088a1e ━━━━━━━━━╸                      31.9% 256.00kB/801.30kB [6s] 
Writing at 0x0008f210 ━━━━━━━━━━                      33.9% 272.00kB/801.30kB [6s] 
Writing at 0x000959b6 ━━━━━━━━━━╸                     35.9% 288.00kB/801.30kB [6s] 
Writing at 0x0009c382 ━━━━━━━━━━━                     37.9% 304.00kB/801.30kB [6s] 
Writing at 0x000a2cae ━━━━━━━━━━━╸                    39.9% 320.00kB/801.30kB [6s] 
Writing at 0x000a9318 ━━━━━━━━━━━━╸                   41.9% 336.00kB/801.30kB [6s] 
Writing at 0x000aff50 ━━━━━━━━━━━━━                   43.9% 352.00kB/801.30kB [6s] 
Writing at 0x000b6935 ━━━━━━━━━━━━━╸                  45.9% 368.00kB/801.30kB [6s] 
Writing at 0x000bd245 ━━━━━━━━━━━━━━                  47.9% 384.00kB/801.30kB [6s] 
Writing at 0x000c4666 ━━━━━━━━━━━━━━╸                 49.9% 400.00kB/801.30kB [6s] 
Writing at 0x000cb88b ━━━━━━━━━━━━━━━╸                51.9% 416.00kB/801.30kB [7s] 
Writing at 0x000d297f ━━━━━━━━━━━━━━━━                53.9% 432.00kB/801.30kB [7s] 
Writing at 0x000d8f1b ━━━━━━━━━━━━━━━━╸               55.9% 448.00kB/801.30kB [7s] 
Writing at 0x000dede8 ━━━━━━━━━━━━━━━━━               57.9% 464.00kB/801.30kB [7s] 
Writing at 0x000e49e2 ━━━━━━━━━━━━━━━━━╸              59.9% 480.00kB/801.30kB [7s] 
Writing at 0x000ea49c ━━━━━━━━━━━━━━━━━━╸             61.9% 496.00kB/801.30kB [7s] 
Writing at 0x000f00e2 ━━━━━━━━━━━━━━━━━━━             63.9% 512.00kB/801.30kB [7s] 
Writing at 0x000f6199 ━━━━━━━━━━━━━━━━━━━╸            65.9% 528.00kB/801.30kB [7s] 
Writing at 0x000fc966 ━━━━━━━━━━━━━━━━━━━━            67.9% 544.00kB/801.30kB [7s] 
Writing at 0x001027dd ━━━━━━━━━━━━━━━━━━━━╸           69.9% 560.00kB/801.30kB [7s] 
Writing at 0x001082bd ━━━━━━━━━━━━━━━━━━━━━╸          71.9% 576.00kB/801.30kB [8s] 
Writing at 0x0010ea30 ━━━━━━━━━━━━━━━━━━━━━━          73.9% 592.00kB/801.30kB [8s] 
Writing at 0x00114bac ━━━━━━━━━━━━━━━━━━━━━━╸         75.9% 608.00kB/801.30kB [8s] 
Writing at 0x0011ada3 ━━━━━━━━━━━━━━━━━━━━━━━         77.9% 624.00kB/801.30kB [8s] 
Writing at 0x00120cee ━━━━━━━━━━━━━━━━━━━━━━━╸        79.9% 640.00kB/801.30kB [8s] 
Writing at 0x0012786c ━━━━━━━━━━━━━━━━━━━━━━━━╸       81.9% 656.00kB/801.30kB [8s] 
Writing at 0x0012e6e8 ━━━━━━━━━━━━━━━━━━━━━━━━━       83.9% 672.00kB/801.30kB [8s] 
Writing at 0x00135381 ━━━━━━━━━━━━━━━━━━━━━━━━━╸      85.9% 688.00kB/801.30kB [8s] 
Writing at 0x0013bcc3 ━━━━━━━━━━━━━━━━━━━━━━━━━━      87.9% 704.00kB/801.30kB [8s] 
Writing at 0x00141f30 ━━━━━━━━━━━━━━━━━━━━━━━━━━╸     89.9% 720.00kB/801.30kB [8s] 
Writing at 0x00148253 ━━━━━━━━━━━━━━━━━━━━━━━━━━━╸    91.9% 736.00kB/801.30kB [8s] 
Writing at 0x0014e177 ━━━━━━━━━━━━━━━━━━━━━━━━━━━━    93.8% 752.00kB/801.30kB [9s] 
Writing at 0x00153d75 ━━━━━━━━━━━━━━━━━━━━━━━━━━━━╸   95.8% 768.00kB/801.30kB [9s] 
Writing at 0x0015b203 ━━━━━━━━━━━━━━━━━━━━━━━━━━━━━   97.8% 784.00kB/801.30kB [9s] 
Writing at 0x00160fd0 ━━━━━━━━━━━━━━━━━━━━━━━━━━━━━╸  99.8% 800.00kB/801.30kB [9s] 
Writing at 0x00163230 ━━━━━━━━━━━━━━━━━━━━━━━━━━━━━━ 100.0% 801.30kB/801.30kB [9s] 
Wrote 1389104 bytes (820536 compressed) at 0x00010000 in 9.5 seconds (1175.3 kbit/s).
Verifying written data...
Hash of data verified.

Hard resetting via RTS pin...
