$ /home/sahur/.local/bin/esptool --chip esp32c3 --port /dev/serial/by-id/usb-Espressif_USB_JTAG_serial_debug_unit_94:A9:90:7A:B5:60-if00 --baud 460800 --before default-reset --after hard-reset write-flash --flash-mode dio --flash-size 2MB --flash-freq 80m 0x0 artifacts/hil/2026-09-26/images/ref-a-member-linkaead/build/bootloader/bootloader.bin 0x8000 artifacts/hil/2026-09-26/images/ref-a-member-linkaead/build/partition_table/partition-table.bin 0x10000 artifacts/hil/2026-09-26/images/ref-a-member-linkaead/build/routeloom_reference_node.bin
esptool v5.4.0
Serial port /dev/serial/by-id/usb-Espressif_USB_JTAG_serial_debug_unit_94:A9:90:7A:B5:60-if00:
Connecting...
Connected to ESP32-C3 on /dev/serial/by-id/usb-Espressif_USB_JTAG_serial_debug_unit_94:A9:90:7A:B5:60-if00:
Chip type:          ESP32-C3 (QFN32) (revision v0.4)
Features:           Wi-Fi, BT 5 (LE), Single Core, 160MHz, Embedded Flash 4MB (XMC)
Crystal frequency:  40MHz
USB mode:           USB-Serial/JTAG
MAC:                94:a9:90:7a:b5:60

Uploading stub flasher...
Running stub flasher...
Stub flasher running.
Changing baud rate to 460800...
Changed.

Configuring flash size...

Writing 'artifacts/hil/2026-09-26/images/ref-a-member-linkaead/build/bootloader/bootloader.bin' at 0x00000000...
SHA digest in image updated.
Flash will be erased from 0x00000000 to 0x00005fff...
Compressed 21344 bytes to 13509...
Writing at 0x00005360 ━━━━━━━━━━━━━━━━━━━━━━━━━━━━━━ 100.0% 13.19kB/13.19kB [0s] 
Wrote 21344 bytes (13509 compressed) at 0x00000000 in 0.3 seconds (642.2 kbit/s).
Verifying written data...
Hash of data verified.

Writing 'artifacts/hil/2026-09-26/images/ref-a-member-linkaead/build/partition_table/partition-table.bin' at 0x00008000...
Flash will be erased from 0x00008000 to 0x00008fff...
Compressed 3072 bytes to 118...
Writing at 0x00008c00 ━━━━━━━━━━━━━━━━━━━━━━━━━━━━━━ 100.0% 118B/118B [0s] 
Wrote 3072 bytes (118 compressed) at 0x00008000 in 0.0 seconds (4182.9 kbit/s).
Verifying written data...
Hash of data verified.

Writing 'artifacts/hil/2026-09-26/images/ref-a-member-linkaead/build/routeloom_reference_node.bin' at 0x00010000...
Flash will be erased from 0x00010000 to 0x00162fff...
Compressed 1386896 bytes to 819479...
Writing at 0x0001c530 ╸                                2.0% 16.00kB/800.27kB [0s] 
Writing at 0x00027ee0 ━                                4.0% 32.00kB/800.27kB [0s] 
Writing at 0x0002eff8 ━╸                               6.0% 48.00kB/800.27kB [1s] 
Writing at 0x00038c94 ━━                               8.0% 64.00kB/800.27kB [1s] 
Writing at 0x0003f0d2 ━━╸                             10.0% 80.00kB/800.27kB [2s] 
Writing at 0x00045e76 ━━━╸                            12.0% 96.00kB/800.27kB [2s] 
Writing at 0x0004cd00 ━━━━                            14.0% 112.00kB/800.27kB [3s] 
Writing at 0x00053aab ━━━━╸                           16.0% 128.00kB/800.27kB [3s] 
Writing at 0x0005a686 ━━━━━                           18.0% 144.00kB/800.27kB [4s] 
Writing at 0x0006109e ━━━━━╸                          20.0% 160.00kB/800.27kB [5s] 
Writing at 0x000675aa ━━━━━━╸                         22.0% 176.00kB/800.27kB [5s] 
Writing at 0x0006e44c ━━━━━━━                         24.0% 192.00kB/800.27kB [5s] 
Writing at 0x00074d96 ━━━━━━━╸                        26.0% 208.00kB/800.27kB [5s] 
Writing at 0x0007b9ee ━━━━━━━━                        28.0% 224.00kB/800.27kB [5s] 
Writing at 0x0008204f ━━━━━━━━╸                       30.0% 240.00kB/800.27kB [6s] 
Writing at 0x0008895d ━━━━━━━━━╸                      32.0% 256.00kB/800.27kB [6s] 
Writing at 0x0008f14a ━━━━━━━━━━                      34.0% 272.00kB/800.27kB [6s] 
Writing at 0x000958eb ━━━━━━━━━━╸                     36.0% 288.00kB/800.27kB [6s] 
Writing at 0x0009c310 ━━━━━━━━━━━                     38.0% 304.00kB/800.27kB [6s] 
Writing at 0x000a2b98 ━━━━━━━━━━━╸                    40.0% 320.00kB/800.27kB [6s] 
Writing at 0x000a91c3 ━━━━━━━━━━━━╸                   42.0% 336.00kB/800.27kB [6s] 
Writing at 0x000afdf0 ━━━━━━━━━━━━━                   44.0% 352.00kB/800.27kB [6s] 
Writing at 0x000b673a ━━━━━━━━━━━━━╸                  46.0% 368.00kB/800.27kB [6s] 
Writing at 0x000bd139 ━━━━━━━━━━━━━━                  48.0% 384.00kB/800.27kB [6s] 
Writing at 0x000c458b ━━━━━━━━━━━━━━╸                 50.0% 400.00kB/800.27kB [6s] 
Writing at 0x000cb72e ━━━━━━━━━━━━━━━╸                52.0% 416.00kB/800.27kB [7s] 
Writing at 0x000d28dc ━━━━━━━━━━━━━━━━                54.0% 432.00kB/800.27kB [7s] 
Writing at 0x000d8d20 ━━━━━━━━━━━━━━━━╸               56.0% 448.00kB/800.27kB [7s] 
Writing at 0x000dec09 ━━━━━━━━━━━━━━━━━               58.0% 464.00kB/800.27kB [7s] 
Writing at 0x000e47dc ━━━━━━━━━━━━━━━━━╸              60.0% 480.00kB/800.27kB [7s] 
Writing at 0x000ea25c ━━━━━━━━━━━━━━━━━━╸             62.0% 496.00kB/800.27kB [7s] 
Writing at 0x000efeb5 ━━━━━━━━━━━━━━━━━━━             64.0% 512.00kB/800.27kB [7s] 
Writing at 0x000f658b ━━━━━━━━━━━━━━━━━━━╸            66.0% 528.00kB/800.27kB [7s] 
Writing at 0x000fc835 ━━━━━━━━━━━━━━━━━━━━            68.0% 544.00kB/800.27kB [7s] 
Writing at 0x001025e6 ━━━━━━━━━━━━━━━━━━━━╸           70.0% 560.00kB/800.27kB [7s] 
Writing at 0x001080df ━━━━━━━━━━━━━━━━━━━━━╸          72.0% 576.00kB/800.27kB [8s] 
Writing at 0x0010e841 ━━━━━━━━━━━━━━━━━━━━━━          74.0% 592.00kB/800.27kB [8s] 
Writing at 0x00114a29 ━━━━━━━━━━━━━━━━━━━━━━╸         76.0% 608.00kB/800.27kB [8s] 
Writing at 0x0011abbe ━━━━━━━━━━━━━━━━━━━━━━━         78.0% 624.00kB/800.27kB [8s] 
Writing at 0x00120c07 ━━━━━━━━━━━━━━━━━━━━━━━╸        80.0% 640.00kB/800.27kB [8s] 
Writing at 0x00127711 ━━━━━━━━━━━━━━━━━━━━━━━━╸       82.0% 656.00kB/800.27kB [8s] 
Writing at 0x0012e5fa ━━━━━━━━━━━━━━━━━━━━━━━━━       84.0% 672.00kB/800.27kB [8s] 
Writing at 0x001352e6 ━━━━━━━━━━━━━━━━━━━━━━━━━╸      86.0% 688.00kB/800.27kB [8s] 
Writing at 0x0013bb36 ━━━━━━━━━━━━━━━━━━━━━━━━━━      88.0% 704.00kB/800.27kB [8s] 
Writing at 0x00141d70 ━━━━━━━━━━━━━━━━━━━━━━━━━━╸     90.0% 720.00kB/800.27kB [8s] 
Writing at 0x0014803e ━━━━━━━━━━━━━━━━━━━━━━━━━━━╸    92.0% 736.00kB/800.27kB [8s] 
Writing at 0x0014df6c ━━━━━━━━━━━━━━━━━━━━━━━━━━━━    94.0% 752.00kB/800.27kB [9s] 
Writing at 0x00153c46 ━━━━━━━━━━━━━━━━━━━━━━━━━━━━╸   96.0% 768.00kB/800.27kB [9s] 
Writing at 0x0015af32 ━━━━━━━━━━━━━━━━━━━━━━━━━━━━━   98.0% 784.00kB/800.27kB [9s] 
Writing at 0x00161146 ━━━━━━━━━━━━━━━━━━━━━━━━━━━━━╸ 100.0% 800.00kB/800.27kB [9s] 
Writing at 0x00162990 ━━━━━━━━━━━━━━━━━━━━━━━━━━━━━━ 100.0% 800.27kB/800.27kB [9s] 
Wrote 1386896 bytes (819479 compressed) at 0x00010000 in 9.5 seconds (1171.2 kbit/s).
Verifying written data...
Hash of data verified.

Hard resetting via RTS pin...
