$ /home/sahur/.local/bin/esptool --chip esp32c3 --port /dev/serial/by-id/usb-Espressif_USB_JTAG_serial_debug_unit_94:A9:90:7A:26:AC-if00 --baud 460800 --before default-reset --after hard-reset write-flash --flash-mode keep --flash-freq keep --flash-size keep 0x0 /tmp/routeloom-hil-flash-9hr8n_u1/images/bootloader/bootloader.bin 0x10000 /tmp/routeloom-hil-flash-9hr8n_u1/images/ota_data_initial.bin 0x40000 /tmp/routeloom-hil-flash-9hr8n_u1/images/application.bin 0x8000 /tmp/routeloom-hil-flash-9hr8n_u1/images/partition_table/partition-table.bin
esptool v5.4.0
Serial port /dev/serial/by-id/usb-Espressif_USB_JTAG_serial_debug_unit_94:A9:90:7A:26:AC-if00:
Connecting...
Connected to ESP32-C3 on /dev/serial/by-id/usb-Espressif_USB_JTAG_serial_debug_unit_94:A9:90:7A:26:AC-if00:
Chip type:          ESP32-C3 (QFN32) (revision v0.4)
Features:           Wi-Fi, BT 5 (LE), Single Core, 160MHz, Embedded Flash 4MB (XMC)
Crystal frequency:  40MHz
USB mode:           USB-Serial/JTAG
MAC:                94:a9:90:7a:26:ac

Uploading stub flasher...
Running stub flasher...
Stub flasher running.
Changing baud rate to 460800...
Changed.

Configuring flash size...

Writing '/tmp/routeloom-hil-flash-9hr8n_u1/images/bootloader/bootloader.bin' at 0x00000000...
Flash will be erased from 0x00000000 to 0x00005fff...
Compressed 21408 bytes to 13556...
Writing at 0x000053a0 ━━━━━━━━━━━━━━━━━━━━━━━━━━━━━━ 100.0% 13.24kB/13.24kB [0s] 
Wrote 21408 bytes (13556 compressed) at 0x00000000 in 0.1 seconds (1453.8 kbit/s).
Verifying written data...
Hash of data verified.

Writing '/tmp/routeloom-hil-flash-9hr8n_u1/images/ota_data_initial.bin' at 0x00010000...
Flash will be erased from 0x00010000 to 0x00011fff...
Compressed 8192 bytes to 31...
Writing at 0x00012000 ━━━━━━━━━━━━━━━━━━━━━━━━━━━━━━ 100.0% 31B/31B [0s] 
Wrote 8192 bytes (31 compressed) at 0x00010000 in 0.0 seconds (4355.1 kbit/s).
Verifying written data...
Hash of data verified.

Writing '/tmp/routeloom-hil-flash-9hr8n_u1/images/application.bin' at 0x00040000...
Flash will be erased from 0x00040000 to 0x00089fff...
Compressed 302000 bytes to 181022...
Writing at 0x0004adf7 ━━╸                              9.1% 16.00kB/176.78kB [0s] 
Writing at 0x0005299b ━━━━━                           18.1% 32.00kB/176.78kB [0s] 
Writing at 0x00058a9b ━━━━━━━━                        27.2% 48.00kB/176.78kB [0s] 
Writing at 0x0005ea5e ━━━━━━━━━━╸                     36.2% 64.00kB/176.78kB [0s] 
Writing at 0x00064bf4 ━━━━━━━━━━━━━╸                  45.3% 80.00kB/176.78kB [0s] 
Writing at 0x0006b234 ━━━━━━━━━━━━━━━━                54.3% 96.00kB/176.78kB [0s] 
Writing at 0x0007102e ━━━━━━━━━━━━━━━━━━━             63.4% 112.00kB/176.78kB [0s] 
Writing at 0x000773f5 ━━━━━━━━━━━━━━━━━━━━━╸          72.4% 128.00kB/176.78kB [0s] 
Writing at 0x0007cde4 ━━━━━━━━━━━━━━━━━━━━━━━━        81.5% 144.00kB/176.78kB [0s] 
Writing at 0x00082f4e ━━━━━━━━━━━━━━━━━━━━━━━━━━━     90.5% 160.00kB/176.78kB [1s] 
Writing at 0x000891e8 ━━━━━━━━━━━━━━━━━━━━━━━━━━━━━╸  99.6% 176.00kB/176.78kB [1s] 
Writing at 0x00089bb0 ━━━━━━━━━━━━━━━━━━━━━━━━━━━━━━ 100.0% 176.78kB/176.78kB [1s] 
Wrote 302000 bytes (181022 compressed) at 0x00040000 in 1.3 seconds (1895.9 kbit/s).
Verifying written data...
Hash of data verified.

Writing '/tmp/routeloom-hil-flash-9hr8n_u1/images/partition_table/partition-table.bin' at 0x00008000...
Flash will be erased from 0x00008000 to 0x00008fff...
Compressed 3072 bytes to 179...
Writing at 0x00008c00 ━━━━━━━━━━━━━━━━━━━━━━━━━━━━━━ 100.0% 179B/179B [0s] 
Wrote 3072 bytes (179 compressed) at 0x00008000 in 0.0 seconds (3766.3 kbit/s).
Verifying written data...
Hash of data verified.

Hard resetting via RTS pin...
