[2026-09-26T11:24:27.737Z] !! capture open /dev/serial/by-id/usb-Espressif_USB_JTAG_serial_debug_unit_94:A9:90:7A:B5:60-if00 @ 115200 backend=pyserial dtr=1 rts=0
[2026-09-26T11:24:28.232Z] I (22979) RouteLoom: HIL LINK rx peer=1 type=40 cid=1927768905 current=0 status=5 seq=6
[2026-09-26T11:24:28.235Z] I (22983) RouteLoom: HIL PROBE tx peer=1 type=41 status=0
[2026-09-26T11:24:28.242Z] I (22990) RouteLoom: HIL LINK rx peer=1 type=32 cid=1927768905 current=0 status=5 seq=7
[2026-09-26T11:24:29.350Z] I (24098) RouteLoom: HIL LINK tx peer=3 type=32 cid=538514165 seq=16
[2026-09-26T11:24:31.839Z] I (26586) RouteLoom: HIL LINK rx peer=3 type=32 cid=247100040 current=0 status=5 seq=9
[2026-09-26T11:24:31.850Z] I (26598) RouteLoom: HIL LINK tx peer=1 type=32 cid=4291275516 seq=17
[2026-09-26T11:24:33.241Z] I (27988) RouteLoom: HIL LINK rx peer=1 type=32 cid=1927768905 current=0 status=5 seq=8
[2026-09-26T11:24:34.350Z] I (29098) RouteLoom: HIL LINK tx peer=3 type=32 cid=538514165 seq=18
[2026-09-26T11:24:36.839Z] I (31587) RouteLoom: HIL LINK rx peer=3 type=32 cid=247100040 current=0 status=5 seq=10
[2026-09-26T11:24:36.851Z] I (31598) RouteLoom: HIL LINK tx peer=1 type=32 cid=4291275516 seq=19
[2026-09-26T11:24:36.855Z] I (31602) RouteLoom: HIL LINK rx peer=3 type=40 cid=247100040 current=0 status=5 seq=5
[2026-09-26T11:24:36.859Z] I (31606) RouteLoom: HIL PROBE tx peer=3 type=41 status=0
[2026-09-26T11:24:38.233Z] I (32981) RouteLoom: HIL PROBE tx peer=1 type=40 status=0
[2026-09-26T11:24:38.249Z] I (32996) RouteLoom: HIL LINK rx peer=1 type=32 cid=1927768905 current=0 status=5 seq=9
[2026-09-26T11:24:39.352Z] I (34100) RouteLoom: HIL LINK tx peer=3 type=32 cid=538514165 seq=20
[2026-09-26T11:24:40.236Z] I (34984) RouteLoom: HIL PROBE tx peer=1 type=40 status=0
[2026-09-26T11:24:40.255Z] I (35002) RouteLoom: HIL LINK rx peer=1 type=41 cid=1927768905 current=0 status=5 seq=8
[2026-09-26T11:24:40.995Z] I (35743) RouteLoom: HIL LINK rx peer=1 type=3 cid=1927768905 current=0 status=5 seq=2
[2026-09-26T11:24:41.000Z] I (35748) RouteLoom: HIL LINK tx peer=1 type=17 cid=4291275516 seq=2
[2026-09-26T11:24:41.011Z] I (35759) RouteLoom: HIL LINK tx peer=1 type=3 cid=4291275516 seq=1
[2026-09-26T11:24:41.024Z] I (35771) RouteLoom: HIL LINK tx peer=1 type=3 cid=4291275516 seq=2
[2026-09-26T11:24:41.040Z] I (35787) RouteLoom: HIL LINK rx peer=1 type=17 cid=1927768905 current=0 status=5 seq=1
[2026-09-26T11:24:41.051Z] I (35799) RouteLoom: HIL LINK rx peer=1 type=17 cid=1927768905 current=0 status=5 seq=2
[2026-09-26T11:24:41.064Z] I (35811) RouteLoom: HIL LINK rx peer=1 type=16 cid=1927768905 current=0 status=5 seq=1
[2026-09-26T11:24:41.069Z] W (35814) RouteLoomRef: diagnostic reason=session unknown context peer=1 message=present
[2026-09-26T11:24:41.076Z] I (35822) RouteLoom: HIL LINK rx peer=1 type=3 cid=1927768905 current=0 status=5 seq=3
[2026-09-26T11:24:41.084Z] I (35829) RouteLoom: HIL LINK tx peer=1 type=17 cid=4291275516 seq=3
[2026-09-26T11:24:41.115Z] I (35863) RouteLoom: HIL LINK rx peer=1 type=16 cid=1927768905 current=0 status=5 seq=1
[2026-09-26T11:24:41.120Z] I (35866) RouteLoomRef: message origin=1 session=269 sequence=1 bytes=9
[2026-09-26T11:24:41.126Z] I (35870) RouteLoom: HIL LINK tx peer=1 type=17 cid=4291275516 seq=1
[2026-09-26T11:24:41.133Z] I (35881) RouteLoom: HIL LINK tx peer=1 type=18 cid=4291275516 seq=1
[2026-09-26T11:24:41.156Z] I (35903) RouteLoom: HIL LINK rx peer=1 type=17 cid=1927768905 current=0 status=5 seq=1
[2026-09-26T11:24:41.226Z] I (35973) RouteLoom: HIL LINK rx peer=1 type=3 cid=1927768905 current=0 status=5 seq=5
[2026-09-26T11:24:41.231Z] I (35979) RouteLoom: HIL LINK tx peer=1 type=17 cid=4291275516 seq=5
[2026-09-26T11:24:41.243Z] I (35991) RouteLoom: HIL LINK tx peer=3 type=3 cid=538514165 seq=5
[2026-09-26T11:24:41.260Z] I (36007) RouteLoom: HIL LINK rx peer=1 type=32 cid=1927768905 current=0 status=5 seq=10
[2026-09-26T11:24:41.267Z] I (36014) RouteLoom: HIL LINK rx peer=3 type=17 cid=247100040 current=0 status=5 seq=5
[2026-09-26T11:24:41.280Z] I (36027) RouteLoom: HIL LINK rx peer=3 type=3 cid=247100040 current=0 status=5 seq=1
[2026-09-26T11:24:41.286Z] I (36033) RouteLoom: HIL LINK tx peer=3 type=17 cid=538514165 seq=1
[2026-09-26T11:24:41.293Z] I (36040) RouteLoom: HIL LINK rx peer=3 type=3 cid=247100040 current=0 status=5 seq=2
[2026-09-26T11:24:41.304Z] I (36051) RouteLoom: HIL LINK tx peer=3 type=17 cid=538514165 seq=2
[2026-09-26T11:24:41.314Z] I (36062) RouteLoom: HIL LINK tx peer=1 type=3 cid=4291275516 seq=1
[2026-09-26T11:24:41.327Z] I (36074) RouteLoom: HIL LINK tx peer=1 type=3 cid=4291275516 seq=2
[2026-09-26T11:24:41.342Z] I (36089) RouteLoom: HIL LINK rx peer=1 type=17 cid=1927768905 current=0 status=5 seq=1
[2026-09-26T11:24:41.353Z] I (36101) RouteLoom: HIL LINK rx peer=1 type=17 cid=1927768905 current=0 status=5 seq=2
[2026-09-26T11:24:41.366Z] I (36113) RouteLoom: HIL LINK rx peer=1 type=16 cid=1927768905 current=0 status=5 seq=4
[2026-09-26T11:24:41.371Z] I (36119) RouteLoom: HIL LINK tx peer=1 type=17 cid=4291275516 seq=4
[2026-09-26T11:24:41.378Z] I (36125) RouteLoom: HIL LINK rx peer=1 type=3 cid=1927768905 current=0 status=5 seq=6
[2026-09-26T11:24:41.389Z] I (36137) RouteLoom: HIL LINK tx peer=1 type=17 cid=4291275516 seq=6
[2026-09-26T11:24:41.400Z] I (36148) RouteLoom: HIL LINK tx peer=1 type=32 cid=4291275516 seq=21
[2026-09-26T11:24:41.412Z] I (36159) RouteLoom: HIL LINK tx peer=3 type=16 cid=538514165 seq=4
[2026-09-26T11:24:41.423Z] I (36171) RouteLoom: HIL LINK tx peer=3 type=32 cid=538514165 seq=22
[2026-09-26T11:24:41.435Z] I (36182) RouteLoom: HIL LINK tx peer=3 type=3 cid=538514165 seq=6
[2026-09-26T11:24:41.454Z] I (36202) RouteLoom: HIL LINK rx peer=3 type=17 cid=247100040 current=0 status=5 seq=6
[2026-09-26T11:24:41.462Z] I (36209) RouteLoom: HIL LINK tx peer=3 type=16 cid=538514165 seq=4
[2026-09-26T11:24:41.482Z] I (36229) RouteLoom: HIL LINK rx peer=3 type=17 cid=247100040 current=0 status=5 seq=4
[2026-09-26T11:24:41.495Z] I (36242) RouteLoom: HIL LINK rx peer=3 type=18 cid=247100040 current=0 status=5 seq=4
[2026-09-26T11:24:41.500Z] I (36248) RouteLoom: HIL LINK tx peer=3 type=17 cid=538514165 seq=4
[2026-09-26T11:24:41.512Z] I (36259) RouteLoom: HIL LINK tx peer=1 type=18 cid=4291275516 seq=4
[2026-09-26T11:24:41.534Z] I (36281) RouteLoom: HIL LINK rx peer=1 type=17 cid=1927768905 current=0 status=5 seq=4
[2026-09-26T11:24:41.545Z] I (36293) RouteLoom: HIL LINK rx peer=1 type=3 cid=1927768905 current=0 status=5 seq=7
[2026-09-26T11:24:41.551Z] I (36298) RouteLoom: HIL LINK tx peer=1 type=17 cid=4291275516 seq=7
[2026-09-26T11:24:41.565Z] I (36312) RouteLoom: HIL LINK rx peer=1 type=16 cid=1927768905 current=0 status=5 seq=8
[2026-09-26T11:24:41.568Z] I (36316) RouteLoomRef: message origin=1 session=269 sequence=8 bytes=9
[2026-09-26T11:24:41.574Z] I (36320) RouteLoom: HIL LINK tx peer=1 type=17 cid=4291275516 seq=8
[2026-09-26T11:24:41.584Z] I (36332) RouteLoom: HIL LINK tx peer=1 type=18 cid=4291275516 seq=8
[2026-09-26T11:24:41.607Z] I (36354) RouteLoom: HIL LINK rx peer=1 type=17 cid=1927768905 current=0 status=5 seq=8
[2026-09-26T11:24:41.672Z] I (36419) RouteLoom: HIL LINK rx peer=1 type=16 cid=1927768905 current=0 status=5 seq=9
[2026-09-26T11:24:41.677Z] I (36425) RouteLoom: HIL LINK tx peer=1 type=17 cid=4291275516 seq=9
[2026-09-26T11:24:41.689Z] I (36436) RouteLoom: HIL LINK tx peer=3 type=16 cid=538514165 seq=9
[2026-09-26T11:24:41.708Z] I (36456) RouteLoom: HIL LINK rx peer=3 type=17 cid=247100040 current=0 status=5 seq=9
[2026-09-26T11:24:41.721Z] I (36468) RouteLoom: HIL LINK rx peer=3 type=18 cid=247100040 current=0 status=5 seq=9
[2026-09-26T11:24:41.727Z] I (36474) RouteLoom: HIL LINK tx peer=3 type=17 cid=538514165 seq=9
[2026-09-26T11:24:41.738Z] I (36485) RouteLoom: HIL LINK tx peer=1 type=18 cid=4291275516 seq=9
[2026-09-26T11:24:41.763Z] I (36505) RouteLoom: HIL LINK rx peer=1 type=17 cid=1927768905 current=0 status=5 seq=9
[2026-09-26T11:24:41.787Z] I (36535) RouteLoom: HIL LINK rx peer=1 type=16 cid=1927768905 current=0 status=5 seq=10
[2026-09-26T11:24:41.791Z] I (36539) RouteLoomRef: message origin=1 session=269 sequence=10 bytes=9
[2026-09-26T11:24:41.796Z] I (36542) RouteLoom: HIL LINK tx peer=1 type=17 cid=4291275516 seq=10
[2026-09-26T11:24:41.806Z] I (36554) RouteLoom: HIL LINK tx peer=1 type=18 cid=4291275516 seq=10
[2026-09-26T11:24:41.829Z] I (36574) RouteLoom: HIL LINK rx peer=1 type=17 cid=1927768905 current=0 status=5 seq=10
[2026-09-26T11:24:41.842Z] I (36589) RouteLoom: HIL LINK rx peer=3 type=32 cid=247100040 current=0 status=5 seq=11
[2026-09-26T11:24:41.849Z] I (36596) RouteLoom: HIL LINK rx peer=1 type=3 cid=1927768905 current=0 status=5 seq=11
[2026-09-26T11:24:41.856Z] I (36602) RouteLoom: HIL LINK tx peer=1 type=17 cid=4291275516 seq=11
[2026-09-26T11:24:41.865Z] I (36613) RouteLoom: HIL LINK tx peer=3 type=3 cid=538514165 seq=11
[2026-09-26T11:24:41.868Z] I (36616) RouteLoom: HIL LINK rx peer=1 type=16 cid=1927768905 current=0 status=5 seq=12
[2026-09-26T11:24:41.882Z] I (36628) RouteLoom: HIL LINK tx peer=1 type=17 cid=4291275516 seq=12
[2026-09-26T11:24:41.891Z] I (36639) RouteLoom: HIL LINK tx peer=1 type=32 cid=4291275516 seq=23
[2026-09-26T11:24:41.894Z] I (36642) RouteLoom: HIL LINK rx peer=3 type=17 cid=247100040 current=0 status=5 seq=11
[2026-09-26T11:24:41.907Z] I (36655) RouteLoom: HIL LINK tx peer=3 type=16 cid=538514165 seq=12
[2026-09-26T11:24:41.927Z] I (36674) RouteLoom: HIL LINK rx peer=3 type=17 cid=247100040 current=0 status=5 seq=12
[2026-09-26T11:24:41.940Z] I (36687) RouteLoom: HIL LINK rx peer=3 type=18 cid=247100040 current=0 status=5 seq=12
[2026-09-26T11:24:41.946Z] I (36693) RouteLoom: HIL LINK tx peer=3 type=17 cid=538514165 seq=12
[2026-09-26T11:24:41.953Z] I (36698) RouteLoom: HIL LINK rx peer=3 type=32 cid=247100040 current=0 status=5 seq=12
[2026-09-26T11:24:41.963Z] I (36710) RouteLoom: HIL LINK tx peer=1 type=18 cid=4291275516 seq=12
[2026-09-26T11:24:41.984Z] I (36731) RouteLoom: HIL LINK rx peer=1 type=17 cid=1927768905 current=0 status=5 seq=12
[2026-09-26T11:24:42.025Z] I (36772) RouteLoom: HIL LINK rx peer=1 type=16 cid=1927768905 current=0 status=5 seq=13
[2026-09-26T11:24:42.029Z] I (36776) RouteLoomRef: message origin=1 session=269 sequence=13 bytes=9
[2026-09-26T11:24:42.034Z] I (36780) RouteLoom: HIL LINK tx peer=1 type=17 cid=4291275516 seq=13
[2026-09-26T11:24:42.045Z] I (36792) RouteLoom: HIL LINK tx peer=1 type=18 cid=4291275516 seq=13
[2026-09-26T11:24:42.048Z] I (36794) RouteLoom: HIL LINK rx peer=1 type=3 cid=1927768905 current=0 status=5 seq=14
[2026-09-26T11:24:42.059Z] I (36806) RouteLoom: HIL LINK tx peer=1 type=17 cid=4291275516 seq=14
[2026-09-26T11:24:42.073Z] I (36820) RouteLoom: HIL LINK rx peer=1 type=17 cid=1927768905 current=0 status=5 seq=13
[2026-09-26T11:24:42.094Z] I (36839) RouteLoom: HIL LINK rx peer=1 type=16 cid=1927768905 current=0 status=5 seq=15
[2026-09-26T11:24:42.098Z] I (36845) RouteLoom: HIL LINK tx peer=1 type=17 cid=4291275516 seq=15
[2026-09-26T11:24:42.109Z] I (36856) RouteLoom: HIL LINK tx peer=3 type=16 cid=538514165 seq=15
[2026-09-26T11:24:42.129Z] I (36876) RouteLoom: HIL LINK rx peer=3 type=17 cid=247100040 current=0 status=5 seq=15
[2026-09-26T11:24:42.141Z] I (36888) RouteLoom: HIL LINK rx peer=3 type=18 cid=247100040 current=0 status=5 seq=15
[2026-09-26T11:24:42.146Z] I (36894) RouteLoom: HIL LINK tx peer=3 type=17 cid=538514165 seq=15
[2026-09-26T11:24:42.157Z] I (36905) RouteLoom: HIL LINK tx peer=1 type=18 cid=4291275516 seq=15
[2026-09-26T11:24:42.178Z] I (36925) RouteLoom: HIL LINK rx peer=1 type=17 cid=1927768905 current=0 status=5 seq=15
[2026-09-26T11:24:42.206Z] I (36953) RouteLoom: HIL LINK rx peer=1 type=16 cid=1927768905 current=0 status=5 seq=16
[2026-09-26T11:24:42.209Z] I (36957) RouteLoomRef: message origin=1 session=269 sequence=16 bytes=9
[2026-09-26T11:24:42.215Z] I (36961) RouteLoom: HIL LINK tx peer=1 type=17 cid=4291275516 seq=16
[2026-09-26T11:24:42.225Z] I (36972) RouteLoom: HIL LINK tx peer=1 type=18 cid=4291275516 seq=16
[2026-09-26T11:24:42.247Z] I (36993) RouteLoom: HIL LINK rx peer=1 type=17 cid=1927768905 current=0 status=5 seq=16
[2026-09-26T11:24:42.265Z] I (37013) RouteLoom: HIL LINK rx peer=1 type=16 cid=1927768905 current=0 status=5 seq=17
[2026-09-26T11:24:42.271Z] I (37019) RouteLoom: HIL LINK tx peer=1 type=17 cid=4291275516 seq=17
[2026-09-26T11:24:42.279Z] I (37026) RouteLoom: HIL LINK rx peer=1 type=32 cid=1927768905 current=0 status=5 seq=11
[2026-09-26T11:24:42.290Z] I (37038) RouteLoom: HIL LINK tx peer=3 type=16 cid=538514165 seq=17
[2026-09-26T11:24:42.312Z] I (37059) RouteLoom: HIL LINK rx peer=3 type=17 cid=247100040 current=0 status=5 seq=17
[2026-09-26T11:24:42.323Z] I (37070) RouteLoom: HIL LINK rx peer=3 type=18 cid=247100040 current=0 status=5 seq=17
[2026-09-26T11:24:42.329Z] I (37076) RouteLoom: HIL LINK tx peer=3 type=17 cid=538514165 seq=17
[2026-09-26T11:24:42.340Z] I (37087) RouteLoom: HIL LINK tx peer=1 type=18 cid=4291275516 seq=17
[2026-09-26T11:24:42.355Z] I (37102) RouteLoom: HIL LINK rx peer=1 type=3 cid=1927768905 current=0 status=5 seq=18
[2026-09-26T11:24:42.360Z] I (37108) RouteLoom: HIL LINK tx peer=1 type=17 cid=4291275516 seq=18
[2026-09-26T11:24:42.366Z] I (37114) RouteLoom: HIL LINK rx peer=1 type=17 cid=1927768905 current=0 status=5 seq=17
[2026-09-26T11:24:42.378Z] I (37125) RouteLoom: HIL LINK tx peer=3 type=3 cid=538514165 seq=18
[2026-09-26T11:24:42.392Z] I (37139) RouteLoom: HIL LINK rx peer=1 type=16 cid=1927768905 current=0 status=5 seq=19
[2026-09-26T11:24:42.396Z] I (37143) RouteLoomRef: message origin=1 session=269 sequence=19 bytes=9
[2026-09-26T11:24:42.401Z] I (37147) RouteLoom: HIL LINK tx peer=1 type=17 cid=4291275516 seq=19
[2026-09-26T11:24:42.409Z] I (37150) RouteLoom: HIL LINK rx peer=3 type=17 cid=247100040 current=0 status=5 seq=18
[2026-09-26T11:24:42.416Z] I (37163) RouteLoom: HIL LINK tx peer=1 type=18 cid=4291275516 seq=19
[2026-09-26T11:24:42.427Z] I (37175) RouteLoom: HIL LINK tx peer=1 type=32 cid=4291275516 seq=24
[2026-09-26T11:24:42.439Z] I (37187) RouteLoom: HIL LINK tx peer=3 type=32 cid=538514165 seq=25
[2026-09-26T11:24:42.442Z] I (37189) RouteLoom: HIL LINK rx peer=1 type=17 cid=1927768905 current=0 status=5 seq=19
[2026-09-26T11:24:42.510Z] I (37252) RouteLoom: HIL LINK rx peer=1 type=16 cid=1927768905 current=0 status=5 seq=20
[2026-09-26T11:24:42.512Z] I (37258) RouteLoom: HIL LINK tx peer=1 type=17 cid=4291275516 seq=20
[2026-09-26T11:24:42.523Z] I (37269) RouteLoom: HIL LINK tx peer=3 type=16 cid=538514165 seq=20
[2026-09-26T11:24:42.543Z] I (37289) RouteLoom: HIL LINK rx peer=3 type=17 cid=247100040 current=0 status=5 seq=20
[2026-09-26T11:24:42.551Z] I (37296) RouteLoom: HIL LINK rx peer=1 type=3 cid=1927768905 current=0 status=5 seq=21
[2026-09-26T11:24:42.556Z] I (37302) RouteLoom: HIL LINK tx peer=1 type=17 cid=4291275516 seq=21
[2026-09-26T11:24:42.559Z] I (37304) RouteLoom: HIL LINK rx peer=3 type=18 cid=247100040 current=0 status=5 seq=20
[2026-09-26T11:24:42.569Z] I (37316) RouteLoom: HIL LINK tx peer=3 type=17 cid=538514165 seq=20
[2026-09-26T11:24:42.580Z] I (37327) RouteLoom: HIL LINK tx peer=1 type=18 cid=4291275516 seq=20
[2026-09-26T11:24:42.603Z] I (37350) RouteLoom: HIL LINK rx peer=1 type=17 cid=1927768905 current=0 status=5 seq=20
[2026-09-26T11:24:42.631Z] I (37378) RouteLoom: HIL LINK rx peer=1 type=16 cid=1927768905 current=0 status=5 seq=22
[2026-09-26T11:24:42.635Z] I (37382) RouteLoomRef: message origin=1 session=269 sequence=22 bytes=9
[2026-09-26T11:24:42.641Z] I (37386) RouteLoom: HIL LINK tx peer=1 type=17 cid=4291275516 seq=22
[2026-09-26T11:24:42.650Z] I (37397) RouteLoom: HIL LINK tx peer=1 type=18 cid=4291275516 seq=22
[2026-09-26T11:24:42.671Z] I (37418) RouteLoom: HIL LINK rx peer=1 type=17 cid=1927768905 current=0 status=5 seq=22
[2026-09-26T11:24:42.697Z] I (37445) RouteLoom: HIL LINK rx peer=1 type=16 cid=1927768905 current=0 status=5 seq=23
[2026-09-26T11:24:42.703Z] I (37450) RouteLoom: HIL LINK tx peer=1 type=17 cid=4291275516 seq=23
[2026-09-26T11:24:42.714Z] I (37462) RouteLoom: HIL LINK tx peer=3 type=16 cid=538514165 seq=23
[2026-09-26T11:24:42.734Z] I (37482) RouteLoom: HIL LINK rx peer=3 type=17 cid=247100040 current=0 status=5 seq=23
[2026-09-26T11:24:42.747Z] I (37494) RouteLoom: HIL LINK rx peer=3 type=18 cid=247100040 current=0 status=5 seq=23
[2026-09-26T11:24:42.753Z] I (37500) RouteLoom: HIL LINK tx peer=3 type=17 cid=538514165 seq=23
[2026-09-26T11:24:42.763Z] I (37511) RouteLoom: HIL LINK tx peer=1 type=18 cid=4291275516 seq=23
[2026-09-26T11:24:42.784Z] I (37532) RouteLoom: HIL LINK rx peer=1 type=17 cid=1927768905 current=0 status=5 seq=23
[2026-09-26T11:24:42.848Z] I (37596) RouteLoom: HIL LINK rx peer=1 type=3 cid=1927768905 current=0 status=5 seq=24
[2026-09-26T11:24:42.854Z] I (37601) RouteLoom: HIL LINK tx peer=1 type=17 cid=4291275516 seq=24
[2026-09-26T11:24:42.865Z] I (37612) RouteLoom: HIL LINK tx peer=3 type=3 cid=538514165 seq=24
[2026-09-26T11:24:42.884Z] I (37631) RouteLoom: HIL LINK rx peer=3 type=17 cid=247100040 current=0 status=5 seq=24
[2026-09-26T11:24:42.924Z] I (37671) RouteLoom: HIL LINK rx peer=1 type=16 cid=1927768905 current=0 status=5 seq=25
[2026-09-26T11:24:42.928Z] I (37675) RouteLoomRef: message origin=1 session=269 sequence=25 bytes=9
[2026-09-26T11:24:42.933Z] I (37679) RouteLoom: HIL LINK tx peer=1 type=17 cid=4291275516 seq=25
[2026-09-26T11:24:42.944Z] I (37692) RouteLoom: HIL LINK tx peer=1 type=18 cid=4291275516 seq=25
[2026-09-26T11:24:42.964Z] I (37711) RouteLoom: HIL LINK rx peer=3 type=32 cid=247100040 current=0 status=5 seq=13
[2026-09-26T11:24:42.971Z] I (37718) RouteLoom: HIL LINK rx peer=1 type=17 cid=1927768905 current=0 status=5 seq=25
[2026-09-26T11:24:43.042Z] I (37790) RouteLoom: HIL LINK rx peer=1 type=16 cid=1927768905 current=0 status=5 seq=26
[2026-09-26T11:24:43.048Z] I (37795) RouteLoom: HIL LINK tx peer=1 type=17 cid=4291275516 seq=26
[2026-09-26T11:24:43.059Z] I (37807) RouteLoom: HIL LINK tx peer=3 type=16 cid=538514165 seq=26
[2026-09-26T11:24:43.079Z] I (37826) RouteLoom: HIL LINK rx peer=3 type=17 cid=247100040 current=0 status=5 seq=26
[2026-09-26T11:24:43.092Z] I (37839) RouteLoom: HIL LINK rx peer=3 type=18 cid=247100040 current=0 status=5 seq=26
[2026-09-26T11:24:43.098Z] I (37845) RouteLoom: HIL LINK tx peer=3 type=17 cid=538514165 seq=26
[2026-09-26T11:24:43.108Z] I (37856) RouteLoom: HIL LINK tx peer=1 type=18 cid=4291275516 seq=26
[2026-09-26T11:24:43.129Z] I (37877) RouteLoom: HIL LINK rx peer=1 type=17 cid=1927768905 current=0 status=5 seq=26
[2026-09-26T11:24:43.241Z] I (37988) RouteLoom: HIL LINK rx peer=1 type=32 cid=1927768905 current=0 status=5 seq=12
[2026-09-26T11:24:43.487Z] I (38234) RouteLoom: HIL LINK tx peer=1 type=32 cid=4291275516 seq=26
[2026-09-26T11:24:43.498Z] I (38245) RouteLoom: HIL LINK tx peer=3 type=32 cid=538514165 seq=27
[2026-09-26T11:24:44.018Z] I (38766) RouteLoom: HIL LINK rx peer=3 type=32 cid=247100040 current=0 status=5 seq=14
[2026-09-26T11:24:44.362Z] I (39110) RouteLoom: HIL LINK tx peer=3 type=32 cid=538514165 seq=28
[2026-09-26T11:24:45.248Z] I (39995) RouteLoom: HIL LINK tx peer=1 type=32 cid=4291275516 seq=29
[2026-09-26T11:24:45.260Z] I (40006) RouteLoom: HIL LINK tx peer=3 type=32 cid=538514165 seq=30
[2026-09-26T11:24:45.282Z] I (40028) RouteLoom: HIL LINK rx peer=1 type=32 cid=1927768905 current=0 status=5 seq=13
[2026-09-26T11:24:46.842Z] I (41589) RouteLoom: HIL LINK rx peer=3 type=32 cid=247100040 current=0 status=5 seq=15
[2026-09-26T11:24:46.858Z] I (41606) RouteLoom: HIL PROBE tx peer=3 type=40 status=0
[2026-09-26T11:24:46.864Z] I (41612) RouteLoom: HIL LINK tx peer=1 type=32 cid=4291275516 seq=31
[2026-09-26T11:24:46.881Z] I (41628) RouteLoom: HIL LINK rx peer=3 type=41 cid=247100040 current=0 status=5 seq=6
[2026-09-26T11:24:47.019Z] I (41766) RouteLoom: HIL LINK rx peer=1 type=32 cid=1927768905 current=0 status=5 seq=14
[2026-09-26T11:24:48.049Z] I (42796) RouteLoom: HIL LINK rx peer=1 type=32 cid=1927768905 current=0 status=5 seq=15
[2026-09-26T11:24:48.242Z] I (42989) RouteLoom: HIL LINK rx peer=1 type=32 cid=1927768905 current=0 status=5 seq=16
[2026-09-26T11:24:49.366Z] I (44114) RouteLoom: HIL LINK tx peer=3 type=32 cid=538514165 seq=32
[2026-09-26T11:24:50.253Z] I (45000) RouteLoom: HIL LINK rx peer=1 type=40 cid=1927768905 current=0 status=5 seq=9
[2026-09-26T11:24:50.259Z] I (45004) RouteLoom: HIL PROBE tx peer=1 type=41 status=0
[2026-09-26T11:24:51.842Z] I (46590) RouteLoom: HIL LINK rx peer=3 type=32 cid=247100040 current=0 status=5 seq=16
[2026-09-26T11:24:51.868Z] I (46616) RouteLoom: HIL LINK tx peer=1 type=32 cid=4291275516 seq=33
[2026-09-26T11:24:53.244Z] I (47991) RouteLoom: HIL LINK rx peer=1 type=32 cid=1927768905 current=0 status=5 seq=17
[2026-09-26T11:24:54.368Z] I (49116) RouteLoom: HIL LINK tx peer=3 type=32 cid=538514165 seq=34
[2026-09-26T11:24:56.845Z] I (51592) RouteLoom: HIL LINK rx peer=3 type=32 cid=247100040 current=0 status=5 seq=17
[2026-09-26T11:24:56.868Z] I (51616) RouteLoom: HIL LINK tx peer=1 type=32 cid=4291275516 seq=35
[2026-09-26T11:24:56.882Z] I (51630) RouteLoom: HIL PROBE tx peer=3 type=40 status=0
[2026-09-26T11:24:56.885Z] I (51632) RouteLoom: HIL LINK rx peer=3 type=40 cid=247100040 current=0 status=5 seq=7
[2026-09-26T11:24:56.889Z] I (51635) RouteLoom: HIL PROBE tx peer=3 type=41 status=6
[2026-09-26T11:24:56.902Z] I (51649) RouteLoom: HIL LINK rx peer=3 type=41 cid=247100040 current=0 status=5 seq=8
[2026-09-26T11:24:58.244Z] I (52991) RouteLoom: HIL LINK rx peer=1 type=32 cid=1927768905 current=0 status=5 seq=18
[2026-09-26T11:24:59.368Z] I (54116) RouteLoom: HIL LINK tx peer=3 type=32 cid=538514165 seq=36
[2026-09-26T11:25:00.255Z] I (55003) RouteLoom: HIL PROBE tx peer=1 type=40 status=0
[2026-09-26T11:25:00.274Z] I (55021) RouteLoom: HIL LINK rx peer=1 type=41 cid=1927768905 current=0 status=5 seq=10
[2026-09-26T11:25:01.846Z] I (56593) RouteLoom: HIL LINK rx peer=3 type=32 cid=247100040 current=0 status=5 seq=18
[2026-09-26T11:25:01.868Z] I (56616) RouteLoom: HIL LINK tx peer=1 type=32 cid=4291275516 seq=37
[2026-09-26T11:25:03.247Z] I (57994) RouteLoom: HIL LINK rx peer=1 type=32 cid=1927768905 current=0 status=5 seq=19
[2026-09-26T11:25:04.368Z] I (59116) RouteLoom: HIL LINK tx peer=3 type=32 cid=538514165 seq=38
[2026-09-26T11:25:05.659Z] I (60406) RouteLoom: stack hwm main 11096 B
[2026-09-26T11:25:05.659Z] I (60406) RouteLoom: HIL HEAP free=21708 largest=18432 min=20636 B
[2026-09-26T11:25:05.668Z] I (60407) RouteLoom: HIL DISCOVERY candidates=0 neighbors=2 capacity=0 auth=2 stale=0 probes=9 send_failures=1 kind_rejects=0
[2026-09-26T11:25:05.676Z] I (60416) RouteLoom: HIL ROUTE peer=1 phase=5 via=1 metric=1 generation=269 seq=1
[2026-09-26T11:25:05.683Z] I (60423) RouteLoom: HIL ROUTE peer=3 phase=5 via=3 metric=1 generation=78 seq=1
[2026-09-26T11:25:06.846Z] I (61593) RouteLoom: HIL LINK rx peer=3 type=32 cid=247100040 current=0 status=5 seq=19
[2026-09-26T11:25:06.870Z] I (61617) RouteLoom: HIL LINK tx peer=1 type=32 cid=4291275516 seq=39
[2026-09-26T11:25:06.900Z] I (61647) RouteLoom: HIL LINK rx peer=3 type=40 cid=247100040 current=0 status=5 seq=9
[2026-09-26T11:25:06.904Z] I (61651) RouteLoom: HIL PROBE tx peer=3 type=41 status=0
[2026-09-26T11:25:08.249Z] I (62996) RouteLoom: HIL LINK rx peer=1 type=32 cid=1927768905 current=0 status=5 seq=20
[2026-09-26T11:25:09.372Z] I (64118) RouteLoom: HIL LINK tx peer=3 type=32 cid=538514165 seq=40
[2026-09-26T11:25:10.277Z] I (65023) RouteLoom: HIL PROBE tx peer=1 type=40 status=0
[2026-09-26T11:25:10.278Z] I (65025) RouteLoom: HIL LINK rx peer=1 type=40 cid=1927768905 current=0 status=5 seq=11
[2026-09-26T11:25:10.283Z] I (65028) RouteLoom: HIL PROBE tx peer=1 type=41 status=6
[2026-09-26T11:25:10.294Z] I (65041) RouteLoom: HIL LINK rx peer=1 type=41 cid=1927768905 current=0 status=5 seq=12
[2026-09-26T11:25:11.088Z] I (65835) RouteLoom: HIL LINK rx peer=1 type=16 cid=1927768905 current=0 status=5 seq=27
[2026-09-26T11:25:11.092Z] I (65839) RouteLoomRef: message origin=1 session=269 sequence=27 bytes=9
[2026-09-26T11:25:11.098Z] I (65843) RouteLoom: HIL LINK tx peer=1 type=17 cid=4291275516 seq=27
[2026-09-26T11:25:11.107Z] I (65854) RouteLoom: HIL LINK tx peer=1 type=18 cid=4291275516 seq=27
[2026-09-26T11:25:11.128Z] I (65875) RouteLoom: HIL LINK rx peer=1 type=17 cid=1927768905 current=0 status=5 seq=27
[2026-09-26T11:25:11.848Z] I (66595) RouteLoom: HIL LINK rx peer=3 type=32 cid=247100040 current=0 status=5 seq=20
[2026-09-26T11:25:11.873Z] I (66619) RouteLoom: HIL LINK tx peer=1 type=32 cid=4291275516 seq=41
[2026-09-26T11:25:13.248Z] I (67995) RouteLoom: HIL LINK rx peer=1 type=32 cid=1927768905 current=0 status=5 seq=21
[2026-09-26T11:25:14.373Z] I (69120) RouteLoom: HIL LINK tx peer=3 type=32 cid=538514165 seq=42
[2026-09-26T11:25:16.847Z] I (71594) RouteLoom: HIL LINK rx peer=3 type=32 cid=247100040 current=0 status=5 seq=21
[2026-09-26T11:25:16.873Z] I (71620) RouteLoom: HIL LINK tx peer=1 type=32 cid=4291275516 seq=43
[2026-09-26T11:25:16.901Z] I (71649) RouteLoom: HIL PROBE tx peer=3 type=40 status=0
[2026-09-26T11:25:16.920Z] I (71667) RouteLoom: HIL LINK rx peer=3 type=41 cid=247100040 current=0 status=5 seq=10
[2026-09-26T11:25:18.250Z] I (72997) RouteLoom: HIL LINK rx peer=1 type=32 cid=1927768905 current=0 status=5 seq=22
[2026-09-26T11:25:19.374Z] I (74122) RouteLoom: HIL LINK tx peer=3 type=32 cid=538514165 seq=44
[2026-09-26T11:25:20.294Z] I (75041) RouteLoom: HIL LINK rx peer=1 type=40 cid=1927768905 current=0 status=5 seq=13
[2026-09-26T11:25:20.298Z] I (75045) RouteLoom: HIL PROBE tx peer=1 type=41 status=0
[2026-09-26T11:25:21.848Z] I (76595) RouteLoom: HIL LINK rx peer=3 type=32 cid=247100040 current=0 status=5 seq=22
[2026-09-26T11:25:21.876Z] I (76624) RouteLoom: HIL LINK tx peer=1 type=32 cid=4291275516 seq=45
[2026-09-26T11:25:23.252Z] I (77999) RouteLoom: HIL LINK rx peer=1 type=32 cid=1927768905 current=0 status=5 seq=23
[2026-09-26T11:25:24.377Z] I (79124) RouteLoom: HIL LINK tx peer=3 type=32 cid=538514165 seq=46
[2026-09-26T11:25:26.849Z] I (81596) RouteLoom: HIL LINK rx peer=3 type=32 cid=247100040 current=0 status=5 seq=23
[2026-09-26T11:25:26.879Z] I (81626) RouteLoom: HIL LINK tx peer=1 type=32 cid=4291275516 seq=47
[2026-09-26T11:25:26.920Z] I (81666) RouteLoom: HIL LINK rx peer=3 type=40 cid=247100040 current=0 status=5 seq=11
[2026-09-26T11:25:26.923Z] I (81670) RouteLoom: HIL PROBE tx peer=3 type=41 status=0
[2026-09-26T11:25:28.251Z] I (82998) RouteLoom: HIL LINK rx peer=1 type=32 cid=1927768905 current=0 status=5 seq=24
[2026-09-26T11:25:29.379Z] I (84126) RouteLoom: HIL LINK tx peer=3 type=32 cid=538514165 seq=48
[2026-09-26T11:25:30.301Z] I (85043) RouteLoom: HIL PROBE tx peer=1 type=40 status=0
[2026-09-26T11:25:30.315Z] I (85061) RouteLoom: HIL LINK rx peer=1 type=41 cid=1927768905 current=0 status=5 seq=14
[2026-09-26T11:25:31.852Z] I (86598) RouteLoom: HIL LINK rx peer=3 type=32 cid=247100040 current=0 status=5 seq=24
[2026-09-26T11:25:31.881Z] I (86628) RouteLoom: HIL LINK tx peer=1 type=32 cid=4291275516 seq=49
[2026-09-26T11:25:33.254Z] I (88000) RouteLoom: HIL LINK rx peer=1 type=32 cid=1927768905 current=0 status=5 seq=25
[2026-09-26T11:25:34.381Z] I (89128) RouteLoom: HIL LINK tx peer=3 type=32 cid=538514165 seq=50
[2026-09-26T11:25:36.855Z] I (91601) RouteLoom: HIL LINK rx peer=3 type=32 cid=247100040 current=0 status=5 seq=25
[2026-09-26T11:25:36.881Z] I (91628) RouteLoom: HIL LINK tx peer=1 type=32 cid=4291275516 seq=51
[2026-09-26T11:25:36.922Z] I (91669) RouteLoom: HIL PROBE tx peer=3 type=40 status=0
[2026-09-26T11:25:36.939Z] I (91686) RouteLoom: HIL LINK rx peer=3 type=41 cid=247100040 current=0 status=5 seq=12
[2026-09-26T11:25:38.254Z] I (93000) RouteLoom: HIL LINK rx peer=1 type=32 cid=1927768905 current=0 status=5 seq=26
[2026-09-26T11:25:39.381Z] I (94128) RouteLoom: HIL LINK tx peer=3 type=32 cid=538514165 seq=52
[2026-09-26T11:25:40.313Z] I (95059) RouteLoom: HIL LINK rx peer=1 type=40 cid=1927768905 current=0 status=5 seq=15
[2026-09-26T11:25:40.316Z] I (95063) RouteLoom: HIL PROBE tx peer=1 type=41 status=0
[2026-09-26T11:25:41.089Z] I (95836) RouteLoom: HIL LINK rx peer=1 type=16 cid=1927768905 current=0 status=5 seq=28
[2026-09-26T11:25:41.096Z] I (95841) RouteLoom: HIL LINK tx peer=1 type=17 cid=4291275516 seq=28
[2026-09-26T11:25:41.105Z] I (95852) RouteLoom: HIL LINK tx peer=3 type=16 cid=538514165 seq=28
[2026-09-26T11:25:41.125Z] I (95872) RouteLoom: HIL LINK rx peer=3 type=17 cid=247100040 current=0 status=5 seq=28
[2026-09-26T11:25:41.138Z] I (95884) RouteLoom: HIL LINK rx peer=3 type=18 cid=247100040 current=0 status=5 seq=28
[2026-09-26T11:25:41.144Z] I (95890) RouteLoom: HIL LINK tx peer=3 type=17 cid=538514165 seq=28
[2026-09-26T11:25:41.155Z] I (95901) RouteLoom: HIL LINK tx peer=1 type=18 cid=4291275516 seq=28
[2026-09-26T11:25:41.177Z] I (95923) RouteLoom: HIL LINK rx peer=1 type=17 cid=1927768905 current=0 status=5 seq=28
[2026-09-26T11:25:41.856Z] I (96602) RouteLoom: HIL LINK rx peer=3 type=32 cid=247100040 current=0 status=5 seq=26
[2026-09-26T11:25:41.882Z] I (96629) RouteLoom: HIL LINK tx peer=1 type=32 cid=4291275516 seq=53
[2026-09-26T11:25:43.255Z] I (98002) RouteLoom: HIL LINK rx peer=1 type=32 cid=1927768905 current=0 status=5 seq=27
[2026-09-26T11:25:44.383Z] I (99130) RouteLoom: HIL LINK tx peer=3 type=32 cid=538514165 seq=54
[2026-09-26T11:25:46.857Z] I (101604) RouteLoom: HIL LINK rx peer=3 type=32 cid=247100040 current=0 status=5 seq=27
[2026-09-26T11:25:46.883Z] I (101630) RouteLoom: HIL LINK tx peer=1 type=32 cid=4291275516 seq=55
[2026-09-26T11:25:46.939Z] I (101685) RouteLoom: HIL LINK rx peer=3 type=40 cid=247100040 current=0 status=5 seq=13
[2026-09-26T11:25:46.943Z] I (101689) RouteLoom: HIL PROBE tx peer=3 type=41 status=0
[2026-09-26T11:25:48.258Z] I (103004) RouteLoom: HIL LINK rx peer=1 type=32 cid=1927768905 current=0 status=5 seq=28
[2026-09-26T11:25:49.385Z] I (104132) RouteLoom: HIL LINK tx peer=3 type=32 cid=538514165 seq=56
[2026-09-26T11:25:50.314Z] I (105061) RouteLoom: HIL PROBE tx peer=1 type=40 status=0
[2026-09-26T11:25:50.333Z] I (105079) RouteLoom: HIL LINK rx peer=1 type=41 cid=1927768905 current=0 status=5 seq=16
[2026-09-26T11:25:51.858Z] I (106604) RouteLoom: HIL LINK rx peer=3 type=32 cid=247100040 current=0 status=5 seq=28
[2026-09-26T11:25:51.887Z] I (106634) RouteLoom: HIL LINK tx peer=1 type=32 cid=4291275516 seq=57
[2026-09-26T11:25:53.261Z] I (108008) RouteLoom: HIL LINK rx peer=1 type=32 cid=1927768905 current=0 status=5 seq=29
[2026-09-26T11:25:54.388Z] I (109135) RouteLoom: HIL LINK tx peer=3 type=32 cid=538514165 seq=58
[2026-09-26T11:25:56.859Z] I (111605) RouteLoom: HIL LINK rx peer=3 type=32 cid=247100040 current=0 status=5 seq=29
[2026-09-26T11:25:56.888Z] I (111635) RouteLoom: HIL LINK tx peer=1 type=32 cid=4291275516 seq=59
[2026-09-26T11:25:56.941Z] I (111688) RouteLoom: HIL PROBE tx peer=3 type=40 status=0
[2026-09-26T11:25:56.962Z] I (111708) RouteLoom: HIL LINK rx peer=3 type=40 cid=247100040 current=0 status=5 seq=14
[2026-09-26T11:25:56.966Z] I (111712) RouteLoom: HIL PROBE tx peer=3 type=41 status=0
[2026-09-26T11:25:58.261Z] I (113007) RouteLoom: HIL LINK rx peer=1 type=32 cid=1927768905 current=0 status=5 seq=30
[2026-09-26T11:25:59.388Z] I (114135) RouteLoom: HIL LINK tx peer=3 type=32 cid=538514165 seq=60
[2026-09-26T11:26:00.332Z] I (115078) RouteLoom: HIL LINK rx peer=1 type=40 cid=1927768905 current=0 status=5 seq=17
[2026-09-26T11:26:00.336Z] I (115082) RouteLoom: HIL PROBE tx peer=1 type=41 status=0
[2026-09-26T11:26:01.859Z] I (116606) RouteLoom: HIL LINK rx peer=3 type=32 cid=247100040 current=0 status=5 seq=30
[2026-09-26T11:26:01.888Z] I (116635) RouteLoom: HIL LINK tx peer=1 type=32 cid=4291275516 seq=61
[2026-09-26T11:26:03.264Z] I (118010) RouteLoom: HIL LINK rx peer=1 type=32 cid=1927768905 current=0 status=5 seq=31
[2026-09-26T11:26:04.388Z] I (119135) RouteLoom: HIL LINK tx peer=3 type=32 cid=538514165 seq=62
[2026-09-26T11:26:05.661Z] I (120407) RouteLoom: stack hwm main 11096 B
[2026-09-26T11:26:05.661Z] I (120407) RouteLoom: HIL HEAP free=21708 largest=18432 min=20636 B
[2026-09-26T11:26:05.671Z] I (120408) RouteLoom: HIL DISCOVERY candidates=0 neighbors=2 capacity=0 auth=2 stale=0 probes=15 send_failures=2 kind_rejects=0
[2026-09-26T11:26:05.678Z] I (120418) RouteLoom: HIL ROUTE peer=1 phase=5 via=1 metric=1 generation=269 seq=1
[2026-09-26T11:26:05.685Z] I (120425) RouteLoom: HIL ROUTE peer=3 phase=5 via=3 metric=1 generation=78 seq=1
[2026-09-26T11:26:06.860Z] I (121606) RouteLoom: HIL LINK rx peer=3 type=32 cid=247100040 current=0 status=5 seq=31
[2026-09-26T11:26:06.889Z] I (121636) RouteLoom: HIL LINK tx peer=1 type=32 cid=4291275516 seq=63
[2026-09-26T11:26:06.963Z] I (121710) RouteLoom: HIL PROBE tx peer=3 type=40 status=0
[2026-09-26T11:26:06.982Z] I (121728) RouteLoom: HIL LINK rx peer=3 type=41 cid=247100040 current=0 status=5 seq=16
[2026-09-26T11:26:08.265Z] I (123011) RouteLoom: HIL LINK rx peer=1 type=32 cid=1927768905 current=0 status=5 seq=32
[2026-09-26T11:26:09.389Z] I (124136) RouteLoom: HIL LINK tx peer=3 type=32 cid=538514165 seq=64
[2026-09-26T11:26:10.333Z] I (125080) RouteLoom: HIL PROBE tx peer=1 type=40 status=0
[2026-09-26T11:26:10.352Z] I (125098) RouteLoom: HIL LINK rx peer=1 type=41 cid=1927768905 current=0 status=5 seq=18
[2026-09-26T11:26:11.089Z] I (125835) RouteLoom: HIL LINK rx peer=1 type=16 cid=1927768905 current=0 status=5 seq=29
[2026-09-26T11:26:11.093Z] I (125839) RouteLoomRef: message origin=1 session=269 sequence=29 bytes=9
[2026-09-26T11:26:11.099Z] I (125843) RouteLoom: HIL LINK tx peer=1 type=17 cid=4291275516 seq=29
[2026-09-26T11:26:11.108Z] I (125854) RouteLoom: HIL LINK tx peer=1 type=18 cid=4291275516 seq=29
[2026-09-26T11:26:11.130Z] I (125876) RouteLoom: HIL LINK rx peer=1 type=17 cid=1927768905 current=0 status=5 seq=29
[2026-09-26T11:26:11.860Z] I (126606) RouteLoom: HIL LINK rx peer=3 type=32 cid=247100040 current=0 status=5 seq=32
[2026-09-26T11:26:11.891Z] I (126636) RouteLoom: HIL LINK tx peer=1 type=32 cid=4291275516 seq=65
[2026-09-26T11:26:13.267Z] I (128013) RouteLoom: HIL LINK rx peer=1 type=32 cid=1927768905 current=0 status=5 seq=33
[2026-09-26T11:26:14.391Z] I (129138) RouteLoom: HIL LINK tx peer=3 type=32 cid=538514165 seq=66
[2026-09-26T11:26:16.862Z] I (131608) RouteLoom: HIL LINK rx peer=3 type=32 cid=247100040 current=0 status=5 seq=33
[2026-09-26T11:26:16.892Z] I (131638) RouteLoom: HIL LINK tx peer=1 type=32 cid=4291275516 seq=67
[2026-09-26T11:26:16.981Z] I (131726) RouteLoom: HIL LINK rx peer=3 type=40 cid=247100040 current=0 status=5 seq=17
[2026-09-26T11:26:16.985Z] I (131730) RouteLoom: HIL PROBE tx peer=3 type=41 status=0
[2026-09-26T11:26:18.270Z] I (133015) RouteLoom: HIL LINK rx peer=1 type=32 cid=1927768905 current=0 status=5 seq=34
[2026-09-26T11:26:19.393Z] I (134140) RouteLoom: HIL LINK tx peer=3 type=32 cid=538514165 seq=68
[2026-09-26T11:26:20.352Z] I (135098) RouteLoom: HIL LINK rx peer=1 type=40 cid=1927768905 current=0 status=5 seq=19
[2026-09-26T11:26:20.356Z] I (135102) RouteLoom: HIL PROBE tx peer=1 type=41 status=0
[2026-09-26T11:26:21.863Z] I (136609) RouteLoom: HIL LINK rx peer=3 type=32 cid=247100040 current=0 status=5 seq=34
[2026-09-26T11:26:21.895Z] I (136642) RouteLoom: HIL LINK tx peer=1 type=32 cid=4291275516 seq=69
[2026-09-26T11:26:23.271Z] I (138017) RouteLoom: HIL LINK rx peer=1 type=32 cid=1927768905 current=0 status=5 seq=35
[2026-09-26T11:26:24.395Z] I (139142) RouteLoom: HIL LINK tx peer=3 type=32 cid=538514165 seq=70
[2026-09-26T11:26:26.863Z] I (141609) RouteLoom: HIL LINK rx peer=3 type=32 cid=247100040 current=0 status=5 seq=35
[2026-09-26T11:26:26.896Z] I (141642) RouteLoom: HIL LINK tx peer=1 type=32 cid=4291275516 seq=71
[2026-09-26T11:26:26.982Z] I (141728) RouteLoom: HIL PROBE tx peer=3 type=40 status=0
[2026-09-26T11:26:27.000Z] I (141746) RouteLoom: HIL LINK rx peer=3 type=41 cid=247100040 current=0 status=5 seq=18
[2026-09-26T11:26:28.270Z] I (143016) RouteLoom: HIL LINK rx peer=1 type=32 cid=1927768905 current=0 status=5 seq=36
[2026-09-26T11:26:29.398Z] I (144144) RouteLoom: HIL LINK tx peer=3 type=32 cid=538514165 seq=72
[2026-09-26T11:26:30.354Z] I (145100) RouteLoom: HIL PROBE tx peer=1 type=40 status=0
[2026-09-26T11:26:30.371Z] I (145117) RouteLoom: HIL LINK rx peer=1 type=41 cid=1927768905 current=0 status=5 seq=20
[2026-09-26T11:26:31.863Z] I (146609) RouteLoom: HIL LINK rx peer=3 type=32 cid=247100040 current=0 status=5 seq=36
[2026-09-26T11:26:31.899Z] I (146645) RouteLoom: HIL LINK tx peer=1 type=32 cid=4291275516 seq=73
[2026-09-26T11:26:33.272Z] I (148018) RouteLoom: HIL LINK rx peer=1 type=32 cid=1927768905 current=0 status=5 seq=37
[2026-09-26T11:26:34.400Z] I (149146) RouteLoom: HIL LINK tx peer=3 type=32 cid=538514165 seq=74
[2026-09-26T11:26:36.865Z] I (151610) RouteLoom: HIL LINK rx peer=3 type=32 cid=247100040 current=0 status=5 seq=37
[2026-09-26T11:26:36.900Z] I (151646) RouteLoom: HIL LINK tx peer=1 type=32 cid=4291275516 seq=75
[2026-09-26T11:26:36.998Z] I (151743) RouteLoom: HIL LINK rx peer=3 type=40 cid=247100040 current=0 status=5 seq=19
[2026-09-26T11:26:37.001Z] I (151747) RouteLoom: HIL PROBE tx peer=3 type=41 status=0
[2026-09-26T11:26:37.805Z] !! capture closed
