$ /home/sahur/.local/bin/esptool --port /dev/serial/by-id/usb-Espressif_USB_JTAG_serial_debug_unit_10:BD:A3:B1:48:A8-if00 chip-id
esptool v5.4.0
Serial port /dev/serial/by-id/usb-Espressif_USB_JTAG_serial_debug_unit_10:BD:A3:B1:48:A8-if00:
Connecting...
Detecting chip type... ESP32-C6
Connected to ESP32-C6 on /dev/serial/by-id/usb-Espressif_USB_JTAG_serial_debug_unit_10:BD:A3:B1:48:A8-if00:
Chip type:          ESP32-C6FH4 (QFN32) (revision v0.2)
Features:           Wi-Fi 6, BT 5 (LE), IEEE802.15.4, Single Core + LP Core, 160MHz, Embedded Flash 4MB
Crystal frequency:  40MHz
USB mode:           USB-Serial/JTAG
MAC:                10:bd:a3:ff:fe:b1:48:a8
BASE MAC:           10:bd:a3:b1:48:a8
MAC_EXT:            ff:fe

Uploading stub flasher...
Running stub flasher...
Stub flasher running.

MAC:                10:bd:a3:ff:fe:b1:48:a8
BASE MAC:           10:bd:a3:b1:48:a8
MAC_EXT:            ff:fe

Hard resetting via RTS pin...
WARNING: ESP32-C6 has no chip ID. Reading MAC address instead.

$ /home/sahur/.local/bin/esptool --chip esp32c6 --port /dev/serial/by-id/usb-Espressif_USB_JTAG_serial_debug_unit_10:BD:A3:B1:48:A8-if00 get-security-info
esptool v5.4.0
Serial port /dev/serial/by-id/usb-Espressif_USB_JTAG_serial_debug_unit_10:BD:A3:B1:48:A8-if00:
Connecting....
Connected to ESP32-C6 on /dev/serial/by-id/usb-Espressif_USB_JTAG_serial_debug_unit_10:BD:A3:B1:48:A8-if00:
Chip type:          ESP32-C6FH4 (QFN32) (revision v0.2)
Features:           Wi-Fi 6, BT 5 (LE), IEEE802.15.4, Single Core + LP Core, 160MHz, Embedded Flash 4MB
Crystal frequency:  40MHz
USB mode:           USB-Serial/JTAG
MAC:                10:bd:a3:ff:fe:b1:48:a8
BASE MAC:           10:bd:a3:b1:48:a8
MAC_EXT:            ff:fe

Uploading stub flasher...
Running stub flasher...
Stub flasher running.

Security Information:
=====================
Flags: 0x00000000 (0b0)
Key Purposes: (0, 0, 0, 0, 0, 0, 12)
  BLOCK_KEY0 - USER/EMPTY
  BLOCK_KEY1 - USER/EMPTY
  BLOCK_KEY2 - USER/EMPTY
  BLOCK_KEY3 - USER/EMPTY
  BLOCK_KEY4 - USER/EMPTY
  BLOCK_KEY5 - USER/EMPTY
Chip ID: 13
API Version: 0
Secure Boot: Disabled
Flash Encryption: Disabled
SPI Boot Crypt Count (SPI_BOOT_CRYPT_CNT): 0x0

Hard resetting via RTS pin...
