$ /home/sahur/.local/bin/esptool --chip esp32c6 --port /dev/serial/by-id/usb-Espressif_USB_JTAG_serial_debug_unit_10:BD:A3:B1:47:54-if00 --baud 460800 --before default-reset --after hard-reset write-flash --flash-mode dio --flash-size 2MB --flash-freq 80m 0x10000 artifacts/hil/2026-09-26/images/ref-c-c6-ch11-node4/build/routeloom_reference_node.bin
esptool v5.4.0
Serial port /dev/serial/by-id/usb-Espressif_USB_JTAG_serial_debug_unit_10:BD:A3:B1:47:54-if00:
Connecting...
Connected to ESP32-C6 on /dev/serial/by-id/usb-Espressif_USB_JTAG_serial_debug_unit_10:BD:A3:B1:47:54-if00:
Chip type:          ESP32-C6FH4 (QFN32) (revision v0.2)
Features:           Wi-Fi 6, BT 5 (LE), IEEE802.15.4, Single Core + LP Core, 160MHz, Embedded Flash 4MB
Crystal frequency:  40MHz
USB mode:           USB-Serial/JTAG
MAC:                10:bd:a3:ff:fe:b1:47:54
BASE MAC:           10:bd:a3:b1:47:54
MAC_EXT:            ff:fe

Uploading stub flasher...
Running stub flasher...
Stub flasher running.
Changing baud rate to 460800...
Changed.

Configuring flash size...
Flash will be erased from 0x00010000 to 0x00185fff...
Compressed 1529568 bytes to 901415...
Writing at 0x0001c3c0 ╸                                1.8% 16.00kB/880.29kB [0s] 
Writing at 0x00028416 ━                                3.6% 32.00kB/880.29kB [0s] 
Writing at 0x0002f6eb ━╸                               5.5% 48.00kB/880.29kB [0s] 
Writing at 0x000398a8 ━━                               7.3% 64.00kB/880.29kB [0s] 
Writing at 0x0003fac9 ━━╸                              9.1% 80.00kB/880.29kB [1s] 
Writing at 0x00046c0c ━━━                             10.9% 96.00kB/880.29kB [1s] 
Writing at 0x0004de62 ━━━╸                            12.7% 112.00kB/880.29kB [1s] 
Writing at 0x00054e57 ━━━━                            14.5% 128.00kB/880.29kB [1s] 
Writing at 0x0005b7ac ━━━━╸                           16.4% 144.00kB/880.29kB [1s] 
Writing at 0x00062ae5 ━━━━━                           18.2% 160.00kB/880.29kB [2s] 
Writing at 0x000694ad ━━━━━╸                          20.0% 176.00kB/880.29kB [2s] 
Writing at 0x0007020c ━━━━━━╸                         21.8% 192.00kB/880.29kB [2s] 
Writing at 0x00076924 ━━━━━━━                         23.6% 208.00kB/880.29kB [2s] 
Writing at 0x0007d4fa ━━━━━━━╸                        25.4% 224.00kB/880.29kB [2s] 
Writing at 0x000839ae ━━━━━━━━                        27.3% 240.00kB/880.29kB [2s] 
Writing at 0x0008a32a ━━━━━━━━╸                       29.1% 256.00kB/880.29kB [2s] 
Writing at 0x00090948 ━━━━━━━━━                       30.9% 272.00kB/880.29kB [2s] 
Writing at 0x000975ad ━━━━━━━━━╸                      32.7% 288.00kB/880.29kB [2s] 
Writing at 0x0009dcad ━━━━━━━━━━                      34.5% 304.00kB/880.29kB [3s] 
Writing at 0x000a4a22 ━━━━━━━━━━╸                     36.4% 320.00kB/880.29kB [3s] 
Writing at 0x000ab4de ━━━━━━━━━━━                     38.2% 336.00kB/880.29kB [3s] 
Writing at 0x000b1af5 ━━━━━━━━━━━╸                    40.0% 352.00kB/880.29kB [3s] 
Writing at 0x000b8f66 ━━━━━━━━━━━━╸                   41.8% 368.00kB/880.29kB [3s] 
Writing at 0x000bff18 ━━━━━━━━━━━━━                   43.6% 384.00kB/880.29kB [3s] 
Writing at 0x000c66f4 ━━━━━━━━━━━━━╸                  45.4% 400.00kB/880.29kB [3s] 
Writing at 0x000ccec4 ━━━━━━━━━━━━━━                  47.3% 416.00kB/880.29kB [3s] 
Writing at 0x000d4729 ━━━━━━━━━━━━━━╸                 49.1% 432.00kB/880.29kB [3s] 
Writing at 0x000dbc45 ━━━━━━━━━━━━━━━                 50.9% 448.00kB/880.29kB [3s] 
Writing at 0x000e2b96 ━━━━━━━━━━━━━━━╸                52.7% 464.00kB/880.29kB [3s] 
Writing at 0x000e8840 ━━━━━━━━━━━━━━━━                54.5% 480.00kB/880.29kB [3s] 
Writing at 0x000ee715 ━━━━━━━━━━━━━━━━╸               56.3% 496.00kB/880.29kB [3s] 
Writing at 0x000f4564 ━━━━━━━━━━━━━━━━━               58.2% 512.00kB/880.29kB [3s] 
Writing at 0x000f9e6a ━━━━━━━━━━━━━━━━━╸              60.0% 528.00kB/880.29kB [3s] 
Writing at 0x000ffe9a ━━━━━━━━━━━━━━━━━━╸             61.8% 544.00kB/880.29kB [4s] 
Writing at 0x00106ad1 ━━━━━━━━━━━━━━━━━━━             63.6% 560.00kB/880.29kB [4s] 
Writing at 0x0010c912 ━━━━━━━━━━━━━━━━━━━╸            65.4% 576.00kB/880.29kB [4s] 
Writing at 0x001125e6 ━━━━━━━━━━━━━━━━━━━━            67.3% 592.00kB/880.29kB [4s] 
Writing at 0x001184fb ━━━━━━━━━━━━━━━━━━━━╸           69.1% 608.00kB/880.29kB [4s] 
Writing at 0x0011e5c3 ━━━━━━━━━━━━━━━━━━━━━           70.9% 624.00kB/880.29kB [4s] 
Writing at 0x00124bd3 ━━━━━━━━━━━━━━━━━━━━━╸          72.7% 640.00kB/880.29kB [4s] 
Writing at 0x0012ab4b ━━━━━━━━━━━━━━━━━━━━━━          74.5% 656.00kB/880.29kB [4s] 
Writing at 0x001308d5 ━━━━━━━━━━━━━━━━━━━━━━╸         76.3% 672.00kB/880.29kB [4s] 
Writing at 0x001368cb ━━━━━━━━━━━━━━━━━━━━━━━         78.2% 688.00kB/880.29kB [4s] 
Writing at 0x0013ce22 ━━━━━━━━━━━━━━━━━━━━━━━╸        80.0% 704.00kB/880.29kB [4s] 
Writing at 0x00143d2a ━━━━━━━━━━━━━━━━━━━━━━━━╸       81.8% 720.00kB/880.29kB [4s] 
Writing at 0x0014a9d4 ━━━━━━━━━━━━━━━━━━━━━━━━━       83.6% 736.00kB/880.29kB [4s] 
Writing at 0x00151ae8 ━━━━━━━━━━━━━━━━━━━━━━━━━╸      85.4% 752.00kB/880.29kB [4s] 
Writing at 0x00157f58 ━━━━━━━━━━━━━━━━━━━━━━━━━━      87.2% 768.00kB/880.29kB [4s] 
Writing at 0x0015e427 ━━━━━━━━━━━━━━━━━━━━━━━━━━╸     89.1% 784.00kB/880.29kB [5s] 
Writing at 0x00164721 ━━━━━━━━━━━━━━━━━━━━━━━━━━━     90.9% 800.00kB/880.29kB [5s] 
Writing at 0x0016a3b7 ━━━━━━━━━━━━━━━━━━━━━━━━━━━╸    92.7% 816.00kB/880.29kB [5s] 
Writing at 0x0017177a ━━━━━━━━━━━━━━━━━━━━━━━━━━━━    94.5% 832.00kB/880.29kB [5s] 
Writing at 0x00177751 ━━━━━━━━━━━━━━━━━━━━━━━━━━━━╸   96.3% 848.00kB/880.29kB [5s] 
Writing at 0x0017d2cc ━━━━━━━━━━━━━━━━━━━━━━━━━━━━━   98.1% 864.00kB/880.29kB [5s] 
Writing at 0x00185448 ━━━━━━━━━━━━━━━━━━━━━━━━━━━━━╸ 100.0% 880.00kB/880.29kB [5s] 
Writing at 0x001856e0 ━━━━━━━━━━━━━━━━━━━━━━━━━━━━━━ 100.0% 880.29kB/880.29kB [5s] 
Wrote 1529568 bytes (901415 compressed) at 0x00010000 in 5.5 seconds (2221.8 kbit/s).
Verifying written data...
Hash of data verified.

Hard resetting via RTS pin...
