$ /home/sahur/.local/bin/esptool --chip esp32c3 --port /dev/serial/by-id/usb-Espressif_USB_JTAG_serial_debug_unit_94:A9:90:7A:B5:60-if00 --baud 460800 --before default-reset --after hard-reset write-flash --flash-mode dio --flash-size 2MB --flash-freq 80m 0x0 artifacts/hil/2026-09-26/images/ref-a-member-hsdiag/build/bootloader/bootloader.bin 0x8000 artifacts/hil/2026-09-26/images/ref-a-member-hsdiag/build/partition_table/partition-table.bin 0x10000 artifacts/hil/2026-09-26/images/ref-a-member-hsdiag/build/routeloom_reference_node.bin
esptool v5.4.0
Serial port /dev/serial/by-id/usb-Espressif_USB_JTAG_serial_debug_unit_94:A9:90:7A:B5:60-if00:
Connecting...
Connected to ESP32-C3 on /dev/serial/by-id/usb-Espressif_USB_JTAG_serial_debug_unit_94:A9:90:7A:B5:60-if00:
Chip type:          ESP32-C3 (QFN32) (revision v0.4)
Features:           Wi-Fi, BT 5 (LE), Single Core, 160MHz, Embedded Flash 4MB (XMC)
Crystal frequency:  40MHz
USB mode:           USB-Serial/JTAG
MAC:                94:a9:90:7a:b5:60

Uploading stub flasher...
Running stub flasher...
Stub flasher running.
Changing baud rate to 460800...
Changed.

Configuring flash size...

Writing 'artifacts/hil/2026-09-26/images/ref-a-member-hsdiag/build/bootloader/bootloader.bin' at 0x00000000...
SHA digest in image updated.
Flash will be erased from 0x00000000 to 0x00005fff...
Compressed 21344 bytes to 13509...
Writing at 0x00005360 ━━━━━━━━━━━━━━━━━━━━━━━━━━━━━━ 100.0% 13.19kB/13.19kB [0s] 
Wrote 21344 bytes (13509 compressed) at 0x00000000 in 0.3 seconds (632.3 kbit/s).
Verifying written data...
Hash of data verified.

Writing 'artifacts/hil/2026-09-26/images/ref-a-member-hsdiag/build/partition_table/partition-table.bin' at 0x00008000...
Flash will be erased from 0x00008000 to 0x00008fff...
Compressed 3072 bytes to 118...
Writing at 0x00008c00 ━━━━━━━━━━━━━━━━━━━━━━━━━━━━━━ 100.0% 118B/118B [0s] 
Wrote 3072 bytes (118 compressed) at 0x00008000 in 0.0 seconds (4473.7 kbit/s).
Verifying written data...
Hash of data verified.

Writing 'artifacts/hil/2026-09-26/images/ref-a-member-hsdiag/build/routeloom_reference_node.bin' at 0x00010000...
Flash will be erased from 0x00010000 to 0x00162fff...
Compressed 1386880 bytes to 819498...
Writing at 0x0001c506 ╸                                2.0% 16.00kB/800.29kB [0s] 
Writing at 0x00027ecc ━                                4.0% 32.00kB/800.29kB [0s] 
Writing at 0x0002efcb ━╸                               6.0% 48.00kB/800.29kB [1s] 
Writing at 0x00038c88 ━━                               8.0% 64.00kB/800.29kB [1s] 
Writing at 0x0003f0ca ━━╸                             10.0% 80.00kB/800.29kB [2s] 
Writing at 0x00045e69 ━━━╸                            12.0% 96.00kB/800.29kB [2s] 
Writing at 0x0004ccf7 ━━━━                            14.0% 112.00kB/800.29kB [3s] 
Writing at 0x00053a9f ━━━━╸                           16.0% 128.00kB/800.29kB [3s] 
Writing at 0x0005a667 ━━━━━                           18.0% 144.00kB/800.29kB [4s] 
Writing at 0x00061088 ━━━━━╸                          20.0% 160.00kB/800.29kB [5s] 
Writing at 0x0006759a ━━━━━━╸                         22.0% 176.00kB/800.29kB [5s] 
Writing at 0x0006e445 ━━━━━━━                         24.0% 192.00kB/800.29kB [5s] 
Writing at 0x00074d8a ━━━━━━━╸                        26.0% 208.00kB/800.29kB [5s] 
Writing at 0x0007b9e0 ━━━━━━━━                        28.0% 224.00kB/800.29kB [5s] 
Writing at 0x0008203a ━━━━━━━━╸                       30.0% 240.00kB/800.29kB [6s] 
Writing at 0x0008894d ━━━━━━━━━╸                      32.0% 256.00kB/800.29kB [6s] 
Writing at 0x0008f142 ━━━━━━━━━━                      34.0% 272.00kB/800.29kB [6s] 
Writing at 0x000958e0 ━━━━━━━━━━╸                     36.0% 288.00kB/800.29kB [6s] 
Writing at 0x0009c306 ━━━━━━━━━━━                     38.0% 304.00kB/800.29kB [6s] 
Writing at 0x000a2b86 ━━━━━━━━━━━╸                    40.0% 320.00kB/800.29kB [6s] 
Writing at 0x000a91ab ━━━━━━━━━━━━╸                   42.0% 336.00kB/800.29kB [6s] 
Writing at 0x000afdd2 ━━━━━━━━━━━━━                   44.0% 352.00kB/800.29kB [6s] 
Writing at 0x000b6721 ━━━━━━━━━━━━━╸                  46.0% 368.00kB/800.29kB [6s] 
Writing at 0x000bd123 ━━━━━━━━━━━━━━                  48.0% 384.00kB/800.29kB [6s] 
Writing at 0x000c4573 ━━━━━━━━━━━━━━╸                 50.0% 400.00kB/800.29kB [6s] 
Writing at 0x000cb713 ━━━━━━━━━━━━━━━╸                52.0% 416.00kB/800.29kB [7s] 
Writing at 0x000d28ba ━━━━━━━━━━━━━━━━                54.0% 432.00kB/800.29kB [7s] 
Writing at 0x000d8cf3 ━━━━━━━━━━━━━━━━╸               56.0% 448.00kB/800.29kB [7s] 
Writing at 0x000debd4 ━━━━━━━━━━━━━━━━━               58.0% 464.00kB/800.29kB [7s] 
Writing at 0x000e47b4 ━━━━━━━━━━━━━━━━━╸              60.0% 480.00kB/800.29kB [7s] 
Writing at 0x000ea22f ━━━━━━━━━━━━━━━━━━╸             62.0% 496.00kB/800.29kB [7s] 
Writing at 0x000efe85 ━━━━━━━━━━━━━━━━━━━             64.0% 512.00kB/800.29kB [7s] 
Writing at 0x000f6548 ━━━━━━━━━━━━━━━━━━━╸            66.0% 528.00kB/800.29kB [7s] 
Writing at 0x000fc80a ━━━━━━━━━━━━━━━━━━━━            68.0% 544.00kB/800.29kB [7s] 
Writing at 0x001025bf ━━━━━━━━━━━━━━━━━━━━╸           70.0% 560.00kB/800.29kB [7s] 
Writing at 0x001080af ━━━━━━━━━━━━━━━━━━━━━╸          72.0% 576.00kB/800.29kB [8s] 
Writing at 0x0010e800 ━━━━━━━━━━━━━━━━━━━━━━          74.0% 592.00kB/800.29kB [8s] 
Writing at 0x001149db ━━━━━━━━━━━━━━━━━━━━━━╸         76.0% 608.00kB/800.29kB [8s] 
Writing at 0x0011ab87 ━━━━━━━━━━━━━━━━━━━━━━━         78.0% 624.00kB/800.29kB [8s] 
Writing at 0x00120bc4 ━━━━━━━━━━━━━━━━━━━━━━━╸        80.0% 640.00kB/800.29kB [8s] 
Writing at 0x001276e5 ━━━━━━━━━━━━━━━━━━━━━━━━╸       82.0% 656.00kB/800.29kB [8s] 
Writing at 0x0012e5c6 ━━━━━━━━━━━━━━━━━━━━━━━━━       84.0% 672.00kB/800.29kB [8s] 
Writing at 0x001352b6 ━━━━━━━━━━━━━━━━━━━━━━━━━╸      86.0% 688.00kB/800.29kB [8s] 
Writing at 0x0013bb0b ━━━━━━━━━━━━━━━━━━━━━━━━━━      88.0% 704.00kB/800.29kB [8s] 
Writing at 0x00141d47 ━━━━━━━━━━━━━━━━━━━━━━━━━━╸     90.0% 720.00kB/800.29kB [8s] 
Writing at 0x00148017 ━━━━━━━━━━━━━━━━━━━━━━━━━━━╸    92.0% 736.00kB/800.29kB [8s] 
Writing at 0x0014df4f ━━━━━━━━━━━━━━━━━━━━━━━━━━━━    94.0% 752.00kB/800.29kB [9s] 
Writing at 0x00153c1c ━━━━━━━━━━━━━━━━━━━━━━━━━━━━╸   96.0% 768.00kB/800.29kB [9s] 
Writing at 0x0015af0b ━━━━━━━━━━━━━━━━━━━━━━━━━━━━━   98.0% 784.00kB/800.29kB [9s] 
Writing at 0x0016111f ━━━━━━━━━━━━━━━━━━━━━━━━━━━━━╸ 100.0% 800.00kB/800.29kB [9s] 
Writing at 0x00162980 ━━━━━━━━━━━━━━━━━━━━━━━━━━━━━━ 100.0% 800.29kB/800.29kB [9s] 
Wrote 1386880 bytes (819498 compressed) at 0x00010000 in 9.5 seconds (1172.5 kbit/s).
Verifying written data...
Hash of data verified.

Hard resetting via RTS pin...
