[2026-09-25T16:46:45.527Z] !! poll start: /home/sahur/orca/workspaces/RouteLoom/hil-bench/host/target/debug/routeloomctl --socket /tmp/routeloom-hil-2026-09-26.sock deliveries every 0.5s
[2026-09-25T16:46:45.528Z] {"deliveries":[{"request":1,"destination":2,"state":"rejected","reason":"queued frame session changed","msg_session":null,"msg_seq":null,"updated_ms":1790354805527}]}
[2026-09-25T16:46:46.028Z] {"deliveries":[{"request":1,"destination":2,"state":"rejected","reason":"queued frame session changed","msg_session":null,"msg_seq":null,"updated_ms":1790354805527}]}
[2026-09-25T16:46:46.528Z] {"deliveries":[{"request":1,"destination":2,"state":"rejected","reason":"queued frame session changed","msg_session":null,"msg_seq":null,"updated_ms":1790354805527}]}
[2026-09-25T16:46:47.029Z] {"deliveries":[{"request":1,"destination":2,"state":"rejected","reason":"queued frame session changed","msg_session":null,"msg_seq":null,"updated_ms":1790354805527}]}
[2026-09-25T16:46:47.529Z] {"deliveries":[{"request":1,"destination":2,"state":"rejected","reason":"queued frame session changed","msg_session":null,"msg_seq":null,"updated_ms":1790354805527}]}
[2026-09-25T16:46:48.029Z] {"deliveries":[{"request":1,"destination":2,"state":"rejected","reason":"queued frame session changed","msg_session":null,"msg_seq":null,"updated_ms":1790354805527}]}
[2026-09-25T16:46:48.529Z] {"deliveries":[{"request":1,"destination":2,"state":"rejected","reason":"queued frame session changed","msg_session":null,"msg_seq":null,"updated_ms":1790354805527}]}
[2026-09-25T16:46:49.029Z] {"deliveries":[{"request":1,"destination":2,"state":"rejected","reason":"queued frame session changed","msg_session":null,"msg_seq":null,"updated_ms":1790354805527}]}
[2026-09-25T16:46:49.529Z] {"deliveries":[{"request":1,"destination":2,"state":"rejected","reason":"queued frame session changed","msg_session":null,"msg_seq":null,"updated_ms":1790354805527}]}
[2026-09-25T16:46:50.030Z] {"deliveries":[{"request":1,"destination":2,"state":"rejected","reason":"queued frame session changed","msg_session":null,"msg_seq":null,"updated_ms":1790354805527}]}
[2026-09-25T16:46:50.530Z] {"deliveries":[{"request":1,"destination":2,"state":"rejected","reason":"queued frame session changed","msg_session":null,"msg_seq":null,"updated_ms":1790354805527}]}
[2026-09-25T16:46:51.030Z] {"deliveries":[{"request":1,"destination":2,"state":"rejected","reason":"queued frame session changed","msg_session":null,"msg_seq":null,"updated_ms":1790354805527}]}
[2026-09-25T16:46:51.530Z] {"deliveries":[{"request":1,"destination":2,"state":"rejected","reason":"queued frame session changed","msg_session":null,"msg_seq":null,"updated_ms":1790354805527}]}
[2026-09-25T16:46:52.030Z] {"deliveries":[{"request":1,"destination":2,"state":"rejected","reason":"queued frame session changed","msg_session":null,"msg_seq":null,"updated_ms":1790354805527}]}
[2026-09-25T16:46:52.530Z] {"deliveries":[{"request":1,"destination":2,"state":"rejected","reason":"queued frame session changed","msg_session":null,"msg_seq":null,"updated_ms":1790354805527}]}
[2026-09-25T16:46:53.031Z] {"deliveries":[{"request":1,"destination":2,"state":"rejected","reason":"queued frame session changed","msg_session":null,"msg_seq":null,"updated_ms":1790354805527}]}
[2026-09-25T16:46:53.531Z] {"deliveries":[{"request":1,"destination":2,"state":"rejected","reason":"queued frame session changed","msg_session":null,"msg_seq":null,"updated_ms":1790354805527}]}
[2026-09-25T16:46:54.031Z] {"deliveries":[{"request":1,"destination":2,"state":"rejected","reason":"queued frame session changed","msg_session":null,"msg_seq":null,"updated_ms":1790354805527}]}
[2026-09-25T16:46:54.531Z] {"deliveries":[{"request":1,"destination":2,"state":"rejected","reason":"queued frame session changed","msg_session":null,"msg_seq":null,"updated_ms":1790354805527}]}
[2026-09-25T16:46:55.031Z] {"deliveries":[{"request":1,"destination":2,"state":"rejected","reason":"queued frame session changed","msg_session":null,"msg_seq":null,"updated_ms":1790354805527}]}
[2026-09-25T16:46:55.531Z] {"deliveries":[{"request":1,"destination":2,"state":"rejected","reason":"queued frame session changed","msg_session":null,"msg_seq":null,"updated_ms":1790354805527}]}
[2026-09-25T16:46:56.032Z] {"deliveries":[{"request":1,"destination":2,"state":"rejected","reason":"queued frame session changed","msg_session":null,"msg_seq":null,"updated_ms":1790354805527}]}
[2026-09-25T16:46:56.532Z] {"deliveries":[{"request":1,"destination":2,"state":"rejected","reason":"queued frame session changed","msg_session":null,"msg_seq":null,"updated_ms":1790354805527}]}
[2026-09-25T16:46:57.032Z] {"deliveries":[{"request":1,"destination":2,"state":"rejected","reason":"queued frame session changed","msg_session":null,"msg_seq":null,"updated_ms":1790354805527}]}
[2026-09-25T16:46:57.532Z] {"deliveries":[{"request":1,"destination":2,"state":"rejected","reason":"queued frame session changed","msg_session":null,"msg_seq":null,"updated_ms":1790354805527}]}
[2026-09-25T16:46:58.032Z] {"deliveries":[{"request":1,"destination":2,"state":"rejected","reason":"queued frame session changed","msg_session":null,"msg_seq":null,"updated_ms":1790354805527}]}
[2026-09-25T16:46:58.532Z] {"deliveries":[{"request":1,"destination":2,"state":"rejected","reason":"queued frame session changed","msg_session":null,"msg_seq":null,"updated_ms":1790354805527}]}
[2026-09-25T16:46:59.032Z] {"deliveries":[{"request":1,"destination":2,"state":"rejected","reason":"queued frame session changed","msg_session":null,"msg_seq":null,"updated_ms":1790354805527}]}
[2026-09-25T16:46:59.532Z] {"deliveries":[{"request":1,"destination":2,"state":"rejected","reason":"queued frame session changed","msg_session":null,"msg_seq":null,"updated_ms":1790354805527}]}
[2026-09-25T16:47:00.033Z] {"deliveries":[{"request":1,"destination":2,"state":"rejected","reason":"queued frame session changed","msg_session":null,"msg_seq":null,"updated_ms":1790354805527}]}
[2026-09-25T16:47:00.533Z] {"deliveries":[{"request":1,"destination":2,"state":"rejected","reason":"queued frame session changed","msg_session":null,"msg_seq":null,"updated_ms":1790354805527}]}
[2026-09-25T16:47:01.033Z] {"deliveries":[{"request":1,"destination":2,"state":"rejected","reason":"queued frame session changed","msg_session":null,"msg_seq":null,"updated_ms":1790354805527}]}
[2026-09-25T16:47:01.533Z] {"deliveries":[{"request":1,"destination":2,"state":"rejected","reason":"queued frame session changed","msg_session":null,"msg_seq":null,"updated_ms":1790354805527}]}
[2026-09-25T16:47:02.033Z] {"deliveries":[{"request":1,"destination":2,"state":"rejected","reason":"queued frame session changed","msg_session":null,"msg_seq":null,"updated_ms":1790354805527}]}
[2026-09-25T16:47:02.533Z] {"deliveries":[{"request":1,"destination":2,"state":"rejected","reason":"queued frame session changed","msg_session":null,"msg_seq":null,"updated_ms":1790354805527}]}
[2026-09-25T16:47:03.033Z] {"deliveries":[{"request":1,"destination":2,"state":"rejected","reason":"queued frame session changed","msg_session":null,"msg_seq":null,"updated_ms":1790354805527}]}
[2026-09-25T16:47:03.533Z] {"deliveries":[{"request":1,"destination":2,"state":"rejected","reason":"queued frame session changed","msg_session":null,"msg_seq":null,"updated_ms":1790354805527}]}
[2026-09-25T16:47:04.034Z] {"deliveries":[{"request":1,"destination":2,"state":"rejected","reason":"queued frame session changed","msg_session":null,"msg_seq":null,"updated_ms":1790354805527}]}
[2026-09-25T16:47:04.534Z] {"deliveries":[{"request":1,"destination":2,"state":"rejected","reason":"queued frame session changed","msg_session":null,"msg_seq":null,"updated_ms":1790354805527}]}
[2026-09-25T16:47:05.034Z] {"deliveries":[{"request":1,"destination":2,"state":"rejected","reason":"queued frame session changed","msg_session":null,"msg_seq":null,"updated_ms":1790354805527}]}
[2026-09-25T16:47:05.534Z] {"deliveries":[{"request":1,"destination":2,"state":"rejected","reason":"queued frame session changed","msg_session":null,"msg_seq":null,"updated_ms":1790354805527}]}
[2026-09-25T16:47:06.034Z] {"deliveries":[{"request":1,"destination":2,"state":"rejected","reason":"queued frame session changed","msg_session":null,"msg_seq":null,"updated_ms":1790354805527}]}
[2026-09-25T16:47:06.534Z] {"deliveries":[{"request":1,"destination":2,"state":"rejected","reason":"queued frame session changed","msg_session":null,"msg_seq":null,"updated_ms":1790354805527}]}
[2026-09-25T16:47:07.034Z] {"deliveries":[{"request":1,"destination":2,"state":"rejected","reason":"queued frame session changed","msg_session":null,"msg_seq":null,"updated_ms":1790354805527}]}
[2026-09-25T16:47:07.535Z] {"deliveries":[{"request":1,"destination":2,"state":"rejected","reason":"queued frame session changed","msg_session":null,"msg_seq":null,"updated_ms":1790354805527}]}
[2026-09-25T16:47:08.035Z] {"deliveries":[{"request":1,"destination":2,"state":"rejected","reason":"queued frame session changed","msg_session":null,"msg_seq":null,"updated_ms":1790354805527}]}
[2026-09-25T16:47:08.535Z] {"deliveries":[{"request":1,"destination":2,"state":"rejected","reason":"queued frame session changed","msg_session":null,"msg_seq":null,"updated_ms":1790354805527}]}
[2026-09-25T16:47:09.035Z] {"deliveries":[{"request":1,"destination":2,"state":"rejected","reason":"queued frame session changed","msg_session":null,"msg_seq":null,"updated_ms":1790354805527}]}
[2026-09-25T16:47:09.535Z] {"deliveries":[{"request":1,"destination":2,"state":"rejected","reason":"queued frame session changed","msg_session":null,"msg_seq":null,"updated_ms":1790354805527}]}
[2026-09-25T16:47:10.036Z] {"deliveries":[{"request":1,"destination":2,"state":"rejected","reason":"queued frame session changed","msg_session":null,"msg_seq":null,"updated_ms":1790354805527}]}
[2026-09-25T16:47:10.536Z] {"deliveries":[{"request":1,"destination":2,"state":"rejected","reason":"queued frame session changed","msg_session":null,"msg_seq":null,"updated_ms":1790354805527}]}
[2026-09-25T16:47:11.035Z] {"deliveries":[{"request":1,"destination":2,"state":"rejected","reason":"queued frame session changed","msg_session":null,"msg_seq":null,"updated_ms":1790354805527}]}
[2026-09-25T16:47:11.536Z] {"deliveries":[{"request":1,"destination":2,"state":"rejected","reason":"queued frame session changed","msg_session":null,"msg_seq":null,"updated_ms":1790354805527}]}
[2026-09-25T16:47:12.036Z] {"deliveries":[{"request":1,"destination":2,"state":"rejected","reason":"queued frame session changed","msg_session":null,"msg_seq":null,"updated_ms":1790354805527}]}
[2026-09-25T16:47:12.536Z] {"deliveries":[{"request":1,"destination":2,"state":"rejected","reason":"queued frame session changed","msg_session":null,"msg_seq":null,"updated_ms":1790354805527}]}
[2026-09-25T16:47:13.036Z] {"deliveries":[{"request":1,"destination":2,"state":"rejected","reason":"queued frame session changed","msg_session":null,"msg_seq":null,"updated_ms":1790354805527}]}
[2026-09-25T16:47:13.536Z] {"deliveries":[{"request":1,"destination":2,"state":"rejected","reason":"queued frame session changed","msg_session":null,"msg_seq":null,"updated_ms":1790354805527}]}
[2026-09-25T16:47:14.036Z] {"deliveries":[{"request":1,"destination":2,"state":"rejected","reason":"queued frame session changed","msg_session":null,"msg_seq":null,"updated_ms":1790354805527}]}
[2026-09-25T16:47:14.536Z] {"deliveries":[{"request":1,"destination":2,"state":"rejected","reason":"queued frame session changed","msg_session":null,"msg_seq":null,"updated_ms":1790354805527}]}
[2026-09-25T16:47:15.037Z] {"deliveries":[{"request":1,"destination":2,"state":"rejected","reason":"queued frame session changed","msg_session":null,"msg_seq":null,"updated_ms":1790354805527}]}
[2026-09-25T16:47:15.537Z] {"deliveries":[{"request":1,"destination":2,"state":"rejected","reason":"queued frame session changed","msg_session":null,"msg_seq":null,"updated_ms":1790354805527}]}
[2026-09-25T16:47:16.037Z] {"deliveries":[{"request":1,"destination":2,"state":"rejected","reason":"queued frame session changed","msg_session":null,"msg_seq":null,"updated_ms":1790354805527}]}
[2026-09-25T16:47:16.537Z] {"deliveries":[{"request":1,"destination":2,"state":"rejected","reason":"queued frame session changed","msg_session":null,"msg_seq":null,"updated_ms":1790354805527}]}
[2026-09-25T16:47:17.038Z] {"deliveries":[{"request":1,"destination":2,"state":"rejected","reason":"queued frame session changed","msg_session":null,"msg_seq":null,"updated_ms":1790354805527}]}
[2026-09-25T16:47:17.538Z] {"deliveries":[{"request":1,"destination":2,"state":"rejected","reason":"queued frame session changed","msg_session":null,"msg_seq":null,"updated_ms":1790354805527}]}
[2026-09-25T16:47:18.038Z] {"deliveries":[{"request":1,"destination":2,"state":"rejected","reason":"queued frame session changed","msg_session":null,"msg_seq":null,"updated_ms":1790354805527}]}
[2026-09-25T16:47:18.538Z] {"deliveries":[{"request":1,"destination":2,"state":"rejected","reason":"queued frame session changed","msg_session":null,"msg_seq":null,"updated_ms":1790354805527}]}
[2026-09-25T16:47:19.038Z] {"deliveries":[{"request":1,"destination":2,"state":"rejected","reason":"queued frame session changed","msg_session":null,"msg_seq":null,"updated_ms":1790354805527}]}
[2026-09-25T16:47:19.538Z] {"deliveries":[{"request":1,"destination":2,"state":"rejected","reason":"queued frame session changed","msg_session":null,"msg_seq":null,"updated_ms":1790354805527}]}
[2026-09-25T16:47:20.039Z] {"deliveries":[{"request":1,"destination":2,"state":"rejected","reason":"queued frame session changed","msg_session":null,"msg_seq":null,"updated_ms":1790354805527}]}
[2026-09-25T16:47:20.539Z] {"deliveries":[{"request":1,"destination":2,"state":"rejected","reason":"queued frame session changed","msg_session":null,"msg_seq":null,"updated_ms":1790354805527}]}
[2026-09-25T16:47:21.039Z] {"deliveries":[{"request":1,"destination":2,"state":"rejected","reason":"queued frame session changed","msg_session":null,"msg_seq":null,"updated_ms":1790354805527}]}
[2026-09-25T16:47:21.539Z] {"deliveries":[{"request":1,"destination":2,"state":"rejected","reason":"queued frame session changed","msg_session":null,"msg_seq":null,"updated_ms":1790354805527}]}
[2026-09-25T16:47:22.040Z] {"deliveries":[{"request":1,"destination":2,"state":"rejected","reason":"queued frame session changed","msg_session":null,"msg_seq":null,"updated_ms":1790354805527}]}
[2026-09-25T16:47:22.540Z] {"deliveries":[{"request":1,"destination":2,"state":"rejected","reason":"queued frame session changed","msg_session":null,"msg_seq":null,"updated_ms":1790354805527}]}
[2026-09-25T16:47:23.039Z] {"deliveries":[{"request":1,"destination":2,"state":"rejected","reason":"queued frame session changed","msg_session":null,"msg_seq":null,"updated_ms":1790354805527}]}
[2026-09-25T16:47:23.540Z] {"deliveries":[{"request":1,"destination":2,"state":"rejected","reason":"queued frame session changed","msg_session":null,"msg_seq":null,"updated_ms":1790354805527}]}
[2026-09-25T16:47:24.040Z] {"deliveries":[{"request":1,"destination":2,"state":"rejected","reason":"queued frame session changed","msg_session":null,"msg_seq":null,"updated_ms":1790354805527}]}
[2026-09-25T16:47:24.540Z] {"deliveries":[{"request":1,"destination":2,"state":"rejected","reason":"queued frame session changed","msg_session":null,"msg_seq":null,"updated_ms":1790354805527}]}
[2026-09-25T16:47:25.041Z] {"deliveries":[{"request":1,"destination":2,"state":"rejected","reason":"queued frame session changed","msg_session":null,"msg_seq":null,"updated_ms":1790354805527}]}
[2026-09-25T16:47:25.541Z] {"deliveries":[{"request":1,"destination":2,"state":"rejected","reason":"queued frame session changed","msg_session":null,"msg_seq":null,"updated_ms":1790354805527}]}
[2026-09-25T16:47:26.041Z] {"deliveries":[{"request":1,"destination":2,"state":"rejected","reason":"queued frame session changed","msg_session":null,"msg_seq":null,"updated_ms":1790354805527}]}
[2026-09-25T16:47:26.541Z] {"deliveries":[{"request":1,"destination":2,"state":"rejected","reason":"queued frame session changed","msg_session":null,"msg_seq":null,"updated_ms":1790354805527}]}
[2026-09-25T16:47:27.042Z] {"deliveries":[{"request":1,"destination":2,"state":"rejected","reason":"queued frame session changed","msg_session":null,"msg_seq":null,"updated_ms":1790354805527}]}
[2026-09-25T16:47:27.541Z] {"deliveries":[{"request":1,"destination":2,"state":"rejected","reason":"queued frame session changed","msg_session":null,"msg_seq":null,"updated_ms":1790354805527}]}
[2026-09-25T16:47:28.042Z] {"deliveries":[{"request":1,"destination":2,"state":"rejected","reason":"queued frame session changed","msg_session":null,"msg_seq":null,"updated_ms":1790354805527}]}
[2026-09-25T16:47:28.542Z] {"deliveries":[{"request":1,"destination":2,"state":"rejected","reason":"queued frame session changed","msg_session":null,"msg_seq":null,"updated_ms":1790354805527}]}
[2026-09-25T16:47:29.042Z] {"deliveries":[{"request":1,"destination":2,"state":"rejected","reason":"queued frame session changed","msg_session":null,"msg_seq":null,"updated_ms":1790354805527}]}
[2026-09-25T16:47:29.542Z] {"deliveries":[{"request":1,"destination":2,"state":"rejected","reason":"queued frame session changed","msg_session":null,"msg_seq":null,"updated_ms":1790354805527}]}
[2026-09-25T16:47:30.042Z] {"deliveries":[{"request":1,"destination":2,"state":"rejected","reason":"queued frame session changed","msg_session":null,"msg_seq":null,"updated_ms":1790354805527}]}
[2026-09-25T16:47:30.543Z] {"deliveries":[{"request":1,"destination":2,"state":"rejected","reason":"queued frame session changed","msg_session":null,"msg_seq":null,"updated_ms":1790354805527}]}
[2026-09-25T16:47:31.043Z] {"deliveries":[{"request":1,"destination":2,"state":"rejected","reason":"queued frame session changed","msg_session":null,"msg_seq":null,"updated_ms":1790354805527}]}
[2026-09-25T16:47:31.543Z] {"deliveries":[{"request":1,"destination":2,"state":"rejected","reason":"queued frame session changed","msg_session":null,"msg_seq":null,"updated_ms":1790354805527}]}
[2026-09-25T16:47:32.044Z] {"deliveries":[{"request":1,"destination":2,"state":"rejected","reason":"queued frame session changed","msg_session":null,"msg_seq":null,"updated_ms":1790354805527}]}
[2026-09-25T16:47:32.544Z] {"deliveries":[{"request":1,"destination":2,"state":"rejected","reason":"queued frame session changed","msg_session":null,"msg_seq":null,"updated_ms":1790354805527}]}
[2026-09-25T16:47:33.044Z] {"deliveries":[{"request":1,"destination":2,"state":"rejected","reason":"queued frame session changed","msg_session":null,"msg_seq":null,"updated_ms":1790354805527}]}
[2026-09-25T16:47:33.544Z] {"deliveries":[{"request":1,"destination":2,"state":"rejected","reason":"queued frame session changed","msg_session":null,"msg_seq":null,"updated_ms":1790354805527}]}
[2026-09-25T16:47:34.044Z] {"deliveries":[{"request":1,"destination":2,"state":"rejected","reason":"queued frame session changed","msg_session":null,"msg_seq":null,"updated_ms":1790354805527}]}
[2026-09-25T16:47:34.544Z] {"deliveries":[{"request":1,"destination":2,"state":"rejected","reason":"queued frame session changed","msg_session":null,"msg_seq":null,"updated_ms":1790354805527}]}
[2026-09-25T16:47:35.045Z] {"deliveries":[{"request":1,"destination":2,"state":"rejected","reason":"queued frame session changed","msg_session":null,"msg_seq":null,"updated_ms":1790354805527}]}
[2026-09-25T16:47:35.544Z] {"deliveries":[{"request":1,"destination":2,"state":"rejected","reason":"queued frame session changed","msg_session":null,"msg_seq":null,"updated_ms":1790354805527}]}
[2026-09-25T16:47:36.046Z] {"deliveries":[{"request":1,"destination":2,"state":"rejected","reason":"queued frame session changed","msg_session":null,"msg_seq":null,"updated_ms":1790354805527}]}
[2026-09-25T16:47:36.546Z] {"deliveries":[{"request":1,"destination":2,"state":"rejected","reason":"queued frame session changed","msg_session":null,"msg_seq":null,"updated_ms":1790354805527}]}
[2026-09-25T16:47:37.045Z] {"deliveries":[{"request":1,"destination":2,"state":"rejected","reason":"queued frame session changed","msg_session":null,"msg_seq":null,"updated_ms":1790354805527}]}
[2026-09-25T16:47:37.546Z] {"deliveries":[{"request":1,"destination":2,"state":"rejected","reason":"queued frame session changed","msg_session":null,"msg_seq":null,"updated_ms":1790354805527}]}
[2026-09-25T16:47:38.047Z] {"deliveries":[{"request":1,"destination":2,"state":"rejected","reason":"queued frame session changed","msg_session":null,"msg_seq":null,"updated_ms":1790354805527}]}
[2026-09-25T16:47:38.546Z] {"deliveries":[{"request":1,"destination":2,"state":"rejected","reason":"queued frame session changed","msg_session":null,"msg_seq":null,"updated_ms":1790354805527}]}
[2026-09-25T16:47:39.047Z] {"deliveries":[{"request":1,"destination":2,"state":"rejected","reason":"queued frame session changed","msg_session":null,"msg_seq":null,"updated_ms":1790354805527}]}
[2026-09-25T16:47:39.546Z] {"deliveries":[{"request":1,"destination":2,"state":"rejected","reason":"queued frame session changed","msg_session":null,"msg_seq":null,"updated_ms":1790354805527}]}
[2026-09-25T16:47:40.048Z] {"deliveries":[{"request":1,"destination":2,"state":"rejected","reason":"queued frame session changed","msg_session":null,"msg_seq":null,"updated_ms":1790354805527}]}
[2026-09-25T16:47:40.547Z] {"deliveries":[{"request":1,"destination":2,"state":"rejected","reason":"queued frame session changed","msg_session":null,"msg_seq":null,"updated_ms":1790354805527}]}
[2026-09-25T16:47:41.047Z] {"deliveries":[{"request":1,"destination":2,"state":"rejected","reason":"queued frame session changed","msg_session":null,"msg_seq":null,"updated_ms":1790354805527}]}
[2026-09-25T16:47:41.548Z] {"deliveries":[{"request":1,"destination":2,"state":"rejected","reason":"queued frame session changed","msg_session":null,"msg_seq":null,"updated_ms":1790354805527}]}
[2026-09-25T16:47:42.047Z] {"deliveries":[{"request":1,"destination":2,"state":"rejected","reason":"queued frame session changed","msg_session":null,"msg_seq":null,"updated_ms":1790354805527}]}
[2026-09-25T16:47:42.548Z] {"deliveries":[{"request":1,"destination":2,"state":"rejected","reason":"queued frame session changed","msg_session":null,"msg_seq":null,"updated_ms":1790354805527}]}
[2026-09-25T16:47:43.048Z] {"deliveries":[{"request":1,"destination":2,"state":"rejected","reason":"queued frame session changed","msg_session":null,"msg_seq":null,"updated_ms":1790354805527}]}
[2026-09-25T16:47:43.549Z] {"deliveries":[{"request":1,"destination":2,"state":"rejected","reason":"queued frame session changed","msg_session":null,"msg_seq":null,"updated_ms":1790354805527}]}
[2026-09-25T16:47:44.049Z] {"deliveries":[{"request":1,"destination":2,"state":"rejected","reason":"queued frame session changed","msg_session":null,"msg_seq":null,"updated_ms":1790354805527}]}
[2026-09-25T16:47:44.549Z] {"deliveries":[{"request":1,"destination":2,"state":"rejected","reason":"queued frame session changed","msg_session":null,"msg_seq":null,"updated_ms":1790354805527}]}
[2026-09-25T16:47:45.048Z] {"deliveries":[{"request":1,"destination":2,"state":"rejected","reason":"queued frame session changed","msg_session":null,"msg_seq":null,"updated_ms":1790354805527}]}
[2026-09-25T16:47:45.550Z] {"deliveries":[{"request":1,"destination":2,"state":"rejected","reason":"queued frame session changed","msg_session":null,"msg_seq":null,"updated_ms":1790354805527}]}
[2026-09-25T16:47:46.049Z] {"deliveries":[{"request":1,"destination":2,"state":"rejected","reason":"queued frame session changed","msg_session":null,"msg_seq":null,"updated_ms":1790354805527}]}
[2026-09-25T16:47:46.549Z] {"deliveries":[{"request":1,"destination":2,"state":"rejected","reason":"queued frame session changed","msg_session":null,"msg_seq":null,"updated_ms":1790354805527}]}
[2026-09-25T16:47:47.050Z] {"deliveries":[{"request":1,"destination":2,"state":"rejected","reason":"queued frame session changed","msg_session":null,"msg_seq":null,"updated_ms":1790354805527}]}
[2026-09-25T16:47:47.550Z] {"deliveries":[{"request":1,"destination":2,"state":"rejected","reason":"queued frame session changed","msg_session":null,"msg_seq":null,"updated_ms":1790354805527}]}
[2026-09-25T16:47:48.050Z] {"deliveries":[{"request":1,"destination":2,"state":"rejected","reason":"queued frame session changed","msg_session":null,"msg_seq":null,"updated_ms":1790354805527}]}
[2026-09-25T16:47:48.550Z] {"deliveries":[{"request":1,"destination":2,"state":"rejected","reason":"queued frame session changed","msg_session":null,"msg_seq":null,"updated_ms":1790354805527}]}
[2026-09-25T16:47:49.050Z] {"deliveries":[{"request":1,"destination":2,"state":"rejected","reason":"queued frame session changed","msg_session":null,"msg_seq":null,"updated_ms":1790354805527}]}
[2026-09-25T16:47:49.551Z] {"deliveries":[{"request":1,"destination":2,"state":"rejected","reason":"queued frame session changed","msg_session":null,"msg_seq":null,"updated_ms":1790354805527}]}
[2026-09-25T16:47:50.051Z] {"deliveries":[{"request":1,"destination":2,"state":"rejected","reason":"queued frame session changed","msg_session":null,"msg_seq":null,"updated_ms":1790354805527}]}
[2026-09-25T16:47:50.551Z] {"deliveries":[{"request":1,"destination":2,"state":"rejected","reason":"queued frame session changed","msg_session":null,"msg_seq":null,"updated_ms":1790354805527}]}
[2026-09-25T16:47:51.051Z] {"deliveries":[{"request":1,"destination":2,"state":"rejected","reason":"queued frame session changed","msg_session":null,"msg_seq":null,"updated_ms":1790354805527}]}
[2026-09-25T16:47:51.551Z] {"deliveries":[{"request":1,"destination":2,"state":"rejected","reason":"queued frame session changed","msg_session":null,"msg_seq":null,"updated_ms":1790354805527}]}
[2026-09-25T16:47:52.051Z] {"deliveries":[{"request":1,"destination":2,"state":"rejected","reason":"queued frame session changed","msg_session":null,"msg_seq":null,"updated_ms":1790354805527}]}
[2026-09-25T16:47:52.552Z] {"deliveries":[{"request":1,"destination":2,"state":"rejected","reason":"queued frame session changed","msg_session":null,"msg_seq":null,"updated_ms":1790354805527}]}
[2026-09-25T16:47:53.052Z] {"deliveries":[{"request":1,"destination":2,"state":"rejected","reason":"queued frame session changed","msg_session":null,"msg_seq":null,"updated_ms":1790354805527}]}
[2026-09-25T16:47:53.552Z] {"deliveries":[{"request":1,"destination":2,"state":"rejected","reason":"queued frame session changed","msg_session":null,"msg_seq":null,"updated_ms":1790354805527}]}
[2026-09-25T16:47:54.052Z] {"deliveries":[{"request":1,"destination":2,"state":"rejected","reason":"queued frame session changed","msg_session":null,"msg_seq":null,"updated_ms":1790354805527}]}
[2026-09-25T16:47:54.552Z] {"deliveries":[{"request":1,"destination":2,"state":"rejected","reason":"queued frame session changed","msg_session":null,"msg_seq":null,"updated_ms":1790354805527}]}
[2026-09-25T16:47:55.053Z] {"deliveries":[{"request":1,"destination":2,"state":"rejected","reason":"queued frame session changed","msg_session":null,"msg_seq":null,"updated_ms":1790354805527}]}
[2026-09-25T16:47:55.553Z] {"deliveries":[{"request":1,"destination":2,"state":"rejected","reason":"queued frame session changed","msg_session":null,"msg_seq":null,"updated_ms":1790354805527}]}
[2026-09-25T16:47:56.053Z] {"deliveries":[{"request":1,"destination":2,"state":"rejected","reason":"queued frame session changed","msg_session":null,"msg_seq":null,"updated_ms":1790354805527}]}
[2026-09-25T16:47:56.553Z] {"deliveries":[{"request":1,"destination":2,"state":"rejected","reason":"queued frame session changed","msg_session":null,"msg_seq":null,"updated_ms":1790354805527}]}
[2026-09-25T16:47:57.053Z] {"deliveries":[{"request":1,"destination":2,"state":"rejected","reason":"queued frame session changed","msg_session":null,"msg_seq":null,"updated_ms":1790354805527}]}
[2026-09-25T16:47:57.553Z] {"deliveries":[{"request":1,"destination":2,"state":"rejected","reason":"queued frame session changed","msg_session":null,"msg_seq":null,"updated_ms":1790354805527}]}
[2026-09-25T16:47:58.053Z] {"deliveries":[{"request":1,"destination":2,"state":"rejected","reason":"queued frame session changed","msg_session":null,"msg_seq":null,"updated_ms":1790354805527}]}
[2026-09-25T16:47:58.554Z] {"deliveries":[{"request":1,"destination":2,"state":"rejected","reason":"queued frame session changed","msg_session":null,"msg_seq":null,"updated_ms":1790354805527}]}
[2026-09-25T16:47:59.054Z] {"deliveries":[{"request":1,"destination":2,"state":"rejected","reason":"queued frame session changed","msg_session":null,"msg_seq":null,"updated_ms":1790354805527}]}
[2026-09-25T16:47:59.555Z] {"deliveries":[{"request":1,"destination":2,"state":"rejected","reason":"queued frame session changed","msg_session":null,"msg_seq":null,"updated_ms":1790354805527}]}
[2026-09-25T16:48:00.054Z] {"deliveries":[{"request":1,"destination":2,"state":"rejected","reason":"queued frame session changed","msg_session":null,"msg_seq":null,"updated_ms":1790354805527}]}
[2026-09-25T16:48:00.555Z] {"deliveries":[{"request":1,"destination":2,"state":"rejected","reason":"queued frame session changed","msg_session":null,"msg_seq":null,"updated_ms":1790354805527}]}
[2026-09-25T16:48:01.055Z] {"deliveries":[{"request":1,"destination":2,"state":"rejected","reason":"queued frame session changed","msg_session":null,"msg_seq":null,"updated_ms":1790354805527}]}
[2026-09-25T16:48:01.556Z] {"deliveries":[{"request":1,"destination":2,"state":"rejected","reason":"queued frame session changed","msg_session":null,"msg_seq":null,"updated_ms":1790354805527}]}
[2026-09-25T16:48:02.055Z] {"deliveries":[{"request":1,"destination":2,"state":"rejected","reason":"queued frame session changed","msg_session":null,"msg_seq":null,"updated_ms":1790354805527}]}
[2026-09-25T16:48:02.555Z] {"deliveries":[{"request":1,"destination":2,"state":"rejected","reason":"queued frame session changed","msg_session":null,"msg_seq":null,"updated_ms":1790354805527}]}
[2026-09-25T16:48:03.056Z] {"deliveries":[{"request":1,"destination":2,"state":"rejected","reason":"queued frame session changed","msg_session":null,"msg_seq":null,"updated_ms":1790354805527}]}
[2026-09-25T16:48:03.556Z] {"deliveries":[{"request":1,"destination":2,"state":"rejected","reason":"queued frame session changed","msg_session":null,"msg_seq":null,"updated_ms":1790354805527}]}
[2026-09-25T16:48:04.057Z] {"deliveries":[{"request":1,"destination":2,"state":"rejected","reason":"queued frame session changed","msg_session":null,"msg_seq":null,"updated_ms":1790354805527}]}
[2026-09-25T16:48:04.557Z] {"deliveries":[{"request":1,"destination":2,"state":"rejected","reason":"queued frame session changed","msg_session":null,"msg_seq":null,"updated_ms":1790354805527}]}
[2026-09-25T16:48:05.057Z] {"deliveries":[{"request":1,"destination":2,"state":"rejected","reason":"queued frame session changed","msg_session":null,"msg_seq":null,"updated_ms":1790354805527}]}
[2026-09-25T16:48:05.557Z] {"deliveries":[{"request":1,"destination":2,"state":"rejected","reason":"queued frame session changed","msg_session":null,"msg_seq":null,"updated_ms":1790354805527}]}
[2026-09-25T16:48:06.058Z] {"deliveries":[{"request":1,"destination":2,"state":"rejected","reason":"queued frame session changed","msg_session":null,"msg_seq":null,"updated_ms":1790354805527}]}
[2026-09-25T16:48:06.558Z] {"deliveries":[{"request":1,"destination":2,"state":"rejected","reason":"queued frame session changed","msg_session":null,"msg_seq":null,"updated_ms":1790354805527}]}
[2026-09-25T16:48:07.058Z] {"deliveries":[{"request":1,"destination":2,"state":"rejected","reason":"queued frame session changed","msg_session":null,"msg_seq":null,"updated_ms":1790354805527}]}
[2026-09-25T16:48:07.558Z] {"deliveries":[{"request":1,"destination":2,"state":"rejected","reason":"queued frame session changed","msg_session":null,"msg_seq":null,"updated_ms":1790354805527}]}
[2026-09-25T16:48:08.057Z] {"deliveries":[{"request":1,"destination":2,"state":"rejected","reason":"queued frame session changed","msg_session":null,"msg_seq":null,"updated_ms":1790354805527}]}
[2026-09-25T16:48:08.559Z] {"deliveries":[{"request":1,"destination":2,"state":"rejected","reason":"queued frame session changed","msg_session":null,"msg_seq":null,"updated_ms":1790354805527}]}
[2026-09-25T16:48:09.059Z] {"deliveries":[{"request":1,"destination":2,"state":"rejected","reason":"queued frame session changed","msg_session":null,"msg_seq":null,"updated_ms":1790354805527}]}
[2026-09-25T16:48:09.559Z] {"deliveries":[{"request":1,"destination":2,"state":"rejected","reason":"queued frame session changed","msg_session":null,"msg_seq":null,"updated_ms":1790354805527}]}
[2026-09-25T16:48:10.059Z] {"deliveries":[{"request":1,"destination":2,"state":"rejected","reason":"queued frame session changed","msg_session":null,"msg_seq":null,"updated_ms":1790354805527}]}
[2026-09-25T16:48:10.559Z] {"deliveries":[{"request":1,"destination":2,"state":"rejected","reason":"queued frame session changed","msg_session":null,"msg_seq":null,"updated_ms":1790354805527}]}
[2026-09-25T16:48:11.060Z] {"deliveries":[{"request":1,"destination":2,"state":"rejected","reason":"queued frame session changed","msg_session":null,"msg_seq":null,"updated_ms":1790354805527}]}
[2026-09-25T16:48:11.560Z] {"deliveries":[{"request":1,"destination":2,"state":"rejected","reason":"queued frame session changed","msg_session":null,"msg_seq":null,"updated_ms":1790354805527}]}
[2026-09-25T16:48:12.060Z] {"deliveries":[{"request":1,"destination":2,"state":"rejected","reason":"queued frame session changed","msg_session":null,"msg_seq":null,"updated_ms":1790354805527}]}
[2026-09-25T16:48:12.560Z] {"deliveries":[{"request":1,"destination":2,"state":"rejected","reason":"queued frame session changed","msg_session":null,"msg_seq":null,"updated_ms":1790354805527}]}
[2026-09-25T16:48:13.060Z] {"deliveries":[{"request":1,"destination":2,"state":"rejected","reason":"queued frame session changed","msg_session":null,"msg_seq":null,"updated_ms":1790354805527}]}
[2026-09-25T16:48:13.560Z] {"deliveries":[{"request":1,"destination":2,"state":"rejected","reason":"queued frame session changed","msg_session":null,"msg_seq":null,"updated_ms":1790354805527}]}
[2026-09-25T16:48:14.060Z] {"deliveries":[{"request":1,"destination":2,"state":"rejected","reason":"queued frame session changed","msg_session":null,"msg_seq":null,"updated_ms":1790354805527}]}
[2026-09-25T16:48:14.561Z] {"deliveries":[{"request":1,"destination":2,"state":"rejected","reason":"queued frame session changed","msg_session":null,"msg_seq":null,"updated_ms":1790354805527}]}
[2026-09-25T16:48:15.061Z] {"deliveries":[{"request":1,"destination":2,"state":"rejected","reason":"queued frame session changed","msg_session":null,"msg_seq":null,"updated_ms":1790354805527}]}
[2026-09-25T16:48:15.561Z] !stderr! Error: Os { code: 111, kind: ConnectionRefused, message: "Connection refused" }
[2026-09-25T16:48:15.561Z] !exit=1!
[2026-09-25T16:48:15.575Z] !! poll stopped
