$ /home/sahur/.local/bin/esptool --chip esp32c3 --port /dev/serial/by-id/usb-Espressif_USB_JTAG_serial_debug_unit_94:A9:90:7A:B5:60-if00 --baud 460800 --before default-reset --after hard-reset write-flash --flash-mode dio --flash-size 2MB --flash-freq 80m 0x10000 artifacts/hil/2026-09-26/images/ref-a-c3-devram-r9-trace-node2/build/routeloom_reference_node.bin
esptool v5.4.0
Serial port /dev/serial/by-id/usb-Espressif_USB_JTAG_serial_debug_unit_94:A9:90:7A:B5:60-if00:
Connecting...
Connected to ESP32-C3 on /dev/serial/by-id/usb-Espressif_USB_JTAG_serial_debug_unit_94:A9:90:7A:B5:60-if00:
Chip type:          ESP32-C3 (QFN32) (revision v0.4)
Features:           Wi-Fi, BT 5 (LE), Single Core, 160MHz, Embedded Flash 4MB (XMC)
Crystal frequency:  40MHz
USB mode:           USB-Serial/JTAG
MAC:                94:a9:90:7a:b5:60

Uploading stub flasher...
Running stub flasher...
Stub flasher running.
Changing baud rate to 460800...
Changed.

Configuring flash size...
Flash will be erased from 0x00010000 to 0x00164fff...
Compressed 1395968 bytes to 824057...
Writing at 0x0001c4e9 ╸                                2.0% 16.00kB/804.74kB [0s] 
Writing at 0x00027f1b ━                                4.0% 32.00kB/804.74kB [0s] 
Writing at 0x0002f064 ━╸                               6.0% 48.00kB/804.74kB [1s] 
Writing at 0x00038e25 ━━                               8.0% 64.00kB/804.74kB [1s] 
Writing at 0x0003f294 ━━╸                              9.9% 80.00kB/804.74kB [2s] 
Writing at 0x00045f74 ━━━╸                            11.9% 96.00kB/804.74kB [2s] 
Writing at 0x0004cf10 ━━━━                            13.9% 112.00kB/804.74kB [3s] 
Writing at 0x00053d21 ━━━━╸                           15.9% 128.00kB/804.74kB [3s] 
Writing at 0x0005a81c ━━━━━                           17.9% 144.00kB/804.74kB [4s] 
Writing at 0x00061524 ━━━━━╸                          19.9% 160.00kB/804.74kB [5s] 
Writing at 0x00067a01 ━━━━━━╸                         21.9% 176.00kB/804.74kB [5s] 
Writing at 0x0006e754 ━━━━━━━                         23.9% 192.00kB/804.74kB [5s] 
Writing at 0x00074fd8 ━━━━━━━╸                        25.8% 208.00kB/804.74kB [5s] 
Writing at 0x0007be70 ━━━━━━━━                        27.8% 224.00kB/804.74kB [6s] 
Writing at 0x00082640 ━━━━━━━━╸                       29.8% 240.00kB/804.74kB [6s] 
Writing at 0x00088ec9 ━━━━━━━━━╸                      31.8% 256.00kB/804.74kB [6s] 
Writing at 0x0008f556 ━━━━━━━━━━                      33.8% 272.00kB/804.74kB [6s] 
Writing at 0x00095d26 ━━━━━━━━━━╸                     35.8% 288.00kB/804.74kB [6s] 
Writing at 0x0009c7ae ━━━━━━━━━━━                     37.8% 304.00kB/804.74kB [6s] 
Writing at 0x000a3111 ━━━━━━━━━━━╸                    39.8% 320.00kB/804.74kB [6s] 
Writing at 0x000a9772 ━━━━━━━━━━━━╸                   41.8% 336.00kB/804.74kB [6s] 
Writing at 0x000b05af ━━━━━━━━━━━━━                   43.7% 352.00kB/804.74kB [6s] 
Writing at 0x000b6f60 ━━━━━━━━━━━━━╸                  45.7% 368.00kB/804.74kB [6s] 
Writing at 0x000bd551 ━━━━━━━━━━━━━━                  47.7% 384.00kB/804.74kB [6s] 
Writing at 0x000c43a0 ━━━━━━━━━━━━━━╸                 49.7% 400.00kB/804.74kB [7s] 
Writing at 0x000cbbe5 ━━━━━━━━━━━━━━━╸                51.7% 416.00kB/804.74kB [7s] 
Writing at 0x000d27f5 ━━━━━━━━━━━━━━━━                53.7% 432.00kB/804.74kB [7s] 
Writing at 0x000d9718 ━━━━━━━━━━━━━━━━╸               55.7% 448.00kB/804.74kB [7s] 
Writing at 0x000df478 ━━━━━━━━━━━━━━━━━               57.7% 464.00kB/804.74kB [7s] 
Writing at 0x000e50be ━━━━━━━━━━━━━━━━━╸              59.6% 480.00kB/804.74kB [7s] 
Writing at 0x000eac5d ━━━━━━━━━━━━━━━━━━              61.6% 496.00kB/804.74kB [7s] 
Writing at 0x000f070a ━━━━━━━━━━━━━━━━━━━             63.6% 512.00kB/804.74kB [7s] 
Writing at 0x000f66c0 ━━━━━━━━━━━━━━━━━━━╸            65.6% 528.00kB/804.74kB [7s] 
Writing at 0x000fd082 ━━━━━━━━━━━━━━━━━━━━            67.6% 544.00kB/804.74kB [7s] 
Writing at 0x00102dc7 ━━━━━━━━━━━━━━━━━━━━╸           69.6% 560.00kB/804.74kB [8s] 
Writing at 0x00108afd ━━━━━━━━━━━━━━━━━━━━━           71.6% 576.00kB/804.74kB [8s] 
Writing at 0x0010edae ━━━━━━━━━━━━━━━━━━━━━━          73.6% 592.00kB/804.74kB [8s] 
Writing at 0x00115334 ━━━━━━━━━━━━━━━━━━━━━━╸         75.6% 608.00kB/804.74kB [8s] 
Writing at 0x0011b5a3 ━━━━━━━━━━━━━━━━━━━━━━━         77.5% 624.00kB/804.74kB [8s] 
Writing at 0x001213f2 ━━━━━━━━━━━━━━━━━━━━━━━╸        79.5% 640.00kB/804.74kB [8s] 
Writing at 0x00127c2e ━━━━━━━━━━━━━━━━━━━━━━━━        81.5% 656.00kB/804.74kB [8s] 
Writing at 0x0012e8c4 ━━━━━━━━━━━━━━━━━━━━━━━━━       83.5% 672.00kB/804.74kB [8s] 
Writing at 0x00135681 ━━━━━━━━━━━━━━━━━━━━━━━━━╸      85.5% 688.00kB/804.74kB [8s] 
Writing at 0x0013c136 ━━━━━━━━━━━━━━━━━━━━━━━━━━      87.5% 704.00kB/804.74kB [8s] 
Writing at 0x001424b8 ━━━━━━━━━━━━━━━━━━━━━━━━━━╸     89.5% 720.00kB/804.74kB [9s] 
Writing at 0x0014871c ━━━━━━━━━━━━━━━━━━━━━━━━━━━     91.5% 736.00kB/804.74kB [9s] 
Writing at 0x0014e8b6 ━━━━━━━━━━━━━━━━━━━━━━━━━━━━    93.4% 752.00kB/804.74kB [9s] 
Writing at 0x00154074 ━━━━━━━━━━━━━━━━━━━━━━━━━━━━╸   95.4% 768.00kB/804.74kB [9s] 
Writing at 0x0015b4a5 ━━━━━━━━━━━━━━━━━━━━━━━━━━━━━   97.4% 784.00kB/804.74kB [9s] 
Writing at 0x00161302 ━━━━━━━━━━━━━━━━━━━━━━━━━━━━━╸  99.4% 800.00kB/804.74kB [9s] 
Writing at 0x00164d00 ━━━━━━━━━━━━━━━━━━━━━━━━━━━━━━ 100.0% 804.74kB/804.74kB [9s] 
Wrote 1395968 bytes (824057 compressed) at 0x00010000 in 9.7 seconds (1156.0 kbit/s).
Verifying written data...
Hash of data verified.

Hard resetting via RTS pin...
