/home/sahur/.local/bin/esptool --chip esp32c6 --port /dev/serial/by-id/usb-Espressif_USB_JTAG_serial_debug_unit_10:BD:A3:B1:47:54-if00 -b 460800 --after no-reset write-flash --flash-mode keep --flash-freq keep --flash-size keep 0x10000 /home/sahur/orca/workspaces/RouteLoom/v2-stab-b/artifacts/hil/images/review-ep/images/ota_data_initial.bin 0x40000 /home/sahur/orca/workspaces/RouteLoom/v2-stab-b/artifacts/hil/images/review-ep/images/application.bin
esptool v5.4.0
Serial port /dev/serial/by-id/usb-Espressif_USB_JTAG_serial_debug_unit_10:BD:A3:B1:47:54-if00:
Connecting...
Connected to ESP32-C6 on /dev/serial/by-id/usb-Espressif_USB_JTAG_serial_debug_unit_10:BD:A3:B1:47:54-if00:
Chip type:          ESP32-C6FH4 (QFN32) (revision v0.2)
Features:           Wi-Fi 6, BT 5 (LE), IEEE802.15.4, Single Core + LP Core, 160MHz, Embedded Flash 4MB
Crystal frequency:  40MHz
USB mode:           USB-Serial/JTAG
MAC:                10:bd:a3:ff:fe:b1:47:54
BASE MAC:           10:bd:a3:b1:47:54
MAC_EXT:            ff:fe

Uploading stub flasher...
Running stub flasher...
Stub flasher running.
Changing baud rate to 460800...
Changed.

Configuring flash size...

Writing '/home/sahur/orca/workspaces/RouteLoom/v2-stab-b/artifacts/hil/images/review-ep/images/ota_data_initial.bin' at 0x00010000...
Flash will be erased from 0x00010000 to 0x00011fff...
Compressed 8192 bytes to 31...
Writing at 0x00012000 ━━━━━━━━━━━━━━━━━━━━━━━━━━━━━━ 100.0% 31B/31B [0s] 
Wrote 8192 bytes (31 compressed) at 0x00010000 in 0.0 seconds (5095.2 kbit/s).
Verifying written data...
Hash of data verified.

Writing '/home/sahur/orca/workspaces/RouteLoom/v2-stab-b/artifacts/hil/images/review-ep/images/application.bin' at 0x00040000...
Flash will be erased from 0x00040000 to 0x0017cfff...
Compressed 1297536 bytes to 833203...
Writing at 0x0004bf08 ╸                                2.0% 16.00kB/813.67kB [0s] 
Writing at 0x00057c8c ━                                3.9% 32.00kB/813.67kB [0s] 
Writing at 0x0005ed94 ━╸                               5.9% 48.00kB/813.67kB [0s] 
Writing at 0x00067a2a ━━                               7.9% 64.00kB/813.67kB [0s] 
Writing at 0x0006d4fd ━━╸                              9.8% 80.00kB/813.67kB [0s] 
Writing at 0x0007323c ━━━╸                            11.8% 96.00kB/813.67kB [0s] 
Writing at 0x000799fe ━━━━                            13.8% 112.00kB/813.67kB [0s] 
Writing at 0x0007f436 ━━━━╸                           15.7% 128.00kB/813.67kB [0s] 
Writing at 0x0008514b ━━━━━                           17.7% 144.00kB/813.67kB [0s] 
Writing at 0x0008ae24 ━━━━━╸                          19.7% 160.00kB/813.67kB [0s] 
Writing at 0x0009101e ━━━━━━                          21.6% 176.00kB/813.67kB [1s] 
Writing at 0x00096b30 ━━━━━━━                         23.6% 192.00kB/813.67kB [1s] 
Writing at 0x0009c8d3 ━━━━━━━╸                        25.6% 208.00kB/813.67kB [1s] 
Writing at 0x000a25a1 ━━━━━━━━                        27.5% 224.00kB/813.67kB [1s] 
Writing at 0x000a7f83 ━━━━━━━━╸                       29.5% 240.00kB/813.67kB [1s] 
Writing at 0x000adbe1 ━━━━━━━━━                       31.5% 256.00kB/813.67kB [1s] 
Writing at 0x000b3287 ━━━━━━━━━━                      33.4% 272.00kB/813.67kB [1s] 
Writing at 0x000b8b89 ━━━━━━━━━━╸                     35.4% 288.00kB/813.67kB [1s] 
Writing at 0x000be819 ━━━━━━━━━━━                     37.4% 304.00kB/813.67kB [1s] 
Writing at 0x000c44bb ━━━━━━━━━━━╸                    39.3% 320.00kB/813.67kB [1s] 
Writing at 0x000ca4f6 ━━━━━━━━━━━━                    41.3% 336.00kB/813.67kB [1s] 
Writing at 0x000d036b ━━━━━━━━━━━━╸                   43.3% 352.00kB/813.67kB [1s] 
Writing at 0x000d5da0 ━━━━━━━━━━━━━╸                  45.2% 368.00kB/813.67kB [1s] 
Writing at 0x000db85f ━━━━━━━━━━━━━━                  47.2% 384.00kB/813.67kB [1s] 
Writing at 0x000e12d4 ━━━━━━━━━━━━━━╸                 49.2% 400.00kB/813.67kB [1s] 
Writing at 0x000e73de ━━━━━━━━━━━━━━━                 51.1% 416.00kB/813.67kB [1s] 
Writing at 0x000ed7eb ━━━━━━━━━━━━━━━╸                53.1% 432.00kB/813.67kB [1s] 
Writing at 0x000f34fe ━━━━━━━━━━━━━━━━╸               55.1% 448.00kB/813.67kB [1s] 
Writing at 0x000f9208 ━━━━━━━━━━━━━━━━━               57.0% 464.00kB/813.67kB [2s] 
Writing at 0x000ff2ae ━━━━━━━━━━━━━━━━━╸              59.0% 480.00kB/813.67kB [2s] 
Writing at 0x00105b90 ━━━━━━━━━━━━━━━━━━              61.0% 496.00kB/813.67kB [2s] 
Writing at 0x0010b768 ━━━━━━━━━━━━━━━━━━╸             62.9% 512.00kB/813.67kB [2s] 
Writing at 0x0011162e ━━━━━━━━━━━━━━━━━━━             64.9% 528.00kB/813.67kB [2s] 
Writing at 0x00117314 ━━━━━━━━━━━━━━━━━━━━            66.9% 544.00kB/813.67kB [2s] 
Writing at 0x0011ccae ━━━━━━━━━━━━━━━━━━━━╸           68.8% 560.00kB/813.67kB [2s] 
Writing at 0x00122c5a ━━━━━━━━━━━━━━━━━━━━━           70.8% 576.00kB/813.67kB [2s] 
Writing at 0x00129684 ━━━━━━━━━━━━━━━━━━━━━╸          72.8% 592.00kB/813.67kB [2s] 
Writing at 0x0012f6a6 ━━━━━━━━━━━━━━━━━━━━━━          74.7% 608.00kB/813.67kB [2s] 
Writing at 0x0013552f ━━━━━━━━━━━━━━━━━━━━━━━         76.7% 624.00kB/813.67kB [2s] 
Writing at 0x0013b22e ━━━━━━━━━━━━━━━━━━━━━━━╸        78.7% 640.00kB/813.67kB [2s] 
Writing at 0x0014195e ━━━━━━━━━━━━━━━━━━━━━━━━        80.6% 656.00kB/813.67kB [2s] 
Writing at 0x001478cf ━━━━━━━━━━━━━━━━━━━━━━━━╸       82.6% 672.00kB/813.67kB [2s] 
Writing at 0x0014d6b8 ━━━━━━━━━━━━━━━━━━━━━━━━━       84.6% 688.00kB/813.67kB [2s] 
Writing at 0x0015370e ━━━━━━━━━━━━━━━━━━━━━━━━━╸      86.5% 704.00kB/813.67kB [2s] 
Writing at 0x00159457 ━━━━━━━━━━━━━━━━━━━━━━━━━━╸     88.5% 720.00kB/813.67kB [2s] 
Writing at 0x0015e9bd ━━━━━━━━━━━━━━━━━━━━━━━━━━━     90.5% 736.00kB/813.67kB [2s] 
Writing at 0x00164212 ━━━━━━━━━━━━━━━━━━━━━━━━━━━╸    92.4% 752.00kB/813.67kB [2s] 
Writing at 0x0016a2c6 ━━━━━━━━━━━━━━━━━━━━━━━━━━━━    94.4% 768.00kB/813.67kB [3s] 
Writing at 0x0016ff2b ━━━━━━━━━━━━━━━━━━━━━━━━━━━━╸   96.4% 784.00kB/813.67kB [3s] 
Writing at 0x00175c21 ━━━━━━━━━━━━━━━━━━━━━━━━━━━━━   98.3% 800.00kB/813.67kB [3s] 
Writing at 0x0017cc80 ━━━━━━━━━━━━━━━━━━━━━━━━━━━━━━ 100.0% 813.67kB/813.67kB [3s] 
Wrote 1297536 bytes (833203 compressed) at 0x00040000 in 3.3 seconds (3157.8 kbit/s).
Verifying written data...
Hash of data verified.

Staying in bootloader.
