[2026-10-01T01:58:10.294Z] !! capture open /dev/serial/by-id/usb-Espressif_USB_JTAG_serial_debug_unit_10:BD:A3:B1:47:54-if00 @ 115200 backend=pyserial dtr=1 rts=0
[2026-10-01T01:58:10.294Z] I (137) esp_image: segment 1: paddr=0004fe30 vaddr=40800000 size=001e8h (   488) load
[2026-10-01T01:58:10.295Z] I (141) esp_image: segment 2: paddr=00050020 vaddr=42000020 size=39de0h (237024) map
[2026-10-01T01:58:10.339Z] I (185) esp_image: segment 3: paddr=00089e08 vaddr=408001e8 size=12de4h ( 77284) load
[2026-10-01T01:58:10.356Z] I (202) esp_image: segment 4: paddr=0009cbf4 vaddr=40812fd0 size=02b88h ( 11144) load
[2026-10-01T01:58:10.359Z] I (205) esp_image: segment 5: paddr=0009f784 vaddr=50000000 size=00044h (    68) load
[2026-10-01T01:58:10.367Z] I (206) esp_image: segment 6: paddr=0009f7d0 vaddr=5000004c size=00024h (    36) load
[2026-10-01T01:58:10.372Z] I (218) boot: Loaded app from partition at offset 0x40000
[2026-10-01T01:58:10.376Z] I (221) boot: Set actual ota_seq=1 in otadata[0]
[2026-10-01T01:58:10.381Z] I (223) boot: Disabling RNG early entropy source...
[2026-10-01T01:58:10.393Z] I (239) cpu_start: Unicore app
[2026-10-01T01:58:10.402Z] I (249) cpu_start: GPIO 17 and 16 are used as console UART I/O pins
[2026-10-01T01:58:10.402Z] I (249) cpu_start: Pro cpu start user code
[2026-10-01T01:58:10.404Z] I (249) cpu_start: cpu freq: 160000000 Hz
[2026-10-01T01:58:10.408Z] I (251) app_init: Application information:
[2026-10-01T01:58:10.413Z] I (255) app_init: Project name:     routeloom_reference_node
[2026-10-01T01:58:10.417Z] I (260) app_init: App version:      1
[2026-10-01T01:58:10.422Z] I (264) app_init: Compile time:     Sep 30 2026 22:26:21
[2026-10-01T01:58:10.426Z] I (269) app_init: ELF file SHA256:  105a53fe1...
[2026-10-01T01:58:10.430Z] I (273) app_init: ESP-IDF:          v6.0.3
[2026-10-01T01:58:10.434Z] I (277) efuse_init: Min chip rev:     v0.0
[2026-10-01T01:58:10.438Z] I (281) efuse_init: Max chip rev:     v0.99 
[2026-10-01T01:58:10.442Z] I (285) efuse_init: Chip rev:         v0.2
[2026-10-01T01:58:10.448Z] I (289) heap_init: Initializing. RAM available for dynamic allocation:
[2026-10-01T01:58:10.453Z] I (295) heap_init: At 4081D380 len 0005F290 (380 KiB): RAM
[2026-10-01T01:58:10.458Z] I (300) heap_init: At 4087C610 len 00002F54 (11 KiB): RAM
[2026-10-01T01:58:10.464Z] I (305) heap_init: At 50000070 len 00003F78 (15 KiB): RTCRAM
[2026-10-01T01:58:10.467Z] I (311) spi_flash: detected chip: generic
[2026-10-01T01:58:10.470Z] I (314) spi_flash: flash io: dio
[2026-10-01T01:58:10.476Z] I (318) sleep_gpio: Configure to isolate all GPIO pins in sleep state
[2026-10-01T01:58:10.483Z] I (323) sleep_gpio: Enable automatic switching of GPIO sleep configuration
[2026-10-01T01:58:10.495Z] I (339) main_task: Started on CPU0
[2026-10-01T01:58:10.498Z] I (342) main_task: Calling app_main()
[2026-10-01T01:58:10.502Z] I (345) main_task: Returned from app_main()
[2026-10-01T01:58:10.508Z] I (346) rl_flash: image: sdk=0.1.0 layout=PT-4M-v2 storage_epoch=2
[2026-10-01T01:58:10.549Z] I (395) RouteLoomRef: sdkv1 identity: none provisioned
[2026-10-01T01:58:10.549Z] I (395) RouteLoomRef: sdkv1 site: not a member
[2026-10-01T01:58:10.553Z] I (396) RouteLoomRef: sdkv1 revocation: none rs_epoch=0 resume_slots=16
[2026-10-01T01:58:10.557Z] I (400) RouteLoomRef: sdkv1 local_revocation: none
[2026-10-01T01:58:10.561Z] I (404) RouteLoomRef: sdkv1 lifecycle: none
[2026-10-01T01:58:10.573Z] routeloom-maintenance v1 ready
[2026-10-01T01:58:13.412Z] !! capture closed
