$ /home/sahur/.local/bin/esptool --chip esp32c3 --port /dev/serial/by-id/usb-Espressif_USB_JTAG_serial_debug_unit_94:A9:90:7A:B5:60-if00 --baud 460800 --before default-reset --after hard-reset write-flash --flash-mode dio --flash-size 2MB --flash-freq 80m 0x0 artifacts/hil/2026-09-26/images/ref-a-node4-authdiag/build/bootloader/bootloader.bin 0x8000 artifacts/hil/2026-09-26/images/ref-a-node4-authdiag/build/partition_table/partition-table.bin 0x10000 artifacts/hil/2026-09-26/images/ref-a-node4-authdiag/build/routeloom_reference_node.bin
esptool v5.4.0
Serial port /dev/serial/by-id/usb-Espressif_USB_JTAG_serial_debug_unit_94:A9:90:7A:B5:60-if00:
Connecting...
Connected to ESP32-C3 on /dev/serial/by-id/usb-Espressif_USB_JTAG_serial_debug_unit_94:A9:90:7A:B5:60-if00:
Chip type:          ESP32-C3 (QFN32) (revision v0.4)
Features:           Wi-Fi, BT 5 (LE), Single Core, 160MHz, Embedded Flash 4MB (XMC)
Crystal frequency:  40MHz
USB mode:           USB-Serial/JTAG
MAC:                94:a9:90:7a:b5:60

Uploading stub flasher...
Running stub flasher...
Stub flasher running.
Changing baud rate to 460800...
Changed.

Configuring flash size...

Writing 'artifacts/hil/2026-09-26/images/ref-a-node4-authdiag/build/bootloader/bootloader.bin' at 0x00000000...
SHA digest in image updated.
Flash will be erased from 0x00000000 to 0x00005fff...
Compressed 21344 bytes to 13510...
Writing at 0x00005360 ━━━━━━━━━━━━━━━━━━━━━━━━━━━━━━ 100.0% 13.19kB/13.19kB [0s] 
Wrote 21344 bytes (13510 compressed) at 0x00000000 in 0.3 seconds (631.5 kbit/s).
Verifying written data...
Hash of data verified.

Writing 'artifacts/hil/2026-09-26/images/ref-a-node4-authdiag/build/partition_table/partition-table.bin' at 0x00008000...
Flash will be erased from 0x00008000 to 0x00008fff...
Compressed 3072 bytes to 118...
Writing at 0x00008c00 ━━━━━━━━━━━━━━━━━━━━━━━━━━━━━━ 100.0% 118B/118B [0s] 
Wrote 3072 bytes (118 compressed) at 0x00008000 in 0.0 seconds (4162.3 kbit/s).
Verifying written data...
Hash of data verified.

Writing 'artifacts/hil/2026-09-26/images/ref-a-node4-authdiag/build/routeloom_reference_node.bin' at 0x00010000...
Flash will be erased from 0x00010000 to 0x00162fff...
Compressed 1388432 bytes to 820291...
Writing at 0x0001c554 ╸                                2.0% 16.00kB/801.07kB [0s] 
Writing at 0x00027f91 ━                                4.0% 32.00kB/801.07kB [0s] 
Writing at 0x0002f06f ━╸                               6.0% 48.00kB/801.07kB [1s] 
Writing at 0x00038d68 ━━                               8.0% 64.00kB/801.07kB [1s] 
Writing at 0x0003f17b ━━╸                             10.0% 80.00kB/801.07kB [2s] 
Writing at 0x00045f28 ━━━╸                            12.0% 96.00kB/801.07kB [2s] 
Writing at 0x0004cde0 ━━━━                            14.0% 112.00kB/801.07kB [3s] 
Writing at 0x00053b97 ━━━━╸                           16.0% 128.00kB/801.07kB [3s] 
Writing at 0x0005a6b6 ━━━━━                           18.0% 144.00kB/801.07kB [4s] 
Writing at 0x000610cd ━━━━━╸                          20.0% 160.00kB/801.07kB [5s] 
Writing at 0x00067601 ━━━━━━╸                         22.0% 176.00kB/801.07kB [5s] 
Writing at 0x0006e4c8 ━━━━━━━                         24.0% 192.00kB/801.07kB [5s] 
Writing at 0x00074d20 ━━━━━━━╸                        26.0% 208.00kB/801.07kB [5s] 
Writing at 0x0007ba6a ━━━━━━━━                        28.0% 224.00kB/801.07kB [5s] 
Writing at 0x000820d2 ━━━━━━━━╸                       30.0% 240.00kB/801.07kB [6s] 
Writing at 0x000889dd ━━━━━━━━━╸                      32.0% 256.00kB/801.07kB [6s] 
Writing at 0x0008f1c9 ━━━━━━━━━━                      34.0% 272.00kB/801.07kB [6s] 
Writing at 0x00095974 ━━━━━━━━━━╸                     36.0% 288.00kB/801.07kB [6s] 
Writing at 0x0009c36e ━━━━━━━━━━━                     37.9% 304.00kB/801.07kB [6s] 
Writing at 0x000a2c41 ━━━━━━━━━━━╸                    39.9% 320.00kB/801.07kB [6s] 
Writing at 0x000a9279 ━━━━━━━━━━━━╸                   41.9% 336.00kB/801.07kB [6s] 
Writing at 0x000afe89 ━━━━━━━━━━━━━                   43.9% 352.00kB/801.07kB [6s] 
Writing at 0x000b68b5 ━━━━━━━━━━━━━╸                  45.9% 368.00kB/801.07kB [6s] 
Writing at 0x000bd1c1 ━━━━━━━━━━━━━━                  47.9% 384.00kB/801.07kB [6s] 
Writing at 0x000c4634 ━━━━━━━━━━━━━━╸                 49.9% 400.00kB/801.07kB [6s] 
Writing at 0x000cb84d ━━━━━━━━━━━━━━━╸                51.9% 416.00kB/801.07kB [7s] 
Writing at 0x000d2964 ━━━━━━━━━━━━━━━━                53.9% 432.00kB/801.07kB [7s] 
Writing at 0x000d8ec0 ━━━━━━━━━━━━━━━━╸               55.9% 448.00kB/801.07kB [7s] 
Writing at 0x000ded46 ━━━━━━━━━━━━━━━━━               57.9% 464.00kB/801.07kB [7s] 
Writing at 0x000e492c ━━━━━━━━━━━━━━━━━╸              59.9% 480.00kB/801.07kB [7s] 
Writing at 0x000ea402 ━━━━━━━━━━━━━━━━━━╸             61.9% 496.00kB/801.07kB [7s] 
Writing at 0x000f0033 ━━━━━━━━━━━━━━━━━━━             63.9% 512.00kB/801.07kB [7s] 
Writing at 0x000f60e6 ━━━━━━━━━━━━━━━━━━━╸            65.9% 528.00kB/801.07kB [7s] 
Writing at 0x000fc906 ━━━━━━━━━━━━━━━━━━━━            67.9% 544.00kB/801.07kB [7s] 
Writing at 0x001026fe ━━━━━━━━━━━━━━━━━━━━╸           69.9% 560.00kB/801.07kB [7s] 
Writing at 0x00108206 ━━━━━━━━━━━━━━━━━━━━━╸          71.9% 576.00kB/801.07kB [8s] 
Writing at 0x0010e984 ━━━━━━━━━━━━━━━━━━━━━━          73.9% 592.00kB/801.07kB [8s] 
Writing at 0x00114aec ━━━━━━━━━━━━━━━━━━━━━━╸         75.9% 608.00kB/801.07kB [8s] 
Writing at 0x0011accd ━━━━━━━━━━━━━━━━━━━━━━━         77.9% 624.00kB/801.07kB [8s] 
Writing at 0x00120c7b ━━━━━━━━━━━━━━━━━━━━━━━╸        79.9% 640.00kB/801.07kB [8s] 
Writing at 0x001277c1 ━━━━━━━━━━━━━━━━━━━━━━━━╸       81.9% 656.00kB/801.07kB [8s] 
Writing at 0x0012e625 ━━━━━━━━━━━━━━━━━━━━━━━━━       83.9% 672.00kB/801.07kB [8s] 
Writing at 0x001352da ━━━━━━━━━━━━━━━━━━━━━━━━━╸      85.9% 688.00kB/801.07kB [8s] 
Writing at 0x0013bbb4 ━━━━━━━━━━━━━━━━━━━━━━━━━━      87.9% 704.00kB/801.07kB [8s] 
Writing at 0x00141e1b ━━━━━━━━━━━━━━━━━━━━━━━━━━╸     89.9% 720.00kB/801.07kB [8s] 
Writing at 0x0014812c ━━━━━━━━━━━━━━━━━━━━━━━━━━━╸    91.9% 736.00kB/801.07kB [8s] 
Writing at 0x0014e054 ━━━━━━━━━━━━━━━━━━━━━━━━━━━━    93.9% 752.00kB/801.07kB [9s] 
Writing at 0x00153c5f ━━━━━━━━━━━━━━━━━━━━━━━━━━━━╸   95.9% 768.00kB/801.07kB [9s] 
Writing at 0x0015b0bb ━━━━━━━━━━━━━━━━━━━━━━━━━━━━━   97.9% 784.00kB/801.07kB [9s] 
Writing at 0x00160eb1 ━━━━━━━━━━━━━━━━━━━━━━━━━━━━━╸  99.9% 800.00kB/801.07kB [9s] 
Writing at 0x00162f90 ━━━━━━━━━━━━━━━━━━━━━━━━━━━━━━ 100.0% 801.07kB/801.07kB [9s] 
Wrote 1388432 bytes (820291 compressed) at 0x00010000 in 9.5 seconds (1172.6 kbit/s).
Verifying written data...
Hash of data verified.

Hard resetting via RTS pin...
