/home/sahur/.local/bin/esptool --chip esp32c3 --port /dev/serial/by-id/usb-Espressif_USB_JTAG_serial_debug_unit_94:A9:90:7A:26:AC-if00 -b 460800 --after no-reset write-flash --flash-mode keep --flash-freq keep --flash-size keep 0x10000 /home/sahur/orca/workspaces/RouteLoom/v2-h0/artifacts/hil/images/h0-bridge-c3-devram-obs/images/ota_data_initial.bin 0x40000 /home/sahur/orca/workspaces/RouteLoom/v2-h0/artifacts/hil/images/h0-bridge-c3-devram-obs/images/application.bin
esptool v5.4.0
Serial port /dev/serial/by-id/usb-Espressif_USB_JTAG_serial_debug_unit_94:A9:90:7A:26:AC-if00:
Connecting...
Connected to ESP32-C3 on /dev/serial/by-id/usb-Espressif_USB_JTAG_serial_debug_unit_94:A9:90:7A:26:AC-if00:
Chip type:          ESP32-C3 (QFN32) (revision v0.4)
Features:           Wi-Fi, BT 5 (LE), Single Core, 160MHz, Embedded Flash 4MB (XMC)
Crystal frequency:  40MHz
USB mode:           USB-Serial/JTAG
MAC:                94:a9:90:7a:26:ac

Uploading stub flasher...
Running stub flasher...
Stub flasher running.
Changing baud rate to 460800...
Changed.

Configuring flash size...

Writing '/home/sahur/orca/workspaces/RouteLoom/v2-h0/artifacts/hil/images/h0-bridge-c3-devram-obs/images/ota_data_initial.bin' at 0x00010000...
Flash will be erased from 0x00010000 to 0x00011fff...
Compressed 8192 bytes to 31...
Writing at 0x00012000 ━━━━━━━━━━━━━━━━━━━━━━━━━━━━━━ 100.0% 31B/31B [0s] 
Wrote 8192 bytes (31 compressed) at 0x00010000 in 0.1 seconds (1086.2 kbit/s).
Verifying written data...
Hash of data verified.

Writing '/home/sahur/orca/workspaces/RouteLoom/v2-h0/artifacts/hil/images/h0-bridge-c3-devram-obs/images/application.bin' at 0x00040000...
Flash will be erased from 0x00040000 to 0x0018dfff...
Compressed 1367008 bytes to 807333...
Writing at 0x0004c3f9 ╸                                2.0% 16.00kB/788.41kB [0s] 
Writing at 0x0005829d ━                                4.1% 32.00kB/788.41kB [0s] 
Writing at 0x0005f300 ━╸                               6.1% 48.00kB/788.41kB [1s] 
Writing at 0x000684bf ━━                               8.1% 64.00kB/788.41kB [1s] 
Writing at 0x0006eaf2 ━━━                             10.1% 80.00kB/788.41kB [2s] 
Writing at 0x00075869 ━━━╸                            12.2% 96.00kB/788.41kB [2s] 
Writing at 0x0007c834 ━━━━                            14.2% 112.00kB/788.41kB [3s] 
Writing at 0x00083395 ━━━━╸                           16.2% 128.00kB/788.41kB [4s] 
Writing at 0x00089c4d ━━━━━                           18.3% 144.00kB/788.41kB [4s] 
Writing at 0x0009081e ━━━━━━                          20.3% 160.00kB/788.41kB [5s] 
Writing at 0x0009753b ━━━━━━╸                         22.3% 176.00kB/788.41kB [5s] 
Writing at 0x0009e12f ━━━━━━━                         24.4% 192.00kB/788.41kB [5s] 
Writing at 0x000a4752 ━━━━━━━╸                        26.4% 208.00kB/788.41kB [5s] 
Writing at 0x000ab178 ━━━━━━━━╸                       28.4% 224.00kB/788.41kB [5s] 
Writing at 0x000b1c00 ━━━━━━━━━                       30.4% 240.00kB/788.41kB [6s] 
Writing at 0x000b8425 ━━━━━━━━━╸                      32.5% 256.00kB/788.41kB [6s] 
Writing at 0x000becf0 ━━━━━━━━━━                      34.5% 272.00kB/788.41kB [6s] 
Writing at 0x000c5222 ━━━━━━━━━━╸                     36.5% 288.00kB/788.41kB [6s] 
Writing at 0x000cbb82 ━━━━━━━━━━━╸                    38.6% 304.00kB/788.41kB [6s] 
Writing at 0x000d244a ━━━━━━━━━━━━                    40.6% 320.00kB/788.41kB [6s] 
Writing at 0x000d8bd2 ━━━━━━━━━━━━╸                   42.6% 336.00kB/788.41kB [6s] 
Writing at 0x000df395 ━━━━━━━━━━━━━                   44.6% 352.00kB/788.41kB [6s] 
Writing at 0x000e5d55 ━━━━━━━━━━━━━━                  46.7% 368.00kB/788.41kB [7s] 
Writing at 0x000ec8c3 ━━━━━━━━━━━━━━╸                 48.7% 384.00kB/788.41kB [7s] 
Writing at 0x000f326d ━━━━━━━━━━━━━━━                 50.7% 400.00kB/788.41kB [7s] 
Writing at 0x000fa2cd ━━━━━━━━━━━━━━━╸                52.8% 416.00kB/788.41kB [7s] 
Writing at 0x0010099c ━━━━━━━━━━━━━━━━                54.8% 432.00kB/788.41kB [7s] 
Writing at 0x00107082 ━━━━━━━━━━━━━━━━━               56.8% 448.00kB/788.41kB [7s] 
Writing at 0x0010df4a ━━━━━━━━━━━━━━━━━╸              58.9% 464.00kB/788.41kB [7s] 
Writing at 0x001155dc ━━━━━━━━━━━━━━━━━━              60.9% 480.00kB/788.41kB [7s] 
Writing at 0x0011c2ee ━━━━━━━━━━━━━━━━━━╸             62.9% 496.00kB/788.41kB [7s] 
Writing at 0x00123172 ━━━━━━━━━━━━━━━━━━━             64.9% 512.00kB/788.41kB [7s] 
Writing at 0x00128e8d ━━━━━━━━━━━━━━━━━━━━            67.0% 528.00kB/788.41kB [8s] 
Writing at 0x0012ed60 ━━━━━━━━━━━━━━━━━━━━╸           69.0% 544.00kB/788.41kB [8s] 
Writing at 0x001348fb ━━━━━━━━━━━━━━━━━━━━━           71.0% 560.00kB/788.41kB [8s] 
Writing at 0x0013a146 ━━━━━━━━━━━━━━━━━━━━━╸          73.1% 576.00kB/788.41kB [8s] 
Writing at 0x0013fedc ━━━━━━━━━━━━━━━━━━━━━━╸         75.1% 592.00kB/788.41kB [8s] 
Writing at 0x00146b02 ━━━━━━━━━━━━━━━━━━━━━━━         77.1% 608.00kB/788.41kB [8s] 
Writing at 0x0014c963 ━━━━━━━━━━━━━━━━━━━━━━━╸        79.1% 624.00kB/788.41kB [8s] 
Writing at 0x00152883 ━━━━━━━━━━━━━━━━━━━━━━━━        81.2% 640.00kB/788.41kB [8s] 
Writing at 0x00158cb0 ━━━━━━━━━━━━━━━━━━━━━━━━╸       83.2% 656.00kB/788.41kB [8s] 
Writing at 0x0015ee9e ━━━━━━━━━━━━━━━━━━━━━━━━━╸      85.2% 672.00kB/788.41kB [8s] 
Writing at 0x00164d2f ━━━━━━━━━━━━━━━━━━━━━━━━━━      87.3% 688.00kB/788.41kB [8s] 
Writing at 0x0016b331 ━━━━━━━━━━━━━━━━━━━━━━━━━━╸     89.3% 704.00kB/788.41kB [9s] 
Writing at 0x001716fd ━━━━━━━━━━━━━━━━━━━━━━━━━━━     91.3% 720.00kB/788.41kB [9s] 
Writing at 0x0017799a ━━━━━━━━━━━━━━━━━━━━━━━━━━━━    93.4% 736.00kB/788.41kB [9s] 
Writing at 0x0017cef1 ━━━━━━━━━━━━━━━━━━━━━━━━━━━━╸   95.4% 752.00kB/788.41kB [9s] 
Writing at 0x00182c39 ━━━━━━━━━━━━━━━━━━━━━━━━━━━━━   97.4% 768.00kB/788.41kB [9s] 
Writing at 0x0018a04f ━━━━━━━━━━━━━━━━━━━━━━━━━━━━━╸  99.4% 784.00kB/788.41kB [9s] 
Writing at 0x0018dbe0 ━━━━━━━━━━━━━━━━━━━━━━━━━━━━━━ 100.0% 788.41kB/788.41kB [9s] 
Wrote 1367008 bytes (807333 compressed) at 0x00040000 in 9.7 seconds (1132.5 kbit/s).
Verifying written data...
Hash of data verified.

Staying in bootloader.
