$ /home/sahur/.local/bin/esptool --chip esp32c3 --port /dev/serial/by-id/usb-Espressif_USB_JTAG_serial_debug_unit_94:A9:90:7A:B5:60-if00 --baud 460800 --before default-reset --after hard-reset write-flash --flash-mode dio --flash-size 2MB --flash-freq 80m 0x10000 artifacts/hil/2026-09-26/images/ref-a-c3-devram-r7-node2/build/routeloom_reference_node.bin
esptool v5.4.0
Serial port /dev/serial/by-id/usb-Espressif_USB_JTAG_serial_debug_unit_94:A9:90:7A:B5:60-if00:
Connecting...
Connected to ESP32-C3 on /dev/serial/by-id/usb-Espressif_USB_JTAG_serial_debug_unit_94:A9:90:7A:B5:60-if00:
Chip type:          ESP32-C3 (QFN32) (revision v0.4)
Features:           Wi-Fi, BT 5 (LE), Single Core, 160MHz, Embedded Flash 4MB (XMC)
Crystal frequency:  40MHz
USB mode:           USB-Serial/JTAG
MAC:                94:a9:90:7a:b5:60

Uploading stub flasher...
Running stub flasher...
Stub flasher running.
Changing baud rate to 460800...
Changed.

Configuring flash size...
Flash will be erased from 0x00010000 to 0x00164fff...
Compressed 1394976 bytes to 823526...
Writing at 0x0001c52b ╸                                2.0% 16.00kB/804.22kB [0s] 
Writing at 0x00027f2d ━                                4.0% 32.00kB/804.22kB [0s] 
Writing at 0x0002f00b ━╸                               6.0% 48.00kB/804.22kB [1s] 
Writing at 0x00038dc0 ━━                               8.0% 64.00kB/804.22kB [1s] 
Writing at 0x0003f224 ━━╸                              9.9% 80.00kB/804.22kB [2s] 
Writing at 0x00045efc ━━━╸                            11.9% 96.00kB/804.22kB [2s] 
Writing at 0x0004ce7d ━━━━                            13.9% 112.00kB/804.22kB [3s] 
Writing at 0x00053c8d ━━━━╸                           15.9% 128.00kB/804.22kB [3s] 
Writing at 0x0005a7ea ━━━━━                           17.9% 144.00kB/804.22kB [4s] 
Writing at 0x000614a1 ━━━━━╸                          19.9% 160.00kB/804.22kB [5s] 
Writing at 0x0006796a ━━━━━━╸                         21.9% 176.00kB/804.22kB [5s] 
Writing at 0x0006e7c5 ━━━━━━━                         23.9% 192.00kB/804.22kB [5s] 
Writing at 0x00074f98 ━━━━━━━╸                        25.9% 208.00kB/804.22kB [5s] 
Writing at 0x0007be84 ━━━━━━━━                        27.9% 224.00kB/804.22kB [5s] 
Writing at 0x0008256b ━━━━━━━━╸                       29.8% 240.00kB/804.22kB [6s] 
Writing at 0x00088e56 ━━━━━━━━━╸                      31.8% 256.00kB/804.22kB [6s] 
Writing at 0x0008f508 ━━━━━━━━━━                      33.8% 272.00kB/804.22kB [6s] 
Writing at 0x00095c6b ━━━━━━━━━━╸                     35.8% 288.00kB/804.22kB [6s] 
Writing at 0x0009c732 ━━━━━━━━━━━                     37.8% 304.00kB/804.22kB [6s] 
Writing at 0x000a30c2 ━━━━━━━━━━━╸                    39.8% 320.00kB/804.22kB [6s] 
Writing at 0x000a972c ━━━━━━━━━━━━╸                   41.8% 336.00kB/804.22kB [6s] 
Writing at 0x000b0501 ━━━━━━━━━━━━━                   43.8% 352.00kB/804.22kB [6s] 
Writing at 0x000b6e95 ━━━━━━━━━━━━━╸                  45.8% 368.00kB/804.22kB [6s] 
Writing at 0x000bd4c0 ━━━━━━━━━━━━━━                  47.7% 384.00kB/804.22kB [6s] 
Writing at 0x000c43b6 ━━━━━━━━━━━━━━╸                 49.7% 400.00kB/804.22kB [7s] 
Writing at 0x000cbaea ━━━━━━━━━━━━━━━╸                51.7% 416.00kB/804.22kB [7s] 
Writing at 0x000d2796 ━━━━━━━━━━━━━━━━                53.7% 432.00kB/804.22kB [7s] 
Writing at 0x000d962e ━━━━━━━━━━━━━━━━╸               55.7% 448.00kB/804.22kB [7s] 
Writing at 0x000df3f6 ━━━━━━━━━━━━━━━━━               57.7% 464.00kB/804.22kB [7s] 
Writing at 0x000e4f92 ━━━━━━━━━━━━━━━━━╸              59.7% 480.00kB/804.22kB [7s] 
Writing at 0x000eab8c ━━━━━━━━━━━━━━━━━━╸             61.7% 496.00kB/804.22kB [7s] 
Writing at 0x000f0671 ━━━━━━━━━━━━━━━━━━━             63.7% 512.00kB/804.22kB [7s] 
Writing at 0x000f65e8 ━━━━━━━━━━━━━━━━━━━╸            65.7% 528.00kB/804.22kB [7s] 
Writing at 0x000fcf77 ━━━━━━━━━━━━━━━━━━━━            67.6% 544.00kB/804.22kB [7s] 
Writing at 0x00102cfa ━━━━━━━━━━━━━━━━━━━━╸           69.6% 560.00kB/804.22kB [8s] 
Writing at 0x00108a35 ━━━━━━━━━━━━━━━━━━━━━           71.6% 576.00kB/804.22kB [8s] 
Writing at 0x0010ed1a ━━━━━━━━━━━━━━━━━━━━━━          73.6% 592.00kB/804.22kB [8s] 
Writing at 0x00115248 ━━━━━━━━━━━━━━━━━━━━━━╸         75.6% 608.00kB/804.22kB [8s] 
Writing at 0x0011b4d8 ━━━━━━━━━━━━━━━━━━━━━━━         77.6% 624.00kB/804.22kB [8s] 
Writing at 0x00121370 ━━━━━━━━━━━━━━━━━━━━━━━╸        79.6% 640.00kB/804.22kB [8s] 
Writing at 0x00127b93 ━━━━━━━━━━━━━━━━━━━━━━━━        81.6% 656.00kB/804.22kB [8s] 
Writing at 0x0012e85d ━━━━━━━━━━━━━━━━━━━━━━━━━       83.6% 672.00kB/804.22kB [8s] 
Writing at 0x00135634 ━━━━━━━━━━━━━━━━━━━━━━━━━╸      85.5% 688.00kB/804.22kB [8s] 
Writing at 0x0013c068 ━━━━━━━━━━━━━━━━━━━━━━━━━━      87.5% 704.00kB/804.22kB [8s] 
Writing at 0x00142438 ━━━━━━━━━━━━━━━━━━━━━━━━━━╸     89.5% 720.00kB/804.22kB [8s] 
Writing at 0x001486fc ━━━━━━━━━━━━━━━━━━━━━━━━━━━     91.5% 736.00kB/804.22kB [9s] 
Writing at 0x0014e810 ━━━━━━━━━━━━━━━━━━━━━━━━━━━━    93.5% 752.00kB/804.22kB [9s] 
Writing at 0x00153fe8 ━━━━━━━━━━━━━━━━━━━━━━━━━━━━╸   95.5% 768.00kB/804.22kB [9s] 
Writing at 0x0015b4ae ━━━━━━━━━━━━━━━━━━━━━━━━━━━━━   97.5% 784.00kB/804.22kB [9s] 
Writing at 0x001611e8 ━━━━━━━━━━━━━━━━━━━━━━━━━━━━━╸  99.5% 800.00kB/804.22kB [9s] 
Writing at 0x00164920 ━━━━━━━━━━━━━━━━━━━━━━━━━━━━━━ 100.0% 804.22kB/804.22kB [9s] 
Wrote 1394976 bytes (823526 compressed) at 0x00010000 in 9.6 seconds (1159.8 kbit/s).
Verifying written data...
Hash of data verified.

Hard resetting via RTS pin...
