/home/sahur/.local/bin/esptool --chip esp32c6 --port /dev/serial/by-id/usb-Espressif_USB_JTAG_serial_debug_unit_10:BD:A3:B1:47:54-if00 -b 460800 --after no-reset write-flash --flash-mode keep --flash-freq keep --flash-size keep 0x10000 /home/sahur/orca/workspaces/RouteLoom/v2-h0/artifacts/hil/images/h0-bridge-c6-member/images/ota_data_initial.bin 0x40000 /home/sahur/orca/workspaces/RouteLoom/v2-h0/artifacts/hil/images/h0-bridge-c6-member/images/application.bin
esptool v5.4.0
Serial port /dev/serial/by-id/usb-Espressif_USB_JTAG_serial_debug_unit_10:BD:A3:B1:47:54-if00:
Connecting...
Connected to ESP32-C6 on /dev/serial/by-id/usb-Espressif_USB_JTAG_serial_debug_unit_10:BD:A3:B1:47:54-if00:
Chip type:          ESP32-C6FH4 (QFN32) (revision v0.2)
Features:           Wi-Fi 6, BT 5 (LE), IEEE802.15.4, Single Core + LP Core, 160MHz, Embedded Flash 4MB
Crystal frequency:  40MHz
USB mode:           USB-Serial/JTAG
MAC:                10:bd:a3:ff:fe:b1:47:54
BASE MAC:           10:bd:a3:b1:47:54
MAC_EXT:            ff:fe

Uploading stub flasher...
Running stub flasher...
Stub flasher running.
Changing baud rate to 460800...
Changed.

Configuring flash size...

Writing '/home/sahur/orca/workspaces/RouteLoom/v2-h0/artifacts/hil/images/h0-bridge-c6-member/images/ota_data_initial.bin' at 0x00010000...
Flash will be erased from 0x00010000 to 0x00011fff...
Compressed 8192 bytes to 31...
Writing at 0x00012000 ━━━━━━━━━━━━━━━━━━━━━━━━━━━━━━ 100.0% 31B/31B [0s] 
Wrote 8192 bytes (31 compressed) at 0x00010000 in 0.0 seconds (5950.0 kbit/s).
Verifying written data...
Hash of data verified.

Writing '/home/sahur/orca/workspaces/RouteLoom/v2-h0/artifacts/hil/images/h0-bridge-c6-member/images/application.bin' at 0x00040000...
Flash will be erased from 0x00040000 to 0x001aefff...
Compressed 1501952 bytes to 886274...
Writing at 0x0004c248 ╸                                1.8% 16.00kB/865.50kB [0s] 
Writing at 0x000588b6 ━                                3.7% 32.00kB/865.50kB [0s] 
Writing at 0x0005f9da ━╸                               5.5% 48.00kB/865.50kB [0s] 
Writing at 0x00069014 ━━                               7.4% 64.00kB/865.50kB [0s] 
Writing at 0x0006f460 ━━╸                              9.2% 80.00kB/865.50kB [0s] 
Writing at 0x000760d0 ━━━                             11.1% 96.00kB/865.50kB [0s] 
Writing at 0x0007d7ad ━━━╸                            12.9% 112.00kB/865.50kB [0s] 
Writing at 0x00084551 ━━━━                            14.8% 128.00kB/865.50kB [0s] 
Writing at 0x0008ae6d ━━━━╸                           16.6% 144.00kB/865.50kB [1s] 
Writing at 0x00091ee4 ━━━━━╸                          18.5% 160.00kB/865.50kB [1s] 
Writing at 0x000986d0 ━━━━━━                          20.3% 176.00kB/865.50kB [1s] 
Writing at 0x0009f7d0 ━━━━━━╸                         22.2% 192.00kB/865.50kB [1s] 
Writing at 0x000a6505 ━━━━━━━                         24.0% 208.00kB/865.50kB [1s] 
Writing at 0x000aca31 ━━━━━━━╸                        25.9% 224.00kB/865.50kB [1s] 
Writing at 0x000b36f8 ━━━━━━━━                        27.7% 240.00kB/865.50kB [1s] 
Writing at 0x000b9a11 ━━━━━━━━╸                       29.6% 256.00kB/865.50kB [1s] 
Writing at 0x000c048e ━━━━━━━━━                       31.4% 272.00kB/865.50kB [1s] 
Writing at 0x000c6b2e ━━━━━━━━━╸                      33.3% 288.00kB/865.50kB [1s] 
Writing at 0x000cd537 ━━━━━━━━━━╸                     35.1% 304.00kB/865.50kB [1s] 
Writing at 0x000d3d68 ━━━━━━━━━━━                     37.0% 320.00kB/865.50kB [1s] 
Writing at 0x000da80c ━━━━━━━━━━━╸                    38.8% 336.00kB/865.50kB [1s] 
Writing at 0x000e11da ━━━━━━━━━━━━                    40.7% 352.00kB/865.50kB [1s] 
Writing at 0x000e7925 ━━━━━━━━━━━━╸                   42.5% 368.00kB/865.50kB [1s] 
Writing at 0x000ee765 ━━━━━━━━━━━━━                   44.4% 384.00kB/865.50kB [1s] 
Writing at 0x000f55fa ━━━━━━━━━━━━━╸                  46.2% 400.00kB/865.50kB [2s] 
Writing at 0x000fc205 ━━━━━━━━━━━━━━                  48.1% 416.00kB/865.50kB [2s] 
Writing at 0x00103152 ━━━━━━━━━━━━━━╸                 49.9% 432.00kB/865.50kB [2s] 
Writing at 0x0010a378 ━━━━━━━━━━━━━━━╸                51.8% 448.00kB/865.50kB [2s] 
Writing at 0x00110b6e ━━━━━━━━━━━━━━━━                53.6% 464.00kB/865.50kB [2s] 
Writing at 0x001172bc ━━━━━━━━━━━━━━━━╸               55.5% 480.00kB/865.50kB [2s] 
Writing at 0x0011e5d4 ━━━━━━━━━━━━━━━━━               57.3% 496.00kB/865.50kB [2s] 
Writing at 0x00126053 ━━━━━━━━━━━━━━━━━╸              59.2% 512.00kB/865.50kB [2s] 
Writing at 0x0012cf15 ━━━━━━━━━━━━━━━━━━              61.0% 528.00kB/865.50kB [2s] 
Writing at 0x00132ede ━━━━━━━━━━━━━━━━━━╸             62.9% 544.00kB/865.50kB [2s] 
Writing at 0x00138e3a ━━━━━━━━━━━━━━━━━━━             64.7% 560.00kB/865.50kB [2s] 
Writing at 0x0013eb5e ━━━━━━━━━━━━━━━━━━━╸            66.6% 576.00kB/865.50kB [2s] 
Writing at 0x001446a0 ━━━━━━━━━━━━━━━━━━━━╸           68.4% 592.00kB/865.50kB [2s] 
Writing at 0x0014a44a ━━━━━━━━━━━━━━━━━━━━━           70.2% 608.00kB/865.50kB [2s] 
Writing at 0x001502bb ━━━━━━━━━━━━━━━━━━━━━╸          72.1% 624.00kB/865.50kB [2s] 
Writing at 0x0015700d ━━━━━━━━━━━━━━━━━━━━━━          73.9% 640.00kB/865.50kB [2s] 
Writing at 0x0015cc6a ━━━━━━━━━━━━━━━━━━━━━━╸         75.8% 656.00kB/865.50kB [3s] 
Writing at 0x0016287b ━━━━━━━━━━━━━━━━━━━━━━━         77.6% 672.00kB/865.50kB [3s] 
Writing at 0x00168f2a ━━━━━━━━━━━━━━━━━━━━━━━╸        79.5% 688.00kB/865.50kB [3s] 
Writing at 0x0016f14a ━━━━━━━━━━━━━━━━━━━━━━━━        81.3% 704.00kB/865.50kB [3s] 
Writing at 0x00175020 ━━━━━━━━━━━━━━━━━━━━━━━━╸       83.2% 720.00kB/865.50kB [3s] 
Writing at 0x0017ac00 ━━━━━━━━━━━━━━━━━━━━━━━━━╸      85.0% 736.00kB/865.50kB [3s] 
Writing at 0x00180f57 ━━━━━━━━━━━━━━━━━━━━━━━━━━      86.9% 752.00kB/865.50kB [3s] 
Writing at 0x001871e4 ━━━━━━━━━━━━━━━━━━━━━━━━━━╸     88.7% 768.00kB/865.50kB [3s] 
Writing at 0x0018d6ee ━━━━━━━━━━━━━━━━━━━━━━━━━━━     90.6% 784.00kB/865.50kB [3s] 
Writing at 0x00192c7f ━━━━━━━━━━━━━━━━━━━━━━━━━━━╸    92.4% 800.00kB/865.50kB [3s] 
Writing at 0x00198576 ━━━━━━━━━━━━━━━━━━━━━━━━━━━━    94.3% 816.00kB/865.50kB [3s] 
Writing at 0x0019fac8 ━━━━━━━━━━━━━━━━━━━━━━━━━━━━╸   96.1% 832.00kB/865.50kB [3s] 
Writing at 0x001a5f79 ━━━━━━━━━━━━━━━━━━━━━━━━━━━━━   98.0% 848.00kB/865.50kB [3s] 
Writing at 0x001adddb ━━━━━━━━━━━━━━━━━━━━━━━━━━━━━╸  99.8% 864.00kB/865.50kB [3s] 
Writing at 0x001aeb00 ━━━━━━━━━━━━━━━━━━━━━━━━━━━━━━ 100.0% 865.50kB/865.50kB [3s] 
Wrote 1501952 bytes (886274 compressed) at 0x00040000 in 3.9 seconds (3065.9 kbit/s).
Verifying written data...
Hash of data verified.

Staying in bootloader.
