   Compiling routeloomctl v0.1.0 (/home/sahur/orca/workspaces/RouteLoom/hil-bench/host/routeloomctl)
   Compiling routeloom-host v0.1.0 (/home/sahur/orca/workspaces/RouteLoom/hil-bench/host/routeloom-host)
    Finished `test` profile [unoptimized + debuginfo] target(s) in 1.32s
     Running unittests src/main.rs (target/debug/deps/routeloom_host-fa3a818c0c9b0427)

running 488 tests
test acl::tests::default_denies_everything ... ok
test acl::tests::network_hex_normalizes_and_ranges ... ok
test acl::tests::loads_and_permits ... ok
test acl::tests::principal_keys_must_be_canonical_decimal ... ok
test acl::tests::rejects_bad_documents ... ok
test api1::tests::capabilities_get_rejects_params ... ok
test api1::tests::capabilities_reports_honest_set ... ok
test api1::tests::config_challenge_submits_a_pending_op ... ok
test api1::tests::config_outcome_json_reports_honest_states ... ok
test api1::tests::config_get_has_no_existence_oracle ... ok
test api1::tests::closed_epoch_rejects_new_keys_but_replays_known ... ok
test api1::tests::config_namespace_must_be_registered ... ok
test api1::tests::capabilities_advertise_group_delivery ... ok
test api1::tests::config_params_are_validated ... ok
test api1::tests::config_propose_submits_a_pending_op ... ok
test api1::tests::config_propose_without_authority_is_an_honest_refusal ... ok
test api1::tests::config_verbs_reject_reserved_target_ids ... ok
test api1::tests::envelope_validation ... ok
test api1::tests::config_patch_must_be_wire_encodable ... ok
test api1::tests::config_verbs_require_config_grant_not_send ... ok
test api1::tests::forged_cursor_on_absent_network_is_invalid ... ok
test api1::tests::cursor_flow_and_errors ... ok
test api1::tests::gateway_acl_is_enforced ... ok
test api1::tests::config_recover_validates_mode_and_baseline ... ok
test api1::tests::gateway_submit_denied_before_registration_state_can_leak ... ok
test api1::tests::gateway_get_hides_node_and_foreign_ops ... ok
test api1::tests::gateway_resolve_reports_the_live_binding ... ok
test api1::tests::gateway_submit_without_registration_is_retryable_unavailable ... ok
test api1::tests::messages_read_empty_is_normal ... ok
test api1::tests::get_and_cancel_are_not_existence_oracles ... ok
test api1::tests::messages_read_requires_acl_grant ... ok
test api1::tests::messages_read_param_validation ... ok
test api1::tests::parse_config_op_requires_the_canonical_token ... ok
test api1::tests::group_send_live_gateway_gates ... ok
test api1::tests::gateway_submit_binds_schema2_and_get_reports_it ... ok
test api1::tests::op_status_reflects_dispatch_evidence ... ok
test api1::tests::open_epoch_binds_and_requires_send ... ok
test api1::tests::request_body_bound_counts_the_whole_line ... ok
test api1::tests::admission_rate_limit_scopes_and_recovers ... ok
test api1::tests::request_id_must_be_printable_ascii ... ok
test api1::tests::operations_cancel_lifecycle ... ok
test api1::tests::group_send_admits_replays_and_get_follows_the_lane ... ok
test api1::tests::u16_field_parses_decimal_unless_0x_prefixed ... ok
test api1::tests::submit_requires_open_epoch_and_send_grant ... ok
test api1::tests::nodes_list_and_get_shapes ... ok
test api1::tests::query_needs_read_operation_and_is_network_scoped ... ok
test canonical::tests::canonical_is_order_and_case_independent ... ok
test api1::tests::unknown_method_rejected ... ok
test api1::tests::trust_verbs_submit_without_an_authority ... ok
test canonical::tests::operation_id_roundtrips_and_rejects_reserved ... ok
test canonical::tests::sha256_matches_classic_vector ... ok
test canonical::tests::distinct_requests_hash_distinctly ... ok
test api1::tests::submit_accepts_replays_and_conflicts ... ok
test api1::tests::group_send_authorization_and_schema ... ok
test canonical::tests::fixtures_canonical_and_hash ... ok
test config::tests::client_faults_map_to_honest_refusals ... ok
test api1::tests::submit_validation_rejects ... ok
test config::tests::challenge_reply_must_echo_the_emitted_query ... ok
test config::tests::hmac_sha256_matches_rfc4231 ... ok
test config::tests::lane_no_change_short_circuits ... ok
test config::tests::lane_reports_refusals_and_dropped ... ok
test config::tests::lane_drives_challenge_then_permit_then_status ... ok
test config::tests::lane_standalone_challenge_and_status ... ok
test config::tests::mismatched_lane_reply_clears_the_in_flight_step ... ok
test config::tests::lane_reports_timeout_and_indeterminate ... ok
test config::tests::permit_aad_layout_is_fixed ... ok
test canonical::tests::invalid_fixtures_reject ... ok
test config::tests::propose_binds_cas_and_revision ... ok
test config::tests::propose_checks_target_capability_before_reserving ... ok
test config::tests::propose_no_change_and_stale_and_expired ... ok
test config::tests::recover_checks_target_capability_before_reserving ... ok
test config::tests::recover_query_timeout_clears_pending_state ... ok
test config::tests::recover_refuses_on_a_memory_store ... ok
test config::tests::recover_shape_refuses_before_reserving ... ok
test config::tests::recovery_aad_and_envelope_layout_are_fixed ... ok
test config::tests::propose_outbox_holds_the_transmitted_original ... ok
test config::tests::refused_note_challenge_evicts_the_cached_record ... ok
test canonical::tests::unsupported_options_reject_without_downgrade ... ok
test config::tests::status_reply_must_echo_the_queried_operation ... ok
test config::tests::trust_install_transfers_then_reads_the_receipt ... ok
test config::tests::trust_install_transfers_while_the_ledger_is_stopped ... ok
test config::tests::trust_queries_bind_nonce_network_and_namespace ... ok
test dispatch::tests::best_effort_mac_attempt_is_not_end_sdk ... ok
test dispatch::tests::config_emit_drop_resolves_an_honest_timeout ... ok
test dispatch::tests::config_lane_round_trip_through_the_dispatcher ... ok
test dispatch::tests::cancel_boundaries ... ok
test dispatch::tests::config_op_ids_are_namespaced_by_host_boot ... ok
test dispatch::tests::config_ops_inbox_pops_one_at_a_time_fifo ... ok
test config::tests::signed_permit_round_trips_and_tamper_rejected ... ok
test dispatch::tests::config_recover_submit_is_gated_and_memory_honest ... ok
test dispatch::tests::config_reply_with_a_foreign_echo_is_a_protocol_error ... ok
test dispatch::tests::config_ops_evict_resolved_records_before_refusing ... ok
test dispatch::tests::config_submit_refuses_without_capability_or_authority ... ok
test config::tests::signed_recovery_round_trips_and_rejects_tamper ... ok
test api1::tests::submit_replay_reports_committed_state ... ok
test dispatch::tests::deadline_reference_vectors ... ok
test dispatch::tests::config_ops_refuse_only_when_all_live ... ok
test dispatch::tests::expiry_sweeps_without_link ... ok
test dispatch::tests::floor_probe_adopts_reported_floor ... ok
test dispatch::tests::expired_slot_with_unsent_marker_is_indeterminate ... ok
test dispatch::tests::emit_dropped_reopens_cancel ... ok
test dispatch::tests::floor_probe_rejects_foreign_lease ... ok
test dispatch::tests::fresh_sample_after_rewind_gains_no_life ... ok
test dispatch::tests::golden_path_submit_to_retire ... ok
test dispatch::tests::ingress_at_network_capacity_acks_busy_never_stored ... ok
test dispatch::tests::ingress_bad_digest_cannot_ack_success ... ok
test dispatch::tests::ingress_acks_registration_token_not_prefix_token ... ok
test dispatch::tests::ingress_duplicate_replays_ok_not_conflict ... ok
test dispatch::tests::ingress_malformed_prefix_and_wrong_boot_are_invalid ... ok
test dispatch::tests::ingress_conflict_never_overwrites_or_acks_ok ... ok
test dispatch::tests::ingress_stores_then_acks_ok ... ok
test dispatch::tests::ingress_undecodable_gets_no_ack ... ok
test dispatch::tests::ingress_without_session_is_invalid_not_stored ... ok
test dispatch::tests::lane_loss_publishes_mirror_clear ... ok
test dispatch::tests::ingress_without_bound_mirror_cannot_bind_the_ack ... ok
test dispatch::tests::lease_change_respects_submitted_flag ... ok
test dispatch::tests::lost_floor_probe_is_reissued ... ok
test dispatch::tests::lost_receipt_recovered_by_query ... ok
test dispatch::tests::no_link_means_no_frames_and_honest_queueing ... ok
test dispatch::tests::lane_mismatch_terminates_and_notes_once_per_lease ... ok
test dispatch::tests::network_mismatch_stays_queued ... ok
test dispatch::tests::device_terminal_indeterminate_head_unblocks_retire ... ok
test dispatch::tests::not_retained_redrives_same_dispatch_seq ... ok
test dispatch::tests::receipt_field_mismatch_is_indeterminate ... ok
test dispatch::tests::register_busy_retries_on_the_retry_floor ... ok
test dispatch::tests::reconnect_wait_past_ttl_expires_on_monotonic_budget ... ok
test dispatch::tests::register_lane_binds_session_and_publishes_mirror ... ok
test dispatch::tests::register_lane_needs_family_session_and_incarnation ... ok
test dispatch::tests::register_refusal_is_noted_and_never_published ... ok
test dispatch::tests::register_renews_at_half_the_granted_lease ... ok
test dispatch::tests::retire_refused_recovers_floor ... ok
test dispatch::tests::session_change_drops_mirror_and_registers_fresh ... ok
test dispatch::tests::rewind_midflight_expires_on_monotonic_budget ... ok
test dispatch::tests::submit_receipt_conflict_is_indeterminate ... ok
test dispatch::tests::retire_respects_contiguous_terminal_prefix ... ok
test dispatch::tests::time_sample_nonce_and_lease_binding ... ok
test dispatch::tests::time_uncertain_expires_and_cancels ... ok
test group::tests::device_refusal_is_terminal_with_reason ... ok
test group::tests::host_deadline_incapable_and_network_change_never_send ... ok
test group::tests::idempotency_replay_conflict_and_scope ... ok
test group::tests::client_parses_daemon_records_and_events ... ok
test group::tests::inbox_is_bounded ... ok
test group::tests::missing_admission_reply_is_indeterminate_never_resent ... ok
test group::tests::lost_final_push_is_recovered_by_polling ... ok
test group::tests::stale_push_from_an_old_session_is_ignored ... ok
test group::tests::session_loss_settles_pending_and_repolls_admitted ... ok
test group::tests::unsettled_record_gives_up_after_lifetime_and_grace ... ok
test group::tests::writer_refusal_requeues_the_send ... ok
test nodes::tests::capability_needs_the_host_ops_carrier_too ... ok
test group::tests::tokens_and_names ... ok
test nodes::tests::full_sync_then_events_drive_membership ... ok
test group::tests::golden_send_admit_final_flow ... ok
test nodes::tests::unsupported_devices_timeouts_and_stale_replies ... ok
test nodes::tests::json_shapes_are_explicit_about_unknowns ... ok
test receive_log::tests::cursor_roundtrip_and_rejects ... ok
test nodes::tests::facade_parses_daemon_shapes ... ok
test receive_log::tests::dedup_folds_identical_and_conflicts_different ... ok
test receive_log::tests::dedup_index_miss_still_diagnoses_conflict ... ok
test receive_log::tests::forged_cursor_on_absent_network_is_future ... ok
test receive_log::tests::fully_evicted_log_reports_no_more ... ok
test receive_log::tests::ingest_and_read_roundtrip ... ok
test receive_log::tests::retention_expiry_reclaims_and_reports ... ok
test receive_log::tests::network_and_oversize_and_future_rejects ... ok
test receive_log::tests::hex_lower_is_fixed_width_lowercase ... ok
test dispatch::tests::window_cap_limits_preparation ... ok
test send_store::tests::admission_limiter_burst_throttle_and_refill ... ok
test send_store::tests::capacity_status_reports_slots_bytes_and_lapse ... ok
test send_store::tests::epoch_rotates_hourly_and_closes ... ok
test send_store::tests::expired_epoch_rejects_new_keys_before_rotation ... ok
test send_store::tests::indeterminate_pins_and_terminal_holds_protection ... ok
test send_store::tests::memory_issue_outbox_replays_conflicts_and_bounds ... ok
test send_store::tests::open_epoch_binds_one_per_scope ... ok
test send_store::tests::option_changes_conflict_too ... ok
test send_store::tests::reads_and_replays_do_not_extend_protection ... ok
test nodes::tests::table_is_bounded_and_keeps_connected_records ... ok
test send_store::tests::retired_keys_never_reexecute ... ok
test send_store::tests::retire_advances_only_over_contiguous_prefix ... ok
test send_store::tests::active_quotas_reject_per_principal_and_global ... ok
test send_store::tests::submit_assigns_stable_ids_and_replays ... ok
test send_store::tests::same_key_different_payload_conflicts_and_preserves ... ok
test config::tests::profile_refusal_precedes_any_commit_or_send ... ok
test send_store::tests::update_veto_leaves_record_untouched ... ok
test send_store::tests::unknown_epoch_rejects_new_key ... ok
test site::authority_channel::tests::body_generation_must_match_bound_member ... ok
test send_store::tests::epoch_ceiling_stops_and_recovers_admission ... ok
test site::authority_channel::tests::changed_generation_or_kid_retires_an_existing_channel ... ok
test site::authority_channel::tests::drain_to_delivers_through_the_transport ... ok
test site::authority_channel::tests::directory_network_change_retires_before_send ... ok
test api1::tests::group_send_wait_returns_on_admission ... ok
test site::authority_channel::tests::envelope_attacks_are_contained ... ok
test site::authority_channel::tests::malformed_r3_does_not_consume_a_valid_pending_handshake ... ok
test site::authority_channel::tests::future_types_reach_the_passthrough_sink ... ok
test site::authority_channel::tests::handshake_rejects_and_recovers ... ok
test site::authority_channel::tests::full_event_queue_does_not_lose_verified_events_or_replay_retry ... ok
test site::authority_channel::tests::detached_notice_seals_even_when_normal_outbox_is_full ... ok
test site::authority_channel::tests::pending_handshake_expires_at_clock_ceiling ... ok
test site::authority_channel::tests::idle_channels_retire_and_sends_fail_closed ... ok
test site::authority_channel::tests::removal_and_reissue_retire_the_channel ... ok
test site::authority_channel::tests::request_id_exhaustion_retires_before_wrap ... ok
test site::authority_channel::tests::retire_device_discards_queued_carriers ... ok
test site::authority_channel::tests::reissued_member_r1_retires_old_context ... ok
test site::authority_channel::tests::rehandshake_discards_old_channel_carriers ... ok
test site::authority_channel::tests::zero_dams_member_cannot_start_a_channel ... ok
test site::authority_channel::tests::typed_send_fences_type_generation_and_size ... ok
test site::authority_channel::tests::round_trip_join_confirm_pull_update_activate ... ok
test group::tests::tables_are_bounded ... ok
test site::authority_channel::tests::responder_is_bounded ... ok
test api1::tests::store_fault_response_is_valid_json ... ok
test config::tests::recover_lane_drives_transfer_then_status ... ok
test api1::tests::durable_submit_survives_store_reopen ... ok
test config::tests::retry_uses_only_the_saved_signed_original ... ok
test config::tests::signed_golden_vectors_match ... ok
test config::tests::lane_rebinds_issuance_to_the_recovered_generation ... ok
test config::tests::recover_lane_drives_cose_trip_to_a_cose_target ... ok
test config::tests::cose_issuer_signs_both_kinds_and_self_checks ... ok
test group::tests::wait_for_wakes_on_change ... ok
test site::authority_e2e::live_keyless_pull_recovers_member ... ok
test site::authority_e2e::live_confirm_pull_update_ack_over_usb_fragments ... ok
test site::authority_e2e::live_pull_answers_and_throttles ... ok
test site::authority_e2e::live_channel_idle_uses_monotonic_time_after_group_key_send ... ok
test site::authority_e2e::detached_usb_keeps_presealed_notice_for_reconnect ... ok
test site::authority_e2e::live_unknown_device_gets_no_channel ... ok
test site::authority_e2e::live_passthrough_diagnoses_without_answer ... ok
test site::cutover_tests::exhausted_site_counter_requires_maintenance ... ok
test config::tests::failed_transfer_keeps_the_signed_original ... ok
test site::cutover_tests::cutover_sends_nothing_before_commit ... ok
test site::cutover_tests::applied_after_delivery_grace_converges_the_cutover ... ok
test site::authority_e2e::live_revoke_persists_presealed_notice_before_delivery ... ok
test site::authority_e2e::live_p6_uses_the_existing_usb_authority_channel ... ok
test site::cutover_tests::cutover_requires_a_grant_carrier_before_staging ... ok
test site::cutover_tests::cutover_doc_rejects_oversized_commit_artifacts ... ok
test dispatch::tests::restart_rejoins_lane_past_retired_prefix ... ok
test site::authority_e2e::live_rotation_excludes_removed_member ... ok
test site::cutover_tests::cutover_survives_split_clocks ... ok
test site::config::tests::a_directory_opens_and_refuses_bad_configs ... ok
test site::cutover_tests::cutover_refuses_a_bad_next_cert ... ok
test site::cutover_tests::cutover_holds_the_window_and_the_gateway_gate ... ok
test site::group_keys::tests::active_first_wins_over_staged_evidence ... ok
test site::group_keys::tests::causes_carry_their_wire_values_and_overlaps ... ok
test site::group_keys::tests::due_targets_go_gateways_first ... ok
test site::group_keys::tests::gk_id_matches_the_independent_hash ... ok
test site::group_keys::tests::last_rotation_meta_round_trips ... ok
test site::group_keys::tests::retries_back_off_then_go_unknown_for_a_minute ... ok
test site::group_keys::tests::staged_targets_activate_after_the_commit ... ok
test site::group_keys::tests::the_key_table_validator_refuses_every_corruption ... ok
test site::group_keys::tests::the_send_bucket_is_ten_per_second_with_burst_four ... ok
test site::joiner_interop::cpp_joiner_allows_through_the_rust_authority ... ok
test site::joiner_interop::cpp_joiner_cutover_reissue_over_the_pipe ... ok
test site::joiner_interop::cpp_joiner_removed_rediscovers_over_the_pipe ... ok
test site::joiner_interop::deny_on_a_falls_over_to_allow_on_b ... ok
test site::joiner_interop::live_owner_confirm_and_first_contact_key ... ok
test site::joiner_interop::live_owner_cutover_prepare_commit ... ok
test site::joiner_interop::live_owner_power_cut_keeps_group_keys ... ok
test site::joiner_interop::live_owner_pull_recovers_stale_key ... ok
test site::joiner_interop::live_owner_removal_notice_erase_holdoff ... ok
test site::joiner_interop::live_owner_rotation_excludes_removed ... ok
test site::joiner_interop::live_owner_rotation_update_activate ... ok
test site::joiner_interop::live_owner_rrs_delivery_and_apply ... ok
test site::joiner_interop::live_owner_self_revoked_recovers ... ok
test site::joiner_interop::pending_then_kguard_allow ... ok
test site::joiner_interop::power_cut_after_commit_boots_as_member ... ok
test site::cutover_tests::failed_phase_commit_does_not_publish_recovery_pending ... ok
test site::cutover_tests::unreadable_cutover_timeline_cannot_commit ... ok
test api1::tests::gap_error_reports_lost_range_and_cursors ... ok
test site::p6_channel_tests::decode_type5_accepts_exact_bodies_only ... ok
test site::p6_channel_tests::cutover_grace_serves_commit_then_flips ... ok
test site::p6_channel_tests::capabilities_track_the_production_port ... ok
test receive_log::tests::count_cap_evicts_oldest_and_gaps_slow_reader ... ok
test site::p6_channel_tests::new_handshake_waits_out_the_grace ... ok
test site::p6_channel_tests::notice_survives_removal_for_60s ... ok
test site::p6_channel_tests::refuses_send_without_a_channel ... ok
test receive_log::tests::dedup_cap_never_evicts_the_new_entry ... ok
test site::p6_channel_tests::seals_rrs_behind_the_generation_head ... ok
test site::p6_channel_tests::stale_dams_refuses_and_retires ... ok
test site::recovery_ead_tests::old_membership_requires_profile_and_exact_order ... ok
test site::records::tests::docs_round_trip ... ok
test site::recovery_ead_tests::recovery_network_requires_a_real_old_epoch ... ok
test site::revocation::tests::checked_next_stops_before_wrap ... ok
test site::revocation::tests::covers_mirrors_the_device_rule ... ok
test site::revocation::tests::distribution_doc_round_trip ... ok
test site::authority_e2e::host_restart_replays_exact_committed_notice_without_channel ... ok
test site::revocation::tests::refusal_parks_one_head_without_stalling_the_outbox ... ok
test site::cutover_tests::removal_notice_outbox_and_accept ... ok
test site::cutover_tests::cutover_waits_for_a_gateway ... ok
test site::revocation::tests::refused_heads_free_the_bounded_outbox_for_an_online_target ... ok
test site::e2e::api_surface_validates_and_advertises ... ok
test api1::tests::full_table_reports_no_capacity ... ok
test send_store::tests::table_and_scope_caps_reject ... ok
test site::store::tests::review_store_debug_redacts_group_keys_and_dams ... ok
test site::e2e::join_relay_advertises_only_on_a_capable_session ... ok
test site::store::tests::review_missing_schema_version_in_used_database_is_rejected ... ok
test site::revocation::tests::snapshot_caps_targets_and_counts_overflow ... ok
test site::cutover_tests::old_kid_recovery_gets_removed ... ok
test site::cutover_tests::retired_network_notice_is_not_sent_after_cutover_commit ... ok
test site::p6_channel_tests::malformed_reports_drop_without_state_change ... ok
test site::p6_channel_tests::get_bootstraps_the_baseline_and_answers ... ok
test site::store::tests::review_failed_migration_leaves_the_v1_schema_unchanged ... ok
test site::p6_channel_tests::applied_over_the_wire_converges ... ok
test site::store::tests::migration_leaves_a_fresh_v1_database_empty ... ok
test site::store::tests::review_v1_metadata_without_keys_does_not_migrate_as_fresh ... ok
test site::store::tests::a_failed_transaction_leaves_nothing_behind ... ok
test site::store::tests::migration_advances_a_used_v1_database ... ok
test site::store::tests::review_v1_negative_key_epoch_is_rejected ... ok
test site::cutover_tests::missed_cutover_reissues_without_kguard ... ok
test site::cutover_tests::committed_cutover_reopens_with_old_network_rrs_history ... ok
test site::store::tests::rotation_rows_and_targeted_deletes_round_trip ... ok
test site::cutover_tests::cutover_survives_restart ... ok
test site::p6_channel_tests::notice_round_trip_confirms_intent ... ok
test site::cutover_tests::revoke_during_prepare_restages_and_carries ... ok
test site::tests::closed_policy_pends_without_asking ... ok
test site::tests::gk_migrated_staged_key_keeps_operation_cap ... ok
test site::tests::decisions_are_idempotent ... ok
test site::e2e::group_keys_api_over_the_socket ... ok
test site::tests::gk_member_cap_128 ... ok
test site::tests::a_store_is_bound_to_its_site ... ok
test site::tests::gk_overcap_migrated_db_refuses_rotations ... ok
test site::tests::gk_manual_rotate_api_rules ... ok
test site::tests::distribution_retries_after_the_initial_contact ... ok
test site::tests::allow_uses_revocation_presence_and_fails_closed_on_lookup_error ... ok
test site::tests::applied_ack_is_not_reported_before_commit ... ok
test site::tests::applied_ack_requires_the_snapshot_credential ... ok
test site::tests::gk_dams_fence_retires_old_channel ... ok
test site::tests::gk_allow_during_staging_joins_targets ... ok
test site::store::tests::sqlite_round_trips_every_table_and_is_owner_only ... ok
test site::tests::gk_send_rate_is_bounded ... ok
test site::tests::gk_member_confirm_is_typed ... ok
test site::tests::gk_pull_matrix_on_stable ... ok
test site::tests::message_1_refusals_answer_edhoc_errors ... ok
test site::tests::gk_pull_behind_stages_active_first ... ok
test site::tests::gk_pull_repeats_coalesce_into_one_pending_answer ... ok
test site::tests::non_edhoc_phase_is_never_an_edhoc_message ... ok
test site::tests::gk_migrated_staged_key_rebuilds_its_rotation ... ok
test site::tests::gk_store_fault_changes_nothing ... ok
test site::tests::gk_stale_ack_matrix ... ok
test site::tests::gk_consecutive_removals_keep_first_deadline ... ok
test site::tests::gk_periodic_rotation_converges_end_to_end ... ok
test site::tests::gk_wake_for_channel_less_targets ... ok
test api1::tests::error_responses_are_valid_json ... ok
test site::tests::gk_staging_deadline_activates_with_unknowns ... ok
test site::tests::gk_secret_rows_never_exceed_two ... ok
test site::tests::gk_revoke_supersedes_staging_with_fresh_epoch ... ok
test site::tests::admission_is_bounded ... ok
test site::tests::review_key_handoff_requires_nonzero_member_dams ... ok
test site::tests::review_open_rejects_exhausted_operation_id ... ok
test site::tests::kid_conflict_is_never_auto_allowed ... ok
test site::store::tests::migration_refuses_corrupt_key_tables ... ok
test site::tests::pending_then_allow_on_the_next_attempt ... ok
test site::tests::review_failed_join_request_commit_creates_no_phantom_request ... ok
test site::tests::review_failed_activation_keeps_the_rotation_and_evidence ... ok
test site::tests::review_active_acked_target_can_repair_a_lost_key ... ok
test site::tests::operations_get_round_trips_through_the_client_parser ... ok
test site::tests::removed_recovery_notice_uses_retained_network ... ok
test site::e2e::kguard_drives_the_join_over_the_api_socket ... ok
test site::tests::review_revoke_rejects_generation_overflow ... ok
test site::tests::review_pull_uses_highest_device_epoch_for_direct_staging ... ok
test site::tests::review_active_acked_target_repairs_host_active_before_future_stage ... ok
test site::tests::review_concurrent_different_keys_rechecks_current_membership ... ok
test site::tests::review_pull_at_active_epoch_waits_for_active_ack_before_staging ... ok
test site::tests::failed_key_ack_does_not_restore_obsolete_staging_evidence ... ok
test site::tests::review_post_activation_pull_promotes_after_staged_ack ... ok
test site::tests::review_key_handoff_rejects_retired_dams_channel ... ok
test site::e2e::cutover_flows_end_to_end_over_the_api_socket ... ok
test site::tests::removal_end_to_end ... ok
test site::tests::late_deny_applies_and_early_retries_are_busy ... ok
test site::tests::gk_three_day_outage_rotates_once ... ok
test site::transport::tests::outbound_knows_its_relay ... ok
test site::transport::tests::the_in_process_transport_always_admits ... ok
test site::transport::tests::the_usb_adapter_serves_the_transport_contract ... ok
test site::usb::tests::abort_reason_tables_are_explicit ... ok
test site::usb::tests::authority_capable_needs_bit10_never_bit9 ... ok
test site::usb::tests::authority_close_refuses_everything ... ok
test site::usb::tests::authority_sub_routes_0x64_to_0x67_only ... ok
test site::usb::tests::deliver_admits_atomically_or_refuses ... ok
test site::usb::tests::deliver_fragments_carriers_with_one_token ... ok
test site::usb::tests::downs_carry_phase_4_and_final_maps_to_status_1 ... ok
test site::usb::tests::gateway_aborts_end_the_relay_explicitly ... ok
test site::usb::tests::gateway_self_wake_leaves_as_wake_local ... ok
test site::usb::tests::inbox_is_bounded_and_fifo ... ok
test site::usb::tests::misshapen_gateway_wake_queues_no_state_set ... ok
test site::usb::tests::owns_matches_only_the_join_relay_family ... ok
test site::usb::tests::phase_gate_accepts_4_refuses_5 ... ok
test site::usb::tests::query_local_queues_a_keyless_state_set ... ok
test site::usb::tests::queue_bounds_and_ttl_hold ... ok
test site::usb::tests::relay_directory_is_bounded_and_binding_is_stable ... ok
test site::usb::tests::report_consumes_tracked_requests_only ... ok
test site::usb::tests::results_correlate_and_fail_closed ... ok
test site::usb::tests::session_drop_closes_everything ... ok
test site::usb::tests::site_capable_needs_both_bits ... ok
test site::usb::tests::unexpected_gateway_is_refused ... ok
test site::usb::tests::up_duplicate_slot_must_repeat_bytes_exactly ... ok
test site::usb::tests::up_hop_rule_pins_gateway_to_zero_hops ... ok
test site::usb::tests::up_multi_fragment_envelope_assembles_out_of_order ... ok
test site::usb::tests::up_single_fragment_assembles ... ok
test site::usb::tests::up_third_assembly_is_refused ... ok
test site::usb::tests::up_token_reuse_with_new_total_conflicts ... ok
test site::usb::tests::up_window_expires_stale_slots ... ok
test site::tests::review_rejects_rotation_operation_cause_mismatch_on_restart ... ok
test site::tests::review_rejects_missing_high_water_and_partial_fresh_store ... ok
test site::tests::review_revoke_discards_unflushed_group_key_commands ... ok
test sqlite_store::tests::active_quota_spans_both_sides ... ok
test sqlite_store::tests::durable_epoch_close_survives_restart ... ok
test sqlite_store::tests::durable_retire_pins_and_persists_floor ... ok
test site::tests::gk_restart_resumes_staging_as_expired ... ok
test sqlite_store::tests::file_bytes_sum_sidecars ... ok
test site::tests::review_staged_acked_target_reinstalls_key_after_pull_reports_loss ... ok
test site::tests::review_late_allow_follows_the_current_membership ... ok
test site::tests::revocation_distribution_converges_on_applied ... ok
test sqlite_store::tests::failed_commit_leaves_no_ram_record ... ok
test site::tests::unverified_devices_are_refused_and_not_listed ... ok
test site::tests::review_second_removal_mints_a_fresh_epoch ... ok
test sqlite_store::tests::expired_epoch_rejects_new_keys_before_rotation ... ok
test site::tests::unfinished_operation_is_not_evicted_at_capacity ... ok
test sqlite_store::tests::byte_cap_gates_new_records_not_dedup ... ok
test site::tests::silent_kguard_pends_and_a_late_decision_applies_next_time ... ok
test sqlite_store::tests::failed_commit_rolls_back_ram_retire ... ok
test site::tests::review_rejects_forged_rotation_evidence_on_restart ... ok
test site::tests::revoke_reports_pending_distribution_with_unknown_targets ... ok
test site::tests::review_revoked_membership_allows_explicit_replacement_key ... ok
test sqlite_store::tests::fresh_store_is_owner_only ... ok
test sqlite_store::tests::foreign_ram_record_does_not_block_retire ... ok
test sqlite_store::tests::issue_outbox_migrates_a_legacy_sequence_cursor ... ok
test subscribe::tests::capacity_caps ... ok
test subscribe::tests::drain_assigns_monotone_n_and_ends ... ok
test site::tests::store_failures_never_become_success ... ok
test subscribe::tests::hub_list_reports_own_connection_only ... ok
test subscribe::tests::pending_subs_never_drain ... ok
test subscribe::tests::remove_conn_frees_counts ... ok
test subscribe::tests::stage_queue_control_reserve_bounds ... ok
test subscribe::tests::stage_queue_control_lines_never_drop ... ok
test subscribe::tests::token_roundtrip_and_rejects ... ok
test subscribe::tests::stage_queue_drop_oldest_coalesces ... ok
test subscribe::tests::unsubscribe_stats_and_ownership ... ok
test site::tests::revocation_baseline_bootstrap_on_first_get ... ok
test tests::api1_and_legacy_share_one_socket ... ok
test tests::api1_oversize_line_gets_error_then_close ... ok
test tests::api1_reads_back_ingested_payloads ... ok
test tests::api1_submit_and_query_roundtrip ... ok
test tests::api_listener_mode_is_owner_only ... ok
test tests::authority_reports_unknown ... ok
test tests::client_guard_restores_counts_on_panic ... ok
test tests::config_authority_rejects_reserved_and_zero_generation ... ok
test tests::config_dev_key_defaults_to_the_firmware_master ... ok
test tests::config_profile_and_key_are_jointly_validated ... ok
test tests::credit_grant_is_observed ... ok
test tests::data_from_mesh_records_origin_node ... ok
test tests::delivery_event_transitions_tracked_delivery ... ok
test tests::diagnostic_with_message_parses ... ok
test tests::dispatch_once_round_trips_through_inbox_and_writer_queue ... ok
test tests::emitted_json_is_consumed_by_client_model ... ok
test tests::error_frame_marks_delivery_failed ... ok
test tests::event_ring_is_bounded ... ok
test tests::group_lane_round_trips_through_record_frame ... ok
test tests::legacy_send_accepts_granted_and_rejects_reserved_and_limits ... ok
test tests::legacy_send_requires_send_grant_and_session_network ... ok
test tests::malformed_frames_still_emit_events ... ok
test tests::mono_ms_stamps_a_nonzero_anchor ... ok
test tests::node_status_lane_round_trips_through_record_frame ... ok
test tests::op_store_flag_parses ... ok
test tests::queued_site_frame_cannot_cross_usb_session ... ok
test tests::receive_ingest_drops_reserved_origin ... ok
test tests::session_answers_one_byte_credit_query ... ok
test tests::session_handshake_activates_and_opens_bodies ... ok
test tests::session_protect_seals_and_enforces_credit ... ok
test tests::session_rejects_bad_tags_and_unauthenticated_frames ... ok
test tests::session_retries_lost_handshake ... ok
test sqlite_store::tests::issue_outbox_survives_reopen_without_reuse ... ok
test site::tests::revocation_retires_and_coalesces_across_operations ... ok
test sqlite_store::tests::update_veto_leaves_record_untouched ... ok
test site::tests::restart_after_commit_reissues_the_same_member_cert ... ok
test sqlite_store::tests::roundtrip_preserves_durable_state ... ok
test sqlite_store::tests::replay_conflict_and_epoch_parity ... ok
test sqlite_store::tests::was_created_fresh_only_on_first_open ... ok
test sqlite_store::tests::restart_recovers_prepared_as_indeterminate ... ok
test subscribe::tests::wait_wakes_on_notify ... ok
test sqlite_store::tests::uncommitted_write_never_surfaces ... ok
test sqlite_store::tests::restart_seals_open_epoch_against_ram_replays ... ok
test sqlite_store::tests::store_files_stay_owner_only ... ok
test sqlite_store::tests::suspect_files_refuse_to_open ... ok
test site::tests::revocation_distribution_attempts_and_backoff ... ok
test sqlite_store::tests::reopen_recovers_real_attachments ... ok
test subscribe::tests::wait_times_out ... ok
test sqlite_store::tests::issue_outbox_migrates_v2_and_preserves_unresolved_rows ... ok
test sqlite_store::tests::full_table_rejects_without_eviction ... ok
test site::tests::review_replacement_flow_survives_a_restart ... ok
test site::tests::revocation_distribution_survives_restart ... ok
test sqlite_store::tests::second_opener_is_refused ... ok
test site::tests::review_revoke_waits_for_inflight_key_handoff ... ok
test site::cutover_tests::rrs_full_recovers_through_cutover ... ok

test result: ok. 488 passed; 0 failed; 0 ignored; 0 measured; 0 filtered out; finished in 1.35s

     Running unittests src/main.rs (target/debug/deps/routeloomctl-5fe5e58652d1b232)

running 25 tests
test tests::config_challenge_builds_api1_line ... ok
test provision_office::tests::read_object_rejects_hex_over_limit ... ok
test tests::config_get_builds_api1_line ... ok
test tests::gateway_get_builds_api1_line ... ok
test tests::config_status_builds_api1_line ... ok
test tests::cancel_builds_api1_line ... ok
test tests::gateway_resolve_builds_api1_line ... ok
test tests::config_propose_builds_api1_line ... ok
test tests::gateway_send_builds_schema2_submit ... ok
test tests::config_recover_builds_api1_line ... ok
test tests::open_epoch_builds_api1_line ... ok
test tests::operation_get_commands_build_api1_lines ... ok
test tests::node_commands_build_api1_lines ... ok
test tests::receive_builds_api1_line ... ok
test tests::group_commands_build_api1_lines ... ok
test tests::submit_generates_a_key_when_omitted ... ok
test tests::submit_builds_api1_line ... ok
test tests::recovery_info_and_trust_commands_build_api1_lines ... ok
test provision_office::tests::spec_parsing ... ok
test provision::tests::image_spec_roundtrip ... ok
test provision::tests::image_spec_rejections ... ok
test provision::tests::credential_spec_paths ... ok
test provision_office::tests::inventory_file_lands_next_to_the_bundle ... ok
test provision_office::tests::siteca_keygen_and_site_cert_flow ... ok
test provision_office::tests::injected_and_device_generated_flows ... ok

test result: ok. 25 passed; 0 failed; 0 ignored; 0 measured; 0 filtered out; finished in 0.05s

     Running tests/site_cert_receipt.rs (target/debug/deps/site_cert_receipt-5121f7f01e4d38b8)

running 2 tests
test site_ca_keygen_receipt_escapes_output_path ... ok
test site_cert_receipt_escapes_output_path ... ok

test result: ok. 2 passed; 0 failed; 0 ignored; 0 measured; 0 filtered out; finished in 0.01s

