[2026-09-26T18:45:08.903Z] !! capture open /dev/serial/by-id/usb-Espressif_USB_JTAG_serial_debug_unit_94:A9:90:7A:26:AC-if00 @ 115200 backend=pyserial dtr=1 rts=0
[2026-09-26T18:45:13.351Z] I (10346) RouteLoomRef: member state=4 links=0 ends=0 authority=I (95376) RouteLoomRef: member state=4 links=1 ends=0 authority=1/0 confirm=0 demux_drop=0
[2026-09-26T18:45:13.351Z] I (95377) RouteLoomRef: member handshake starts=2 requests=1 rejected=0 send_fail=1 established=1 failed=1 last_error=6 active=0
[2026-09-26T18:45:13.351Z] I (95377) RouteLoomRef: member end send_fail=0 established=0 failed=0 last_error=0
[2026-09-26T18:45:13.352Z] I (95377) RouteLoomRef: authority state=3 tx_sent=4 tx_failed=0 rx_accepted=0 rx_rejected=0 pull=1 busy=1 backoff_s=32
[2026-09-26T18:45:13.352Z] I (95378) RouteLoomRef: authority mesh tx_carrier=4 queued=0 shed=14930 rx_carrier=0 denied=0 timeout=4
[2026-09-26T18:45:13.352Z] I (95378) RouteLoomRef: authority jobs accepted=0 failed=0 last=
[2026-09-26T18:45:13.352Z] I (95378) RouteLoomRef: member discovery rx=1 offer_tx=1 offer_rx=2 auth=1 kind_reject=0 capacity=0 send_fail=1
[2026-09-26T18:45:13.353Z] I (95378) RouteLoomRef: member scope raw=3 accepted=2 mac_reject=0 hint=0 generation=0 key_unavailable=0 budget=0
[2026-09-26T18:45:18.353Z] I (100378) RouteLoomRef: member state=4 links=1 ends=0 authority=1/0 confirm=0 demux_drop=0
[2026-09-26T18:45:18.354Z] I (100379) RouteLoomRef: member handshake starts=2 requests=1 rejected=0 send_fail=1 established=1 failed=1 last_error=6 active=0
[2026-09-26T18:45:18.354Z] I (100379) RouteLoomRef: member end send_fail=0 established=0 failed=0 last_error=0
[2026-09-26T18:45:18.354Z] I (100379) RouteLoomRef: authority state=1 tx_sent=5 tx_failed=0 rx_accepted=0 rx_rejected=0 pull=1 busy=1 backoff_s=32
[2026-09-26T18:45:18.354Z] I (100380) RouteLoomRef: authority mesh tx_carrier=5 queued=0 shed=15729 rx_carrier=0 denied=0 timeout=4
[2026-09-26T18:45:18.354Z] I (100380) RouteLoomRef: authority jobs accepted=0 failed=0 last=
[2026-09-26T18:45:18.355Z] I (100380) RouteLoomRef: member discovery rx=1 offer_tx=1 offer_rx=2 auth=1 kind_reject=0 capacity=0 send_fail=1
[2026-09-26T18:45:18.355Z] I (100381) RouteLoomRef: member scope raw=3 accepted=2 mac_reject=0 hint=0 generation=0 key_unavailable=0 budget=0
[2026-09-26T18:45:23.356Z] I (105381) RouteLoomRef: member state=4 links=1 ends=0 authority=1/0 confirm=0 demux_drop=0
[2026-09-26T18:45:23.356Z] I (105382) RouteLoomRef: member handshake starts=2 requests=1 rejected=0 send_fail=1 established=1 failed=1 last_error=6 active=0
[2026-09-26T18:45:23.356Z] I (105382) RouteLoomRef: member end send_fail=0 established=0 failed=0 last_error=0
[2026-09-26T18:45:23.357Z] I (105382) RouteLoomRef: authority state=3 tx_sent=5 tx_failed=0 rx_accepted=0 rx_rejected=0 pull=1 busy=1 backoff_s=64
[2026-09-26T18:45:23.357Z] I (105383) RouteLoomRef: authority mesh tx_carrier=5 queued=0 shed=16978 rx_carrier=0 denied=0 timeout=4
[2026-09-26T18:45:23.357Z] I (105383) RouteLoomRef: authority jobs accepted=0 failed=0 last=
[2026-09-26T18:45:23.357Z] I (105383) RouteLoomRef: member discovery rx=1 offer_tx=1 offer_rx=2 auth=1 kind_reject=0 capacity=0 send_fail=1
[2026-09-26T18:45:23.360Z] I (105383) RouteLoomRef: member scope raw=3 accepted=2 mac_reject=0 hint=0 generation=0 key_unavailable=0 budget=0
[2026-09-26T18:45:25.397Z] I (107423) RouteLoomRef: RLD1 rx kind=1 ch=6 generation=0 src=94:a9:90:6a:ee:c4 dest=ff:ff:ff:ff:ff:ff
[2026-09-26T18:45:26.228Z] I (108253) RouteLoomRef: RLD1 rx kind=1 ch=6 generation=0 src=94:a9:90:6a:ee:c4 dest=ff:ff:ff:ff:ff:ff
[2026-09-26T18:45:27.717Z] I (109743) RouteLoomRef: RLD1 rx kind=1 ch=6 generation=0 src=94:a9:90:6a:ee:c4 dest=ff:ff:ff:ff:ff:ff
[2026-09-26T18:45:28.357Z] I (110382) RouteLoomRef: member state=4 links=1 ends=0 authority=1/0 confirm=0 demux_drop=0
[2026-09-26T18:45:28.357Z] I (110383) RouteLoomRef: member handshake starts=2 requests=1 rejected=0 send_fail=1 established=1 failed=1 last_error=6 active=0
[2026-09-26T18:45:28.359Z] I (110383) RouteLoomRef: member end send_fail=0 established=0 failed=0 last_error=0
[2026-09-26T18:45:28.359Z] I (110383) RouteLoomRef: authority state=3 tx_sent=5 tx_failed=0 rx_accepted=0 rx_rejected=0 pull=1 busy=1 backoff_s=64
[2026-09-26T18:45:28.359Z] I (110384) RouteLoomRef: authority mesh tx_carrier=5 queued=0 shed=18226 rx_carrier=0 denied=0 timeout=4
[2026-09-26T18:45:28.359Z] I (110384) RouteLoomRef: authority jobs accepted=0 failed=0 last=
[2026-09-26T18:45:28.359Z] I (110384) RouteLoomRef: member discovery rx=2 offer_tx=1 offer_rx=2 auth=1 kind_reject=0 capacity=0 send_fail=1
[2026-09-26T18:45:28.359Z] I (110384) RouteLoomRef: member scope raw=4 accepted=2 mac_reject=0 hint=0 generation=1 key_unavailable=0 budget=0
[2026-09-26T18:45:30.538Z] I (112563) RouteLoomRef: RLD1 rx kind=1 ch=6 generation=0 src=94:a9:90:6a:ee:c4 dest=ff:ff:ff:ff:ff:ff
[2026-09-26T18:45:33.359Z] I (115384) RouteLoomRef: member state=4 links=1 ends=0 authority=1/0 confirm=0 demux_drop=0
[2026-09-26T18:45:33.359Z] I (115385) RouteLoomRef: member handshake starts=2 requests=1 rejected=0 send_fail=1 established=1 failed=1 last_error=6 active=0
[2026-09-26T18:45:33.359Z] I (115385) RouteLoomRef: member end send_fail=0 established=0 failed=0 last_error=0
[2026-09-26T18:45:33.360Z] I (115385) RouteLoomRef: authority state=3 tx_sent=5 tx_failed=0 rx_accepted=0 rx_rejected=0 pull=1 busy=1 backoff_s=64
[2026-09-26T18:45:33.360Z] I (115386) RouteLoomRef: authority mesh tx_carrier=5 queued=0 shed=18674 rx_carrier=0 denied=0 timeout=5
[2026-09-26T18:45:33.361Z] I (115386) RouteLoomRef: authority jobs accepted=0 failed=0 last=
[2026-09-26T18:45:33.361Z] I (115386) RouteLoomRef: member discovery rx=2 offer_tx=1 offer_rx=2 auth=1 kind_reject=0 capacity=0 send_fail=1
[2026-09-26T18:45:33.361Z] I (115386) RouteLoomRef: member scope raw=4 accepted=2 mac_reject=0 hint=0 generation=1 key_unavailable=0 budget=0
[2026-09-26T18:45:36.007Z] I (118033) RouteLoomRef: RLD1 rx kind=1 ch=6 generation=0 src=94:a9:90:6a:ee:c4 dest=ff:ff:ff:ff:ff:ff
[2026-09-26T18:45:38.321Z] I (120346) RouteLoom: stack hwm main 10384 B
[2026-09-26T18:45:38.321Z] I (120346) RouteLoom: HIL HEAP free=22052 largest=19456 min=21316 B
[2026-09-26T18:45:38.321Z] I (120347) RouteLoom: HIL DISCOVERY candidates=0 neighbors=1 capacity=0 auth=1 stale=0 probes=5 send_failures=1 kind_rejects=0
[2026-09-26T18:45:38.322Z] I (120347) RouteLoom: HIL ROUTE peer=1 phase=-1 via=0 metric=0 generation=0 seq=0
[2026-09-26T18:45:38.322Z] I (120347) RouteLoom: HIL ROUTE peer=2 phase=5 via=2 metric=1 generation=1335 seq=1
[2026-09-26T18:45:38.322Z] I (120348) RouteLoom: HIL ROUTE peer=3 phase=-1 via=0 metric=0 generation=0 seq=0
[2026-09-26T18:45:38.362Z] I (120387) RouteLoomRef: member state=4 links=1 ends=0 authority=1/0 confirm=0 demux_drop=0
[2026-09-26T18:45:38.362Z] I (120388) RouteLoomRef: member handshake starts=2 requests=1 rejected=0 send_fail=1 established=1 failed=1 last_error=6 active=0
[2026-09-26T18:45:38.362Z] I (120388) RouteLoomRef: member end send_fail=0 established=0 failed=0 last_error=0
[2026-09-26T18:45:38.363Z] I (120388) RouteLoomRef: authority state=3 tx_sent=5 tx_failed=0 rx_accepted=0 rx_rejected=0 pull=1 busy=1 backoff_s=64
[2026-09-26T18:45:38.365Z] I (120389) RouteLoomRef: authority mesh tx_carrier=5 queued=0 shed=18674 rx_carrier=0 denied=0 timeout=5
[2026-09-26T18:45:38.365Z] I (120389) RouteLoomRef: authority jobs accepted=0 failed=0 last=
[2026-09-26T18:45:38.365Z] I (120389) RouteLoomRef: member discovery rx=3 offer_tx=1 offer_rx=2 auth=1 kind_reject=0 capacity=0 send_fail=1
[2026-09-26T18:45:38.365Z] I (120389) RouteLoomRef: member scope raw=5 accepted=2 mac_reject=0 hint=0 generation=2 key_unavailable=0 budget=0
[2026-09-26T18:45:43.364Z] I (125389) RouteLoomRef: member state=4 links=1 ends=0 authority=1/0 confirm=0 demux_drop=0
[2026-09-26T18:45:43.364Z] I (125390) RouteLoomRef: member handshake starts=2 requests=1 rejected=0 send_fail=1 established=1 failed=1 last_error=6 active=0
[2026-09-26T18:45:43.365Z] I (125390) RouteLoomRef: member end send_fail=0 established=0 failed=0 last_error=0
[2026-09-26T18:45:43.365Z] I (125390) RouteLoomRef: authority state=3 tx_sent=5 tx_failed=0 rx_accepted=0 rx_rejected=0 pull=1 busy=1 backoff_s=64
[2026-09-26T18:45:43.365Z] I (125391) RouteLoomRef: authority mesh tx_carrier=5 queued=0 shed=18674 rx_carrier=0 denied=0 timeout=5
[2026-09-26T18:45:43.366Z] I (125391) RouteLoomRef: authority jobs accepted=0 failed=0 last=
[2026-09-26T18:45:43.366Z] I (125391) RouteLoomRef: member discovery rx=3 offer_tx=1 offer_rx=2 auth=1 kind_reject=0 capacity=0 send_fail=1
[2026-09-26T18:45:43.366Z] I (125391) RouteLoomRef: member scope raw=5 accepted=2 mac_reject=0 hint=0 generation=2 key_unavailable=0 budget=0
[2026-09-26T18:45:48.364Z] I (130389) RouteLoomRef: member state=4 links=1 ends=0 authority=1/0 confirm=0 demux_drop=0
[2026-09-26T18:45:48.364Z] I (130390) RouteLoomRef: member handshake starts=2 requests=1 rejected=0 send_fail=1 established=1 failed=1 last_error=6 active=0
[2026-09-26T18:45:48.365Z] I (130390) RouteLoomRef: member end send_fail=0 established=0 failed=0 last_error=0
[2026-09-26T18:45:48.365Z] I (130390) RouteLoomRef: authority state=3 tx_sent=5 tx_failed=0 rx_accepted=0 rx_rejected=0 pull=1 busy=1 backoff_s=64
[2026-09-26T18:45:48.365Z] I (130391) RouteLoomRef: authority mesh tx_carrier=5 queued=0 shed=18674 rx_carrier=0 denied=0 timeout=5
[2026-09-26T18:45:48.365Z] I (130391) RouteLoomRef: authority jobs accepted=0 failed=0 last=
[2026-09-26T18:45:48.366Z] I (130391) RouteLoomRef: member discovery rx=3 offer_tx=1 offer_rx=2 auth=1 kind_reject=0 capacity=0 send_fail=1
[2026-09-26T18:45:48.366Z] I (130391) RouteLoomRef: member scope raw=5 accepted=2 mac_reject=0 hint=0 generation=2 key_unavailable=0 budget=0
[2026-09-26T18:45:53.364Z] I (135389) RouteLoomRef: member state=4 links=1 ends=0 authority=1/0 confirm=0 demux_drop=0
[2026-09-26T18:45:53.364Z] I (135390) RouteLoomRef: member handshake starts=2 requests=1 rejected=0 send_fail=1 established=1 failed=1 last_error=6 active=0
[2026-09-26T18:45:53.365Z] I (135390) RouteLoomRef: member end send_fail=0 established=0 failed=0 last_error=0
[2026-09-26T18:45:53.365Z] I (135390) RouteLoomRef: authority state=3 tx_sent=5 tx_failed=0 rx_accepted=0 rx_rejected=0 pull=1 busy=1 backoff_s=64
[2026-09-26T18:45:53.365Z] I (135391) RouteLoomRef: authority mesh tx_carrier=5 queued=0 shed=18674 rx_carrier=0 denied=0 timeout=5
[2026-09-26T18:45:53.365Z] I (135391) RouteLoomRef: authority jobs accepted=0 failed=0 last=
[2026-09-26T18:45:53.366Z] I (135391) RouteLoomRef: member discovery rx=3 offer_tx=1 offer_rx=2 auth=1 kind_reject=0 capacity=0 send_fail=1
[2026-09-26T18:45:53.366Z] I (135391) RouteLoomRef: member scope raw=5 accepted=2 mac_reject=0 hint=0 generation=2 key_unavailable=0 budget=0
[2026-09-26T18:45:58.366Z] I (140391) RouteLoomRef: member state=4 links=1 ends=0 authority=1/0 confirm=0 demux_drop=0
[2026-09-26T18:45:58.366Z] I (140392) RouteLoomRef: member handshake starts=2 requests=1 rejected=0 send_fail=1 established=1 failed=1 last_error=6 active=0
[2026-09-26T18:45:58.367Z] I (140392) RouteLoomRef: member end send_fail=0 established=0 failed=0 last_error=0
[2026-09-26T18:45:58.367Z] I (140392) RouteLoomRef: authority state=3 tx_sent=5 tx_failed=0 rx_accepted=0 rx_rejected=0 pull=1 busy=1 backoff_s=64
[2026-09-26T18:45:58.367Z] I (140393) RouteLoomRef: authority mesh tx_carrier=5 queued=0 shed=18674 rx_carrier=0 denied=0 timeout=5
[2026-09-26T18:45:58.367Z] I (140393) RouteLoomRef: authority jobs accepted=0 failed=0 last=
[2026-09-26T18:45:58.368Z] I (140393) RouteLoomRef: member discovery rx=3 offer_tx=1 offer_rx=2 auth=1 kind_reject=0 capacity=0 send_fail=1
[2026-09-26T18:45:58.368Z] I (140393) RouteLoomRef: member scope raw=5 accepted=2 mac_reject=0 hint=0 generation=2 key_unavailable=0 budget=0
[2026-09-26T18:46:03.368Z] I (145393) RouteLoomRef: member state=4 links=1 ends=0 authority=1/0 confirm=0 demux_drop=0
[2026-09-26T18:46:03.370Z] I (145394) RouteLoomRef: member handshake starts=2 requests=1 rejected=0 send_fail=1 established=1 failed=1 last_error=6 active=0
[2026-09-26T18:46:03.370Z] I (145394) RouteLoomRef: member end send_fail=0 established=0 failed=0 last_error=0
[2026-09-26T18:46:03.370Z] I (145394) RouteLoomRef: authority state=3 tx_sent=5 tx_failed=0 rx_accepted=0 rx_rejected=0 pull=1 busy=1 backoff_s=64
[2026-09-26T18:46:03.370Z] I (145395) RouteLoomRef: authority mesh tx_carrier=5 queued=0 shed=18674 rx_carrier=0 denied=0 timeout=5
[2026-09-26T18:46:03.370Z] I (145395) RouteLoomRef: authority jobs accepted=0 failed=0 last=
[2026-09-26T18:46:03.370Z] I (145395) RouteLoomRef: member discovery rx=3 offer_tx=1 offer_rx=2 auth=1 kind_reject=0 capacity=0 send_fail=1
[2026-09-26T18:46:03.370Z] I (145395) RouteLoomRef: member scope raw=5 accepted=2 mac_reject=0 hint=0 generation=2 key_unavailable=0 budget=0
[2026-09-26T18:46:08.371Z] I (150396) RouteLoomRef: member state=4 links=1 ends=0 authority=1/0 confirm=0 demux_drop=0
[2026-09-26T18:46:08.371Z] I (150397) RouteLoomRef: member handshake starts=2 requests=1 rejected=0 send_fail=1 established=1 failed=1 last_error=6 active=0
[2026-09-26T18:46:08.372Z] I (150397) RouteLoomRef: member end send_fail=0 established=0 failed=0 last_error=0
[2026-09-26T18:46:08.372Z] I (150397) RouteLoomRef: authority state=3 tx_sent=5 tx_failed=0 rx_accepted=0 rx_rejected=0 pull=1 busy=1 backoff_s=64
[2026-09-26T18:46:08.372Z] I (150398) RouteLoomRef: authority mesh tx_carrier=5 queued=0 shed=18674 rx_carrier=0 denied=0 timeout=5
[2026-09-26T18:46:08.373Z] I (150398) RouteLoomRef: authority jobs accepted=0 failed=0 last=
[2026-09-26T18:46:08.373Z] I (150398) RouteLoomRef: member discovery rx=3 offer_tx=1 offer_rx=2 auth=1 kind_reject=0 capacity=0 send_fail=1
[2026-09-26T18:46:08.373Z] I (150398) RouteLoomRef: member scope raw=5 accepted=2 mac_reject=0 hint=0 generation=2 key_unavailable=0 budget=0
[2026-09-26T18:46:13.373Z] I (155398) RouteLoomRef: member state=4 links=1 ends=0 authority=1/0 confirm=0 demux_drop=0
[2026-09-26T18:46:13.375Z] I (155399) RouteLoomRef: member handshake starts=2 requests=1 rejected=0 send_fail=1 established=1 failed=1 last_error=6 active=0
[2026-09-26T18:46:13.375Z] I (155399) RouteLoomRef: member end send_fail=0 established=0 failed=0 last_error=0
[2026-09-26T18:46:13.375Z] I (155399) RouteLoomRef: authority state=3 tx_sent=5 tx_failed=0 rx_accepted=0 rx_rejected=0 pull=1 busy=1 backoff_s=64
[2026-09-26T18:46:13.375Z] I (155400) RouteLoomRef: authority mesh tx_carrier=5 queued=0 shed=18674 rx_carrier=0 denied=0 timeout=5
[2026-09-26T18:46:13.375Z] I (155400) RouteLoomRef: authority jobs accepted=0 failed=0 last=
[2026-09-26T18:46:13.375Z] I (155400) RouteLoomRef: member discovery rx=3 offer_tx=1 offer_rx=2 auth=1 kind_reject=0 capacity=0 send_fail=1
[2026-09-26T18:46:13.375Z] I (155400) RouteLoomRef: member scope raw=5 accepted=2 mac_reject=0 hint=0 generation=2 key_unavailable=0 budget=0
[2026-09-26T18:46:18.376Z] I (160401) RouteLoomRef: member state=4 links=1 ends=0 authority=1/0 confirm=0 demux_drop=0
[2026-09-26T18:46:18.377Z] I (160402) RouteLoomRef: member handshake starts=2 requests=1 rejected=0 send_fail=1 established=1 failed=1 last_error=6 active=0
[2026-09-26T18:46:18.379Z] I (160402) RouteLoomRef: member end send_fail=0 established=0 failed=0 last_error=0
[2026-09-26T18:46:18.379Z] I (160402) RouteLoomRef: authority state=3 tx_sent=5 tx_failed=0 rx_accepted=0 rx_rejected=0 pull=1 busy=1 backoff_s=64
[2026-09-26T18:46:18.379Z] I (160403) RouteLoomRef: authority mesh tx_carrier=5 queued=0 shed=18674 rx_carrier=0 denied=0 timeout=5
[2026-09-26T18:46:18.379Z] I (160403) RouteLoomRef: authority jobs accepted=0 failed=0 last=
[2026-09-26T18:46:18.379Z] I (160403) RouteLoomRef: member discovery rx=3 offer_tx=1 offer_rx=2 auth=1 kind_reject=0 capacity=0 send_fail=1
[2026-09-26T18:46:18.379Z] I (160403) RouteLoomRef: member scope raw=5 accepted=2 mac_reject=0 hint=0 generation=2 key_unavailable=0 budget=0
[2026-09-26T18:46:23.376Z] I (165401) RouteLoomRef: member state=4 links=1 ends=0 authority=1/0 confirm=0 demux_drop=0
[2026-09-26T18:46:23.377Z] I (165402) RouteLoomRef: member handshake starts=2 requests=1 rejected=0 send_fail=1 established=1 failed=1 last_error=6 active=0
[2026-09-26T18:46:23.377Z] I (165402) RouteLoomRef: member end send_fail=0 established=0 failed=0 last_error=0
[2026-09-26T18:46:23.377Z] I (165402) RouteLoomRef: authority state=3 tx_sent=5 tx_failed=0 rx_accepted=0 rx_rejected=0 pull=1 busy=1 backoff_s=64
[2026-09-26T18:46:23.377Z] I (165403) RouteLoomRef: authority mesh tx_carrier=5 queued=0 shed=18674 rx_carrier=0 denied=0 timeout=5
[2026-09-26T18:46:23.378Z] I (165403) RouteLoomRef: authority jobs accepted=0 failed=0 last=
[2026-09-26T18:46:23.378Z] I (165403) RouteLoomRef: member discovery rx=3 offer_tx=1 offer_rx=2 auth=1 kind_reject=0 capacity=0 send_fail=1
[2026-09-26T18:46:23.378Z] I (165403) RouteLoomRef: member scope raw=5 accepted=2 mac_reject=0 hint=0 generation=2 key_unavailable=0 budget=0
[2026-09-26T18:46:28.378Z] I (170402) RouteLoomRef: member state=4 links=1 ends=0 authority=1/0 confirm=0 demux_drop=0
[2026-09-26T18:46:28.378Z] I (170403) RouteLoomRef: member handshake starts=2 requests=1 rejected=0 send_fail=1 established=1 failed=1 last_error=6 active=0
[2026-09-26T18:46:28.378Z] I (170403) RouteLoomRef: member end send_fail=0 established=0 failed=0 last_error=0
[2026-09-26T18:46:28.378Z] I (170403) RouteLoomRef: authority state=1 tx_sent=6 tx_failed=0 rx_accepted=0 rx_rejected=0 pull=1 busy=1 backoff_s=64
[2026-09-26T18:46:28.380Z] I (170404) RouteLoomRef: authority mesh tx_carrier=6 queued=0 shed=19682 rx_carrier=0 denied=0 timeout=5
[2026-09-26T18:46:28.380Z] I (170404) RouteLoomRef: authority jobs accepted=0 failed=0 last=
[2026-09-26T18:46:28.380Z] I (170404) RouteLoomRef: member discovery rx=3 offer_tx=1 offer_rx=2 auth=1 kind_reject=0 capacity=0 send_fail=1
[2026-09-26T18:46:28.380Z] I (170404) RouteLoomRef: member scope raw=5 accepted=2 mac_reject=0 hint=0 generation=2 key_unavailable=0 budget=0
[2026-09-26T18:46:33.380Z] I (175405) RouteLoomRef: member state=4 links=1 ends=0 authority=1/0 confirm=0 demux_drop=0
[2026-09-26T18:46:33.381Z] I (175406) RouteLoomRef: member handshake starts=2 requests=1 rejected=0 send_fail=1 established=1 failed=1 last_error=6 active=0
[2026-09-26T18:46:33.381Z] I (175406) RouteLoomRef: member end send_fail=0 established=0 failed=0 last_error=0
[2026-09-26T18:46:33.384Z] I (175406) RouteLoomRef: authority state=3 tx_sent=6 tx_failed=0 rx_accepted=0 rx_rejected=0 pull=1 busy=1 backoff_s=60
[2026-09-26T18:46:33.384Z] I (175407) RouteLoomRef: authority mesh tx_carrier=6 queued=0 shed=20931 rx_carrier=0 denied=0 timeout=5
[2026-09-26T18:46:33.384Z] I (175407) RouteLoomRef: authority jobs accepted=0 failed=0 last=
[2026-09-26T18:46:33.384Z] I (175407) RouteLoomRef: member discovery rx=3 offer_tx=1 offer_rx=2 auth=1 kind_reject=0 capacity=0 send_fail=1
[2026-09-26T18:46:33.384Z] I (175407) RouteLoomRef: member scope raw=5 accepted=2 mac_reject=0 hint=0 generation=2 key_unavailable=0 budget=0
[2026-09-26T18:46:38.321Z] I (180346) RouteLoom: stack hwm main 10384 B
[2026-09-26T18:46:38.321Z] I (180346) RouteLoom: HIL HEAP free=22052 largest=19456 min=21316 B
[2026-09-26T18:46:38.322Z] I (180347) RouteLoom: HIL DISCOVERY candidates=0 neighbors=1 capacity=0 auth=1 stale=0 probes=8 send_failures=1 kind_rejects=0
[2026-09-26T18:46:38.324Z] I (180347) RouteLoom: HIL ROUTE peer=1 phase=-1 via=0 metric=0 generation=0 seq=0
[2026-09-26T18:46:38.324Z] I (180347) RouteLoom: HIL ROUTE peer=2 phase=5 via=2 metric=1 generation=1335 seq=1
[2026-09-26T18:46:38.324Z] I (180348) RouteLoom: HIL ROUTE peer=3 phase=-1 via=0 metric=0 generation=0 seq=0
[2026-09-26T18:46:38.382Z] I (180407) RouteLoomRef: member state=4 links=1 ends=0 authority=1/0 confirm=0 demux_drop=0
[2026-09-26T18:46:38.383Z] I (180408) RouteLoomRef: member handshake starts=2 requests=1 rejected=0 send_fail=1 established=1 failed=1 last_error=6 active=0
[2026-09-26T18:46:38.383Z] I (180408) RouteLoomRef: member end send_fail=0 established=0 failed=0 last_error=0
[2026-09-26T18:46:38.386Z] I (180408) RouteLoomRef: authority state=3 tx_sent=6 tx_failed=0 rx_accepted=0 rx_rejected=0 pull=1 busy=1 backoff_s=60
[2026-09-26T18:46:38.386Z] I (180409) RouteLoomRef: authority mesh tx_carrier=6 queued=0 shed=22180 rx_carrier=0 denied=0 timeout=5
[2026-09-26T18:46:38.386Z] I (180409) RouteLoomRef: authority jobs accepted=0 failed=0 last=
[2026-09-26T18:46:38.386Z] I (180409) RouteLoomRef: member discovery rx=3 offer_tx=1 offer_rx=2 auth=1 kind_reject=0 capacity=0 send_fail=1
[2026-09-26T18:46:38.386Z] I (180409) RouteLoomRef: member scope raw=5 accepted=2 mac_reject=0 hint=0 generation=2 key_unavailable=0 budget=0
[2026-09-26T18:46:43.384Z] I (185409) RouteLoomRef: member state=4 links=1 ends=0 authority=1/0 confirm=0 demux_drop=0
[2026-09-26T18:46:43.385Z] I (185410) RouteLoomRef: member handshake starts=2 requests=1 rejected=0 send_fail=1 established=1 failed=1 last_error=6 active=0
[2026-09-26T18:46:43.385Z] I (185410) RouteLoomRef: member end send_fail=0 established=0 failed=0 last_error=0
[2026-09-26T18:46:43.387Z] I (185410) RouteLoomRef: authority state=3 tx_sent=6 tx_failed=0 rx_accepted=0 rx_rejected=0 pull=1 busy=1 backoff_s=60
[2026-09-26T18:46:43.387Z] I (185411) RouteLoomRef: authority mesh tx_carrier=6 queued=0 shed=22420 rx_carrier=0 denied=0 timeout=6
[2026-09-26T18:46:43.387Z] I (185411) RouteLoomRef: authority jobs accepted=0 failed=0 last=
[2026-09-26T18:46:43.387Z] I (185411) RouteLoomRef: member discovery rx=3 offer_tx=1 offer_rx=2 auth=1 kind_reject=0 capacity=0 send_fail=1
[2026-09-26T18:46:43.387Z] I (185411) RouteLoomRef: member scope raw=5 accepted=2 mac_reject=0 hint=0 generation=2 key_unavailable=0 budget=0
[2026-09-26T18:46:48.387Z] I (190412) RouteLoomRef: member state=4 links=1 ends=0 authority=1/0 confirm=0 demux_drop=0
[2026-09-26T18:46:48.389Z] I (190413) RouteLoomRef: member handshake starts=2 requests=1 rejected=0 send_fail=1 established=1 failed=1 last_error=6 active=0
[2026-09-26T18:46:48.389Z] I (190413) RouteLoomRef: member end send_fail=0 established=0 failed=0 last_error=0
[2026-09-26T18:46:48.389Z] I (190413) RouteLoomRef: authority state=3 tx_sent=6 tx_failed=0 rx_accepted=0 rx_rejected=0 pull=1 busy=1 backoff_s=60
[2026-09-26T18:46:48.389Z] I (190414) RouteLoomRef: authority mesh tx_carrier=6 queued=0 shed=22420 rx_carrier=0 denied=0 timeout=6
[2026-09-26T18:46:48.389Z] I (190414) RouteLoomRef: authority jobs accepted=0 failed=0 last=
[2026-09-26T18:46:48.389Z] I (190414) RouteLoomRef: member discovery rx=3 offer_tx=1 offer_rx=2 auth=1 kind_reject=0 capacity=0 send_fail=1
[2026-09-26T18:46:48.393Z] I (190414) RouteLoomRef: member scope raw=5 accepted=2 mac_reject=0 hint=0 generation=2 key_unavailable=0 budget=0
[2026-09-26T18:46:53.391Z] I (195415) RouteLoomRef: member state=4 links=1 ends=0 authority=1/0 confirm=0 demux_drop=0
[2026-09-26T18:46:53.393Z] I (195416) RouteLoomRef: member handshake starts=2 requests=1 rejected=0 send_fail=1 established=1 failed=1 last_error=6 active=0
[2026-09-26T18:46:53.393Z] I (195416) RouteLoomRef: member end send_fail=0 established=0 failed=0 last_error=0
[2026-09-26T18:46:53.393Z] I (195416) RouteLoomRef: authority state=3 tx_sent=6 tx_failed=0 rx_accepted=0 rx_rejected=0 pull=1 busy=1 backoff_s=60
[2026-09-26T18:46:53.393Z] I (195417) RouteLoomRef: authority mesh tx_carrier=6 queued=0 shed=22420 rx_carrier=0 denied=0 timeout=6
[2026-09-26T18:46:53.393Z] I (195417) RouteLoomRef: authority jobs accepted=0 failed=0 last=
[2026-09-26T18:46:53.393Z] I (195417) RouteLoomRef: member discovery rx=3 offer_tx=1 offer_rx=2 auth=1 kind_reject=0 capacity=0 send_fail=1
[2026-09-26T18:46:53.393Z] I (195417) RouteLoomRef: member scope raw=5 accepted=2 mac_reject=0 hint=0 generation=2 key_unavailable=0 budget=0
[2026-09-26T18:46:58.394Z] I (200418) RouteLoomRef: member state=4 links=1 ends=0 authority=1/0 confirm=0 demux_drop=0
[2026-09-26T18:46:58.394Z] I (200419) RouteLoomRef: member handshake starts=2 requests=1 rejected=0 send_fail=1 established=1 failed=1 last_error=6 active=0
[2026-09-26T18:46:58.394Z] I (200419) RouteLoomRef: member end send_fail=0 established=0 failed=0 last_error=0
[2026-09-26T18:46:58.395Z] I (200419) RouteLoomRef: authority state=3 tx_sent=6 tx_failed=0 rx_accepted=0 rx_rejected=0 pull=1 busy=1 backoff_s=60
[2026-09-26T18:46:58.398Z] I (200420) RouteLoomRef: authority mesh tx_carrier=6 queued=0 shed=22420 rx_carrier=0 denied=0 timeout=6
[2026-09-26T18:46:58.398Z] I (200420) RouteLoomRef: authority jobs accepted=0 failed=0 last=
[2026-09-26T18:46:58.398Z] I (200420) RouteLoomRef: member discovery rx=3 offer_tx=1 offer_rx=2 auth=1 kind_reject=0 capacity=0 send_fail=1
[2026-09-26T18:46:58.398Z] I (200420) RouteLoomRef: member scope raw=5 accepted=2 mac_reject=0 hint=0 generation=2 key_unavailable=0 budget=0
[2026-09-26T18:47:03.396Z] I (205420) RouteLoomRef: member state=4 links=1 ends=0 authority=1/0 confirm=0 demux_drop=0
[2026-09-26T18:47:03.396Z] I (205421) RouteLoomRef: member handshake starts=2 requests=1 rejected=0 send_fail=1 established=1 failed=1 last_error=6 active=0
[2026-09-26T18:47:03.396Z] I (205421) RouteLoomRef: member end send_fail=0 established=0 failed=0 last_error=0
[2026-09-26T18:47:03.397Z] I (205421) RouteLoomRef: authority state=3 tx_sent=6 tx_failed=0 rx_accepted=0 rx_rejected=0 pull=1 busy=1 backoff_s=60
[2026-09-26T18:47:03.397Z] I (205422) RouteLoomRef: authority mesh tx_carrier=6 queued=0 shed=22420 rx_carrier=0 denied=0 timeout=6
[2026-09-26T18:47:03.397Z] I (205422) RouteLoomRef: authority jobs accepted=0 failed=0 last=
[2026-09-26T18:47:03.397Z] I (205422) RouteLoomRef: member discovery rx=3 offer_tx=1 offer_rx=2 auth=1 kind_reject=0 capacity=0 send_fail=1
[2026-09-26T18:47:03.398Z] I (205422) RouteLoomRef: member scope raw=5 accepted=2 mac_reject=0 hint=0 generation=2 key_unavailable=0 budget=0
[2026-09-26T18:47:08.399Z] I (210423) RouteLoomRef: member state=4 links=1 ends=0 authority=1/0 confirm=0 demux_drop=0
[2026-09-26T18:47:08.399Z] I (210424) RouteLoomRef: member handshake starts=2 requests=1 rejected=0 send_fail=1 established=1 failed=1 last_error=6 active=0
[2026-09-26T18:47:08.399Z] I (210424) RouteLoomRef: member end send_fail=0 established=0 failed=0 last_error=0
[2026-09-26T18:47:08.400Z] I (210424) RouteLoomRef: authority state=3 tx_sent=6 tx_failed=0 rx_accepted=0 rx_rejected=0 pull=1 busy=1 backoff_s=60
[2026-09-26T18:47:08.400Z] I (210425) RouteLoomRef: authority mesh tx_carrier=6 queued=0 shed=22420 rx_carrier=0 denied=0 timeout=6
[2026-09-26T18:47:08.400Z] I (210425) RouteLoomRef: authority jobs accepted=0 failed=0 last=
[2026-09-26T18:47:08.401Z] I (210425) RouteLoomRef: member discovery rx=3 offer_tx=1 offer_rx=2 auth=1 kind_reject=0 capacity=0 send_fail=1
[2026-09-26T18:47:08.401Z] I (210425) RouteLoomRef: member scope raw=5 accepted=2 mac_reject=0 hint=0 generation=2 key_unavailable=0 budget=0
[2026-09-26T18:47:13.400Z] I (215424) RouteLoomRef: member state=4 links=1 ends=0 authority=1/0 confirm=0 demux_drop=0
[2026-09-26T18:47:13.400Z] I (215425) RouteLoomRef: member handshake starts=2 requests=1 rejected=0 send_fail=1 established=1 failed=1 last_error=6 active=0
[2026-09-26T18:47:13.400Z] I (215425) RouteLoomRef: member end send_fail=0 established=0 failed=0 last_error=0
[2026-09-26T18:47:13.404Z] I (215425) RouteLoomRef: authority state=3 tx_sent=6 tx_failed=0 rx_accepted=0 rx_rejected=0 pull=1 busy=1 backoff_s=60
[2026-09-26T18:47:13.404Z] I (215426) RouteLoomRef: authority mesh tx_carrier=6 queued=0 shed=22420 rx_carrier=0 denied=0 timeout=6
[2026-09-26T18:47:13.404Z] I (215426) RouteLoomRef: authority jobs accepted=0 failed=0 last=
[2026-09-26T18:47:13.404Z] I (215426) RouteLoomRef: member discovery rx=3 offer_tx=1 offer_rx=2 auth=1 kind_reject=0 capacity=0 send_fail=1
[2026-09-26T18:47:13.404Z] I (215427) RouteLoomRef: member scope raw=5 accepted=2 mac_reject=0 hint=0 generation=2 key_unavailable=0 budget=0
[2026-09-26T18:47:18.403Z] I (220427) RouteLoomRef: member state=4 links=1 ends=0 authority=1/0 confirm=0 demux_drop=0
[2026-09-26T18:47:18.403Z] I (220428) RouteLoomRef: member handshake starts=2 requests=1 rejected=0 send_fail=1 established=1 failed=1 last_error=6 active=0
[2026-09-26T18:47:18.406Z] I (220428) RouteLoomRef: member end send_fail=0 established=0 failed=0 last_error=0
[2026-09-26T18:47:18.406Z] I (220428) RouteLoomRef: authority state=3 tx_sent=6 tx_failed=0 rx_accepted=0 rx_rejected=0 pull=1 busy=1 backoff_s=60
[2026-09-26T18:47:18.406Z] I (220429) RouteLoomRef: authority mesh tx_carrier=6 queued=0 shed=22420 rx_carrier=0 denied=0 timeout=6
[2026-09-26T18:47:18.406Z] I (220429) RouteLoomRef: authority jobs accepted=0 failed=0 last=
[2026-09-26T18:47:18.406Z] I (220429) RouteLoomRef: member discovery rx=3 offer_tx=1 offer_rx=2 auth=1 kind_reject=0 capacity=0 send_fail=1
[2026-09-26T18:47:18.406Z] I (220429) RouteLoomRef: member scope raw=5 accepted=2 mac_reject=0 hint=0 generation=2 key_unavailable=0 budget=0
[2026-09-26T18:47:23.405Z] I (225429) RouteLoomRef: member state=4 links=1 ends=0 authority=1/0 confirm=0 demux_drop=0
[2026-09-26T18:47:23.405Z] I (225430) RouteLoomRef: member handshake starts=2 requests=1 rejected=0 send_fail=1 established=1 failed=1 last_error=6 active=0
[2026-09-26T18:47:23.405Z] I (225430) RouteLoomRef: member end send_fail=0 established=0 failed=0 last_error=0
[2026-09-26T18:47:23.406Z] I (225430) RouteLoomRef: authority state=3 tx_sent=6 tx_failed=0 rx_accepted=0 rx_rejected=0 pull=1 busy=1 backoff_s=60
[2026-09-26T18:47:23.406Z] I (225431) RouteLoomRef: authority mesh tx_carrier=6 queued=0 shed=22420 rx_carrier=0 denied=0 timeout=6
[2026-09-26T18:47:23.406Z] I (225431) RouteLoomRef: authority jobs accepted=0 failed=0 last=
[2026-09-26T18:47:23.407Z] I (225431) RouteLoomRef: member discovery rx=3 offer_tx=1 offer_rx=2 auth=1 kind_reject=0 capacity=0 send_fail=1
[2026-09-26T18:47:23.407Z] I (225431) RouteLoomRef: member scope raw=5 accepted=2 mac_reject=0 hint=0 generation=2 key_unavailable=0 budget=0
[2026-09-26T18:47:28.405Z] I (230429) RouteLoomRef: member state=4 links=1 ends=0 authority=1/0 confirm=0 demux_drop=0
[2026-09-26T18:47:28.405Z] I (230430) RouteLoomRef: member handshake starts=2 requests=1 rejected=0 send_fail=1 established=1 failed=1 last_error=6 active=0
[2026-09-26T18:47:28.406Z] I (230430) RouteLoomRef: member end send_fail=0 established=0 failed=0 last_error=0
[2026-09-26T18:47:28.406Z] I (230430) RouteLoomRef: authority state=3 tx_sent=6 tx_failed=0 rx_accepted=0 rx_rejected=0 pull=1 busy=1 backoff_s=60
[2026-09-26T18:47:28.407Z] I (230431) RouteLoomRef: authority mesh tx_carrier=6 queued=0 shed=22420 rx_carrier=0 denied=0 timeout=6
[2026-09-26T18:47:28.407Z] I (230431) RouteLoomRef: authority jobs accepted=0 failed=0 last=
[2026-09-26T18:47:28.407Z] I (230431) RouteLoomRef: member discovery rx=3 offer_tx=1 offer_rx=2 auth=1 kind_reject=0 capacity=0 send_fail=1
[2026-09-26T18:47:28.407Z] I (230431) RouteLoomRef: member scope raw=5 accepted=2 mac_reject=0 hint=0 generation=2 key_unavailable=0 budget=0
[2026-09-26T18:47:33.405Z] I (235429) RouteLoomRef: member state=4 links=1 ends=0 authority=1/0 confirm=0 demux_drop=0
[2026-09-26T18:47:33.408Z] I (235430) RouteLoomRef: member handshake starts=2 requests=1 rejected=0 send_fail=1 established=1 failed=1 last_error=6 active=0
[2026-09-26T18:47:33.408Z] I (235430) RouteLoomRef: member end send_fail=0 established=0 failed=0 last_error=0
[2026-09-26T18:47:33.408Z] I (235430) RouteLoomRef: authority state=1 tx_sent=7 tx_failed=0 rx_accepted=0 rx_rejected=0 pull=1 busy=1 backoff_s=60
[2026-09-26T18:47:33.408Z] I (235431) RouteLoomRef: authority mesh tx_carrier=7 queued=0 shed=23374 rx_carrier=0 denied=0 timeout=6
[2026-09-26T18:47:33.408Z] I (235431) RouteLoomRef: authority jobs accepted=0 failed=0 last=
[2026-09-26T18:47:33.408Z] I (235431) RouteLoomRef: member discovery rx=3 offer_tx=1 offer_rx=2 auth=1 kind_reject=0 capacity=0 send_fail=1
[2026-09-26T18:47:33.408Z] I (235431) RouteLoomRef: member scope raw=5 accepted=2 mac_reject=0 hint=0 generation=2 key_unavailable=0 budget=0
[2026-09-26T18:47:38.323Z] I (240347) RouteLoom: stack hwm main 10384 B
[2026-09-26T18:47:38.323Z] I (240347) RouteLoom: HIL HEAP free=22052 largest=19456 min=21316 B
[2026-09-26T18:47:38.324Z] I (240348) RouteLoom: HIL DISCOVERY candidates=0 neighbors=1 capacity=0 auth=1 stale=0 probes=11 send_failures=1 kind_rejects=0
[2026-09-26T18:47:38.324Z] I (240348) RouteLoom: HIL ROUTE peer=1 phase=-1 via=0 metric=0 generation=0 seq=0
[2026-09-26T18:47:38.324Z] I (240348) RouteLoom: HIL ROUTE peer=2 phase=5 via=2 metric=1 generation=1335 seq=1
[2026-09-26T18:47:38.324Z] I (240349) RouteLoom: HIL ROUTE peer=3 phase=-1 via=0 metric=0 generation=0 seq=0
[2026-09-26T18:47:38.408Z] I (240432) RouteLoomRef: member state=4 links=1 ends=0 authority=1/0 confirm=0 demux_drop=0
[2026-09-26T18:47:38.410Z] I (240433) RouteLoomRef: member handshake starts=2 requests=1 rejected=0 send_fail=1 established=1 failed=1 last_error=6 active=0
[2026-09-26T18:47:38.410Z] I (240433) RouteLoomRef: member end send_fail=0 established=0 failed=0 last_error=0
[2026-09-26T18:47:38.410Z] I (240433) RouteLoomRef: authority state=3 tx_sent=7 tx_failed=0 rx_accepted=0 rx_rejected=0 pull=1 busy=1 backoff_s=60
[2026-09-26T18:47:38.410Z] I (240434) RouteLoomRef: authority mesh tx_carrier=7 queued=0 shed=24623 rx_carrier=0 denied=0 timeout=6
[2026-09-26T18:47:38.410Z] I (240434) RouteLoomRef: authority jobs accepted=0 failed=0 last=
[2026-09-26T18:47:38.410Z] I (240434) RouteLoomRef: member discovery rx=3 offer_tx=1 offer_rx=2 auth=1 kind_reject=0 capacity=0 send_fail=1
[2026-09-26T18:47:38.410Z] I (240434) RouteLoomRef: member scope raw=5 accepted=2 mac_reject=0 hint=0 generation=2 key_unavailable=0 budget=0
[2026-09-26T18:47:43.408Z] I (245432) RouteLoomRef: member state=4 links=1 ends=0 authority=1/0 confirm=0 demux_drop=0
[2026-09-26T18:47:43.408Z] I (245433) RouteLoomRef: member handshake starts=2 requests=1 rejected=0 send_fail=1 established=1 failed=1 last_error=6 active=0
[2026-09-26T18:47:43.409Z] I (245433) RouteLoomRef: member end send_fail=0 established=0 failed=0 last_error=0
[2026-09-26T18:47:43.409Z] I (245433) RouteLoomRef: authority state=3 tx_sent=7 tx_failed=0 rx_accepted=0 rx_rejected=0 pull=1 busy=1 backoff_s=60
[2026-09-26T18:47:43.409Z] I (245434) RouteLoomRef: authority mesh tx_carrier=7 queued=0 shed=25871 rx_carrier=0 denied=0 timeout=6
[2026-09-26T18:47:43.412Z] I (245434) RouteLoomRef: authority jobs accepted=0 failed=0 last=
[2026-09-26T18:47:43.412Z] I (245434) RouteLoomRef: member discovery rx=3 offer_tx=1 offer_rx=2 auth=1 kind_reject=0 capacity=0 send_fail=1
[2026-09-26T18:47:43.412Z] I (245434) RouteLoomRef: member scope raw=5 accepted=2 mac_reject=0 hint=0 generation=2 key_unavailable=0 budget=0
[2026-09-26T18:47:48.411Z] I (250435) RouteLoomRef: member state=4 links=1 ends=0 authority=1/0 confirm=0 demux_drop=0
[2026-09-26T18:47:48.411Z] I (250436) RouteLoomRef: member handshake starts=2 requests=1 rejected=0 send_fail=1 established=1 failed=1 last_error=6 active=0
[2026-09-26T18:47:48.412Z] I (250436) RouteLoomRef: member end send_fail=0 established=0 failed=0 last_error=0
[2026-09-26T18:47:48.412Z] I (250436) RouteLoomRef: authority state=3 tx_sent=7 tx_failed=0 rx_accepted=0 rx_rejected=0 pull=1 busy=1 backoff_s=60
[2026-09-26T18:47:48.412Z] I (250437) RouteLoomRef: authority mesh tx_carrier=7 queued=0 shed=26165 rx_carrier=0 denied=0 timeout=7
[2026-09-26T18:47:48.413Z] I (250437) RouteLoomRef: authority jobs accepted=0 failed=0 last=
[2026-09-26T18:47:48.413Z] I (250437) RouteLoomRef: member discovery rx=3 offer_tx=1 offer_rx=2 auth=1 kind_reject=0 capacity=0 send_fail=1
[2026-09-26T18:47:48.413Z] I (250437) RouteLoomRef: member scope raw=5 accepted=2 mac_reject=0 hint=0 generation=2 key_unavailable=0 budget=0
[2026-09-26T18:47:53.414Z] I (255438) RouteLoomRef: member state=4 links=1 ends=0 authority=1/0 confirm=0 demux_drop=0
[2026-09-26T18:47:53.415Z] I (255439) RouteLoomRef: member handshake starts=2 requests=1 rejected=0 send_fail=1 established=1 failed=1 last_error=6 active=0
[2026-09-26T18:47:53.417Z] I (255439) RouteLoomRef: member end send_fail=0 established=0 failed=0 last_error=0
[2026-09-26T18:47:53.417Z] I (255439) RouteLoomRef: authority state=3 tx_sent=7 tx_failed=0 rx_accepted=0 rx_rejected=0 pull=1 busy=1 backoff_s=60
[2026-09-26T18:47:53.417Z] I (255440) RouteLoomRef: authority mesh tx_carrier=7 queued=0 shed=26165 rx_carrier=0 denied=0 timeout=7
[2026-09-26T18:47:53.417Z] I (255440) RouteLoomRef: authority jobs accepted=0 failed=0 last=
[2026-09-26T18:47:53.417Z] I (255440) RouteLoomRef: member discovery rx=3 offer_tx=1 offer_rx=2 auth=1 kind_reject=0 capacity=0 send_fail=1
[2026-09-26T18:47:53.417Z] I (255440) RouteLoomRef: member scope raw=5 accepted=2 mac_reject=0 hint=0 generation=2 key_unavailable=0 budget=0
[2026-09-26T18:47:58.414Z] I (260438) RouteLoomRef: member state=4 links=1 ends=0 authority=1/0 confirm=0 demux_drop=0
[2026-09-26T18:47:58.414Z] I (260439) RouteLoomRef: member handshake starts=2 requests=1 rejected=0 send_fail=1 established=1 failed=1 last_error=6 active=0
[2026-09-26T18:47:58.415Z] I (260439) RouteLoomRef: member end send_fail=0 established=0 failed=0 last_error=0
[2026-09-26T18:47:58.415Z] I (260439) RouteLoomRef: authority state=3 tx_sent=7 tx_failed=0 rx_accepted=0 rx_rejected=0 pull=1 busy=1 backoff_s=60
[2026-09-26T18:47:58.415Z] I (260440) RouteLoomRef: authority mesh tx_carrier=7 queued=0 shed=26165 rx_carrier=0 denied=0 timeout=7
[2026-09-26T18:47:58.416Z] I (260440) RouteLoomRef: authority jobs accepted=0 failed=0 last=
[2026-09-26T18:47:58.416Z] I (260440) RouteLoomRef: member discovery rx=3 offer_tx=1 offer_rx=2 auth=1 kind_reject=0 capacity=0 send_fail=1
[2026-09-26T18:47:58.416Z] I (260440) RouteLoomRef: member scope raw=5 accepted=2 mac_reject=0 hint=0 generation=2 key_unavailable=0 budget=0
[2026-09-26T18:48:03.416Z] I (265440) RouteLoomRef: member state=4 links=1 ends=0 authority=1/0 confirm=0 demux_drop=0
[2026-09-26T18:48:03.417Z] I (265441) RouteLoomRef: member handshake starts=2 requests=1 rejected=0 send_fail=1 established=1 failed=1 last_error=6 active=0
[2026-09-26T18:48:03.417Z] I (265441) RouteLoomRef: member end send_fail=0 established=0 failed=0 last_error=0
[2026-09-26T18:48:03.417Z] I (265441) RouteLoomRef: authority state=3 tx_sent=7 tx_failed=0 rx_accepted=0 rx_rejected=0 pull=1 busy=1 backoff_s=60
[2026-09-26T18:48:03.418Z] I (265442) RouteLoomRef: authority mesh tx_carrier=7 queued=0 shed=26165 rx_carrier=0 denied=0 timeout=7
[2026-09-26T18:48:03.418Z] I (265442) RouteLoomRef: authority jobs accepted=0 failed=0 last=
[2026-09-26T18:48:03.418Z] I (265442) RouteLoomRef: member discovery rx=3 offer_tx=1 offer_rx=2 auth=1 kind_reject=0 capacity=0 send_fail=1
[2026-09-26T18:48:03.418Z] I (265442) RouteLoomRef: member scope raw=5 accepted=2 mac_reject=0 hint=0 generation=2 key_unavailable=0 budget=0
[2026-09-26T18:48:08.419Z] I (270443) RouteLoomRef: member state=4 links=1 ends=0 authority=1/0 confirm=0 demux_drop=0
[2026-09-26T18:48:08.420Z] I (270444) RouteLoomRef: member handshake starts=2 requests=1 rejected=0 send_fail=1 established=1 failed=1 last_error=6 active=0
[2026-09-26T18:48:08.420Z] I (270444) RouteLoomRef: member end send_fail=0 established=0 failed=0 last_error=0
[2026-09-26T18:48:08.420Z] I (270444) RouteLoomRef: authority state=3 tx_sent=7 tx_failed=0 rx_accepted=0 rx_rejected=0 pull=1 busy=1 backoff_s=60
[2026-09-26T18:48:08.421Z] I (270445) RouteLoomRef: authority mesh tx_carrier=7 queued=0 shed=26165 rx_carrier=0 denied=0 timeout=7
[2026-09-26T18:48:08.421Z] I (270445) RouteLoomRef: authority jobs accepted=0 failed=0 last=
[2026-09-26T18:48:08.421Z] I (270445) RouteLoomRef: member discovery rx=3 offer_tx=1 offer_rx=2 auth=1 kind_reject=0 capacity=0 send_fail=1
[2026-09-26T18:48:08.421Z] I (270445) RouteLoomRef: member scope raw=5 accepted=2 mac_reject=0 hint=0 generation=2 key_unavailable=0 budget=0
[2026-09-26T18:48:09.059Z] !! capture closed
