$ /home/sahur/.local/bin/esptool --chip esp32c3 --port /dev/serial/by-id/usb-Espressif_USB_JTAG_serial_debug_unit_94:A9:90:6A:EE:C4-if00 --baud 460800 --before default-reset --after hard-reset write-flash --flash-mode dio --flash-size 2MB --flash-freq 80m 0x0 artifacts/hil/2026-09-26/images/bridge-lowmem-usbdiag/build/bootloader/bootloader.bin 0x8000 artifacts/hil/2026-09-26/images/bridge-lowmem-usbdiag/build/partition_table/partition-table.bin 0x10000 artifacts/hil/2026-09-26/images/bridge-lowmem-usbdiag/build/routeloom_bridge_node.bin
esptool v5.4.0
Serial port /dev/serial/by-id/usb-Espressif_USB_JTAG_serial_debug_unit_94:A9:90:6A:EE:C4-if00:
Connecting....
Connected to ESP32-C3 on /dev/serial/by-id/usb-Espressif_USB_JTAG_serial_debug_unit_94:A9:90:6A:EE:C4-if00:
Chip type:          ESP32-C3 (QFN32) (revision v0.4)
Features:           Wi-Fi, BT 5 (LE), Single Core, 160MHz, Embedded Flash 4MB (XMC)
Crystal frequency:  40MHz
USB mode:           USB-Serial/JTAG
MAC:                94:a9:90:6a:ee:c4

Uploading stub flasher...
Running stub flasher...
Stub flasher running.
Changing baud rate to 460800...
Changed.

Configuring flash size...

Writing 'artifacts/hil/2026-09-26/images/bridge-lowmem-usbdiag/build/bootloader/bootloader.bin' at 0x00000000...
SHA digest in image updated.
Flash will be erased from 0x00000000 to 0x00005fff...
Compressed 21344 bytes to 13506...
Writing at 0x00005360 ━━━━━━━━━━━━━━━━━━━━━━━━━━━━━━ 100.0% 13.19kB/13.19kB [0s] 
Wrote 21344 bytes (13506 compressed) at 0x00000000 in 0.3 seconds (663.3 kbit/s).
Verifying written data...
Hash of data verified.

Writing 'artifacts/hil/2026-09-26/images/bridge-lowmem-usbdiag/build/partition_table/partition-table.bin' at 0x00008000...
Flash will be erased from 0x00008000 to 0x00008fff...
Compressed 3072 bytes to 120...
Writing at 0x00008c00 ━━━━━━━━━━━━━━━━━━━━━━━━━━━━━━ 100.0% 120B/120B [0s] 
Wrote 3072 bytes (120 compressed) at 0x00008000 in 0.0 seconds (4336.0 kbit/s).
Verifying written data...
Hash of data verified.

Writing 'artifacts/hil/2026-09-26/images/bridge-lowmem-usbdiag/build/routeloom_bridge_node.bin' at 0x00010000...
Flash will be erased from 0x00010000 to 0x00174fff...
Compressed 1462128 bytes to 861857...
Writing at 0x0001c53a ╸                                1.9% 16.00kB/841.66kB [0s] 
Writing at 0x000283e6 ━                                3.8% 32.00kB/841.66kB [0s] 
Writing at 0x0002f6e8 ━╸                               5.7% 48.00kB/841.66kB [1s] 
Writing at 0x00039add ━━                               7.6% 64.00kB/841.66kB [1s] 
Writing at 0x0003ff34 ━━╸                              9.5% 80.00kB/841.66kB [2s] 
Writing at 0x00046cc6 ━━━                             11.4% 96.00kB/841.66kB [2s] 
Writing at 0x0004dfc4 ━━━╸                            13.3% 112.00kB/841.66kB [3s] 
Writing at 0x00054a72 ━━━━╸                           15.2% 128.00kB/841.66kB [3s] 
Writing at 0x0005b5c9 ━━━━━                           17.1% 144.00kB/841.66kB [4s] 
Writing at 0x00061f29 ━━━━━╸                          19.0% 160.00kB/841.66kB [5s] 
Writing at 0x000686ea ━━━━━━                          20.9% 176.00kB/841.66kB [5s] 
Writing at 0x0006f696 ━━━━━━╸                         22.8% 192.00kB/841.66kB [6s] 
Writing at 0x00075d08 ━━━━━━━                         24.7% 208.00kB/841.66kB [6s] 
Writing at 0x0007caf2 ━━━━━━━╸                        26.6% 224.00kB/841.66kB [6s] 
Writing at 0x000831dd ━━━━━━━━╸                       28.5% 240.00kB/841.66kB [6s] 
Writing at 0x00089ae8 ━━━━━━━━━                       30.4% 256.00kB/841.66kB [6s] 
Writing at 0x000901c7 ━━━━━━━━━╸                      32.3% 272.00kB/841.66kB [6s] 
Writing at 0x0009692f ━━━━━━━━━━                      34.2% 288.00kB/841.66kB [6s] 
Writing at 0x0009d3ba ━━━━━━━━━━╸                     36.1% 304.00kB/841.66kB [6s] 
Writing at 0x000a3ce0 ━━━━━━━━━━━                     38.0% 320.00kB/841.66kB [6s] 
Writing at 0x000aa379 ━━━━━━━━━━━╸                    39.9% 336.00kB/841.66kB [7s] 
Writing at 0x000b102b ━━━━━━━━━━━━╸                   41.8% 352.00kB/841.66kB [7s] 
Writing at 0x000b76d4 ━━━━━━━━━━━━━                   43.7% 368.00kB/841.66kB [7s] 
Writing at 0x000be1a7 ━━━━━━━━━━━━━╸                  45.6% 384.00kB/841.66kB [7s] 
Writing at 0x000c4c70 ━━━━━━━━━━━━━━                  47.5% 400.00kB/841.66kB [7s] 
Writing at 0x000cb2dc ━━━━━━━━━━━━━━╸                 49.4% 416.00kB/841.66kB [7s] 
Writing at 0x000d2306 ━━━━━━━━━━━━━━━                 51.3% 432.00kB/841.66kB [7s] 
Writing at 0x000d9adf ━━━━━━━━━━━━━━━╸                53.2% 448.00kB/841.66kB [7s] 
Writing at 0x000e0738 ━━━━━━━━━━━━━━━━╸               55.1% 464.00kB/841.66kB [7s] 
Writing at 0x000e7613 ━━━━━━━━━━━━━━━━━               57.0% 480.00kB/841.66kB [7s] 
Writing at 0x000ed3b5 ━━━━━━━━━━━━━━━━━╸              58.9% 496.00kB/841.66kB [7s] 
Writing at 0x000f2f83 ━━━━━━━━━━━━━━━━━━              60.8% 512.00kB/841.66kB [8s] 
Writing at 0x000f8bbd ━━━━━━━━━━━━━━━━━━╸             62.7% 528.00kB/841.66kB [8s] 
Writing at 0x000fe673 ━━━━━━━━━━━━━━━━━━━             64.6% 544.00kB/841.66kB [8s] 
Writing at 0x00104550 ━━━━━━━━━━━━━━━━━━━╸            66.5% 560.00kB/841.66kB [8s] 
Writing at 0x0010aefa ━━━━━━━━━━━━━━━━━━━━╸           68.4% 576.00kB/841.66kB [8s] 
Writing at 0x00110c31 ━━━━━━━━━━━━━━━━━━━━━           70.3% 592.00kB/841.66kB [8s] 
Writing at 0x00116a1d ━━━━━━━━━━━━━━━━━━━━━╸          72.2% 608.00kB/841.66kB [8s] 
Writing at 0x0011ccec ━━━━━━━━━━━━━━━━━━━━━━          74.1% 624.00kB/841.66kB [8s] 
Writing at 0x00123248 ━━━━━━━━━━━━━━━━━━━━━━╸         76.0% 640.00kB/841.66kB [8s] 
Writing at 0x001293f8 ━━━━━━━━━━━━━━━━━━━━━━━         77.9% 656.00kB/841.66kB [8s] 
Writing at 0x0012f250 ━━━━━━━━━━━━━━━━━━━━━━━╸        79.8% 672.00kB/841.66kB [8s] 
Writing at 0x00135a48 ━━━━━━━━━━━━━━━━━━━━━━━━╸       81.7% 688.00kB/841.66kB [9s] 
Writing at 0x0013c7e4 ━━━━━━━━━━━━━━━━━━━━━━━━━       83.6% 704.00kB/841.66kB [9s] 
Writing at 0x001435e9 ━━━━━━━━━━━━━━━━━━━━━━━━━╸      85.5% 720.00kB/841.66kB [9s] 
Writing at 0x00149f8d ━━━━━━━━━━━━━━━━━━━━━━━━━━      87.4% 736.00kB/841.66kB [9s] 
Writing at 0x00150373 ━━━━━━━━━━━━━━━━━━━━━━━━━━╸     89.3% 752.00kB/841.66kB [9s] 
Writing at 0x0015663f ━━━━━━━━━━━━━━━━━━━━━━━━━━━     91.2% 768.00kB/841.66kB [9s] 
Writing at 0x0015c7dc ━━━━━━━━━━━━━━━━━━━━━━━━━━━╸    93.1% 784.00kB/841.66kB [9s] 
Writing at 0x00161e11 ━━━━━━━━━━━━━━━━━━━━━━━━━━━━╸   95.1% 800.00kB/841.66kB [9s] 
Writing at 0x00167d68 ━━━━━━━━━━━━━━━━━━━━━━━━━━━━━   97.0% 816.00kB/841.66kB [9s] 
Writing at 0x0016ef20 ━━━━━━━━━━━━━━━━━━━━━━━━━━━━━╸  98.9% 832.00kB/841.66kB [9s] 
Writing at 0x00174f70 ━━━━━━━━━━━━━━━━━━━━━━━━━━━━━━ 100.0% 841.66kB/841.66kB [9s] 
Wrote 1462128 bytes (861857 compressed) at 0x00010000 in 10.1 seconds (1153.3 kbit/s).
Verifying written data...
Hash of data verified.

Hard resetting via RTS pin...
