esptool v5.4.0
Serial port /dev/serial/by-id/usb-Espressif_USB_JTAG_serial_debug_unit_94:A9:90:7A:B5:60-if00:
Connecting...
Connected to ESP32-C3 on /dev/serial/by-id/usb-Espressif_USB_JTAG_serial_debug_unit_94:A9:90:7A:B5:60-if00:
Chip type:          ESP32-C3 (QFN32) (revision v0.4)
Features:           Wi-Fi, BT 5 (LE), Single Core, 160MHz, Embedded Flash 4MB (XMC)
Crystal frequency:  40MHz
USB mode:           USB-Serial/JTAG
MAC:                94:a9:90:7a:b5:60

Uploading stub flasher...
Running stub flasher...
Stub flasher running.

Configuring flash size...
Reading from 0x00191000 ━╸                               6.2% 4.00kB/64.00kB [0s] 
Reading from 0x00192000 ━━━╸                            12.5% 8.00kB/64.00kB [0s] 
Reading from 0x00193000 ━━━━━╸                          18.8% 12.00kB/64.00kB [0s] 
Reading from 0x00194000 ━━━━━━━╸                        25.0% 16.00kB/64.00kB [0s] 
Reading from 0x00195000 ━━━━━━━━━                       31.2% 20.00kB/64.00kB [0s] 
Reading from 0x00196000 ━━━━━━━━━━━                     37.5% 24.00kB/64.00kB [0s] 
Reading from 0x00197000 ━━━━━━━━━━━━━                   43.8% 28.00kB/64.00kB [0s] 
Reading from 0x00198000 ━━━━━━━━━━━━━━━                 50.0% 32.00kB/64.00kB [0s] 
Reading from 0x00199000 ━━━━━━━━━━━━━━━━╸               56.2% 36.00kB/64.00kB [0s] 
Reading from 0x0019a000 ━━━━━━━━━━━━━━━━━━╸             62.5% 40.00kB/64.00kB [0s] 
Reading from 0x0019b000 ━━━━━━━━━━━━━━━━━━━━╸           68.8% 44.00kB/64.00kB [0s] 
Reading from 0x0019c000 ━━━━━━━━━━━━━━━━━━━━━━╸         75.0% 48.00kB/64.00kB [0s] 
Reading from 0x0019d000 ━━━━━━━━━━━━━━━━━━━━━━━━        81.2% 52.00kB/64.00kB [0s] 
Reading from 0x0019e000 ━━━━━━━━━━━━━━━━━━━━━━━━━━      87.5% 56.00kB/64.00kB [0s] 
Reading from 0x0019f000 ━━━━━━━━━━━━━━━━━━━━━━━━━━━━    93.8% 60.00kB/64.00kB [0s] 
Reading from 0x001a0000 ━━━━━━━━━━━━━━━━━━━━━━━━━━━━━━ 100.0% 64.00kB/64.00kB [0s] 
Read 65536 bytes from 0x00190000 in 0.2 seconds (2284.5 kbit/s) to '/tmp/routeloom-hil-r3-private/ref-a-rlsec-readback.bin'.

Hard resetting via RTS pin...
