$ /home/sahur/.local/bin/esptool --chip esp32c3 --port /dev/serial/by-id/usb-Espressif_USB_JTAG_serial_debug_unit_94:A9:90:6A:EE:C4-if00 --baud 460800 --before default-reset --after hard-reset write-flash --flash-mode dio --flash-size 2MB --flash-freq 80m 0x0 artifacts/hil/2026-09-26/images/bridge-member-lowmem-joinfix/build/bootloader/bootloader.bin 0x8000 artifacts/hil/2026-09-26/images/bridge-member-lowmem-joinfix/build/partition_table/partition-table.bin 0x10000 artifacts/hil/2026-09-26/images/bridge-member-lowmem-joinfix/build/routeloom_bridge_node.bin
esptool v5.4.0
Serial port /dev/serial/by-id/usb-Espressif_USB_JTAG_serial_debug_unit_94:A9:90:6A:EE:C4-if00:
Connecting...
Connected to ESP32-C3 on /dev/serial/by-id/usb-Espressif_USB_JTAG_serial_debug_unit_94:A9:90:6A:EE:C4-if00:
Chip type:          ESP32-C3 (QFN32) (revision v0.4)
Features:           Wi-Fi, BT 5 (LE), Single Core, 160MHz, Embedded Flash 4MB (XMC)
Crystal frequency:  40MHz
USB mode:           USB-Serial/JTAG
MAC:                94:a9:90:6a:ee:c4

Uploading stub flasher...
Running stub flasher...
Stub flasher running.
Changing baud rate to 460800...
Changed.

Configuring flash size...

Writing 'artifacts/hil/2026-09-26/images/bridge-member-lowmem-joinfix/build/bootloader/bootloader.bin' at 0x00000000...
SHA digest in image updated.
Flash will be erased from 0x00000000 to 0x00005fff...
Compressed 21344 bytes to 13509...
Writing at 0x00005360 ━━━━━━━━━━━━━━━━━━━━━━━━━━━━━━ 100.0% 13.19kB/13.19kB [0s] 
Wrote 21344 bytes (13509 compressed) at 0x00000000 in 0.3 seconds (673.0 kbit/s).
Verifying written data...
Hash of data verified.

Writing 'artifacts/hil/2026-09-26/images/bridge-member-lowmem-joinfix/build/partition_table/partition-table.bin' at 0x00008000...
Flash will be erased from 0x00008000 to 0x00008fff...
Compressed 3072 bytes to 120...
Writing at 0x00008c00 ━━━━━━━━━━━━━━━━━━━━━━━━━━━━━━ 100.0% 120B/120B [0s] 
Wrote 3072 bytes (120 compressed) at 0x00008000 in 0.0 seconds (4345.5 kbit/s).
Verifying written data...
Hash of data verified.

Writing 'artifacts/hil/2026-09-26/images/bridge-member-lowmem-joinfix/build/routeloom_bridge_node.bin' at 0x00010000...
Flash will be erased from 0x00010000 to 0x00174fff...
Compressed 1460720 bytes to 861118...
Writing at 0x0001c57c ╸                                1.9% 16.00kB/840.94kB [0s] 
Writing at 0x00028429 ━                                3.8% 32.00kB/840.94kB [0s] 
Writing at 0x0002f6cf ━╸                               5.7% 48.00kB/840.94kB [1s] 
Writing at 0x00039aed ━━                               7.6% 64.00kB/840.94kB [1s] 
Writing at 0x0003ff41 ━━╸                              9.5% 80.00kB/840.94kB [2s] 
Writing at 0x00046cba ━━━                             11.4% 96.00kB/840.94kB [2s] 
Writing at 0x0004dfb9 ━━━╸                            13.3% 112.00kB/840.94kB [3s] 
Writing at 0x00054a1b ━━━━╸                           15.2% 128.00kB/840.94kB [4s] 
Writing at 0x0005b6ef ━━━━━                           17.1% 144.00kB/840.94kB [4s] 
Writing at 0x00061fe9 ━━━━━╸                          19.0% 160.00kB/840.94kB [5s] 
Writing at 0x00068796 ━━━━━━                          20.9% 176.00kB/840.94kB [5s] 
Writing at 0x0006f7a2 ━━━━━━╸                         22.8% 192.00kB/840.94kB [6s] 
Writing at 0x00075df2 ━━━━━━━                         24.7% 208.00kB/840.94kB [6s] 
Writing at 0x0007cb31 ━━━━━━━╸                        26.6% 224.00kB/840.94kB [6s] 
Writing at 0x000832c7 ━━━━━━━━╸                       28.5% 240.00kB/840.94kB [6s] 
Writing at 0x00089b74 ━━━━━━━━━                       30.4% 256.00kB/840.94kB [6s] 
Writing at 0x00090209 ━━━━━━━━━╸                      32.3% 272.00kB/840.94kB [6s] 
Writing at 0x00096a6d ━━━━━━━━━━                      34.2% 288.00kB/840.94kB [6s] 
Writing at 0x0009d408 ━━━━━━━━━━╸                     36.2% 304.00kB/840.94kB [6s] 
Writing at 0x000a3cc0 ━━━━━━━━━━━                     38.1% 320.00kB/840.94kB [6s] 
Writing at 0x000aa304 ━━━━━━━━━━━╸                    40.0% 336.00kB/840.94kB [7s] 
Writing at 0x000b0f8c ━━━━━━━━━━━━╸                   41.9% 352.00kB/840.94kB [7s] 
Writing at 0x000b76ef ━━━━━━━━━━━━━                   43.8% 368.00kB/840.94kB [7s] 
Writing at 0x000be474 ━━━━━━━━━━━━━╸                  45.7% 384.00kB/840.94kB [7s] 
Writing at 0x000c4d81 ━━━━━━━━━━━━━━                  47.6% 400.00kB/840.94kB [7s] 
Writing at 0x000cb389 ━━━━━━━━━━━━━━╸                 49.5% 416.00kB/840.94kB [7s] 
Writing at 0x000d235f ━━━━━━━━━━━━━━━                 51.4% 432.00kB/840.94kB [7s] 
Writing at 0x000d9b37 ━━━━━━━━━━━━━━━╸                53.3% 448.00kB/840.94kB [7s] 
Writing at 0x000e0908 ━━━━━━━━━━━━━━━━╸               55.2% 464.00kB/840.94kB [7s] 
Writing at 0x000e7532 ━━━━━━━━━━━━━━━━━               57.1% 480.00kB/840.94kB [8s] 
Writing at 0x000ed2b5 ━━━━━━━━━━━━━━━━━╸              59.0% 496.00kB/840.94kB [8s] 
Writing at 0x000f2f4a ━━━━━━━━━━━━━━━━━━              60.9% 512.00kB/840.94kB [8s] 
Writing at 0x000f8ac0 ━━━━━━━━━━━━━━━━━━╸             62.8% 528.00kB/840.94kB [8s] 
Writing at 0x000fe598 ━━━━━━━━━━━━━━━━━━━             64.7% 544.00kB/840.94kB [8s] 
Writing at 0x00104434 ━━━━━━━━━━━━━━━━━━━╸            66.6% 560.00kB/840.94kB [8s] 
Writing at 0x0010adc1 ━━━━━━━━━━━━━━━━━━━━╸           68.5% 576.00kB/840.94kB [8s] 
Writing at 0x00110bd6 ━━━━━━━━━━━━━━━━━━━━━           70.4% 592.00kB/840.94kB [8s] 
Writing at 0x00116896 ━━━━━━━━━━━━━━━━━━━━━╸          72.3% 608.00kB/840.94kB [8s] 
Writing at 0x0011cbfb ━━━━━━━━━━━━━━━━━━━━━━          74.2% 624.00kB/840.94kB [8s] 
Writing at 0x001230ae ━━━━━━━━━━━━━━━━━━━━━━╸         76.1% 640.00kB/840.94kB [8s] 
Writing at 0x00129316 ━━━━━━━━━━━━━━━━━━━━━━━         78.0% 656.00kB/840.94kB [8s] 
Writing at 0x0012f0f5 ━━━━━━━━━━━━━━━━━━━━━━━╸        79.9% 672.00kB/840.94kB [9s] 
Writing at 0x001359d6 ━━━━━━━━━━━━━━━━━━━━━━━━╸       81.8% 688.00kB/840.94kB [9s] 
Writing at 0x0013c891 ━━━━━━━━━━━━━━━━━━━━━━━━━       83.7% 704.00kB/840.94kB [9s] 
Writing at 0x00143567 ━━━━━━━━━━━━━━━━━━━━━━━━━╸      85.6% 720.00kB/840.94kB [9s] 
Writing at 0x00149f17 ━━━━━━━━━━━━━━━━━━━━━━━━━━      87.5% 736.00kB/840.94kB [9s] 
Writing at 0x00150231 ━━━━━━━━━━━━━━━━━━━━━━━━━━╸     89.4% 752.00kB/840.94kB [9s] 
Writing at 0x00156589 ━━━━━━━━━━━━━━━━━━━━━━━━━━━     91.3% 768.00kB/840.94kB [9s] 
Writing at 0x0015c630 ━━━━━━━━━━━━━━━━━━━━━━━━━━━╸    93.2% 784.00kB/840.94kB [9s] 
Writing at 0x00161c62 ━━━━━━━━━━━━━━━━━━━━━━━━━━━━╸   95.1% 800.00kB/840.94kB [9s] 
Writing at 0x00167cf5 ━━━━━━━━━━━━━━━━━━━━━━━━━━━━━   97.0% 816.00kB/840.94kB [9s] 
Writing at 0x0016ee68 ━━━━━━━━━━━━━━━━━━━━━━━━━━━━━╸  98.9% 832.00kB/840.94kB [9s] 
Writing at 0x001749f0 ━━━━━━━━━━━━━━━━━━━━━━━━━━━━━━ 100.0% 840.94kB/840.94kB [10s] 
Wrote 1460720 bytes (861118 compressed) at 0x00010000 in 10.2 seconds (1141.3 kbit/s).
Verifying written data...
Hash of data verified.

Hard resetting via RTS pin...
