$ /home/sahur/.local/bin/esptool --chip esp32c3 --port /dev/serial/by-id/usb-Espressif_USB_JTAG_serial_debug_unit_94:A9:90:6A:EE:C4-if00 --baud 460800 --before default-reset --after hard-reset write-flash --flash-mode dio --flash-size 2MB --flash-freq 80m 0x0 artifacts/hil/2026-09-26/images/bridge-member-lowmem/build/bootloader/bootloader.bin 0x8000 artifacts/hil/2026-09-26/images/bridge-member-lowmem/build/partition_table/partition-table.bin 0x10000 artifacts/hil/2026-09-26/images/bridge-member-lowmem/build/routeloom_bridge_node.bin
esptool v5.4.0
Serial port /dev/serial/by-id/usb-Espressif_USB_JTAG_serial_debug_unit_94:A9:90:6A:EE:C4-if00:
Connecting...
Connected to ESP32-C3 on /dev/serial/by-id/usb-Espressif_USB_JTAG_serial_debug_unit_94:A9:90:6A:EE:C4-if00:
Chip type:          ESP32-C3 (QFN32) (revision v0.4)
Features:           Wi-Fi, BT 5 (LE), Single Core, 160MHz, Embedded Flash 4MB (XMC)
Crystal frequency:  40MHz
USB mode:           USB-Serial/JTAG
MAC:                94:a9:90:6a:ee:c4

Uploading stub flasher...
Running stub flasher...
Stub flasher running.
Changing baud rate to 460800...
Changed.

Configuring flash size...

Writing 'artifacts/hil/2026-09-26/images/bridge-member-lowmem/build/bootloader/bootloader.bin' at 0x00000000...
SHA digest in image updated.
Flash will be erased from 0x00000000 to 0x00005fff...
Compressed 21280 bytes to 13472...
Writing at 0x00005320 ━━━━━━━━━━━━━━━━━━━━━━━━━━━━━━ 100.0% 13.16kB/13.16kB [0s] 
Wrote 21280 bytes (13472 compressed) at 0x00000000 in 0.3 seconds (673.4 kbit/s).
Verifying written data...
Hash of data verified.

Writing 'artifacts/hil/2026-09-26/images/bridge-member-lowmem/build/partition_table/partition-table.bin' at 0x00008000...
Flash will be erased from 0x00008000 to 0x00008fff...
Compressed 3072 bytes to 120...
Writing at 0x00008c00 ━━━━━━━━━━━━━━━━━━━━━━━━━━━━━━ 100.0% 120B/120B [0s] 
Wrote 3072 bytes (120 compressed) at 0x00008000 in 0.0 seconds (4358.7 kbit/s).
Verifying written data...
Hash of data verified.

Writing 'artifacts/hil/2026-09-26/images/bridge-member-lowmem/build/routeloom_bridge_node.bin' at 0x00010000...
Flash will be erased from 0x00010000 to 0x00174fff...
Compressed 1460768 bytes to 861417...
Writing at 0x0001c540 ╸                                1.9% 16.00kB/841.23kB [0s] 
Writing at 0x00028430 ━                                3.8% 32.00kB/841.23kB [0s] 
Writing at 0x0002f734 ━╸                               5.7% 48.00kB/841.23kB [1s] 
Writing at 0x00039b59 ━━                               7.6% 64.00kB/841.23kB [1s] 
Writing at 0x0003ff89 ━━╸                              9.5% 80.00kB/841.23kB [2s] 
Writing at 0x00046cd3 ━━━                             11.4% 96.00kB/841.23kB [2s] 
Writing at 0x0004de8a ━━━╸                            13.3% 112.00kB/841.23kB [3s] 
Writing at 0x000548b5 ━━━━╸                           15.2% 128.00kB/841.23kB [4s] 
Writing at 0x0005b36e ━━━━━                           17.1% 144.00kB/841.23kB [4s] 
Writing at 0x00061d01 ━━━━━╸                          19.0% 160.00kB/841.23kB [5s] 
Writing at 0x000684a9 ━━━━━━                          20.9% 176.00kB/841.23kB [5s] 
Writing at 0x0006f49c ━━━━━━╸                         22.8% 192.00kB/841.23kB [6s] 
Writing at 0x00075ad4 ━━━━━━━                         24.7% 208.00kB/841.23kB [6s] 
Writing at 0x0007c884 ━━━━━━━╸                        26.6% 224.00kB/841.23kB [6s] 
Writing at 0x00082fe2 ━━━━━━━━╸                       28.5% 240.00kB/841.23kB [6s] 
Writing at 0x000898a8 ━━━━━━━━━                       30.4% 256.00kB/841.23kB [6s] 
Writing at 0x0008ff54 ━━━━━━━━━╸                      32.3% 272.00kB/841.23kB [6s] 
Writing at 0x000966e3 ━━━━━━━━━━                      34.2% 288.00kB/841.23kB [6s] 
Writing at 0x0009d0ea ━━━━━━━━━━╸                     36.1% 304.00kB/841.23kB [6s] 
Writing at 0x000a39df ━━━━━━━━━━━                     38.0% 320.00kB/841.23kB [7s] 
Writing at 0x000a9fe4 ━━━━━━━━━━━╸                    39.9% 336.00kB/841.23kB [7s] 
Writing at 0x000b0c2e ━━━━━━━━━━━━╸                   41.8% 352.00kB/841.23kB [7s] 
Writing at 0x000b7647 ━━━━━━━━━━━━━                   43.7% 368.00kB/841.23kB [7s] 
Writing at 0x000be1fd ━━━━━━━━━━━━━╸                  45.6% 384.00kB/841.23kB [7s] 
Writing at 0x000c4c49 ━━━━━━━━━━━━━━                  47.5% 400.00kB/841.23kB [7s] 
Writing at 0x000cb124 ━━━━━━━━━━━━━━╸                 49.5% 416.00kB/841.23kB [7s] 
Writing at 0x000d2400 ━━━━━━━━━━━━━━━                 51.4% 432.00kB/841.23kB [7s] 
Writing at 0x000d98fa ━━━━━━━━━━━━━━━╸                53.3% 448.00kB/841.23kB [7s] 
Writing at 0x000e09d2 ━━━━━━━━━━━━━━━━╸               55.2% 464.00kB/841.23kB [7s] 
Writing at 0x000e73ba ━━━━━━━━━━━━━━━━━               57.1% 480.00kB/841.23kB [8s] 
Writing at 0x000ed156 ━━━━━━━━━━━━━━━━━╸              59.0% 496.00kB/841.23kB [8s] 
Writing at 0x000f2d48 ━━━━━━━━━━━━━━━━━━              60.9% 512.00kB/841.23kB [8s] 
Writing at 0x000f8966 ━━━━━━━━━━━━━━━━━━╸             62.8% 528.00kB/841.23kB [8s] 
Writing at 0x000fe441 ━━━━━━━━━━━━━━━━━━━             64.7% 544.00kB/841.23kB [8s] 
Writing at 0x0010431d ━━━━━━━━━━━━━━━━━━━╸            66.6% 560.00kB/841.23kB [8s] 
Writing at 0x0010ac7b ━━━━━━━━━━━━━━━━━━━━╸           68.5% 576.00kB/841.23kB [8s] 
Writing at 0x00110a53 ━━━━━━━━━━━━━━━━━━━━━           70.4% 592.00kB/841.23kB [8s] 
Writing at 0x00116807 ━━━━━━━━━━━━━━━━━━━━━╸          72.3% 608.00kB/841.23kB [8s] 
Writing at 0x0011cab8 ━━━━━━━━━━━━━━━━━━━━━━          74.2% 624.00kB/841.23kB [8s] 
Writing at 0x00122fab ━━━━━━━━━━━━━━━━━━━━━━╸         76.1% 640.00kB/841.23kB [8s] 
Writing at 0x001291af ━━━━━━━━━━━━━━━━━━━━━━━         78.0% 656.00kB/841.23kB [9s] 
Writing at 0x0012efbb ━━━━━━━━━━━━━━━━━━━━━━━╸        79.9% 672.00kB/841.23kB [9s] 
Writing at 0x00135864 ━━━━━━━━━━━━━━━━━━━━━━━━╸       81.8% 688.00kB/841.23kB [9s] 
Writing at 0x0013c70b ━━━━━━━━━━━━━━━━━━━━━━━━━       83.7% 704.00kB/841.23kB [9s] 
Writing at 0x00143384 ━━━━━━━━━━━━━━━━━━━━━━━━━╸      85.6% 720.00kB/841.23kB [9s] 
Writing at 0x00149d22 ━━━━━━━━━━━━━━━━━━━━━━━━━━      87.5% 736.00kB/841.23kB [9s] 
Writing at 0x0015011a ━━━━━━━━━━━━━━━━━━━━━━━━━━╸     89.4% 752.00kB/841.23kB [9s] 
Writing at 0x00156451 ━━━━━━━━━━━━━━━━━━━━━━━━━━━     91.3% 768.00kB/841.23kB [9s] 
Writing at 0x0015c521 ━━━━━━━━━━━━━━━━━━━━━━━━━━━╸    93.2% 784.00kB/841.23kB [9s] 
Writing at 0x00161b60 ━━━━━━━━━━━━━━━━━━━━━━━━━━━━╸   95.1% 800.00kB/841.23kB [9s] 
Writing at 0x00167bd6 ━━━━━━━━━━━━━━━━━━━━━━━━━━━━━   97.0% 816.00kB/841.23kB [9s] 
Writing at 0x0016ecbb ━━━━━━━━━━━━━━━━━━━━━━━━━━━━━╸  98.9% 832.00kB/841.23kB [10s] 
Writing at 0x00174a20 ━━━━━━━━━━━━━━━━━━━━━━━━━━━━━━ 100.0% 841.23kB/841.23kB [10s] 
Wrote 1460768 bytes (861417 compressed) at 0x00010000 in 10.3 seconds (1136.6 kbit/s).
Verifying written data...
Hash of data verified.

Hard resetting via RTS pin...
