$ /home/sahur/.local/bin/esptool --chip esp32c3 --port /dev/serial/by-id/usb-Espressif_USB_JTAG_serial_debug_unit_94:A9:90:7A:B5:60-if00 --baud 460800 --before default-reset --after hard-reset write-flash --flash-mode dio --flash-size 2MB --flash-freq 80m 0x0 artifacts/hil/2026-09-26/images/ref-a-console/build/bootloader/bootloader.bin 0x8000 artifacts/hil/2026-09-26/images/ref-a-console/build/partition_table/partition-table.bin 0x10000 artifacts/hil/2026-09-26/images/ref-a-console/build/routeloom_reference_node.bin
esptool v5.4.0
Serial port /dev/serial/by-id/usb-Espressif_USB_JTAG_serial_debug_unit_94:A9:90:7A:B5:60-if00:
Connecting...
Connected to ESP32-C3 on /dev/serial/by-id/usb-Espressif_USB_JTAG_serial_debug_unit_94:A9:90:7A:B5:60-if00:
Chip type:          ESP32-C3 (QFN32) (revision v0.4)
Features:           Wi-Fi, BT 5 (LE), Single Core, 160MHz, Embedded Flash 4MB (XMC)
Crystal frequency:  40MHz
USB mode:           USB-Serial/JTAG
MAC:                94:a9:90:7a:b5:60

Uploading stub flasher...
Running stub flasher...
Stub flasher running.
Changing baud rate to 460800...
Changed.

Configuring flash size...

Writing 'artifacts/hil/2026-09-26/images/ref-a-console/build/bootloader/bootloader.bin' at 0x00000000...
SHA digest in image updated.
Flash will be erased from 0x00000000 to 0x00005fff...
Compressed 21280 bytes to 13470...
Writing at 0x00005320 ━━━━━━━━━━━━━━━━━━━━━━━━━━━━━━ 100.0% 13.15kB/13.15kB [0s] 
Wrote 21280 bytes (13470 compressed) at 0x00000000 in 0.3 seconds (639.4 kbit/s).
Verifying written data...
Hash of data verified.

Writing 'artifacts/hil/2026-09-26/images/ref-a-console/build/partition_table/partition-table.bin' at 0x00008000...
Flash will be erased from 0x00008000 to 0x00008fff...
Compressed 3072 bytes to 118...
Writing at 0x00008c00 ━━━━━━━━━━━━━━━━━━━━━━━━━━━━━━ 100.0% 118B/118B [0s] 
Wrote 3072 bytes (118 compressed) at 0x00008000 in 0.0 seconds (4142.2 kbit/s).
Verifying written data...
Hash of data verified.

Writing 'artifacts/hil/2026-09-26/images/ref-a-console/build/routeloom_reference_node.bin' at 0x00010000...
Flash will be erased from 0x00010000 to 0x0005dfff...
Compressed 319472 bytes to 180028...
Writing at 0x0001ada9 ━━╸                              9.1% 16.00kB/175.81kB [0s] 
Writing at 0x00022d10 ━━━━━                           18.2% 32.00kB/175.81kB [0s] 
Writing at 0x00029a7b ━━━━━━━━                        27.3% 48.00kB/175.81kB [0s] 
Writing at 0x00030ab4 ━━━━━━━━━━╸                     36.4% 64.00kB/175.81kB [1s] 
Writing at 0x0003756c ━━━━━━━━━━━━━╸                  45.5% 80.00kB/175.81kB [1s] 
Writing at 0x0003e25a ━━━━━━━━━━━━━━━━                54.6% 96.00kB/175.81kB [1s] 
Writing at 0x00044221 ━━━━━━━━━━━━━━━━━━━             63.7% 112.00kB/175.81kB [1s] 
Writing at 0x0004a459 ━━━━━━━━━━━━━━━━━━━━━╸          72.8% 128.00kB/175.81kB [1s] 
Writing at 0x000500ba ━━━━━━━━━━━━━━━━━━━━━━━━╸       81.9% 144.00kB/175.81kB [1s] 
Writing at 0x00056c88 ━━━━━━━━━━━━━━━━━━━━━━━━━━━     91.0% 160.00kB/175.81kB [2s] 
Writing at 0x0005dff0 ━━━━━━━━━━━━━━━━━━━━━━━━━━━━━━ 100.0% 175.81kB/175.81kB [2s] 
Wrote 319472 bytes (180028 compressed) at 0x00010000 in 2.3 seconds (1127.6 kbit/s).
Verifying written data...
Hash of data verified.

Hard resetting via RTS pin...
