$ /home/sahur/.local/bin/esptool --chip esp32c6 --port /dev/serial/by-id/usb-Espressif_USB_JTAG_serial_debug_unit_10:BD:A3:B1:47:54-if00 --baud 460800 --before default-reset --after hard-reset write-flash --flash-mode dio --flash-size 2MB --flash-freq 80m 0x10000 artifacts/hil/2026-09-26/images/full-r8-member-timing-node4/build/routeloom_reference_node.bin
esptool v5.4.0
Serial port /dev/serial/by-id/usb-Espressif_USB_JTAG_serial_debug_unit_10:BD:A3:B1:47:54-if00:
Connecting...
Connected to ESP32-C6 on /dev/serial/by-id/usb-Espressif_USB_JTAG_serial_debug_unit_10:BD:A3:B1:47:54-if00:
Chip type:          ESP32-C6FH4 (QFN32) (revision v0.2)
Features:           Wi-Fi 6, BT 5 (LE), IEEE802.15.4, Single Core + LP Core, 160MHz, Embedded Flash 4MB
Crystal frequency:  40MHz
USB mode:           USB-Serial/JTAG
MAC:                10:bd:a3:ff:fe:b1:47:54
BASE MAC:           10:bd:a3:b1:47:54
MAC_EXT:            ff:fe

Uploading stub flasher...
Running stub flasher...
Stub flasher running.
Changing baud rate to 460800...
Changed.

Configuring flash size...
Flash will be erased from 0x00010000 to 0x0016bfff...
Compressed 1423264 bytes to 844463...
Writing at 0x0001c377 ╸                                1.9% 16.00kB/824.67kB [0s] 
Writing at 0x00027f18 ━                                3.9% 32.00kB/824.67kB [0s] 
Writing at 0x0002eebd ━╸                               5.8% 48.00kB/824.67kB [0s] 
Writing at 0x00037ef2 ━━                               7.8% 64.00kB/824.67kB [0s] 
Writing at 0x0003f1a5 ━━╸                              9.7% 80.00kB/824.67kB [0s] 
Writing at 0x0004630f ━━━                             11.6% 96.00kB/824.67kB [1s] 
Writing at 0x0004cdaa ━━━━                            13.6% 112.00kB/824.67kB [1s] 
Writing at 0x00053529 ━━━━╸                           15.5% 128.00kB/824.67kB [1s] 
Writing at 0x0005a894 ━━━━━                           17.5% 144.00kB/824.67kB [1s] 
Writing at 0x0006124f ━━━━━╸                          19.4% 160.00kB/824.67kB [1s] 
Writing at 0x00067ffb ━━━━━━                          21.3% 176.00kB/824.67kB [2s] 
Writing at 0x0006e6d0 ━━━━━━╸                         23.3% 192.00kB/824.67kB [2s] 
Writing at 0x000752ef ━━━━━━━╸                        25.2% 208.00kB/824.67kB [2s] 
Writing at 0x0007b7b8 ━━━━━━━━                        27.2% 224.00kB/824.67kB [2s] 
Writing at 0x00082156 ━━━━━━━━╸                       29.1% 240.00kB/824.67kB [2s] 
Writing at 0x00088785 ━━━━━━━━━                       31.0% 256.00kB/824.67kB [2s] 
Writing at 0x0008f367 ━━━━━━━━━╸                      33.0% 272.00kB/824.67kB [2s] 
Writing at 0x00095a6d ━━━━━━━━━━                      34.9% 288.00kB/824.67kB [2s] 
Writing at 0x0009c704 ━━━━━━━━━━━                     36.9% 304.00kB/824.67kB [2s] 
Writing at 0x000a303c ━━━━━━━━━━━╸                    38.8% 320.00kB/824.67kB [2s] 
Writing at 0x000a9783 ━━━━━━━━━━━━                    40.7% 336.00kB/824.67kB [2s] 
Writing at 0x000b0a9c ━━━━━━━━━━━━╸                   42.7% 352.00kB/824.67kB [2s] 
Writing at 0x000b7b10 ━━━━━━━━━━━━━                   44.6% 368.00kB/824.67kB [3s] 
Writing at 0x000be1ca ━━━━━━━━━━━━━╸                  46.6% 384.00kB/824.67kB [3s] 
Writing at 0x000c49c2 ━━━━━━━━━━━━━━╸                 48.5% 400.00kB/824.67kB [3s] 
Writing at 0x000cc3f8 ━━━━━━━━━━━━━━━                 50.4% 416.00kB/824.67kB [3s] 
Writing at 0x000d3668 ━━━━━━━━━━━━━━━╸                52.4% 432.00kB/824.67kB [3s] 
Writing at 0x000da6b8 ━━━━━━━━━━━━━━━━                54.3% 448.00kB/824.67kB [3s] 
Writing at 0x000e0346 ━━━━━━━━━━━━━━━━╸               56.3% 464.00kB/824.67kB [3s] 
Writing at 0x000e6217 ━━━━━━━━━━━━━━━━━               58.2% 480.00kB/824.67kB [3s] 
Writing at 0x000ebf32 ━━━━━━━━━━━━━━━━━━              60.1% 496.00kB/824.67kB [3s] 
Writing at 0x000f18a8 ━━━━━━━━━━━━━━━━━━╸             62.1% 512.00kB/824.67kB [3s] 
Writing at 0x000f794c ━━━━━━━━━━━━━━━━━━━             64.0% 528.00kB/824.67kB [3s] 
Writing at 0x000fe5ef ━━━━━━━━━━━━━━━━━━━╸            66.0% 544.00kB/824.67kB [3s] 
Writing at 0x0010439d ━━━━━━━━━━━━━━━━━━━━            67.9% 560.00kB/824.67kB [3s] 
Writing at 0x0010a02a ━━━━━━━━━━━━━━━━━━━━╸           69.8% 576.00kB/824.67kB [3s] 
Writing at 0x0010fde8 ━━━━━━━━━━━━━━━━━━━━━╸          71.8% 592.00kB/824.67kB [3s] 
Writing at 0x00115f67 ━━━━━━━━━━━━━━━━━━━━━━          73.7% 608.00kB/824.67kB [3s] 
Writing at 0x0011c602 ━━━━━━━━━━━━━━━━━━━━━━╸         75.7% 624.00kB/824.67kB [4s] 
Writing at 0x0012249e ━━━━━━━━━━━━━━━━━━━━━━━         77.6% 640.00kB/824.67kB [4s] 
Writing at 0x00128222 ━━━━━━━━━━━━━━━━━━━━━━━╸        79.5% 656.00kB/824.67kB [4s] 
Writing at 0x0012e2bc ━━━━━━━━━━━━━━━━━━━━━━━━        81.5% 672.00kB/824.67kB [4s] 
Writing at 0x001346c4 ━━━━━━━━━━━━━━━━━━━━━━━━━       83.4% 688.00kB/824.67kB [4s] 
Writing at 0x0013ab66 ━━━━━━━━━━━━━━━━━━━━━━━━━╸      85.4% 704.00kB/824.67kB [4s] 
Writing at 0x00140df1 ━━━━━━━━━━━━━━━━━━━━━━━━━━      87.3% 720.00kB/824.67kB [4s] 
Writing at 0x00146f0e ━━━━━━━━━━━━━━━━━━━━━━━━━━╸     89.2% 736.00kB/824.67kB [4s] 
Writing at 0x0014d3be ━━━━━━━━━━━━━━━━━━━━━━━━━━━     91.2% 752.00kB/824.67kB [4s] 
Writing at 0x00154089 ━━━━━━━━━━━━━━━━━━━━━━━━━━━╸    93.1% 768.00kB/824.67kB [4s] 
Writing at 0x0015aa2f ━━━━━━━━━━━━━━━━━━━━━━━━━━━━╸   95.1% 784.00kB/824.67kB [4s] 
Writing at 0x001602ad ━━━━━━━━━━━━━━━━━━━━━━━━━━━━━   97.0% 800.00kB/824.67kB [4s] 
Writing at 0x00165fea ━━━━━━━━━━━━━━━━━━━━━━━━━━━━━╸  98.9% 816.00kB/824.67kB [4s] 
Writing at 0x0016b7a0 ━━━━━━━━━━━━━━━━━━━━━━━━━━━━━━ 100.0% 824.67kB/824.67kB [4s] 
Wrote 1423264 bytes (844463 compressed) at 0x00010000 in 4.9 seconds (2345.8 kbit/s).
Verifying written data...
Hash of data verified.

Hard resetting via RTS pin...
