[2026-09-25T20:10:23.546+00:00] !! connected /dev/serial/by-id/usb-Espressif_USB_JTAG_serial_debug_unit_94:A9:90:7A:B5:60-if00
[2026-09-25T20:10:23.647+00:00] !! reset pulse (RTS, DTR low)
[2026-09-25T20:10:23.847+00:00] ESP-ROM:esp32c3-api1-20210207
[2026-09-25T20:10:23.847+00:00] Build:Feb  7 2021
[2026-09-25T20:10:23.847+00:00] rst:0x15 (USB_UART_CHIP_RESET),boot:0x8 (SPI_FAST_FLASH_BOOT)
[2026-09-25T20:10:23.847+00:00] Saved PC:0x40385a44
[2026-09-25T20:10:23.847+00:00] SPIWP:0xee
[2026-09-25T20:10:23.847+00:00] mode:DIO, clock div:1
[2026-09-25T20:10:23.847+00:00] load:0x3fcd5830,len:0x15a4
[2026-09-25T20:10:23.847+00:00] load:0x403cbf10,len:0xce0
[2026-09-25T20:10:23.847+00:00] load:0x403ce710,len:0x303c
[2026-09-25T20:10:23.847+00:00] entry 0x403cbf1a
[2026-09-25T20:10:23.847+00:00] I (24) boot: ESP-IDF v6.0.3 2nd stage bootloader
[2026-09-25T20:10:23.847+00:00] I (24) boot: compile time Sep 25 2026 20:08:44
[2026-09-25T20:10:23.847+00:00] I (25) boot: chip revision: v0.4
[2026-09-25T20:10:23.847+00:00] I (25) boot: efuse block revision: v1.3
[2026-09-25T20:10:23.847+00:00] I (28) boot.esp32c3: SPI Speed      : 80MHz
[2026-09-25T20:10:23.847+00:00] I (32) boot.esp32c3: SPI Mode       : DIO
[2026-09-25T20:10:23.847+00:00] I (36) boot.esp32c3: SPI Flash Size : 2MB
[2026-09-25T20:10:23.847+00:00] I (39) boot: Enabling RNG early entropy source...
[2026-09-25T20:10:23.847+00:00] I (44) boot: Partition Table:
[2026-09-25T20:10:23.847+00:00] I (46) boot: ## Label            Usage          Type ST Offset   Length
[2026-09-25T20:10:23.847+00:00] I (53) boot:  0 nvs              WiFi data        01 02 00009000 00006000
[2026-09-25T20:10:23.847+00:00] I (59) boot:  1 phy_init         RF data          01 01 0000f000 00001000
[2026-09-25T20:10:23.847+00:00] I (66) boot:  2 factory          factory app      00 00 00010000 00180000
[2026-09-25T20:10:23.847+00:00] I (72) boot:  3 rlsec            WiFi data        01 02 00190000 00010000
[2026-09-25T20:10:23.847+00:00] I (79) boot: End of partition table
[2026-09-25T20:10:23.847+00:00] I (82) esp_image: segment 0: paddr=00010020 vaddr=3c0e0020 size=1f290h (127632) map
[2026-09-25T20:10:23.847+00:00] I (110) esp_image: segment 1: paddr=0002f2b8 vaddr=3fc91e00 size=00d60h (  3424) load
[2026-09-25T20:10:23.847+00:00] I (111) esp_image: segment 2: paddr=00030020 vaddr=42000020 size=d0838h (854072) map
[2026-09-25T20:10:23.847+00:00] I (253) esp_image: segment 3: paddr=00100860 vaddr=3fc92b60 size=0274ch ( 10060) load
[2026-09-25T20:10:23.847+00:00] I (255) esp_image: segment 4: paddr=00102fb4 vaddr=40380000 size=11da8h ( 73128) load
[2026-09-25T20:10:23.847+00:00] I (271) esp_image: segment 5: paddr=00114d64 vaddr=50000000 size=00024h (    36) load
[2026-09-25T20:10:23.847+00:00] I (271) esp_image: segment 6: paddr=00114d90 vaddr=5000002c size=00024h (    36) load
[2026-09-25T20:10:23.847+00:00] I (280) boot: Loaded app from partition at offset 0x10000
[2026-09-25T20:10:23.847+00:00] I (281) boot: Disabling RNG early entropy source...
[2026-09-25T20:10:23.847+00:00] I (297) cpu_start: Unicore app
[2026-09-25T20:10:24.047+00:00] I (305) cpu_start: GPIO 20 and 21 are used as console UART I/O pins
[2026-09-25T20:10:24.047+00:00] I (305) cpu_start: Pro cpu start user code
[2026-09-25T20:10:24.047+00:00] I (305) cpu_start: cpu freq: 160000000 Hz
[2026-09-25T20:10:24.047+00:00] I (307) app_init: Application information:
[2026-09-25T20:10:24.047+00:00] I (311) app_init: Project name:     routeloom_reference_node
[2026-09-25T20:10:24.047+00:00] I (316) app_init: App version:      1
[2026-09-25T20:10:24.047+00:00] I (320) app_init: Compile time:     Sep 25 2026 20:08:42
[2026-09-25T20:10:24.047+00:00] I (325) app_init: ELF file SHA256:  2b38d2d22...
[2026-09-25T20:10:24.047+00:00] I (329) app_init: ESP-IDF:          v6.0.3
[2026-09-25T20:10:24.047+00:00] I (333) efuse_init: Min chip rev:     v0.3
[2026-09-25T20:10:24.047+00:00] I (337) efuse_init: Max chip rev:     v1.99
[2026-09-25T20:10:24.047+00:00] I (341) efuse_init: Chip rev:         v0.4
[2026-09-25T20:10:24.047+00:00] I (344) heap_init: Initializing. RAM available for dynamic allocation:
[2026-09-25T20:10:24.047+00:00] I (351) heap_init: At 3FCB56D0 len 0000A930 (42 KiB): RAM
[2026-09-25T20:10:24.047+00:00] I (356) heap_init: At 3FCC0000 len 0001C710 (113 KiB): Retention RAM
[2026-09-25T20:10:24.047+00:00] I (362) heap_init: At 3FCDC710 len 00002950 (10 KiB): Retention RAM
[2026-09-25T20:10:24.047+00:00] I (368) heap_init: At 50000050 len 00001F98 (7 KiB): RTCRAM
[2026-09-25T20:10:24.047+00:00] I (374) spi_flash: detected chip: generic
[2026-09-25T20:10:24.047+00:00] I (377) spi_flash: flash io: dio
[2026-09-25T20:10:24.047+00:00] W (380) spi_flash: Detected size(4096k) larger than the size in the binary image header(2048k). Using the size in the binary image header.
[2026-09-25T20:10:24.047+00:00] I (393) sleep_gpio: Configure to isolate all GPIO pins in sleep state
[2026-09-25T20:10:24.047+00:00] I (398) sleep_gpio: Enable automatic switching of GPIO sleep configuration
[2026-09-25T20:10:24.047+00:00] I (405) main_task: Started on CPU0
[2026-09-25T20:10:24.047+00:00] I (408) main_task: Calling app_main()
[2026-09-25T20:10:24.047+00:00] I (437) RouteLoomRef: sdkv1 identity: none provisioned
[2026-09-25T20:10:24.047+00:00] I (437) RouteLoomRef: sdkv1 site: not a member
[2026-09-25T20:10:24.048+00:00] I (437) RouteLoomRef: sdkv1 revocation: none rs_epoch=0 resume_slots=16
[2026-09-25T20:10:24.048+00:00] I (441) RouteLoomRef: sdkv1 local_revocation: none
[2026-09-25T20:10:24.048+00:00] I (446) RouteLoomRef: sdkv1 lifecycle: none
[2026-09-25T20:10:24.048+00:00] W (450) RouteLoomRef: legacy rlcounter/rlreplay state in the default NVS partition is orphaned (pre-rlsec layout); an explicit NVS erase reclaims it
[2026-09-25T20:10:24.048+00:00] I (466) RouteLoomRef: peer state: tx_records=0/128 rx_peers=1/128 swept=1 kept_current=0 kept_future=0 kept_unreadable=0 witness=128
[2026-09-25T20:10:24.048+00:00] I (474) RouteLoomRef: nvs 'rlsec': used=18 free=1998 total=2016 namespaces=9
[2026-09-25T20:10:24.048+00:00] I (483) RouteLoom: Wi-Fi init heap: free=119616 largest=98304 bytes
[2026-09-25T20:10:24.048+00:00] I (488) pp: pp rom version: 9387209
[2026-09-25T20:10:24.048+00:00] I (491) net80211: net80211 rom version: 9387209
[2026-09-25T20:10:24.248+00:00] I (496) wifi:wifi driver task: 3fcbfecc, prio:23, stack:6656, core=0
[2026-09-25T20:10:24.248+00:00] I (506) wifi:wifi firmware version: da143fa
[2026-09-25T20:10:24.248+00:00] I (506) wifi:wifi certification version: v7.0
[2026-09-25T20:10:24.248+00:00] I (509) wifi:config NVS flash: enabled
[2026-09-25T20:10:24.248+00:00] I (512) wifi:config nano formatting: disabled
[2026-09-25T20:10:24.248+00:00] I (516) wifi:Init data frame dynamic rx buffer num: 16
[2026-09-25T20:10:24.248+00:00] I (521) wifi:Init static rx mgmt buffer num: 5
[2026-09-25T20:10:24.248+00:00] I (525) wifi:Init management short buffer num: 32
[2026-09-25T20:10:24.248+00:00] I (530) wifi:Init dynamic tx buffer num: 16
[2026-09-25T20:10:24.248+00:00] I (534) wifi:Init static tx FG buffer num: 2
[2026-09-25T20:10:24.248+00:00] I (538) wifi:Init static rx buffer size: 1600
[2026-09-25T20:10:24.248+00:00] I (542) wifi:Init static rx buffer num: 10
[2026-09-25T20:10:24.248+00:00] I (546) wifi:Init dynamic rx buffer num: 16
[2026-09-25T20:10:24.248+00:00] I (550) wifi_init: rx ba win: 6
[2026-09-25T20:10:24.248+00:00] I (552) wifi_init: accept mbox: 6
[2026-09-25T20:10:24.248+00:00] I (555) wifi_init: tcpip mbox: 32
[2026-09-25T20:10:24.248+00:00] I (558) wifi_init: udp mbox: 6
[2026-09-25T20:10:24.248+00:00] I (561) wifi_init: tcp mbox: 6
[2026-09-25T20:10:24.248+00:00] I (564) wifi_init: tcp tx win: 5760
[2026-09-25T20:10:24.248+00:00] I (567) wifi_init: tcp rx win: 5760
[2026-09-25T20:10:24.248+00:00] I (570) wifi_init: tcp mss: 1440
[2026-09-25T20:10:24.248+00:00] I (573) wifi_init: WiFi IRAM OP enabled
[2026-09-25T20:10:24.248+00:00] I (577) wifi_init: WiFi RX IRAM OP enabled
[2026-09-25T20:10:24.248+00:00] I (581) wifi:(2.4G)set country: cc=JP  schan=1 nchan=13 policy=1
[2026-09-25T20:10:24.248+00:00] I (587) wifi:ifx:0, phymode(new:3, sta nvs: 3 ap nvs: 3)
[2026-09-25T20:10:24.248+00:00] I (592) phy_init: phy_version 1235,8bd8c6fc,Apr 13 2026,18:46:20
[2026-09-25T20:10:24.248+00:00] I (631) wifi:mode : sta (94:a9:90:7a:b5:60)
[2026-09-25T20:10:24.248+00:00] I (632) wifi:enable tsf
[2026-09-25T20:10:24.248+00:00] I (634) ESPNOW: espnow [version: 2.0] init
[2026-09-25T20:10:24.248+00:00] I (636) RouteLoomRef: power RUNNING -> RESUMING (BOOT)
[2026-09-25T20:10:24.248+00:00] W (639) RouteLoomRef: diagnostic reason=SECURITY_PROFILE_EXPERIMENTAL peer=0 message=none
[2026-09-25T20:10:24.248+00:00] W (643) RouteLoomRef: diagnostic reason=ROUTE_REFRESH_BOUND_EXCEEDED peer=0 message=none
[2026-09-25T20:10:24.248+00:00] W (687) RouteLoomRef: diagnostic reason=replayed security counter peer=1 message=none
[2026-09-25T20:10:25.249+00:00] W (1636) RouteLoomRef: power diagnostic: bounded discovery not implemented
[2026-09-25T20:10:25.249+00:00] I (1636) RouteLoomRef: power RESUMING -> RUNNING (RESUME_UNCONFIRMED)
[2026-09-25T20:10:28.053+00:00] W (4448) RouteLoomRef: diagnostic reason=replayed security counter peer=1 message=none
[2026-09-25T20:10:33.061+00:00] W (9448) RouteLoomRef: diagnostic reason=replayed security counter peer=1 message=none
[2026-09-25T20:10:33.862+00:00] W (10156) RouteLoomRef: diagnostic reason=replayed security counter peer=1 message=none
[2026-09-25T20:10:33.862+00:00] W (10247) RouteLoomRef: diagnostic reason=replayed security counter peer=1 message=none
[2026-09-25T20:10:34.062+00:00] W (10369) RouteLoomRef: diagnostic reason=replayed security counter peer=1 message=none
[2026-09-25T20:10:34.062+00:00] W (10444) RouteLoomRef: diagnostic reason=replayed security counter peer=1 message=none
[2026-09-25T20:10:34.263+00:00] W (10566) RouteLoomRef: diagnostic reason=replayed security counter peer=1 message=none
[2026-09-25T20:10:34.263+00:00] W (10648) RouteLoomRef: diagnostic reason=replayed security counter peer=1 message=none
[2026-09-25T20:10:38.070+00:00] W (14449) RouteLoomRef: diagnostic reason=replayed security counter peer=1 message=none
[2026-09-25T20:10:43.079+00:00] W (19450) RouteLoomRef: diagnostic reason=replayed security counter peer=1 message=none
[2026-09-25T20:10:44.281+00:00] I (20656) RouteLoomRef: power RUNNING -> DRAINING (SLEEP_PREPARE)
[2026-09-25T20:10:44.281+00:00] I (20664) RouteLoomRef: power DRAINING -> PERSISTING (DRAIN_SETTLED)
[2026-09-25T20:10:44.281+00:00] I (20726) RouteLoomRef: power PERSISTING -> READY_TO_SLEEP (SLEEP_READY)
[2026-09-25T20:10:44.281+00:00] I (20727) RouteLoomRef: power READY_TO_SLEEP -> SLEEPING (SLEEP_ENTER)
[2026-09-25T20:10:44.281+00:00] I (20729) wifi:flush txq
[2026-09-25T20:10:44.297+00:00] !! disconnected: device reports readiness to read but returned no data (device disconnected or multiple access on port?)
[2026-09-25T20:10:54.620+00:00] !! connected /dev/serial/by-id/usb-Espressif_USB_JTAG_serial_debug_unit_94:A9:90:7A:B5:60-if00
[2026-09-25T20:10:54.720+00:00] !! reset pulse (RTS, DTR low)
[2026-09-25T20:10:54.920+00:00] I (276) esp_image: segment 5: paddr=00114d64 vaddr=50000000 sizeESP-ROM:esp32c3-api1-20210207
[2026-09-25T20:10:54.920+00:00] Build:Feb  7 2021
[2026-09-25T20:10:54.920+00:00] rst:0x15 (USB_UART_CHIP_RESET),boot:0x8 (SPI_FAST_FLASH_BOOT)
[2026-09-25T20:10:54.920+00:00] Saved PC:0x40384c84
[2026-09-25T20:10:54.920+00:00] SPIWP:0xee
[2026-09-25T20:10:54.920+00:00] mode:DIO, clock div:1
[2026-09-25T20:10:54.920+00:00] load:0x3fcd5830,len:0x15a4
[2026-09-25T20:10:54.920+00:00] load:0x403cbf10,len:0xce0
[2026-09-25T20:10:54.920+00:00] load:0x403ce710,len:0x303c
[2026-09-25T20:10:54.920+00:00] entry 0x403cbf1a
[2026-09-25T20:10:54.920+00:00] I (24) boot: ESP-IDF v6.0.3 2nd stage bootloader
[2026-09-25T20:10:54.920+00:00] I (24) boot: compile time Sep 25 2026 20:08:44
[2026-09-25T20:10:54.920+00:00] I (25) boot: chip revision: v0.4
[2026-09-25T20:10:54.920+00:00] I (25) boot: efuse block revision: v1.3
[2026-09-25T20:10:54.920+00:00] I (28) boot.esp32c3: SPI Speed      : 80MHz
[2026-09-25T20:10:54.920+00:00] I (32) boot.esp32c3: SPI Mode       : DIO
[2026-09-25T20:10:54.920+00:00] I (36) boot.esp32c3: SPI Flash Size : 2MB
[2026-09-25T20:10:54.920+00:00] I (39) boot: Enabling RNG early entropy source...
[2026-09-25T20:10:54.920+00:00] I (44) boot: Partition Table:
[2026-09-25T20:10:54.920+00:00] I (46) boot: ## Label            Usage          Type ST Offset   Length
[2026-09-25T20:10:54.920+00:00] I (53) boot:  0 nvs              WiFi data        01 02 00009000 00006000
[2026-09-25T20:10:54.920+00:00] I (59) boot:  1 phy_init         RF data          01 01 0000f000 00001000
[2026-09-25T20:10:54.920+00:00] I (66) boot:  2 factory          factory app      00 00 00010000 00180000
[2026-09-25T20:10:54.920+00:00] I (72) boot:  3 rlsec            WiFi data        01 02 00190000 00010000
[2026-09-25T20:10:54.920+00:00] I (79) boot: End of partition table
[2026-09-25T20:10:54.920+00:00] I (82) esp_image: segment 0: paddr=00010020 vaddr=3c0e0020 size=1f290h (127632) map
[2026-09-25T20:10:54.920+00:00] I (110) esp_image: segment 1: paddr=0002f2b8 vaddr=3fc91e00 size=00d60h (  3424) load
[2026-09-25T20:10:54.920+00:00] I (111) esp_image: segment 2: paddr=00030020 vaddr=42000020 size=d0838h (854072) map
[2026-09-25T20:10:54.920+00:00] I (253) esp_image: segment 3: paddr=00100860 vaddr=3fc92b60 size=0274ch ( 10060) load
[2026-09-25T20:10:54.920+00:00] I (255) esp_image: segment 4: paddr=00102fb4 vaddr=40380000 size=11da8h ( 73128) load
[2026-09-25T20:10:54.920+00:00] I (271) esp_image: segment 5: paddr=00114d64 vaddr=50000000 size=00024h (    36) load
[2026-09-25T20:10:54.920+00:00] I (271) esp_image: segment 6: paddr=00114d90 vaddr=5000002c size=00024h (    36) load
[2026-09-25T20:10:54.920+00:00] I (280) boot: Loaded app from partition at offset 0x10000
[2026-09-25T20:10:54.920+00:00] I (281) boot: Disabling RNG early entropy source...
[2026-09-25T20:10:54.920+00:00] I (297) cpu_start: Unicore app
[2026-09-25T20:10:55.121+00:00] I (305) cpu_start: GPIO 20 and 21 are used as console UART I/O pins
[2026-09-25T20:10:55.121+00:00] I (305) cpu_start: Pro cpu start user code
[2026-09-25T20:10:55.121+00:00] I (305) cpu_start: cpu freq: 160000000 Hz
[2026-09-25T20:10:55.121+00:00] I (307) app_init: Application information:
[2026-09-25T20:10:55.121+00:00] I (311) app_init: Project name:     routeloom_reference_node
[2026-09-25T20:10:55.121+00:00] I (316) app_init: App version:      1
[2026-09-25T20:10:55.121+00:00] I (320) app_init: Compile time:     Sep 25 2026 20:08:42
[2026-09-25T20:10:55.121+00:00] I (325) app_init: ELF file SHA256:  2b38d2d22...
[2026-09-25T20:10:55.121+00:00] I (329) app_init: ESP-IDF:          v6.0.3
[2026-09-25T20:10:55.121+00:00] I (333) efuse_init: Min chip rev:     v0.3
[2026-09-25T20:10:55.121+00:00] I (337) efuse_init: Max chip rev:     v1.99
[2026-09-25T20:10:55.121+00:00] I (341) efuse_init: Chip rev:         v0.4
[2026-09-25T20:10:55.121+00:00] I (344) heap_init: Initializing. RAM available for dynamic allocation:
[2026-09-25T20:10:55.121+00:00] I (351) heap_init: At 3FCB56D0 len 0000A930 (42 KiB): RAM
[2026-09-25T20:10:55.121+00:00] I (356) heap_init: At 3FCC0000 len 0001C710 (113 KiB): Retention RAM
[2026-09-25T20:10:55.121+00:00] I (362) heap_init: At 3FCDC710 len 00002950 (10 KiB): Retention RAM
[2026-09-25T20:10:55.121+00:00] I (368) heap_init: At 50000050 len 00001F98 (7 KiB): RTCRAM
[2026-09-25T20:10:55.121+00:00] I (374) spi_flash: detected chip: generic
[2026-09-25T20:10:55.121+00:00] I (377) spi_flash: flash io: dio
[2026-09-25T20:10:55.121+00:00] W (380) spi_flash: Detected size(4096k) larger than the size in the binary image header(2048k). Using the size in the binary image header.
[2026-09-25T20:10:55.121+00:00] I (393) sleep_gpio: Configure to isolate all GPIO pins in sleep state
[2026-09-25T20:10:55.121+00:00] I (398) sleep_gpio: Enable automatic switching of GPIO sleep configuration
[2026-09-25T20:10:55.121+00:00] I (405) main_task: Started on CPU0
[2026-09-25T20:10:55.121+00:00] I (408) main_task: Calling app_main()
[2026-09-25T20:10:55.121+00:00] I (437) RouteLoomRef: sdkv1 identity: none provisioned
[2026-09-25T20:10:55.121+00:00] I (437) RouteLoomRef: sdkv1 site: not a member
[2026-09-25T20:10:55.121+00:00] I (438) RouteLoomRef: sdkv1 revocation: none rs_epoch=0 resume_slots=16
[2026-09-25T20:10:55.121+00:00] I (442) RouteLoomRef: sdkv1 local_revocation: none
[2026-09-25T20:10:55.121+00:00] I (446) RouteLoomRef: sdkv1 lifecycle: none
[2026-09-25T20:10:55.121+00:00] W (450) RouteLoomRef: legacy rlcounter/rlreplay state in the default NVS partition is orphaned (pre-rlsec layout); an explicit NVS erase reclaims it
[2026-09-25T20:10:55.121+00:00] I (467) RouteLoomRef: peer state: tx_records=0/128 rx_peers=1/128 swept=1 kept_current=0 kept_future=0 kept_unreadable=0 witness=129
[2026-09-25T20:10:55.121+00:00] I (475) RouteLoomRef: nvs 'rlsec': used=18 free=1998 total=2016 namespaces=9
[2026-09-25T20:10:55.121+00:00] I (483) RouteLoom: Wi-Fi init heap: free=119616 largest=98304 bytes
[2026-09-25T20:10:55.121+00:00] I (488) pp: pp rom version: 9387209
[2026-09-25T20:10:55.121+00:00] I (491) net80211: net80211 rom version: 9387209
[2026-09-25T20:10:55.321+00:00] I (496) wifi:wifi driver task: 3fcbfecc, prio:23, stack:6656, core=0
[2026-09-25T20:10:55.321+00:00] I (506) wifi:wifi firmware version: da143fa
[2026-09-25T20:10:55.321+00:00] I (506) wifi:wifi certification version: v7.0
[2026-09-25T20:10:55.321+00:00] I (509) wifi:config NVS flash: enabled
[2026-09-25T20:10:55.321+00:00] I (512) wifi:config nano formatting: disabled
[2026-09-25T20:10:55.321+00:00] I (517) wifi:Init data frame dynamic rx buffer num: 16
[2026-09-25T20:10:55.321+00:00] I (521) wifi:Init static rx mgmt buffer num: 5
[2026-09-25T20:10:55.321+00:00] I (525) wifi:Init management short buffer num: 32
[2026-09-25T20:10:55.321+00:00] I (530) wifi:Init dynamic tx buffer num: 16
[2026-09-25T20:10:55.321+00:00] I (534) wifi:Init static tx FG buffer num: 2
[2026-09-25T20:10:55.321+00:00] I (538) wifi:Init static rx buffer size: 1600
[2026-09-25T20:10:55.321+00:00] I (542) wifi:Init static rx buffer num: 10
[2026-09-25T20:10:55.321+00:00] I (546) wifi:Init dynamic rx buffer num: 16
[2026-09-25T20:10:55.321+00:00] I (550) wifi_init: rx ba win: 6
[2026-09-25T20:10:55.321+00:00] I (552) wifi_init: accept mbox: 6
[2026-09-25T20:10:55.321+00:00] I (555) wifi_init: tcpip mbox: 32
[2026-09-25T20:10:55.321+00:00] I (559) wifi_init: udp mbox: 6
[2026-09-25T20:10:55.321+00:00] I (561) wifi_init: tcp mbox: 6
[2026-09-25T20:10:55.321+00:00] I (564) wifi_init: tcp tx win: 5760
[2026-09-25T20:10:55.321+00:00] I (567) wifi_init: tcp rx win: 5760
[2026-09-25T20:10:55.321+00:00] I (571) wifi_init: tcp mss: 1440
[2026-09-25T20:10:55.321+00:00] I (573) wifi_init: WiFi IRAM OP enabled
[2026-09-25T20:10:55.321+00:00] I (577) wifi_init: WiFi RX IRAM OP enabled
[2026-09-25T20:10:55.321+00:00] I (581) wifi:(2.4G)set country: cc=JP  schan=1 nchan=13 policy=1
[2026-09-25T20:10:55.321+00:00] I (587) wifi:ifx:0, phymode(new:3, sta nvs: 3 ap nvs: 3)
[2026-09-25T20:10:55.321+00:00] I (592) phy_init: phy_version 1235,8bd8c6fc,Apr 13 2026,18:46:20
[2026-09-25T20:10:55.321+00:00] I (631) wifi:mode : sta (94:a9:90:7a:b5:60)
[2026-09-25T20:10:55.321+00:00] I (632) wifi:enable tsf
[2026-09-25T20:10:55.321+00:00] I (634) ESPNOW: espnow [version: 2.0] init
[2026-09-25T20:10:55.321+00:00] I (636) RouteLoomRef: power RUNNING -> RESUMING (BOOT)
[2026-09-25T20:10:55.321+00:00] W (640) RouteLoomRef: diagnostic reason=SECURITY_PROFILE_EXPERIMENTAL peer=0 message=none
[2026-09-25T20:10:55.321+00:00] W (643) RouteLoomRef: diagnostic reason=ROUTE_REFRESH_BOUND_EXCEEDED peer=0 message=none
[2026-09-25T20:10:55.521+00:00] W (705) RouteLoomRef: diagnostic reason=replayed security counter peer=1 message=none
[2026-09-25T20:10:56.323+00:00] W (1636) RouteLoomRef: power diagnostic: bounded discovery not implemented
[2026-09-25T20:10:56.323+00:00] I (1636) RouteLoomRef: power RESUMING -> RUNNING (RESUME_UNCONFIRMED)
[2026-09-25T20:10:58.125+00:00] W (3379) RouteLoomRef: diagnostic reason=replayed security counter peer=1 message=none
[2026-09-25T20:11:03.132+00:00] W (8380) RouteLoomRef: diagnostic reason=replayed security counter peer=1 message=none
[2026-09-25T20:11:15.307+00:00] !! disconnected: device reports readiness to read but returned no data (device disconnected or multiple access on port?)
[2026-09-25T20:11:25.623+00:00] !! connected /dev/serial/by-id/usb-Espressif_USB_JTAG_serial_debug_unit_94:A9:90:7A:B5:60-if00
[2026-09-25T20:11:25.724+00:00] !! reset pulse (RTS, DTR low)
[2026-09-25T20:11:25.924+00:00] I (424) main_task: Calling app_main()
[2026-09-25T20:11:25.924+00:00] ESP-ROM:esp32c3-api1-20210207
[2026-09-25T20:11:25.924+00:00] Build:Feb  7 2021
[2026-09-25T20:11:25.924+00:00] rst:0x15 (USB_UART_CHIP_RESET),boot:0x8 (SPI_FAST_FLASH_BOOT)
[2026-09-25T20:11:25.924+00:00] Saved PC:0x40388ef6
[2026-09-25T20:11:25.924+00:00] SPIWP:0xee
[2026-09-25T20:11:25.924+00:00] mode:DIO, clock div:1
[2026-09-25T20:11:25.924+00:00] load:0x3fcd5830,len:0x15a4
[2026-09-25T20:11:25.924+00:00] load:0x403cbf10,len:0xce0
[2026-09-25T20:11:25.924+00:00] load:0x403ce710,len:0x303c
[2026-09-25T20:11:25.924+00:00] entry 0x403cbf1a
[2026-09-25T20:11:25.924+00:00] I (24) boot: ESP-IDF v6.0.3 2nd stage bootloader
[2026-09-25T20:11:25.924+00:00] I (24) boot: compile time Sep 25 2026 20:08:44
[2026-09-25T20:11:25.924+00:00] I (25) boot: chip revision: v0.4
[2026-09-25T20:11:25.924+00:00] I (25) boot: efuse block revision: v1.3
[2026-09-25T20:11:25.924+00:00] I (28) boot.esp32c3: SPI Speed      : 80MHz
[2026-09-25T20:11:25.924+00:00] I (32) boot.esp32c3: SPI Mode       : DIO
[2026-09-25T20:11:25.924+00:00] I (36) boot.esp32c3: SPI Flash Size : 2MB
[2026-09-25T20:11:25.924+00:00] I (39) boot: Enabling RNG early entropy source...
[2026-09-25T20:11:25.924+00:00] I (44) boot: Partition Table:
[2026-09-25T20:11:25.924+00:00] I (46) boot: ## Label            Usage          Type ST Offset   Length
[2026-09-25T20:11:25.924+00:00] I (53) boot:  0 nvs              WiFi data        01 02 00009000 00006000
[2026-09-25T20:11:25.924+00:00] I (59) boot:  1 phy_init         RF data          01 01 0000f000 00001000
[2026-09-25T20:11:25.924+00:00] I (66) boot:  2 factory          factory app      00 00 00010000 00180000
[2026-09-25T20:11:25.924+00:00] I (72) boot:  3 rlsec            WiFi data        01 02 00190000 00010000
[2026-09-25T20:11:25.924+00:00] I (79) boot: End of partition table
[2026-09-25T20:11:25.924+00:00] I (82) esp_image: segment 0: paddr=00010020 vaddr=3c0e0020 size=1f290h (127632) map
[2026-09-25T20:11:25.924+00:00] I (110) esp_image: segment 1: paddr=0002f2b8 vaddr=3fc91e00 size=00d60h (  3424) load
[2026-09-25T20:11:25.924+00:00] I (111) esp_image: segment 2: paddr=00030020 vaddr=42000020 size=d0838h (854072) map
[2026-09-25T20:11:25.924+00:00] I (253) esp_image: segment 3: paddr=00100860 vaddr=3fc92b60 size=0274ch ( 10060) load
[2026-09-25T20:11:25.924+00:00] I (255) esp_image: segment 4: paddr=00102fb4 vaddr=40380000 size=11da8h ( 73128) load
[2026-09-25T20:11:25.924+00:00] I (271) esp_image: segment 5: paddr=00114d64 vaddr=50000000 size=00024h (    36) load
[2026-09-25T20:11:25.924+00:00] I (271) esp_image: segment 6: paddr=00114d90 vaddr=5000002c size=00024h (    36) load
[2026-09-25T20:11:25.924+00:00] I (280) boot: Loaded app from partition at offset 0x10000
[2026-09-25T20:11:25.924+00:00] I (281) boot: Disabling RNG early entropy source...
[2026-09-25T20:11:25.924+00:00] I (297) cpu_start: Unicore app
[2026-09-25T20:11:26.125+00:00] I (305) cpu_start: GPIO 20 and 21 are used as console UART I/O pins
[2026-09-25T20:11:26.125+00:00] I (305) cpu_start: Pro cpu start user code
[2026-09-25T20:11:26.125+00:00] I (305) cpu_start: cpu freq: 160000000 Hz
[2026-09-25T20:11:26.125+00:00] I (307) app_init: Application information:
[2026-09-25T20:11:26.125+00:00] I (311) app_init: Project name:     routeloom_reference_node
[2026-09-25T20:11:26.125+00:00] I (316) app_init: App version:      1
[2026-09-25T20:11:26.125+00:00] I (320) app_init: Compile time:     Sep 25 2026 20:08:42
[2026-09-25T20:11:26.125+00:00] I (325) app_init: ELF file SHA256:  2b38d2d22...
[2026-09-25T20:11:26.125+00:00] I (329) app_init: ESP-IDF:          v6.0.3
[2026-09-25T20:11:26.125+00:00] I (333) efuse_init: Min chip rev:     v0.3
[2026-09-25T20:11:26.125+00:00] I (337) efuse_init: Max chip rev:     v1.99
[2026-09-25T20:11:26.125+00:00] I (341) efuse_init: Chip rev:         v0.4
[2026-09-25T20:11:26.125+00:00] I (344) heap_init: Initializing. RAM available for dynamic allocation:
[2026-09-25T20:11:26.125+00:00] I (351) heap_init: At 3FCB56D0 len 0000A930 (42 KiB): RAM
[2026-09-25T20:11:26.125+00:00] I (356) heap_init: At 3FCC0000 len 0001C710 (113 KiB): Retention RAM
[2026-09-25T20:11:26.125+00:00] I (362) heap_init: At 3FCDC710 len 00002950 (10 KiB): Retention RAM
[2026-09-25T20:11:26.125+00:00] I (368) heap_init: At 50000050 len 00001F98 (7 KiB): RTCRAM
[2026-09-25T20:11:26.125+00:00] I (374) spi_flash: detected chip: generic
[2026-09-25T20:11:26.125+00:00] I (377) spi_flash: flash io: dio
[2026-09-25T20:11:26.125+00:00] W (380) spi_flash: Detected size(4096k) larger than the size in the binary image header(2048k). Using the size in the binary image header.
[2026-09-25T20:11:26.125+00:00] I (393) sleep_gpio: Configure to isolate all GPIO pins in sleep state
[2026-09-25T20:11:26.125+00:00] I (398) sleep_gpio: Enable automatic switching of GPIO sleep configuration
[2026-09-25T20:11:26.125+00:00] I (405) main_task: Started on CPU0
[2026-09-25T20:11:26.125+00:00] I (408) main_task: Calling app_main()
[2026-09-25T20:11:26.125+00:00] I (437) RouteLoomRef: sdkv1 identity: none provisioned
[2026-09-25T20:11:26.125+00:00] I (437) RouteLoomRef: sdkv1 site: not a member
[2026-09-25T20:11:26.125+00:00] I (438) RouteLoomRef: sdkv1 revocation: none rs_epoch=0 resume_slots=16
[2026-09-25T20:11:26.125+00:00] I (442) RouteLoomRef: sdkv1 local_revocation: none
[2026-09-25T20:11:26.125+00:00] I (446) RouteLoomRef: sdkv1 lifecycle: none
[2026-09-25T20:11:26.125+00:00] W (451) RouteLoomRef: legacy rlcounter/rlreplay state in the default NVS partition is orphaned (pre-rlsec layout); an explicit NVS erase reclaims it
[2026-09-25T20:11:26.125+00:00] I (467) RouteLoomRef: peer state: tx_records=0/128 rx_peers=1/128 swept=1 kept_current=0 kept_future=0 kept_unreadable=0 witness=130
[2026-09-25T20:11:26.125+00:00] I (475) RouteLoomRef: nvs 'rlsec': used=18 free=1998 total=2016 namespaces=9
[2026-09-25T20:11:26.125+00:00] I (483) RouteLoom: Wi-Fi init heap: free=119616 largest=98304 bytes
[2026-09-25T20:11:26.125+00:00] I (488) pp: pp rom version: 9387209
[2026-09-25T20:11:26.125+00:00] I (491) net80211: net80211 rom version: 9387209
[2026-09-25T20:11:26.325+00:00] I (496) wifi:wifi driver task: 3fcbfecc, prio:23, stack:6656, core=0
[2026-09-25T20:11:26.325+00:00] I (506) wifi:wifi firmware version: da143fa
[2026-09-25T20:11:26.325+00:00] I (506) wifi:wifi certification version: v7.0
[2026-09-25T20:11:26.325+00:00] I (509) wifi:config NVS flash: enabled
[2026-09-25T20:11:26.325+00:00] I (512) wifi:config nano formatting: disabled
[2026-09-25T20:11:26.325+00:00] I (517) wifi:Init data frame dynamic rx buffer num: 16
[2026-09-25T20:11:26.325+00:00] I (521) wifi:Init static rx mgmt buffer num: 5
[2026-09-25T20:11:26.325+00:00] I (525) wifi:Init management short buffer num: 32
[2026-09-25T20:11:26.325+00:00] I (530) wifi:Init dynamic tx buffer num: 16
[2026-09-25T20:11:26.325+00:00] I (534) wifi:Init static tx FG buffer num: 2
[2026-09-25T20:11:26.325+00:00] I (538) wifi:Init static rx buffer size: 1600
[2026-09-25T20:11:26.325+00:00] I (542) wifi:Init static rx buffer num: 10
[2026-09-25T20:11:26.325+00:00] I (546) wifi:Init dynamic rx buffer num: 16
[2026-09-25T20:11:26.325+00:00] I (550) wifi_init: rx ba win: 6
[2026-09-25T20:11:26.325+00:00] I (552) wifi_init: accept mbox: 6
[2026-09-25T20:11:26.325+00:00] I (556) wifi_init: tcpip mbox: 32
[2026-09-25T20:11:26.325+00:00] I (559) wifi_init: udp mbox: 6
[2026-09-25T20:11:26.325+00:00] I (561) wifi_init: tcp mbox: 6
[2026-09-25T20:11:26.325+00:00] I (564) wifi_init: tcp tx win: 5760
[2026-09-25T20:11:26.325+00:00] I (567) wifi_init: tcp rx win: 5760
[2026-09-25T20:11:26.325+00:00] I (571) wifi_init: tcp mss: 1440
[2026-09-25T20:11:26.325+00:00] I (573) wifi_init: WiFi IRAM OP enabled
[2026-09-25T20:11:26.325+00:00] I (577) wifi_init: WiFi RX IRAM OP enabled
[2026-09-25T20:11:26.325+00:00] I (581) wifi:(2.4G)set country: cc=JP  schan=1 nchan=13 policy=1
[2026-09-25T20:11:26.325+00:00] I (587) wifi:ifx:0, phymode(new:3, sta nvs: 3 ap nvs: 3)
[2026-09-25T20:11:26.325+00:00] I (592) phy_init: phy_version 1235,8bd8c6fc,Apr 13 2026,18:46:20
[2026-09-25T20:11:26.325+00:00] I (632) wifi:mode : sta (94:a9:90:7a:b5:60)
[2026-09-25T20:11:26.325+00:00] I (632) wifi:enable tsf
[2026-09-25T20:11:26.325+00:00] I (635) ESPNOW: espnow [version: 2.0] init
[2026-09-25T20:11:26.325+00:00] I (636) RouteLoomRef: power RUNNING -> RESUMING (BOOT)
[2026-09-25T20:11:26.325+00:00] W (640) RouteLoomRef: diagnostic reason=SECURITY_PROFILE_EXPERIMENTAL peer=0 message=none
[2026-09-25T20:11:26.325+00:00] W (644) RouteLoomRef: diagnostic reason=ROUTE_REFRESH_BOUND_EXCEEDED peer=0 message=none
[2026-09-25T20:11:26.526+00:00] I (720) RouteLoomRef: power RESUMING -> RUNNING (RESUME_CONFIRMED)
[2026-09-25T20:11:35.943+00:00] I (10182) RouteLoomRef: message origin=1 session=171 sequence=2 bytes=9
[2026-09-25T20:11:46.319+00:00] !! disconnected: device reports readiness to read but returned no data (device disconnected or multiple access on port?)
[2026-09-25T20:11:56.641+00:00] !! connected /dev/serial/by-id/usb-Espressif_USB_JTAG_serial_debug_unit_94:A9:90:7A:B5:60-if00
[2026-09-25T20:11:56.742+00:00] !! reset pulse (RTS, DTR low)
[2026-09-25T20:11:56.942+00:00] I (276) esp_image: segment 5: paddr=00114d64 vaddr=50000000 sizeESP-ROM:esp32c3-api1-20210207
[2026-09-25T20:11:56.942+00:00] Build:Feb  7 2021
[2026-09-25T20:11:56.942+00:00] rst:0x15 (USB_UART_CHIP_RESET),boot:0x8 (SPI_FAST_FLASH_BOOT)
[2026-09-25T20:11:56.942+00:00] Saved PC:0x40384c82
[2026-09-25T20:11:56.942+00:00] SPIWP:0xee
[2026-09-25T20:11:56.942+00:00] mode:DIO, clock div:1
[2026-09-25T20:11:56.942+00:00] load:0x3fcd5830,len:0x15a4
[2026-09-25T20:11:56.942+00:00] load:0x403cbf10,len:0xce0
[2026-09-25T20:11:56.942+00:00] load:0x403ce710,len:0x303c
[2026-09-25T20:11:56.942+00:00] entry 0x403cbf1a
[2026-09-25T20:11:56.942+00:00] I (24) boot: ESP-IDF v6.0.3 2nd stage bootloader
[2026-09-25T20:11:56.942+00:00] I (24) boot: compile time Sep 25 2026 20:08:44
[2026-09-25T20:11:56.942+00:00] I (25) boot: chip revision: v0.4
[2026-09-25T20:11:56.942+00:00] I (25) boot: efuse block revision: v1.3
[2026-09-25T20:11:56.942+00:00] I (28) boot.esp32c3: SPI Speed      : 80MHz
[2026-09-25T20:11:56.942+00:00] I (32) boot.esp32c3: SPI Mode       : DIO
[2026-09-25T20:11:56.942+00:00] I (36) boot.esp32c3: SPI Flash Size : 2MB
[2026-09-25T20:11:56.942+00:00] I (39) boot: Enabling RNG early entropy source...
[2026-09-25T20:11:56.942+00:00] I (44) boot: Partition Table:
[2026-09-25T20:11:56.942+00:00] I (46) boot: ## Label            Usage          Type ST Offset   Length
[2026-09-25T20:11:56.942+00:00] I (53) boot:  0 nvs              WiFi data        01 02 00009000 00006000
[2026-09-25T20:11:56.942+00:00] I (59) boot:  1 phy_init         RF data          01 01 0000f000 00001000
[2026-09-25T20:11:56.942+00:00] I (66) boot:  2 factory          factory app      00 00 00010000 00180000
[2026-09-25T20:11:56.942+00:00] I (72) boot:  3 rlsec            WiFi data        01 02 00190000 00010000
[2026-09-25T20:11:56.942+00:00] I (79) boot: End of partition table
[2026-09-25T20:11:56.942+00:00] I (82) esp_image: segment 0: paddr=00010020 vaddr=3c0e0020 size=1f290h (127632) map
[2026-09-25T20:11:56.942+00:00] I (110) esp_image: segment 1: paddr=0002f2b8 vaddr=3fc91e00 size=00d60h (  3424) load
[2026-09-25T20:11:56.942+00:00] I (111) esp_image: segment 2: paddr=00030020 vaddr=42000020 size=d0838h (854072) map
[2026-09-25T20:11:56.942+00:00] I (253) esp_image: segment 3: paddr=00100860 vaddr=3fc92b60 size=0274ch ( 10060) load
[2026-09-25T20:11:56.942+00:00] I (255) esp_image: segment 4: paddr=00102fb4 vaddr=40380000 size=11da8h ( 73128) load
[2026-09-25T20:11:56.942+00:00] I (271) esp_image: segment 5: paddr=00114d64 vaddr=50000000 size=00024h (    36) load
[2026-09-25T20:11:56.942+00:00] I (271) esp_image: segment 6: paddr=00114d90 vaddr=5000002c size=00024h (    36) load
[2026-09-25T20:11:56.942+00:00] I (280) boot: Loaded app from partition at offset 0x10000
[2026-09-25T20:11:56.942+00:00] I (281) boot: Disabling RNG early entropy source...
[2026-09-25T20:11:56.942+00:00] I (297) cpu_start: Unicore app
[2026-09-25T20:11:57.142+00:00] I (305) cpu_start: GPIO 20 and 21 are used as console UART I/O pins
[2026-09-25T20:11:57.142+00:00] I (305) cpu_start: Pro cpu start user code
[2026-09-25T20:11:57.142+00:00] I (305) cpu_start: cpu freq: 160000000 Hz
[2026-09-25T20:11:57.142+00:00] I (307) app_init: Application information:
[2026-09-25T20:11:57.142+00:00] I (311) app_init: Project name:     routeloom_reference_node
[2026-09-25T20:11:57.142+00:00] I (316) app_init: App version:      1
[2026-09-25T20:11:57.142+00:00] I (320) app_init: Compile time:     Sep 25 2026 20:08:42
[2026-09-25T20:11:57.142+00:00] I (325) app_init: ELF file SHA256:  2b38d2d22...
[2026-09-25T20:11:57.142+00:00] I (329) app_init: ESP-IDF:          v6.0.3
[2026-09-25T20:11:57.142+00:00] I (333) efuse_init: Min chip rev:     v0.3
[2026-09-25T20:11:57.142+00:00] I (337) efuse_init: Max chip rev:     v1.99
[2026-09-25T20:11:57.142+00:00] I (341) efuse_init: Chip rev:         v0.4
[2026-09-25T20:11:57.142+00:00] I (344) heap_init: Initializing. RAM available for dynamic allocation:
[2026-09-25T20:11:57.142+00:00] I (351) heap_init: At 3FCB56D0 len 0000A930 (42 KiB): RAM
[2026-09-25T20:11:57.142+00:00] I (356) heap_init: At 3FCC0000 len 0001C710 (113 KiB): Retention RAM
[2026-09-25T20:11:57.142+00:00] I (362) heap_init: At 3FCDC710 len 00002950 (10 KiB): Retention RAM
[2026-09-25T20:11:57.142+00:00] I (368) heap_init: At 50000050 len 00001F98 (7 KiB): RTCRAM
[2026-09-25T20:11:57.142+00:00] I (374) spi_flash: detected chip: generic
[2026-09-25T20:11:57.142+00:00] I (377) spi_flash: flash io: dio
[2026-09-25T20:11:57.142+00:00] W (380) spi_flash: Detected size(4096k) larger than the size in the binary image header(2048k). Using the size in the binary image header.
[2026-09-25T20:11:57.142+00:00] I (393) sleep_gpio: Configure to isolate all GPIO pins in sleep state
[2026-09-25T20:11:57.142+00:00] I (398) sleep_gpio: Enable automatic switching of GPIO sleep configuration
[2026-09-25T20:11:57.142+00:00] I (405) main_task: Started on CPU0
[2026-09-25T20:11:57.142+00:00] I (408) main_task: Calling app_main()
[2026-09-25T20:11:57.142+00:00] I (438) RouteLoomRef: sdkv1 identity: none provisioned
[2026-09-25T20:11:57.142+00:00] I (438) RouteLoomRef: sdkv1 site: not a member
[2026-09-25T20:11:57.142+00:00] I (439) RouteLoomRef: sdkv1 revocation: none rs_epoch=0 resume_slots=16
[2026-09-25T20:11:57.142+00:00] I (443) RouteLoomRef: sdkv1 local_revocation: none
[2026-09-25T20:11:57.142+00:00] I (447) RouteLoomRef: sdkv1 lifecycle: none
[2026-09-25T20:11:57.142+00:00] W (452) RouteLoomRef: legacy rlcounter/rlreplay state in the default NVS partition is orphaned (pre-rlsec layout); an explicit NVS erase reclaims it
[2026-09-25T20:11:57.142+00:00] I (468) RouteLoomRef: peer state: tx_records=0/128 rx_peers=2/128 swept=2 kept_current=0 kept_future=0 kept_unreadable=0 witness=131
[2026-09-25T20:11:57.142+00:00] I (476) RouteLoomRef: nvs 'rlsec': used=25 free=1991 total=2016 namespaces=9
[2026-09-25T20:11:57.142+00:00] I (484) RouteLoom: Wi-Fi init heap: free=119616 largest=98304 bytes
[2026-09-25T20:11:57.142+00:00] I (489) pp: pp rom version: 9387209
[2026-09-25T20:11:57.142+00:00] I (492) net80211: net80211 rom version: 9387209
[2026-09-25T20:11:57.342+00:00] I (497) wifi:wifi driver task: 3fcbfecc, prio:23, stack:6656, core=0
[2026-09-25T20:11:57.342+00:00] I (507) wifi:wifi firmware version: da143fa
[2026-09-25T20:11:57.342+00:00] I (507) wifi:wifi certification version: v7.0
[2026-09-25T20:11:57.342+00:00] I (510) wifi:config NVS flash: enabled
[2026-09-25T20:11:57.342+00:00] I (513) wifi:config nano formatting: disabled
[2026-09-25T20:11:57.342+00:00] I (518) wifi:Init data frame dynamic rx buffer num: 16
[2026-09-25T20:11:57.342+00:00] I (522) wifi:Init static rx mgmt buffer num: 5
[2026-09-25T20:11:57.342+00:00] I (527) wifi:Init management short buffer num: 32
[2026-09-25T20:11:57.342+00:00] I (531) wifi:Init dynamic tx buffer num: 16
[2026-09-25T20:11:57.342+00:00] I (535) wifi:Init static tx FG buffer num: 2
[2026-09-25T20:11:57.342+00:00] I (539) wifi:Init static rx buffer size: 1600
[2026-09-25T20:11:57.342+00:00] I (543) wifi:Init static rx buffer num: 10
[2026-09-25T20:11:57.342+00:00] I (547) wifi:Init dynamic rx buffer num: 16
[2026-09-25T20:11:57.342+00:00] I (551) wifi_init: rx ba win: 6
[2026-09-25T20:11:57.342+00:00] I (554) wifi_init: accept mbox: 6
[2026-09-25T20:11:57.342+00:00] I (557) wifi_init: tcpip mbox: 32
[2026-09-25T20:11:57.342+00:00] I (560) wifi_init: udp mbox: 6
[2026-09-25T20:11:57.342+00:00] I (562) wifi_init: tcp mbox: 6
[2026-09-25T20:11:57.342+00:00] I (565) wifi_init: tcp tx win: 5760
[2026-09-25T20:11:57.342+00:00] I (568) wifi_init: tcp rx win: 5760
[2026-09-25T20:11:57.342+00:00] I (572) wifi_init: tcp mss: 1440
[2026-09-25T20:11:57.342+00:00] I (574) wifi_init: WiFi IRAM OP enabled
[2026-09-25T20:11:57.342+00:00] I (578) wifi_init: WiFi RX IRAM OP enabled
[2026-09-25T20:11:57.342+00:00] I (582) wifi:(2.4G)set country: cc=JP  schan=1 nchan=13 policy=1
[2026-09-25T20:11:57.342+00:00] I (588) wifi:ifx:0, phymode(new:3, sta nvs: 3 ap nvs: 3)
[2026-09-25T20:11:57.342+00:00] I (593) phy_init: phy_version 1235,8bd8c6fc,Apr 13 2026,18:46:20
[2026-09-25T20:11:57.342+00:00] I (633) wifi:mode : sta (94:a9:90:7a:b5:60)
[2026-09-25T20:11:57.342+00:00] I (633) wifi:enable tsf
[2026-09-25T20:11:57.342+00:00] I (636) ESPNOW: espnow [version: 2.0] init
[2026-09-25T20:11:57.342+00:00] I (637) RouteLoomRef: power RUNNING -> RESUMING (BOOT)
[2026-09-25T20:11:57.342+00:00] W (641) RouteLoomRef: diagnostic reason=SECURITY_PROFILE_EXPERIMENTAL peer=0 message=none
[2026-09-25T20:11:57.342+00:00] W (645) RouteLoomRef: diagnostic reason=ROUTE_REFRESH_BOUND_EXCEEDED peer=0 message=none
[2026-09-25T20:11:57.542+00:00] I (844) RouteLoomRef: power RESUMING -> RUNNING (RESUME_CONFIRMED)
[2026-09-25T20:12:05.154+00:00] I (8452) RouteLoomRef: message origin=1 session=171 sequence=3 bytes=9
[2026-09-25T20:12:08.560+00:00] !! capture finished
