esptool v5.4.0
Serial port /dev/serial/by-id/usb-Espressif_USB_JTAG_serial_debug_unit_10:BD:A3:B1:48:A8-if00:
Connecting...
Connected to ESP32-C6 on /dev/serial/by-id/usb-Espressif_USB_JTAG_serial_debug_unit_10:BD:A3:B1:48:A8-if00:
Chip type:          ESP32-C6FH4 (QFN32) (revision v0.2)
Features:           Wi-Fi 6, BT 5 (LE), IEEE802.15.4, Single Core + LP Core, 160MHz, Embedded Flash 4MB
Crystal frequency:  40MHz
USB mode:           USB-Serial/JTAG
MAC:                10:bd:a3:ff:fe:b1:48:a8
BASE MAC:           10:bd:a3:b1:48:a8
MAC_EXT:            ff:fe

Uploading stub flasher...
Running stub flasher...
Stub flasher running.

Configuring flash size...
Flash will be erased from 0x00040000 to 0x00106fff...
Compressed 812784 bytes to 513441...
Writing at 0x0004bbb0 ╸                                3.2% 16.00kB/501.41kB [0s] 
Writing at 0x00053118 ━╸                               6.4% 32.00kB/501.41kB [0s] 
Writing at 0x0005cfc3 ━━╸                              9.6% 48.00kB/501.41kB [0s] 
Writing at 0x00062a32 ━━━╸                            12.8% 64.00kB/501.41kB [0s] 
Writing at 0x00068ff8 ━━━━╸                           16.0% 80.00kB/501.41kB [1s] 
Writing at 0x0006f5b9 ━━━━━╸                          19.1% 96.00kB/501.41kB [1s] 
Writing at 0x0007528b ━━━━━━╸                         22.3% 112.00kB/501.41kB [1s] 
Writing at 0x0007afe4 ━━━━━━━╸                        25.5% 128.00kB/501.41kB [1s] 
Writing at 0x00080c68 ━━━━━━━━╸                       28.7% 144.00kB/501.41kB [1s] 
Writing at 0x000865e5 ━━━━━━━━━╸                      31.9% 160.00kB/501.41kB [1s] 
Writing at 0x0008c694 ━━━━━━━━━━╸                     35.1% 176.00kB/501.41kB [1s] 
Writing at 0x00092fd6 ━━━━━━━━━━━                     38.3% 192.00kB/501.41kB [1s] 
Writing at 0x00098df1 ━━━━━━━━━━━━                    41.5% 208.00kB/501.41kB [1s] 
Writing at 0x0009ea63 ━━━━━━━━━━━━━                   44.7% 224.00kB/501.41kB [2s] 
Writing at 0x000a47c6 ━━━━━━━━━━━━━━                  47.9% 240.00kB/501.41kB [2s] 
Writing at 0x000aaa7e ━━━━━━━━━━━━━━━                 51.1% 256.00kB/501.41kB [2s] 
Writing at 0x000b104e ━━━━━━━━━━━━━━━━                54.2% 272.00kB/501.41kB [2s] 
Writing at 0x000b6d9a ━━━━━━━━━━━━━━━━━               57.4% 288.00kB/501.41kB [2s] 
Writing at 0x000bcd39 ━━━━━━━━━━━━━━━━━━              60.6% 304.00kB/501.41kB [2s] 
Writing at 0x000c2c0c ━━━━━━━━━━━━━━━━━━━             63.8% 320.00kB/501.41kB [2s] 
Writing at 0x000c8d93 ━━━━━━━━━━━━━━━━━━━━            67.0% 336.00kB/501.41kB [2s] 
Writing at 0x000cee55 ━━━━━━━━━━━━━━━━━━━━━           70.2% 352.00kB/501.41kB [2s] 
Writing at 0x000d4bb5 ━━━━━━━━━━━━━━━━━━━━━━          73.4% 368.00kB/501.41kB [3s] 
Writing at 0x000da862 ━━━━━━━━━━━━━━━━━━━━━━╸         76.6% 384.00kB/501.41kB [3s] 
Writing at 0x000dff3f ━━━━━━━━━━━━━━━━━━━━━━━╸        79.8% 400.00kB/501.41kB [3s] 
Writing at 0x000e57be ━━━━━━━━━━━━━━━━━━━━━━━━╸       83.0% 416.00kB/501.41kB [3s] 
Writing at 0x000eae9f ━━━━━━━━━━━━━━━━━━━━━━━━━╸      86.2% 432.00kB/501.41kB [3s] 
Writing at 0x000f13a0 ━━━━━━━━━━━━━━━━━━━━━━━━━━╸     89.3% 448.00kB/501.41kB [3s] 
Writing at 0x000f7087 ━━━━━━━━━━━━━━━━━━━━━━━━━━━╸    92.5% 464.00kB/501.41kB [3s] 
Writing at 0x000fca5a ━━━━━━━━━━━━━━━━━━━━━━━━━━━━╸   95.7% 480.00kB/501.41kB [3s] 
Writing at 0x001028c2 ━━━━━━━━━━━━━━━━━━━━━━━━━━━━━╸  98.9% 496.00kB/501.41kB [3s] 
Writing at 0x001066f0 ━━━━━━━━━━━━━━━━━━━━━━━━━━━━━━ 100.0% 501.41kB/501.41kB [3s] 
Wrote 812784 bytes (513441 compressed) at 0x00040000 in 4.0 seconds (1643.2 kbit/s).
Verifying written data...
Hash of data verified.

Staying in bootloader.
