[2026-09-26T15:37:45.502Z] !! capture open /dev/serial/by-id/usb-Espressif_USB_JTAG_serial_debug_unit_94:A9:90:7A:26:AC-if00 @ 115200 backend=pyserial dtr=1 rts=0
[2026-09-26T15:37:45.508Z] I (145) esp_image: segment 4: paddr=0005185c vaddr=40380c5c sizeI (161) esp_image: segment 5: paddr=0005d3b8 vaddr=50000000 size=0001ch (    28) load
[2026-09-26T15:37:45.511Z] I (161) esp_image: segment 6: paddr=0005d3dc vaddr=50000024 size=00024h (    36) load
[2026-09-26T15:37:45.517Z] I (169) boot: Loaded app from partition at offset 0x10000
[2026-09-26T15:37:45.521Z] I (170) boot: Disabling RNG early entropy source...
[2026-09-26T15:37:45.533Z] I (186) cpu_start: Unicore app
[2026-09-26T15:37:45.541Z] I (194) cpu_start: GPIO 20 and 21 are used as console UART I/O pins
[2026-09-26T15:37:45.541Z] I (195) cpu_start: Pro cpu start user code
[2026-09-26T15:37:45.543Z] I (195) cpu_start: cpu freq: 160000000 Hz
[2026-09-26T15:37:45.547Z] I (197) app_init: Application information:
[2026-09-26T15:37:45.552Z] I (200) app_init: Project name:     routeloom_reference_node
[2026-09-26T15:37:45.556Z] I (206) app_init: App version:      1
[2026-09-26T15:37:45.560Z] I (209) app_init: Compile time:     Sep 26 2026 08:22:48
[2026-09-26T15:37:45.565Z] I (214) app_init: ELF file SHA256:  85d32710f...
[2026-09-26T15:37:45.569Z] I (219) app_init: ESP-IDF:          v6.0.3
[2026-09-26T15:37:45.573Z] I (222) efuse_init: Min chip rev:     v0.3
[2026-09-26T15:37:45.576Z] I (226) efuse_init: Max chip rev:     v1.99 
[2026-09-26T15:37:45.581Z] I (230) efuse_init: Chip rev:         v0.4
[2026-09-26T15:37:45.587Z] I (234) heap_init: Initializing. RAM available for dynamic allocation:
[2026-09-26T15:37:45.592Z] I (240) heap_init: At 3FC94EC0 len 0002B140 (172 KiB): RAM
[2026-09-26T15:37:45.598Z] I (245) heap_init: At 3FCC0000 len 0001C710 (113 KiB): Retention RAM
[2026-09-26T15:37:45.604Z] I (252) heap_init: At 3FCDC710 len 00002950 (10 KiB): Retention RAM
[2026-09-26T15:37:45.609Z] I (258) heap_init: At 50000048 len 00001FA0 (7 KiB): RTCRAM
[2026-09-26T15:37:45.613Z] I (264) spi_flash: detected chip: generic
[2026-09-26T15:37:45.616Z] I (267) spi_flash: flash io: dio
[2026-09-26T15:37:45.628Z] W (269) spi_flash: Detected size(4096k) larger than the size in the binary image header(2048k). Using the size in the binary image header.
[2026-09-26T15:37:45.634Z] I (282) sleep_gpio: Configure to isolate all GPIO pins in sleep state
[2026-09-26T15:37:45.641Z] I (288) sleep_gpio: Enable automatic switching of GPIO sleep configuration
[2026-09-26T15:37:45.644Z] I (295) main_task: Started on CPU0
[2026-09-26T15:37:45.647Z] I (298) main_task: Calling app_main()
[2026-09-26T15:37:46.075Z] I (727) RouteLoomRef: sdkv1 identity: node=3 key_location=1 flags=0x00 anchors=1 devcert=178B
[2026-09-26T15:37:46.076Z] I (728) RouteLoomRef: sdkv1 site: not a member
[2026-09-26T15:37:46.082Z] I (729) RouteLoomRef: sdkv1 revocation: none rs_epoch=0 resume_slots=16
[2026-09-26T15:37:46.087Z] I (735) RouteLoomRef: sdkv1 local_revocation: none
[2026-09-26T15:37:46.091Z] I (740) RouteLoomRef: sdkv1 lifecycle: journaled
[2026-09-26T15:37:46.092Z] routeloom-maintenance v1 ready
[2026-09-26T15:37:55.637Z] !! capture closed
