[2026-09-25T16:50:59.671Z] !! poll start: /home/sahur/orca/workspaces/RouteLoom/hil-bench/host/target/debug/routeloomctl --socket /tmp/routeloom-hil-2026-09-26.sock deliveries every 0.5s
[2026-09-25T16:50:59.672Z] {"deliveries":[{"request":1,"destination":2,"state":"sent","reason":null,"msg_session":null,"msg_seq":null,"updated_ms":1790355059671}]}
[2026-09-25T16:51:00.172Z] {"deliveries":[{"request":1,"destination":2,"state":"waiting-for-route","reason":"NO_ROUTE","msg_session":103,"msg_seq":1,"updated_ms":1790355059675}]}
[2026-09-25T16:51:00.672Z] {"deliveries":[{"request":1,"destination":2,"state":"waiting-for-route","reason":"NO_ROUTE","msg_session":103,"msg_seq":1,"updated_ms":1790355059675}]}
[2026-09-25T16:51:01.172Z] {"deliveries":[{"request":1,"destination":2,"state":"waiting-for-route","reason":"NO_ROUTE","msg_session":103,"msg_seq":1,"updated_ms":1790355059675}]}
[2026-09-25T16:51:01.674Z] {"deliveries":[{"request":1,"destination":2,"state":"waiting-for-route","reason":"NO_ROUTE","msg_session":103,"msg_seq":1,"updated_ms":1790355059675}]}
[2026-09-25T16:51:02.173Z] {"deliveries":[{"request":1,"destination":2,"state":"waiting-for-route","reason":"NO_ROUTE","msg_session":103,"msg_seq":1,"updated_ms":1790355059675}]}
[2026-09-25T16:51:02.673Z] {"deliveries":[{"request":1,"destination":2,"state":"waiting-for-route","reason":"NO_ROUTE","msg_session":103,"msg_seq":1,"updated_ms":1790355059675}]}
[2026-09-25T16:51:03.173Z] {"deliveries":[{"request":1,"destination":2,"state":"waiting-for-route","reason":"NO_ROUTE","msg_session":103,"msg_seq":1,"updated_ms":1790355059675}]}
[2026-09-25T16:51:03.673Z] {"deliveries":[{"request":1,"destination":2,"state":"waiting-for-route","reason":"NO_ROUTE","msg_session":103,"msg_seq":1,"updated_ms":1790355059675}]}
[2026-09-25T16:51:04.174Z] {"deliveries":[{"request":1,"destination":2,"state":"waiting-for-route","reason":"NO_ROUTE","msg_session":103,"msg_seq":1,"updated_ms":1790355059675}]}
[2026-09-25T16:51:04.674Z] {"deliveries":[{"request":1,"destination":2,"state":"waiting-for-route","reason":"NO_ROUTE","msg_session":103,"msg_seq":1,"updated_ms":1790355059675}]}
[2026-09-25T16:51:05.174Z] {"deliveries":[{"request":1,"destination":2,"state":"expired","reason":"DEADLINE_EXPIRED","msg_session":103,"msg_seq":1,"updated_ms":1790355064679}]}
[2026-09-25T16:51:05.674Z] {"deliveries":[{"request":1,"destination":2,"state":"expired","reason":"DEADLINE_EXPIRED","msg_session":103,"msg_seq":1,"updated_ms":1790355064679}]}
[2026-09-25T16:51:06.174Z] {"deliveries":[{"request":1,"destination":2,"state":"expired","reason":"DEADLINE_EXPIRED","msg_session":103,"msg_seq":1,"updated_ms":1790355064679}]}
[2026-09-25T16:51:06.675Z] {"deliveries":[{"request":1,"destination":2,"state":"expired","reason":"DEADLINE_EXPIRED","msg_session":103,"msg_seq":1,"updated_ms":1790355064679}]}
[2026-09-25T16:51:07.175Z] {"deliveries":[{"request":1,"destination":2,"state":"expired","reason":"DEADLINE_EXPIRED","msg_session":103,"msg_seq":1,"updated_ms":1790355064679}]}
[2026-09-25T16:51:07.675Z] {"deliveries":[{"request":1,"destination":2,"state":"expired","reason":"DEADLINE_EXPIRED","msg_session":103,"msg_seq":1,"updated_ms":1790355064679}]}
[2026-09-25T16:51:08.175Z] {"deliveries":[{"request":1,"destination":2,"state":"expired","reason":"DEADLINE_EXPIRED","msg_session":103,"msg_seq":1,"updated_ms":1790355064679}]}
[2026-09-25T16:51:08.675Z] {"deliveries":[{"request":1,"destination":2,"state":"expired","reason":"DEADLINE_EXPIRED","msg_session":103,"msg_seq":1,"updated_ms":1790355064679}]}
[2026-09-25T16:51:09.176Z] {"deliveries":[{"request":1,"destination":2,"state":"expired","reason":"DEADLINE_EXPIRED","msg_session":103,"msg_seq":1,"updated_ms":1790355064679}]}
[2026-09-25T16:51:09.675Z] {"deliveries":[{"request":1,"destination":2,"state":"expired","reason":"DEADLINE_EXPIRED","msg_session":103,"msg_seq":1,"updated_ms":1790355064679}]}
[2026-09-25T16:51:10.176Z] {"deliveries":[{"request":1,"destination":2,"state":"expired","reason":"DEADLINE_EXPIRED","msg_session":103,"msg_seq":1,"updated_ms":1790355064679}]}
[2026-09-25T16:51:10.676Z] {"deliveries":[{"request":1,"destination":2,"state":"expired","reason":"DEADLINE_EXPIRED","msg_session":103,"msg_seq":1,"updated_ms":1790355064679}]}
[2026-09-25T16:51:11.176Z] {"deliveries":[{"request":1,"destination":2,"state":"expired","reason":"DEADLINE_EXPIRED","msg_session":103,"msg_seq":1,"updated_ms":1790355064679}]}
[2026-09-25T16:51:11.676Z] {"deliveries":[{"request":1,"destination":2,"state":"expired","reason":"DEADLINE_EXPIRED","msg_session":103,"msg_seq":1,"updated_ms":1790355064679}]}
[2026-09-25T16:51:12.176Z] {"deliveries":[{"request":1,"destination":2,"state":"expired","reason":"DEADLINE_EXPIRED","msg_session":103,"msg_seq":1,"updated_ms":1790355064679}]}
[2026-09-25T16:51:12.676Z] {"deliveries":[{"request":1,"destination":2,"state":"expired","reason":"DEADLINE_EXPIRED","msg_session":103,"msg_seq":1,"updated_ms":1790355064679}]}
[2026-09-25T16:51:13.177Z] {"deliveries":[{"request":1,"destination":2,"state":"expired","reason":"DEADLINE_EXPIRED","msg_session":103,"msg_seq":1,"updated_ms":1790355064679}]}
[2026-09-25T16:51:13.677Z] {"deliveries":[{"request":1,"destination":2,"state":"expired","reason":"DEADLINE_EXPIRED","msg_session":103,"msg_seq":1,"updated_ms":1790355064679}]}
[2026-09-25T16:51:14.177Z] {"deliveries":[{"request":1,"destination":2,"state":"expired","reason":"DEADLINE_EXPIRED","msg_session":103,"msg_seq":1,"updated_ms":1790355064679}]}
[2026-09-25T16:51:14.677Z] {"deliveries":[{"request":1,"destination":2,"state":"expired","reason":"DEADLINE_EXPIRED","msg_session":103,"msg_seq":1,"updated_ms":1790355064679}]}
[2026-09-25T16:51:15.177Z] {"deliveries":[{"request":1,"destination":2,"state":"expired","reason":"DEADLINE_EXPIRED","msg_session":103,"msg_seq":1,"updated_ms":1790355064679}]}
[2026-09-25T16:51:15.678Z] {"deliveries":[{"request":1,"destination":2,"state":"expired","reason":"DEADLINE_EXPIRED","msg_session":103,"msg_seq":1,"updated_ms":1790355064679}]}
[2026-09-25T16:51:16.178Z] {"deliveries":[{"request":1,"destination":2,"state":"expired","reason":"DEADLINE_EXPIRED","msg_session":103,"msg_seq":1,"updated_ms":1790355064679}]}
[2026-09-25T16:51:16.678Z] {"deliveries":[{"request":1,"destination":2,"state":"expired","reason":"DEADLINE_EXPIRED","msg_session":103,"msg_seq":1,"updated_ms":1790355064679}]}
[2026-09-25T16:51:17.178Z] {"deliveries":[{"request":1,"destination":2,"state":"expired","reason":"DEADLINE_EXPIRED","msg_session":103,"msg_seq":1,"updated_ms":1790355064679}]}
[2026-09-25T16:51:17.678Z] {"deliveries":[{"request":1,"destination":2,"state":"expired","reason":"DEADLINE_EXPIRED","msg_session":103,"msg_seq":1,"updated_ms":1790355064679}]}
[2026-09-25T16:51:18.178Z] {"deliveries":[{"request":1,"destination":2,"state":"expired","reason":"DEADLINE_EXPIRED","msg_session":103,"msg_seq":1,"updated_ms":1790355064679}]}
[2026-09-25T16:51:18.678Z] {"deliveries":[{"request":1,"destination":2,"state":"expired","reason":"DEADLINE_EXPIRED","msg_session":103,"msg_seq":1,"updated_ms":1790355064679}]}
[2026-09-25T16:51:19.179Z] {"deliveries":[{"request":1,"destination":2,"state":"expired","reason":"DEADLINE_EXPIRED","msg_session":103,"msg_seq":1,"updated_ms":1790355064679}]}
[2026-09-25T16:51:19.679Z] {"deliveries":[{"request":1,"destination":2,"state":"expired","reason":"DEADLINE_EXPIRED","msg_session":103,"msg_seq":1,"updated_ms":1790355064679}]}
[2026-09-25T16:51:20.179Z] {"deliveries":[{"request":1,"destination":2,"state":"expired","reason":"DEADLINE_EXPIRED","msg_session":103,"msg_seq":1,"updated_ms":1790355064679}]}
[2026-09-25T16:51:20.680Z] {"deliveries":[{"request":1,"destination":2,"state":"expired","reason":"DEADLINE_EXPIRED","msg_session":103,"msg_seq":1,"updated_ms":1790355064679}]}
[2026-09-25T16:51:21.180Z] {"deliveries":[{"request":1,"destination":2,"state":"expired","reason":"DEADLINE_EXPIRED","msg_session":103,"msg_seq":1,"updated_ms":1790355064679}]}
[2026-09-25T16:51:21.680Z] {"deliveries":[{"request":1,"destination":2,"state":"expired","reason":"DEADLINE_EXPIRED","msg_session":103,"msg_seq":1,"updated_ms":1790355064679}]}
[2026-09-25T16:51:22.180Z] {"deliveries":[{"request":1,"destination":2,"state":"expired","reason":"DEADLINE_EXPIRED","msg_session":103,"msg_seq":1,"updated_ms":1790355064679}]}
[2026-09-25T16:51:22.680Z] {"deliveries":[{"request":1,"destination":2,"state":"expired","reason":"DEADLINE_EXPIRED","msg_session":103,"msg_seq":1,"updated_ms":1790355064679}]}
[2026-09-25T16:51:23.180Z] {"deliveries":[{"request":1,"destination":2,"state":"expired","reason":"DEADLINE_EXPIRED","msg_session":103,"msg_seq":1,"updated_ms":1790355064679}]}
[2026-09-25T16:51:23.681Z] {"deliveries":[{"request":1,"destination":2,"state":"expired","reason":"DEADLINE_EXPIRED","msg_session":103,"msg_seq":1,"updated_ms":1790355064679}]}
[2026-09-25T16:51:24.181Z] {"deliveries":[{"request":1,"destination":2,"state":"expired","reason":"DEADLINE_EXPIRED","msg_session":103,"msg_seq":1,"updated_ms":1790355064679}]}
[2026-09-25T16:51:24.681Z] {"deliveries":[{"request":1,"destination":2,"state":"expired","reason":"DEADLINE_EXPIRED","msg_session":103,"msg_seq":1,"updated_ms":1790355064679}]}
[2026-09-25T16:51:25.181Z] {"deliveries":[{"request":1,"destination":2,"state":"expired","reason":"DEADLINE_EXPIRED","msg_session":103,"msg_seq":1,"updated_ms":1790355064679}]}
[2026-09-25T16:51:25.681Z] {"deliveries":[{"request":1,"destination":2,"state":"expired","reason":"DEADLINE_EXPIRED","msg_session":103,"msg_seq":1,"updated_ms":1790355064679}]}
[2026-09-25T16:51:26.182Z] {"deliveries":[{"request":1,"destination":2,"state":"expired","reason":"DEADLINE_EXPIRED","msg_session":103,"msg_seq":1,"updated_ms":1790355064679}]}
[2026-09-25T16:51:26.682Z] {"deliveries":[{"request":1,"destination":2,"state":"expired","reason":"DEADLINE_EXPIRED","msg_session":103,"msg_seq":1,"updated_ms":1790355064679}]}
[2026-09-25T16:51:27.182Z] {"deliveries":[{"request":1,"destination":2,"state":"expired","reason":"DEADLINE_EXPIRED","msg_session":103,"msg_seq":1,"updated_ms":1790355064679}]}
[2026-09-25T16:51:27.682Z] {"deliveries":[{"request":1,"destination":2,"state":"expired","reason":"DEADLINE_EXPIRED","msg_session":103,"msg_seq":1,"updated_ms":1790355064679}]}
[2026-09-25T16:51:28.182Z] {"deliveries":[{"request":1,"destination":2,"state":"expired","reason":"DEADLINE_EXPIRED","msg_session":103,"msg_seq":1,"updated_ms":1790355064679}]}
[2026-09-25T16:51:28.683Z] {"deliveries":[{"request":1,"destination":2,"state":"expired","reason":"DEADLINE_EXPIRED","msg_session":103,"msg_seq":1,"updated_ms":1790355064679}]}
[2026-09-25T16:51:29.183Z] {"deliveries":[{"request":1,"destination":2,"state":"expired","reason":"DEADLINE_EXPIRED","msg_session":103,"msg_seq":1,"updated_ms":1790355064679}]}
[2026-09-25T16:51:29.683Z] {"deliveries":[{"request":1,"destination":2,"state":"expired","reason":"DEADLINE_EXPIRED","msg_session":103,"msg_seq":1,"updated_ms":1790355064679}]}
[2026-09-25T16:51:30.183Z] {"deliveries":[{"request":1,"destination":2,"state":"expired","reason":"DEADLINE_EXPIRED","msg_session":103,"msg_seq":1,"updated_ms":1790355064679}]}
[2026-09-25T16:51:30.684Z] {"deliveries":[{"request":1,"destination":2,"state":"expired","reason":"DEADLINE_EXPIRED","msg_session":103,"msg_seq":1,"updated_ms":1790355064679}]}
[2026-09-25T16:51:31.183Z] {"deliveries":[{"request":1,"destination":2,"state":"expired","reason":"DEADLINE_EXPIRED","msg_session":103,"msg_seq":1,"updated_ms":1790355064679}]}
[2026-09-25T16:51:31.684Z] {"deliveries":[{"request":1,"destination":2,"state":"expired","reason":"DEADLINE_EXPIRED","msg_session":103,"msg_seq":1,"updated_ms":1790355064679}]}
[2026-09-25T16:51:32.184Z] {"deliveries":[{"request":1,"destination":2,"state":"expired","reason":"DEADLINE_EXPIRED","msg_session":103,"msg_seq":1,"updated_ms":1790355064679}]}
[2026-09-25T16:51:32.684Z] {"deliveries":[{"request":1,"destination":2,"state":"expired","reason":"DEADLINE_EXPIRED","msg_session":103,"msg_seq":1,"updated_ms":1790355064679}]}
[2026-09-25T16:51:33.184Z] {"deliveries":[{"request":1,"destination":2,"state":"expired","reason":"DEADLINE_EXPIRED","msg_session":103,"msg_seq":1,"updated_ms":1790355064679}]}
[2026-09-25T16:51:33.684Z] {"deliveries":[{"request":1,"destination":2,"state":"expired","reason":"DEADLINE_EXPIRED","msg_session":103,"msg_seq":1,"updated_ms":1790355064679}]}
[2026-09-25T16:51:34.184Z] {"deliveries":[{"request":1,"destination":2,"state":"expired","reason":"DEADLINE_EXPIRED","msg_session":103,"msg_seq":1,"updated_ms":1790355064679}]}
[2026-09-25T16:51:34.685Z] {"deliveries":[{"request":1,"destination":2,"state":"expired","reason":"DEADLINE_EXPIRED","msg_session":103,"msg_seq":1,"updated_ms":1790355064679}]}
[2026-09-25T16:51:35.185Z] {"deliveries":[{"request":1,"destination":2,"state":"expired","reason":"DEADLINE_EXPIRED","msg_session":103,"msg_seq":1,"updated_ms":1790355064679}]}
[2026-09-25T16:51:35.686Z] {"deliveries":[{"request":1,"destination":2,"state":"expired","reason":"DEADLINE_EXPIRED","msg_session":103,"msg_seq":1,"updated_ms":1790355064679}]}
[2026-09-25T16:51:36.185Z] {"deliveries":[{"request":1,"destination":2,"state":"expired","reason":"DEADLINE_EXPIRED","msg_session":103,"msg_seq":1,"updated_ms":1790355064679}]}
[2026-09-25T16:51:36.686Z] {"deliveries":[{"request":1,"destination":2,"state":"expired","reason":"DEADLINE_EXPIRED","msg_session":103,"msg_seq":1,"updated_ms":1790355064679}]}
[2026-09-25T16:51:37.186Z] {"deliveries":[{"request":1,"destination":2,"state":"expired","reason":"DEADLINE_EXPIRED","msg_session":103,"msg_seq":1,"updated_ms":1790355064679}]}
[2026-09-25T16:51:37.686Z] {"deliveries":[{"request":1,"destination":2,"state":"expired","reason":"DEADLINE_EXPIRED","msg_session":103,"msg_seq":1,"updated_ms":1790355064679}]}
[2026-09-25T16:51:38.186Z] {"deliveries":[{"request":1,"destination":2,"state":"expired","reason":"DEADLINE_EXPIRED","msg_session":103,"msg_seq":1,"updated_ms":1790355064679}]}
[2026-09-25T16:51:38.686Z] {"deliveries":[{"request":1,"destination":2,"state":"expired","reason":"DEADLINE_EXPIRED","msg_session":103,"msg_seq":1,"updated_ms":1790355064679}]}
[2026-09-25T16:51:39.187Z] {"deliveries":[{"request":1,"destination":2,"state":"expired","reason":"DEADLINE_EXPIRED","msg_session":103,"msg_seq":1,"updated_ms":1790355064679}]}
[2026-09-25T16:51:39.687Z] {"deliveries":[{"request":1,"destination":2,"state":"expired","reason":"DEADLINE_EXPIRED","msg_session":103,"msg_seq":1,"updated_ms":1790355064679}]}
[2026-09-25T16:51:40.186Z] {"deliveries":[{"request":1,"destination":2,"state":"expired","reason":"DEADLINE_EXPIRED","msg_session":103,"msg_seq":1,"updated_ms":1790355064679}]}
[2026-09-25T16:51:40.687Z] {"deliveries":[{"request":1,"destination":2,"state":"expired","reason":"DEADLINE_EXPIRED","msg_session":103,"msg_seq":1,"updated_ms":1790355064679}]}
[2026-09-25T16:51:41.187Z] {"deliveries":[{"request":1,"destination":2,"state":"expired","reason":"DEADLINE_EXPIRED","msg_session":103,"msg_seq":1,"updated_ms":1790355064679}]}
[2026-09-25T16:51:41.687Z] {"deliveries":[{"request":1,"destination":2,"state":"expired","reason":"DEADLINE_EXPIRED","msg_session":103,"msg_seq":1,"updated_ms":1790355064679}]}
[2026-09-25T16:51:42.187Z] {"deliveries":[{"request":1,"destination":2,"state":"expired","reason":"DEADLINE_EXPIRED","msg_session":103,"msg_seq":1,"updated_ms":1790355064679}]}
[2026-09-25T16:51:42.687Z] {"deliveries":[{"request":1,"destination":2,"state":"expired","reason":"DEADLINE_EXPIRED","msg_session":103,"msg_seq":1,"updated_ms":1790355064679}]}
[2026-09-25T16:51:43.188Z] {"deliveries":[{"request":1,"destination":2,"state":"expired","reason":"DEADLINE_EXPIRED","msg_session":103,"msg_seq":1,"updated_ms":1790355064679}]}
[2026-09-25T16:51:43.688Z] {"deliveries":[{"request":1,"destination":2,"state":"expired","reason":"DEADLINE_EXPIRED","msg_session":103,"msg_seq":1,"updated_ms":1790355064679}]}
[2026-09-25T16:51:44.188Z] {"deliveries":[{"request":1,"destination":2,"state":"expired","reason":"DEADLINE_EXPIRED","msg_session":103,"msg_seq":1,"updated_ms":1790355064679}]}
[2026-09-25T16:51:44.688Z] {"deliveries":[{"request":1,"destination":2,"state":"expired","reason":"DEADLINE_EXPIRED","msg_session":103,"msg_seq":1,"updated_ms":1790355064679}]}
[2026-09-25T16:51:45.188Z] {"deliveries":[{"request":1,"destination":2,"state":"expired","reason":"DEADLINE_EXPIRED","msg_session":103,"msg_seq":1,"updated_ms":1790355064679}]}
[2026-09-25T16:51:45.688Z] {"deliveries":[{"request":1,"destination":2,"state":"expired","reason":"DEADLINE_EXPIRED","msg_session":103,"msg_seq":1,"updated_ms":1790355064679}]}
[2026-09-25T16:51:46.188Z] {"deliveries":[{"request":1,"destination":2,"state":"expired","reason":"DEADLINE_EXPIRED","msg_session":103,"msg_seq":1,"updated_ms":1790355064679}]}
[2026-09-25T16:51:46.689Z] {"deliveries":[{"request":1,"destination":2,"state":"expired","reason":"DEADLINE_EXPIRED","msg_session":103,"msg_seq":1,"updated_ms":1790355064679}]}
[2026-09-25T16:51:47.189Z] {"deliveries":[{"request":1,"destination":2,"state":"expired","reason":"DEADLINE_EXPIRED","msg_session":103,"msg_seq":1,"updated_ms":1790355064679}]}
[2026-09-25T16:51:47.689Z] {"deliveries":[{"request":1,"destination":2,"state":"expired","reason":"DEADLINE_EXPIRED","msg_session":103,"msg_seq":1,"updated_ms":1790355064679}]}
[2026-09-25T16:51:48.189Z] {"deliveries":[{"request":1,"destination":2,"state":"expired","reason":"DEADLINE_EXPIRED","msg_session":103,"msg_seq":1,"updated_ms":1790355064679}]}
[2026-09-25T16:51:48.689Z] {"deliveries":[{"request":1,"destination":2,"state":"expired","reason":"DEADLINE_EXPIRED","msg_session":103,"msg_seq":1,"updated_ms":1790355064679}]}
[2026-09-25T16:51:49.190Z] {"deliveries":[{"request":1,"destination":2,"state":"expired","reason":"DEADLINE_EXPIRED","msg_session":103,"msg_seq":1,"updated_ms":1790355064679}]}
[2026-09-25T16:51:49.690Z] {"deliveries":[{"request":1,"destination":2,"state":"expired","reason":"DEADLINE_EXPIRED","msg_session":103,"msg_seq":1,"updated_ms":1790355064679}]}
[2026-09-25T16:51:50.190Z] {"deliveries":[{"request":1,"destination":2,"state":"expired","reason":"DEADLINE_EXPIRED","msg_session":103,"msg_seq":1,"updated_ms":1790355064679}]}
[2026-09-25T16:51:50.690Z] {"deliveries":[{"request":1,"destination":2,"state":"expired","reason":"DEADLINE_EXPIRED","msg_session":103,"msg_seq":1,"updated_ms":1790355064679}]}
[2026-09-25T16:51:51.190Z] {"deliveries":[{"request":1,"destination":2,"state":"expired","reason":"DEADLINE_EXPIRED","msg_session":103,"msg_seq":1,"updated_ms":1790355064679}]}
[2026-09-25T16:51:51.690Z] {"deliveries":[{"request":1,"destination":2,"state":"expired","reason":"DEADLINE_EXPIRED","msg_session":103,"msg_seq":1,"updated_ms":1790355064679}]}
[2026-09-25T16:51:52.190Z] {"deliveries":[{"request":1,"destination":2,"state":"expired","reason":"DEADLINE_EXPIRED","msg_session":103,"msg_seq":1,"updated_ms":1790355064679}]}
[2026-09-25T16:51:52.691Z] {"deliveries":[{"request":1,"destination":2,"state":"expired","reason":"DEADLINE_EXPIRED","msg_session":103,"msg_seq":1,"updated_ms":1790355064679}]}
[2026-09-25T16:51:53.191Z] {"deliveries":[{"request":1,"destination":2,"state":"expired","reason":"DEADLINE_EXPIRED","msg_session":103,"msg_seq":1,"updated_ms":1790355064679}]}
[2026-09-25T16:51:53.691Z] {"deliveries":[{"request":1,"destination":2,"state":"expired","reason":"DEADLINE_EXPIRED","msg_session":103,"msg_seq":1,"updated_ms":1790355064679}]}
[2026-09-25T16:51:54.191Z] {"deliveries":[{"request":1,"destination":2,"state":"expired","reason":"DEADLINE_EXPIRED","msg_session":103,"msg_seq":1,"updated_ms":1790355064679}]}
[2026-09-25T16:51:54.692Z] {"deliveries":[{"request":1,"destination":2,"state":"expired","reason":"DEADLINE_EXPIRED","msg_session":103,"msg_seq":1,"updated_ms":1790355064679}]}
[2026-09-25T16:51:55.192Z] {"deliveries":[{"request":1,"destination":2,"state":"expired","reason":"DEADLINE_EXPIRED","msg_session":103,"msg_seq":1,"updated_ms":1790355064679}]}
[2026-09-25T16:51:55.692Z] {"deliveries":[{"request":1,"destination":2,"state":"expired","reason":"DEADLINE_EXPIRED","msg_session":103,"msg_seq":1,"updated_ms":1790355064679}]}
[2026-09-25T16:51:56.192Z] {"deliveries":[{"request":1,"destination":2,"state":"expired","reason":"DEADLINE_EXPIRED","msg_session":103,"msg_seq":1,"updated_ms":1790355064679}]}
[2026-09-25T16:51:56.692Z] {"deliveries":[{"request":1,"destination":2,"state":"expired","reason":"DEADLINE_EXPIRED","msg_session":103,"msg_seq":1,"updated_ms":1790355064679}]}
[2026-09-25T16:51:57.192Z] {"deliveries":[{"request":1,"destination":2,"state":"expired","reason":"DEADLINE_EXPIRED","msg_session":103,"msg_seq":1,"updated_ms":1790355064679}]}
[2026-09-25T16:51:57.692Z] {"deliveries":[{"request":1,"destination":2,"state":"expired","reason":"DEADLINE_EXPIRED","msg_session":103,"msg_seq":1,"updated_ms":1790355064679}]}
[2026-09-25T16:51:58.192Z] {"deliveries":[{"request":1,"destination":2,"state":"expired","reason":"DEADLINE_EXPIRED","msg_session":103,"msg_seq":1,"updated_ms":1790355064679}]}
[2026-09-25T16:51:58.693Z] {"deliveries":[{"request":1,"destination":2,"state":"expired","reason":"DEADLINE_EXPIRED","msg_session":103,"msg_seq":1,"updated_ms":1790355064679}]}
[2026-09-25T16:51:59.193Z] {"deliveries":[{"request":1,"destination":2,"state":"expired","reason":"DEADLINE_EXPIRED","msg_session":103,"msg_seq":1,"updated_ms":1790355064679}]}
[2026-09-25T16:51:59.693Z] {"deliveries":[{"request":1,"destination":2,"state":"expired","reason":"DEADLINE_EXPIRED","msg_session":103,"msg_seq":1,"updated_ms":1790355064679}]}
[2026-09-25T16:52:00.193Z] {"deliveries":[{"request":1,"destination":2,"state":"expired","reason":"DEADLINE_EXPIRED","msg_session":103,"msg_seq":1,"updated_ms":1790355064679}]}
[2026-09-25T16:52:00.694Z] {"deliveries":[{"request":1,"destination":2,"state":"expired","reason":"DEADLINE_EXPIRED","msg_session":103,"msg_seq":1,"updated_ms":1790355064679}]}
[2026-09-25T16:52:01.194Z] {"deliveries":[{"request":1,"destination":2,"state":"expired","reason":"DEADLINE_EXPIRED","msg_session":103,"msg_seq":1,"updated_ms":1790355064679}]}
[2026-09-25T16:52:01.694Z] {"deliveries":[{"request":1,"destination":2,"state":"expired","reason":"DEADLINE_EXPIRED","msg_session":103,"msg_seq":1,"updated_ms":1790355064679}]}
[2026-09-25T16:52:02.194Z] {"deliveries":[{"request":1,"destination":2,"state":"expired","reason":"DEADLINE_EXPIRED","msg_session":103,"msg_seq":1,"updated_ms":1790355064679}]}
[2026-09-25T16:52:02.694Z] {"deliveries":[{"request":1,"destination":2,"state":"expired","reason":"DEADLINE_EXPIRED","msg_session":103,"msg_seq":1,"updated_ms":1790355064679}]}
[2026-09-25T16:52:03.194Z] {"deliveries":[{"request":1,"destination":2,"state":"expired","reason":"DEADLINE_EXPIRED","msg_session":103,"msg_seq":1,"updated_ms":1790355064679}]}
[2026-09-25T16:52:03.694Z] {"deliveries":[{"request":1,"destination":2,"state":"expired","reason":"DEADLINE_EXPIRED","msg_session":103,"msg_seq":1,"updated_ms":1790355064679}]}
[2026-09-25T16:52:04.195Z] {"deliveries":[{"request":1,"destination":2,"state":"expired","reason":"DEADLINE_EXPIRED","msg_session":103,"msg_seq":1,"updated_ms":1790355064679}]}
[2026-09-25T16:52:04.695Z] {"deliveries":[{"request":1,"destination":2,"state":"expired","reason":"DEADLINE_EXPIRED","msg_session":103,"msg_seq":1,"updated_ms":1790355064679}]}
[2026-09-25T16:52:05.195Z] {"deliveries":[{"request":1,"destination":2,"state":"expired","reason":"DEADLINE_EXPIRED","msg_session":103,"msg_seq":1,"updated_ms":1790355064679}]}
[2026-09-25T16:52:05.695Z] {"deliveries":[{"request":1,"destination":2,"state":"expired","reason":"DEADLINE_EXPIRED","msg_session":103,"msg_seq":1,"updated_ms":1790355064679}]}
[2026-09-25T16:52:06.195Z] {"deliveries":[{"request":1,"destination":2,"state":"expired","reason":"DEADLINE_EXPIRED","msg_session":103,"msg_seq":1,"updated_ms":1790355064679}]}
[2026-09-25T16:52:06.696Z] {"deliveries":[{"request":1,"destination":2,"state":"expired","reason":"DEADLINE_EXPIRED","msg_session":103,"msg_seq":1,"updated_ms":1790355064679}]}
[2026-09-25T16:52:07.196Z] {"deliveries":[{"request":1,"destination":2,"state":"expired","reason":"DEADLINE_EXPIRED","msg_session":103,"msg_seq":1,"updated_ms":1790355064679}]}
[2026-09-25T16:52:07.695Z] {"deliveries":[{"request":1,"destination":2,"state":"expired","reason":"DEADLINE_EXPIRED","msg_session":103,"msg_seq":1,"updated_ms":1790355064679}]}
[2026-09-25T16:52:08.196Z] {"deliveries":[{"request":1,"destination":2,"state":"expired","reason":"DEADLINE_EXPIRED","msg_session":103,"msg_seq":1,"updated_ms":1790355064679}]}
[2026-09-25T16:52:08.696Z] {"deliveries":[{"request":1,"destination":2,"state":"expired","reason":"DEADLINE_EXPIRED","msg_session":103,"msg_seq":1,"updated_ms":1790355064679}]}
[2026-09-25T16:52:09.196Z] {"deliveries":[{"request":1,"destination":2,"state":"expired","reason":"DEADLINE_EXPIRED","msg_session":103,"msg_seq":1,"updated_ms":1790355064679}]}
[2026-09-25T16:52:09.696Z] {"deliveries":[{"request":1,"destination":2,"state":"expired","reason":"DEADLINE_EXPIRED","msg_session":103,"msg_seq":1,"updated_ms":1790355064679}]}
[2026-09-25T16:52:10.197Z] {"deliveries":[{"request":1,"destination":2,"state":"expired","reason":"DEADLINE_EXPIRED","msg_session":103,"msg_seq":1,"updated_ms":1790355064679}]}
[2026-09-25T16:52:10.697Z] {"deliveries":[{"request":1,"destination":2,"state":"expired","reason":"DEADLINE_EXPIRED","msg_session":103,"msg_seq":1,"updated_ms":1790355064679}]}
[2026-09-25T16:52:11.197Z] {"deliveries":[{"request":1,"destination":2,"state":"expired","reason":"DEADLINE_EXPIRED","msg_session":103,"msg_seq":1,"updated_ms":1790355064679}]}
[2026-09-25T16:52:11.697Z] {"deliveries":[{"request":1,"destination":2,"state":"expired","reason":"DEADLINE_EXPIRED","msg_session":103,"msg_seq":1,"updated_ms":1790355064679}]}
[2026-09-25T16:52:12.197Z] {"deliveries":[{"request":1,"destination":2,"state":"expired","reason":"DEADLINE_EXPIRED","msg_session":103,"msg_seq":1,"updated_ms":1790355064679}]}
[2026-09-25T16:52:12.697Z] {"deliveries":[{"request":1,"destination":2,"state":"expired","reason":"DEADLINE_EXPIRED","msg_session":103,"msg_seq":1,"updated_ms":1790355064679}]}
[2026-09-25T16:52:13.198Z] {"deliveries":[{"request":1,"destination":2,"state":"expired","reason":"DEADLINE_EXPIRED","msg_session":103,"msg_seq":1,"updated_ms":1790355064679}]}
[2026-09-25T16:52:13.698Z] {"deliveries":[{"request":1,"destination":2,"state":"expired","reason":"DEADLINE_EXPIRED","msg_session":103,"msg_seq":1,"updated_ms":1790355064679}]}
[2026-09-25T16:52:14.198Z] {"deliveries":[{"request":1,"destination":2,"state":"expired","reason":"DEADLINE_EXPIRED","msg_session":103,"msg_seq":1,"updated_ms":1790355064679}]}
[2026-09-25T16:52:14.698Z] {"deliveries":[{"request":1,"destination":2,"state":"expired","reason":"DEADLINE_EXPIRED","msg_session":103,"msg_seq":1,"updated_ms":1790355064679}]}
[2026-09-25T16:52:15.198Z] {"deliveries":[{"request":1,"destination":2,"state":"expired","reason":"DEADLINE_EXPIRED","msg_session":103,"msg_seq":1,"updated_ms":1790355064679}]}
[2026-09-25T16:52:15.698Z] {"deliveries":[{"request":1,"destination":2,"state":"expired","reason":"DEADLINE_EXPIRED","msg_session":103,"msg_seq":1,"updated_ms":1790355064679}]}
[2026-09-25T16:52:16.199Z] {"deliveries":[{"request":1,"destination":2,"state":"expired","reason":"DEADLINE_EXPIRED","msg_session":103,"msg_seq":1,"updated_ms":1790355064679}]}
[2026-09-25T16:52:16.698Z] {"deliveries":[{"request":1,"destination":2,"state":"expired","reason":"DEADLINE_EXPIRED","msg_session":103,"msg_seq":1,"updated_ms":1790355064679}]}
[2026-09-25T16:52:17.199Z] {"deliveries":[{"request":1,"destination":2,"state":"expired","reason":"DEADLINE_EXPIRED","msg_session":103,"msg_seq":1,"updated_ms":1790355064679}]}
[2026-09-25T16:52:17.700Z] {"deliveries":[{"request":1,"destination":2,"state":"expired","reason":"DEADLINE_EXPIRED","msg_session":103,"msg_seq":1,"updated_ms":1790355064679}]}
[2026-09-25T16:52:18.200Z] {"deliveries":[{"request":1,"destination":2,"state":"expired","reason":"DEADLINE_EXPIRED","msg_session":103,"msg_seq":1,"updated_ms":1790355064679}]}
[2026-09-25T16:52:18.699Z] {"deliveries":[{"request":1,"destination":2,"state":"expired","reason":"DEADLINE_EXPIRED","msg_session":103,"msg_seq":1,"updated_ms":1790355064679}]}
[2026-09-25T16:52:19.199Z] {"deliveries":[{"request":1,"destination":2,"state":"expired","reason":"DEADLINE_EXPIRED","msg_session":103,"msg_seq":1,"updated_ms":1790355064679}]}
[2026-09-25T16:52:19.700Z] {"deliveries":[{"request":1,"destination":2,"state":"expired","reason":"DEADLINE_EXPIRED","msg_session":103,"msg_seq":1,"updated_ms":1790355064679}]}
[2026-09-25T16:52:20.200Z] {"deliveries":[{"request":1,"destination":2,"state":"expired","reason":"DEADLINE_EXPIRED","msg_session":103,"msg_seq":1,"updated_ms":1790355064679}]}
[2026-09-25T16:52:20.701Z] {"deliveries":[{"request":1,"destination":2,"state":"expired","reason":"DEADLINE_EXPIRED","msg_session":103,"msg_seq":1,"updated_ms":1790355064679}]}
[2026-09-25T16:52:21.200Z] {"deliveries":[{"request":1,"destination":2,"state":"expired","reason":"DEADLINE_EXPIRED","msg_session":103,"msg_seq":1,"updated_ms":1790355064679}]}
[2026-09-25T16:52:21.700Z] {"deliveries":[{"request":1,"destination":2,"state":"expired","reason":"DEADLINE_EXPIRED","msg_session":103,"msg_seq":1,"updated_ms":1790355064679}]}
[2026-09-25T16:52:22.200Z] {"deliveries":[{"request":1,"destination":2,"state":"expired","reason":"DEADLINE_EXPIRED","msg_session":103,"msg_seq":1,"updated_ms":1790355064679}]}
[2026-09-25T16:52:22.701Z] {"deliveries":[{"request":1,"destination":2,"state":"expired","reason":"DEADLINE_EXPIRED","msg_session":103,"msg_seq":1,"updated_ms":1790355064679}]}
[2026-09-25T16:52:23.201Z] {"deliveries":[{"request":1,"destination":2,"state":"expired","reason":"DEADLINE_EXPIRED","msg_session":103,"msg_seq":1,"updated_ms":1790355064679}]}
[2026-09-25T16:52:23.702Z] {"deliveries":[{"request":1,"destination":2,"state":"expired","reason":"DEADLINE_EXPIRED","msg_session":103,"msg_seq":1,"updated_ms":1790355064679}]}
[2026-09-25T16:52:24.201Z] {"deliveries":[{"request":1,"destination":2,"state":"expired","reason":"DEADLINE_EXPIRED","msg_session":103,"msg_seq":1,"updated_ms":1790355064679}]}
[2026-09-25T16:52:24.701Z] {"deliveries":[{"request":1,"destination":2,"state":"expired","reason":"DEADLINE_EXPIRED","msg_session":103,"msg_seq":1,"updated_ms":1790355064679}]}
[2026-09-25T16:52:25.202Z] {"deliveries":[{"request":1,"destination":2,"state":"expired","reason":"DEADLINE_EXPIRED","msg_session":103,"msg_seq":1,"updated_ms":1790355064679}]}
[2026-09-25T16:52:25.702Z] {"deliveries":[{"request":1,"destination":2,"state":"expired","reason":"DEADLINE_EXPIRED","msg_session":103,"msg_seq":1,"updated_ms":1790355064679}]}
[2026-09-25T16:52:26.201Z] {"deliveries":[{"request":1,"destination":2,"state":"expired","reason":"DEADLINE_EXPIRED","msg_session":103,"msg_seq":1,"updated_ms":1790355064679}]}
[2026-09-25T16:52:26.702Z] {"deliveries":[{"request":1,"destination":2,"state":"expired","reason":"DEADLINE_EXPIRED","msg_session":103,"msg_seq":1,"updated_ms":1790355064679}]}
[2026-09-25T16:52:27.202Z] {"deliveries":[{"request":1,"destination":2,"state":"expired","reason":"DEADLINE_EXPIRED","msg_session":103,"msg_seq":1,"updated_ms":1790355064679}]}
[2026-09-25T16:52:27.702Z] {"deliveries":[{"request":1,"destination":2,"state":"expired","reason":"DEADLINE_EXPIRED","msg_session":103,"msg_seq":1,"updated_ms":1790355064679}]}
[2026-09-25T16:52:28.203Z] {"deliveries":[{"request":1,"destination":2,"state":"expired","reason":"DEADLINE_EXPIRED","msg_session":103,"msg_seq":1,"updated_ms":1790355064679}]}
[2026-09-25T16:52:28.703Z] {"deliveries":[{"request":1,"destination":2,"state":"expired","reason":"DEADLINE_EXPIRED","msg_session":103,"msg_seq":1,"updated_ms":1790355064679}]}
[2026-09-25T16:52:29.203Z] {"deliveries":[{"request":1,"destination":2,"state":"expired","reason":"DEADLINE_EXPIRED","msg_session":103,"msg_seq":1,"updated_ms":1790355064679}]}
[2026-09-25T16:52:29.690Z] !! poll stopped
