$ /home/sahur/.local/bin/esptool --chip esp32c3 --port /dev/serial/by-id/usb-Espressif_USB_JTAG_serial_debug_unit_94:A9:90:7A:26:AC-if00 --baud 460800 --before default-reset --after hard-reset write-flash --flash-mode dio --flash-size 2MB --flash-freq 80m 0x10000 artifacts/hil/2026-09-26/images/full-r17-member-node6/build/routeloom_reference_node.bin
esptool v5.4.0
Serial port /dev/serial/by-id/usb-Espressif_USB_JTAG_serial_debug_unit_94:A9:90:7A:26:AC-if00:
Connecting...
Connected to ESP32-C3 on /dev/serial/by-id/usb-Espressif_USB_JTAG_serial_debug_unit_94:A9:90:7A:26:AC-if00:
Chip type:          ESP32-C3 (QFN32) (revision v0.4)
Features:           Wi-Fi, BT 5 (LE), Single Core, 160MHz, Embedded Flash 4MB (XMC)
Crystal frequency:  40MHz
USB mode:           USB-Serial/JTAG
MAC:                94:a9:90:7a:26:ac

Uploading stub flasher...
Running stub flasher...
Stub flasher running.
Changing baud rate to 460800...
Changed.

Configuring flash size...
Flash will be erased from 0x00010000 to 0x0013ffff...
Compressed 1243088 bytes to 736655...
Writing at 0x0001c508 ╸                                2.2% 16.00kB/719.39kB [0s] 
Writing at 0x00027751 ━                                4.4% 32.00kB/719.39kB [0s] 
Writing at 0x0002e55f ━━                               6.7% 48.00kB/719.39kB [1s] 
Writing at 0x00036d28 ━━╸                              8.9% 64.00kB/719.39kB [1s] 
Writing at 0x0003d81e ━━━                             11.1% 80.00kB/719.39kB [2s] 
Writing at 0x00043caf ━━━━                            13.3% 96.00kB/719.39kB [2s] 
Writing at 0x0004aee9 ━━━━╸                           15.6% 112.00kB/719.39kB [3s] 
Writing at 0x00051b09 ━━━━━                           17.8% 128.00kB/719.39kB [4s] 
Writing at 0x00058301 ━━━━━━                          20.0% 144.00kB/719.39kB [4s] 
Writing at 0x0005efaa ━━━━━━╸                         22.2% 160.00kB/719.39kB [5s] 
Writing at 0x000657d7 ━━━━━━━                         24.5% 176.00kB/719.39kB [5s] 
Writing at 0x0006c46c ━━━━━━━━                        26.7% 192.00kB/719.39kB [5s] 
Writing at 0x00072c3a ━━━━━━━━╸                       28.9% 208.00kB/719.39kB [5s] 
Writing at 0x00079a70 ━━━━━━━━━                       31.1% 224.00kB/719.39kB [5s] 
Writing at 0x0008007f ━━━━━━━━━━                      33.4% 240.00kB/719.39kB [5s] 
Writing at 0x00086a16 ━━━━━━━━━━╸                     35.6% 256.00kB/719.39kB [5s] 
Writing at 0x0008d0d8 ━━━━━━━━━━━                     37.8% 272.00kB/719.39kB [5s] 
Writing at 0x00093b8a ━━━━━━━━━━━━                    40.0% 288.00kB/719.39kB [5s] 
Writing at 0x0009a202 ━━━━━━━━━━━━╸                   42.3% 304.00kB/719.39kB [6s] 
Writing at 0x000a0ac8 ━━━━━━━━━━━━━                   44.5% 320.00kB/719.39kB [6s] 
Writing at 0x000a7405 ━━━━━━━━━━━━━━                  46.7% 336.00kB/719.39kB [6s] 
Writing at 0x000adefe ━━━━━━━━━━━━━━╸                 48.9% 352.00kB/719.39kB [6s] 
Writing at 0x000b492c ━━━━━━━━━━━━━━━                 51.2% 368.00kB/719.39kB [6s] 
Writing at 0x000bb18e ━━━━━━━━━━━━━━━━                53.4% 384.00kB/719.39kB [6s] 
Writing at 0x000c1a3f ━━━━━━━━━━━━━━━━╸               55.6% 400.00kB/719.39kB [6s] 
Writing at 0x000c9459 ━━━━━━━━━━━━━━━━━               57.8% 416.00kB/719.39kB [6s] 
Writing at 0x000d04f3 ━━━━━━━━━━━━━━━━━━              60.1% 432.00kB/719.39kB [6s] 
Writing at 0x000d7583 ━━━━━━━━━━━━━━━━━━╸             62.3% 448.00kB/719.39kB [6s] 
Writing at 0x000dd021 ━━━━━━━━━━━━━━━━━━━             64.5% 464.00kB/719.39kB [6s] 
Writing at 0x000e2de8 ━━━━━━━━━━━━━━━━━━━━            66.7% 480.00kB/719.39kB [7s] 
Writing at 0x000e8bc5 ━━━━━━━━━━━━━━━━━━━━╸           68.9% 496.00kB/719.39kB [7s] 
Writing at 0x000ee41f ━━━━━━━━━━━━━━━━━━━━━           71.2% 512.00kB/719.39kB [7s] 
Writing at 0x000f4202 ━━━━━━━━━━━━━━━━━━━━━━          73.4% 528.00kB/719.39kB [7s] 
Writing at 0x000fadac ━━━━━━━━━━━━━━━━━━━━━━╸         75.6% 544.00kB/719.39kB [7s] 
Writing at 0x00100af2 ━━━━━━━━━━━━━━━━━━━━━━━         77.8% 560.00kB/719.39kB [7s] 
Writing at 0x0010664e ━━━━━━━━━━━━━━━━━━━━━━━━        80.1% 576.00kB/719.39kB [7s] 
Writing at 0x0010ce49 ━━━━━━━━━━━━━━━━━━━━━━━━╸       82.3% 592.00kB/719.39kB [7s] 
Writing at 0x00112e76 ━━━━━━━━━━━━━━━━━━━━━━━━━       84.5% 608.00kB/719.39kB [7s] 
Writing at 0x00118f2e ━━━━━━━━━━━━━━━━━━━━━━━━━━      86.7% 624.00kB/719.39kB [7s] 
Writing at 0x0011f42a ━━━━━━━━━━━━━━━━━━━━━━━━━━╸     89.0% 640.00kB/719.39kB [7s] 
Writing at 0x00125712 ━━━━━━━━━━━━━━━━━━━━━━━━━━━     91.2% 656.00kB/719.39kB [8s] 
Writing at 0x0012bb3c ━━━━━━━━━━━━━━━━━━━━━━━━━━━━    93.4% 672.00kB/719.39kB [8s] 
Writing at 0x00131345 ━━━━━━━━━━━━━━━━━━━━━━━━━━━━╸   95.6% 688.00kB/719.39kB [8s] 
Writing at 0x00137f26 ━━━━━━━━━━━━━━━━━━━━━━━━━━━━━   97.9% 704.00kB/719.39kB [8s] 
Writing at 0x0013f7d0 ━━━━━━━━━━━━━━━━━━━━━━━━━━━━━━ 100.0% 719.39kB/719.39kB [8s] 
Wrote 1243088 bytes (736655 compressed) at 0x00010000 in 8.6 seconds (1158.9 kbit/s).
Verifying written data...
Hash of data verified.

Hard resetting via RTS pin...
