[2026-09-25T17:10:36.428Z] !! capture open /dev/serial/by-id/usb-Espressif_USB_JTAG_serial_debug_unit_94:A9:90:6A:EE:C4-if00 @ 115200 backend=pyserial dtr=1 rts=0
[2026-09-25T17:10:36.429Z] I (100) esp_image: segment 2: paddr=0001f29c vaddr=40380000 size8) map
[2026-09-25T17:10:36.463Z] I (145) esp_image: segment 4: paddr=000522ec vaddr=40380d7c size=0af5ch ( 44892) load
[2026-09-25T17:10:36.472Z] I (154) esp_image: segment 5: paddr=0005d250 vaddr=50000000 size=0001ch (    28) load
[2026-09-25T17:10:36.475Z] I (155) esp_image: segment 6: paddr=0005d274 vaddr=50000024 size=00024h (    36) load
[2026-09-25T17:10:36.480Z] I (162) boot: Loaded app from partition at offset 0x10000
[2026-09-25T17:10:36.485Z] I (163) boot: Disabling RNG early entropy source...
[2026-09-25T17:10:36.496Z] I (179) cpu_start: Unicore app
[2026-09-25T17:10:36.505Z] I (188) cpu_start: GPIO 20 and 21 are used as console UART I/O pins
[2026-09-25T17:10:36.505Z] I (188) cpu_start: Pro cpu start user code
[2026-09-25T17:10:36.507Z] I (188) cpu_start: cpu freq: 160000000 Hz
[2026-09-25T17:10:36.511Z] I (190) app_init: Application information:
[2026-09-25T17:10:36.516Z] I (194) app_init: Project name:     routeloom_bridge_node
[2026-09-25T17:10:36.519Z] I (199) app_init: App version:      1
[2026-09-25T17:10:36.524Z] I (202) app_init: Compile time:     Sep 25 2026 16:40:30
[2026-09-25T17:10:36.528Z] I (207) app_init: ELF file SHA256:  73fbb4d9c...
[2026-09-25T17:10:36.532Z] I (212) app_init: ESP-IDF:          v6.0.3
[2026-09-25T17:10:36.536Z] I (215) efuse_init: Min chip rev:     v0.3
[2026-09-25T17:10:36.540Z] I (219) efuse_init: Max chip rev:     v1.99 
[2026-09-25T17:10:36.544Z] I (223) efuse_init: Chip rev:         v0.4
[2026-09-25T17:10:36.550Z] I (227) heap_init: Initializing. RAM available for dynamic allocation:
[2026-09-25T17:10:36.555Z] I (233) heap_init: At 3FC94590 len 0002BA70 (174 KiB): RAM
[2026-09-25T17:10:36.561Z] I (239) heap_init: At 3FCC0000 len 0001C710 (113 KiB): Retention RAM
[2026-09-25T17:10:36.567Z] I (245) heap_init: At 3FCDC710 len 00002950 (10 KiB): Retention RAM
[2026-09-25T17:10:36.573Z] I (251) heap_init: At 50000048 len 00001FA0 (7 KiB): RTCRAM
[2026-09-25T17:10:36.576Z] I (257) spi_flash: detected chip: generic
[2026-09-25T17:10:36.579Z] I (260) spi_flash: flash io: dio
[2026-09-25T17:10:36.591Z] W (263) spi_flash: Detected size(4096k) larger than the size in the binary image header(2048k). Using the size in the binary image header.
[2026-09-25T17:10:36.598Z] I (275) sleep_gpio: Configure to isolate all GPIO pins in sleep state
[2026-09-25T17:10:36.604Z] I (281) sleep_gpio: Enable automatic switching of GPIO sleep configuration
[2026-09-25T17:10:36.660Z] routeloom-maintenance v1 ready
[2026-09-25T17:10:42.473Z] !! capture closed
