$ /home/sahur/.local/bin/esptool --chip esp32c3 --port /dev/serial/by-id/usb-Espressif_USB_JTAG_serial_debug_unit_94:A9:90:6A:EE:C4-if00 --baud 460800 --before default-reset --after hard-reset write-flash --flash-mode dio --flash-size 2MB --flash-freq 80m 0x0 artifacts/hil/2026-09-26/images/bridge-console/build/bootloader/bootloader.bin 0x8000 artifacts/hil/2026-09-26/images/bridge-console/build/partition_table/partition-table.bin 0x10000 artifacts/hil/2026-09-26/images/bridge-console/build/routeloom_bridge_node.bin
esptool v5.4.0
Serial port /dev/serial/by-id/usb-Espressif_USB_JTAG_serial_debug_unit_94:A9:90:6A:EE:C4-if00:
Connecting...
Connected to ESP32-C3 on /dev/serial/by-id/usb-Espressif_USB_JTAG_serial_debug_unit_94:A9:90:6A:EE:C4-if00:
Chip type:          ESP32-C3 (QFN32) (revision v0.4)
Features:           Wi-Fi, BT 5 (LE), Single Core, 160MHz, Embedded Flash 4MB (XMC)
Crystal frequency:  40MHz
USB mode:           USB-Serial/JTAG
MAC:                94:a9:90:6a:ee:c4

Uploading stub flasher...
Running stub flasher...
Stub flasher running.
Changing baud rate to 460800...
Changed.

Configuring flash size...

Writing 'artifacts/hil/2026-09-26/images/bridge-console/build/bootloader/bootloader.bin' at 0x00000000...
SHA digest in image updated.
Flash will be erased from 0x00000000 to 0x00005fff...
Compressed 21280 bytes to 13472...
Writing at 0x00005320 ━━━━━━━━━━━━━━━━━━━━━━━━━━━━━━ 100.0% 13.16kB/13.16kB [0s] 
Wrote 21280 bytes (13472 compressed) at 0x00000000 in 0.3 seconds (673.1 kbit/s).
Verifying written data...
Hash of data verified.

Writing 'artifacts/hil/2026-09-26/images/bridge-console/build/partition_table/partition-table.bin' at 0x00008000...
Flash will be erased from 0x00008000 to 0x00008fff...
Compressed 3072 bytes to 120...
Writing at 0x00008c00 ━━━━━━━━━━━━━━━━━━━━━━━━━━━━━━ 100.0% 120B/120B [0s] 
Wrote 3072 bytes (120 compressed) at 0x00008000 in 0.0 seconds (4141.2 kbit/s).
Verifying written data...
Hash of data verified.

Writing 'artifacts/hil/2026-09-26/images/bridge-console/build/routeloom_bridge_node.bin' at 0x00010000...
Flash will be erased from 0x00010000 to 0x0005dfff...
Compressed 316096 bytes to 178086...
Writing at 0x0001add6 ━━╸                              9.2% 16.00kB/173.91kB [0s] 
Writing at 0x00022ca9 ━━━━━╸                          18.4% 32.00kB/173.91kB [0s] 
Writing at 0x00029a1b ━━━━━━━━                        27.6% 48.00kB/173.91kB [0s] 
Writing at 0x0003082a ━━━━━━━━━━━                     36.8% 64.00kB/173.91kB [1s] 
Writing at 0x00037244 ━━━━━━━━━━━━━╸                  46.0% 80.00kB/173.91kB [1s] 
Writing at 0x0003e099 ━━━━━━━━━━━━━━━━╸               55.2% 96.00kB/173.91kB [1s] 
Writing at 0x0004400a ━━━━━━━━━━━━━━━━━━━             64.4% 112.00kB/173.91kB [1s] 
Writing at 0x0004a31a ━━━━━━━━━━━━━━━━━━━━━━          73.6% 128.00kB/173.91kB [1s] 
Writing at 0x0004fee0 ━━━━━━━━━━━━━━━━━━━━━━━━╸       82.8% 144.00kB/173.91kB [1s] 
Writing at 0x00056a92 ━━━━━━━━━━━━━━━━━━━━━━━━━━━╸    92.0% 160.00kB/173.91kB [1s] 
Writing at 0x0005d2c0 ━━━━━━━━━━━━━━━━━━━━━━━━━━━━━━ 100.0% 173.91kB/173.91kB [2s] 
Wrote 316096 bytes (178086 compressed) at 0x00010000 in 2.2 seconds (1143.7 kbit/s).
Verifying written data...
Hash of data verified.

Hard resetting via RTS pin...
