$ /home/sahur/.local/bin/esptool --chip esp32c3 --port /dev/serial/by-id/usb-Espressif_USB_JTAG_serial_debug_unit_94:A9:90:6A:EE:C4-if00 --baud 460800 --before default-reset --after hard-reset write-flash --flash-mode dio --flash-size 2MB --flash-freq 80m 0x0 artifacts/hil/2026-09-26/images/bridge-member-chunkpaced-host/build/bootloader/bootloader.bin 0x8000 artifacts/hil/2026-09-26/images/bridge-member-chunkpaced-host/build/partition_table/partition-table.bin 0x10000 artifacts/hil/2026-09-26/images/bridge-member-chunkpaced-host/build/routeloom_bridge_node.bin
esptool v5.4.0
Serial port /dev/serial/by-id/usb-Espressif_USB_JTAG_serial_debug_unit_94:A9:90:6A:EE:C4-if00:
Connecting...
Connected to ESP32-C3 on /dev/serial/by-id/usb-Espressif_USB_JTAG_serial_debug_unit_94:A9:90:6A:EE:C4-if00:
Chip type:          ESP32-C3 (QFN32) (revision v0.4)
Features:           Wi-Fi, BT 5 (LE), Single Core, 160MHz, Embedded Flash 4MB (XMC)
Crystal frequency:  40MHz
USB mode:           USB-Serial/JTAG
MAC:                94:a9:90:6a:ee:c4

Uploading stub flasher...
Running stub flasher...
Stub flasher running.
Changing baud rate to 460800...
Changed.

Configuring flash size...

Writing 'artifacts/hil/2026-09-26/images/bridge-member-chunkpaced-host/build/bootloader/bootloader.bin' at 0x00000000...
SHA digest in image updated.
Flash will be erased from 0x00000000 to 0x00005fff...
Compressed 21280 bytes to 13471...
Writing at 0x00005320 ━━━━━━━━━━━━━━━━━━━━━━━━━━━━━━ 100.0% 13.16kB/13.16kB [0s] 
Wrote 21280 bytes (13471 compressed) at 0x00000000 in 0.3 seconds (669.4 kbit/s).
Verifying written data...
Hash of data verified.

Writing 'artifacts/hil/2026-09-26/images/bridge-member-chunkpaced-host/build/partition_table/partition-table.bin' at 0x00008000...
Flash will be erased from 0x00008000 to 0x00008fff...
Compressed 3072 bytes to 120...
Writing at 0x00008c00 ━━━━━━━━━━━━━━━━━━━━━━━━━━━━━━ 100.0% 120B/120B [0s] 
Wrote 3072 bytes (120 compressed) at 0x00008000 in 0.0 seconds (4183.1 kbit/s).
Verifying written data...
Hash of data verified.

Writing 'artifacts/hil/2026-09-26/images/bridge-member-chunkpaced-host/build/routeloom_bridge_node.bin' at 0x00010000...
Flash will be erased from 0x00010000 to 0x00175fff...
Compressed 1463280 bytes to 862570...
Writing at 0x0001c510 ╸                                1.9% 16.00kB/842.35kB [0s] 
Writing at 0x00028485 ━                                3.8% 32.00kB/842.35kB [0s] 
Writing at 0x0002f832 ━╸                               5.7% 48.00kB/842.35kB [1s] 
Writing at 0x00039c39 ━━                               7.6% 64.00kB/842.35kB [1s] 
Writing at 0x0004003a ━━╸                              9.5% 80.00kB/842.35kB [2s] 
Writing at 0x00046d9c ━━━                             11.4% 96.00kB/842.35kB [3s] 
Writing at 0x0004dfba ━━━╸                            13.3% 112.00kB/842.35kB [3s] 
Writing at 0x00054969 ━━━━╸                           15.2% 128.00kB/842.35kB [4s] 
Writing at 0x0005b616 ━━━━━                           17.1% 144.00kB/842.35kB [4s] 
Writing at 0x00061f32 ━━━━━╸                          19.0% 160.00kB/842.35kB [5s] 
Writing at 0x000686c8 ━━━━━━                          20.9% 176.00kB/842.35kB [5s] 
Writing at 0x0006f6ef ━━━━━━╸                         22.8% 192.00kB/842.35kB [6s] 
Writing at 0x00075d0a ━━━━━━━                         24.7% 208.00kB/842.35kB [6s] 
Writing at 0x0007ca9c ━━━━━━━╸                        26.6% 224.00kB/842.35kB [6s] 
Writing at 0x00083242 ━━━━━━━━╸                       28.5% 240.00kB/842.35kB [6s] 
Writing at 0x00089ae4 ━━━━━━━━━                       30.4% 256.00kB/842.35kB [6s] 
Writing at 0x0009013c ━━━━━━━━━╸                      32.3% 272.00kB/842.35kB [6s] 
Writing at 0x00096960 ━━━━━━━━━━                      34.2% 288.00kB/842.35kB [6s] 
Writing at 0x0009d33e ━━━━━━━━━━╸                     36.1% 304.00kB/842.35kB [6s] 
Writing at 0x000a3c7e ━━━━━━━━━━━                     38.0% 320.00kB/842.35kB [6s] 
Writing at 0x000aa344 ━━━━━━━━━━━╸                    39.9% 336.00kB/842.35kB [7s] 
Writing at 0x000b101a ━━━━━━━━━━━━╸                   41.8% 352.00kB/842.35kB [7s] 
Writing at 0x000b76af ━━━━━━━━━━━━━                   43.7% 368.00kB/842.35kB [7s] 
Writing at 0x000be49c ━━━━━━━━━━━━━╸                  45.6% 384.00kB/842.35kB [7s] 
Writing at 0x000c4d4a ━━━━━━━━━━━━━━                  47.5% 400.00kB/842.35kB [7s] 
Writing at 0x000cb3ec ━━━━━━━━━━━━━━╸                 49.4% 416.00kB/842.35kB [7s] 
Writing at 0x000d23f9 ━━━━━━━━━━━━━━━                 51.3% 432.00kB/842.35kB [7s] 
Writing at 0x000d9b74 ━━━━━━━━━━━━━━━╸                53.2% 448.00kB/842.35kB [7s] 
Writing at 0x000e08be ━━━━━━━━━━━━━━━━╸               55.1% 464.00kB/842.35kB [7s] 
Writing at 0x000e77c3 ━━━━━━━━━━━━━━━━━               57.0% 480.00kB/842.35kB [7s] 
Writing at 0x000ed521 ━━━━━━━━━━━━━━━━━╸              58.9% 496.00kB/842.35kB [7s] 
Writing at 0x000f31a0 ━━━━━━━━━━━━━━━━━━              60.8% 512.00kB/842.35kB [8s] 
Writing at 0x000f8d90 ━━━━━━━━━━━━━━━━━━╸             62.7% 528.00kB/842.35kB [8s] 
Writing at 0x000fe830 ━━━━━━━━━━━━━━━━━━━             64.6% 544.00kB/842.35kB [8s] 
Writing at 0x001046fa ━━━━━━━━━━━━━━━━━━━╸            66.5% 560.00kB/842.35kB [8s] 
Writing at 0x0010b0cc ━━━━━━━━━━━━━━━━━━━━╸           68.4% 576.00kB/842.35kB [8s] 
Writing at 0x00110df3 ━━━━━━━━━━━━━━━━━━━━━           70.3% 592.00kB/842.35kB [8s] 
Writing at 0x00116b2c ━━━━━━━━━━━━━━━━━━━━━╸          72.2% 608.00kB/842.35kB [8s] 
Writing at 0x0011ce64 ━━━━━━━━━━━━━━━━━━━━━━          74.1% 624.00kB/842.35kB [8s] 
Writing at 0x001233da ━━━━━━━━━━━━━━━━━━━━━━╸         76.0% 640.00kB/842.35kB [8s] 
Writing at 0x00129564 ━━━━━━━━━━━━━━━━━━━━━━━         77.9% 656.00kB/842.35kB [8s] 
Writing at 0x0012f374 ━━━━━━━━━━━━━━━━━━━━━━━╸        79.8% 672.00kB/842.35kB [9s] 
Writing at 0x00135b31 ━━━━━━━━━━━━━━━━━━━━━━━━╸       81.7% 688.00kB/842.35kB [9s] 
Writing at 0x0013c8d9 ━━━━━━━━━━━━━━━━━━━━━━━━━       83.6% 704.00kB/842.35kB [9s] 
Writing at 0x001436ba ━━━━━━━━━━━━━━━━━━━━━━━━━╸      85.5% 720.00kB/842.35kB [9s] 
Writing at 0x0014a0e0 ━━━━━━━━━━━━━━━━━━━━━━━━━━      87.4% 736.00kB/842.35kB [9s] 
Writing at 0x0015046a ━━━━━━━━━━━━━━━━━━━━━━━━━━╸     89.3% 752.00kB/842.35kB [9s] 
Writing at 0x001566d8 ━━━━━━━━━━━━━━━━━━━━━━━━━━━     91.2% 768.00kB/842.35kB [9s] 
Writing at 0x0015c8f6 ━━━━━━━━━━━━━━━━━━━━━━━━━━━╸    93.1% 784.00kB/842.35kB [9s] 
Writing at 0x00161eea ━━━━━━━━━━━━━━━━━━━━━━━━━━━━    95.0% 800.00kB/842.35kB [9s] 
Writing at 0x00167e3a ━━━━━━━━━━━━━━━━━━━━━━━━━━━━━   96.9% 816.00kB/842.35kB [9s] 
Writing at 0x0016eea1 ━━━━━━━━━━━━━━━━━━━━━━━━━━━━━╸  98.8% 832.00kB/842.35kB [9s] 
Writing at 0x001753f0 ━━━━━━━━━━━━━━━━━━━━━━━━━━━━━━ 100.0% 842.35kB/842.35kB [10s] 
Wrote 1463280 bytes (862570 compressed) at 0x00010000 in 10.2 seconds (1149.6 kbit/s).
Verifying written data...
Hash of data verified.

Hard resetting via RTS pin...
