$ /home/sahur/.local/bin/esptool --chip esp32c6 --port /dev/serial/by-id/usb-Espressif_USB_JTAG_serial_debug_unit_10:BD:A3:B1:48:A8-if00 --baud 460800 --before default-reset --after hard-reset write-flash --flash-mode dio --flash-size 2MB --flash-freq 80m 0x0 artifacts/hil/2026-09-26/images/full-r1-member-timing-node5/build/bootloader/bootloader.bin 0x8000 artifacts/hil/2026-09-26/images/full-r1-member-timing-node5/build/partition_table/partition-table.bin 0x10000 artifacts/hil/2026-09-26/images/full-r1-member-timing-node5/build/routeloom_reference_node.bin
esptool v5.4.0
Serial port /dev/serial/by-id/usb-Espressif_USB_JTAG_serial_debug_unit_10:BD:A3:B1:48:A8-if00:
Connecting...
Connected to ESP32-C6 on /dev/serial/by-id/usb-Espressif_USB_JTAG_serial_debug_unit_10:BD:A3:B1:48:A8-if00:
Chip type:          ESP32-C6FH4 (QFN32) (revision v0.2)
Features:           Wi-Fi 6, BT 5 (LE), IEEE802.15.4, Single Core + LP Core, 160MHz, Embedded Flash 4MB
Crystal frequency:  40MHz
USB mode:           USB-Serial/JTAG
MAC:                10:bd:a3:ff:fe:b1:48:a8
BASE MAC:           10:bd:a3:b1:48:a8
MAC_EXT:            ff:fe

Uploading stub flasher...
Running stub flasher...
Stub flasher running.
Changing baud rate to 460800...
Changed.

Configuring flash size...

Writing 'artifacts/hil/2026-09-26/images/full-r1-member-timing-node5/build/bootloader/bootloader.bin' at 0x00000000...
SHA digest in image updated.
Flash will be erased from 0x00000000 to 0x00005fff...
Compressed 22400 bytes to 14061...
Writing at 0x00005780 ━━━━━━━━━━━━━━━━━━━━━━━━━━━━━━ 100.0% 13.73kB/13.73kB [0s] 
Wrote 22400 bytes (14061 compressed) at 0x00000000 in 0.2 seconds (1014.8 kbit/s).
Verifying written data...
Hash of data verified.

Writing 'artifacts/hil/2026-09-26/images/full-r1-member-timing-node5/build/partition_table/partition-table.bin' at 0x00008000...
Flash will be erased from 0x00008000 to 0x00008fff...
Compressed 3072 bytes to 118...
Writing at 0x00008c00 ━━━━━━━━━━━━━━━━━━━━━━━━━━━━━━ 100.0% 118B/118B [0s] 
Wrote 3072 bytes (118 compressed) at 0x00008000 in 0.0 seconds (5147.0 kbit/s).
Verifying written data...
Hash of data verified.

Writing 'artifacts/hil/2026-09-26/images/full-r1-member-timing-node5/build/routeloom_reference_node.bin' at 0x00010000...
Flash will be erased from 0x00010000 to 0x0016bfff...
Compressed 1424480 bytes to 844887...
Writing at 0x0001c41c ╸                                1.9% 16.00kB/825.08kB [0s] 
Writing at 0x00027e14 ━                                3.9% 32.00kB/825.08kB [0s] 
Writing at 0x0002ec43 ━╸                               5.8% 48.00kB/825.08kB [0s] 
Writing at 0x00037d7f ━━                               7.8% 64.00kB/825.08kB [0s] 
Writing at 0x0003ecc2 ━━╸                              9.7% 80.00kB/825.08kB [0s] 
Writing at 0x00045f5f ━━━                             11.6% 96.00kB/825.08kB [1s] 
Writing at 0x0004ce05 ━━━━                            13.6% 112.00kB/825.08kB [1s] 
Writing at 0x000536fe ━━━━╸                           15.5% 128.00kB/825.08kB [1s] 
Writing at 0x0005aa41 ━━━━━                           17.5% 144.00kB/825.08kB [1s] 
Writing at 0x00061456 ━━━━━╸                          19.4% 160.00kB/825.08kB [2s] 
Writing at 0x0006817a ━━━━━━                          21.3% 176.00kB/825.08kB [2s] 
Writing at 0x0006e842 ━━━━━━╸                         23.3% 192.00kB/825.08kB [2s] 
Writing at 0x000752e3 ━━━━━━━╸                        25.2% 208.00kB/825.08kB [2s] 
Writing at 0x0007b9d2 ━━━━━━━━                        27.1% 224.00kB/825.08kB [2s] 
Writing at 0x000823a3 ━━━━━━━━╸                       29.1% 240.00kB/825.08kB [2s] 
Writing at 0x0008899b ━━━━━━━━━                       31.0% 256.00kB/825.08kB [2s] 
Writing at 0x0008f54e ━━━━━━━━━╸                      33.0% 272.00kB/825.08kB [2s] 
Writing at 0x00095c98 ━━━━━━━━━━                      34.9% 288.00kB/825.08kB [2s] 
Writing at 0x0009c92d ━━━━━━━━━━━                     36.8% 304.00kB/825.08kB [2s] 
Writing at 0x000a3276 ━━━━━━━━━━━╸                    38.8% 320.00kB/825.08kB [2s] 
Writing at 0x000a997d ━━━━━━━━━━━━                    40.7% 336.00kB/825.08kB [3s] 
Writing at 0x000b0c9d ━━━━━━━━━━━━╸                   42.7% 352.00kB/825.08kB [3s] 
Writing at 0x000b7ccd ━━━━━━━━━━━━━                   44.6% 368.00kB/825.08kB [3s] 
Writing at 0x000be418 ━━━━━━━━━━━━━╸                  46.5% 384.00kB/825.08kB [3s] 
Writing at 0x000c4c06 ━━━━━━━━━━━━━━╸                 48.5% 400.00kB/825.08kB [3s] 
Writing at 0x000cc49a ━━━━━━━━━━━━━━━                 50.4% 416.00kB/825.08kB [3s] 
Writing at 0x000d38fb ━━━━━━━━━━━━━━━╸                52.4% 432.00kB/825.08kB [3s] 
Writing at 0x000da8cf ━━━━━━━━━━━━━━━━                54.3% 448.00kB/825.08kB [3s] 
Writing at 0x000e05bf ━━━━━━━━━━━━━━━━╸               56.2% 464.00kB/825.08kB [3s] 
Writing at 0x000e648c ━━━━━━━━━━━━━━━━━               58.2% 480.00kB/825.08kB [3s] 
Writing at 0x000ec200 ━━━━━━━━━━━━━━━━━━              60.1% 496.00kB/825.08kB [3s] 
Writing at 0x000f1b38 ━━━━━━━━━━━━━━━━━━╸             62.1% 512.00kB/825.08kB [3s] 
Writing at 0x000f7ba8 ━━━━━━━━━━━━━━━━━━━             64.0% 528.00kB/825.08kB [3s] 
Writing at 0x000fe801 ━━━━━━━━━━━━━━━━━━━╸            65.9% 544.00kB/825.08kB [3s] 
Writing at 0x00104622 ━━━━━━━━━━━━━━━━━━━━            67.9% 560.00kB/825.08kB [3s] 
Writing at 0x0010a297 ━━━━━━━━━━━━━━━━━━━━╸           69.8% 576.00kB/825.08kB [3s] 
Writing at 0x001100f0 ━━━━━━━━━━━━━━━━━━━━━╸          71.8% 592.00kB/825.08kB [3s] 
Writing at 0x001161f4 ━━━━━━━━━━━━━━━━━━━━━━          73.7% 608.00kB/825.08kB [4s] 
Writing at 0x0011c865 ━━━━━━━━━━━━━━━━━━━━━━╸         75.6% 624.00kB/825.08kB [4s] 
Writing at 0x001227b8 ━━━━━━━━━━━━━━━━━━━━━━━         77.6% 640.00kB/825.08kB [4s] 
Writing at 0x001284f0 ━━━━━━━━━━━━━━━━━━━━━━━╸        79.5% 656.00kB/825.08kB [4s] 
Writing at 0x0012e529 ━━━━━━━━━━━━━━━━━━━━━━━━        81.4% 672.00kB/825.08kB [4s] 
Writing at 0x001348b9 ━━━━━━━━━━━━━━━━━━━━━━━━━       83.4% 688.00kB/825.08kB [4s] 
Writing at 0x0013ad1c ━━━━━━━━━━━━━━━━━━━━━━━━━╸      85.3% 704.00kB/825.08kB [4s] 
Writing at 0x00141065 ━━━━━━━━━━━━━━━━━━━━━━━━━━      87.3% 720.00kB/825.08kB [4s] 
Writing at 0x001471ec ━━━━━━━━━━━━━━━━━━━━━━━━━━╸     89.2% 736.00kB/825.08kB [4s] 
Writing at 0x0014d466 ━━━━━━━━━━━━━━━━━━━━━━━━━━━     91.1% 752.00kB/825.08kB [4s] 
Writing at 0x00154234 ━━━━━━━━━━━━━━━━━━━━━━━━━━━╸    93.1% 768.00kB/825.08kB [4s] 
Writing at 0x0015acaf ━━━━━━━━━━━━━━━━━━━━━━━━━━━━╸   95.0% 784.00kB/825.08kB [4s] 
Writing at 0x001604f6 ━━━━━━━━━━━━━━━━━━━━━━━━━━━━━   97.0% 800.00kB/825.08kB [4s] 
Writing at 0x00166211 ━━━━━━━━━━━━━━━━━━━━━━━━━━━━━╸  98.9% 816.00kB/825.08kB [4s] 
Writing at 0x0016bc60 ━━━━━━━━━━━━━━━━━━━━━━━━━━━━━━ 100.0% 825.08kB/825.08kB [4s] 
Wrote 1424480 bytes (844887 compressed) at 0x00010000 in 4.9 seconds (2338.1 kbit/s).
Verifying written data...
Hash of data verified.

Hard resetting via RTS pin...
