$ /home/sahur/.local/bin/esptool --chip esp32c3 --port /dev/serial/by-id/usb-Espressif_USB_JTAG_serial_debug_unit_94:A9:90:7A:26:AC-if00 --baud 460800 --before default-reset --after hard-reset write-flash --flash-mode dio --flash-size 2MB --flash-freq 80m 0x10000 artifacts/hil/2026-09-26/images/full-r14-member-node3/build/routeloom_reference_node.bin
esptool v5.4.0
Serial port /dev/serial/by-id/usb-Espressif_USB_JTAG_serial_debug_unit_94:A9:90:7A:26:AC-if00:
Connecting...
Connected to ESP32-C3 on /dev/serial/by-id/usb-Espressif_USB_JTAG_serial_debug_unit_94:A9:90:7A:26:AC-if00:
Chip type:          ESP32-C3 (QFN32) (revision v0.4)
Features:           Wi-Fi, BT 5 (LE), Single Core, 160MHz, Embedded Flash 4MB (XMC)
Crystal frequency:  40MHz
USB mode:           USB-Serial/JTAG
MAC:                94:a9:90:7a:26:ac

Uploading stub flasher...
Running stub flasher...
Stub flasher running.
Changing baud rate to 460800...
Changed.

Configuring flash size...
Flash will be erased from 0x00010000 to 0x0013ffff...
Compressed 1243088 bytes to 736614...
Writing at 0x0001c512 ╸                                2.2% 16.00kB/719.35kB [0s] 
Writing at 0x00027762 ━                                4.4% 32.00kB/719.35kB [0s] 
Writing at 0x0002e568 ━━                               6.7% 48.00kB/719.35kB [1s] 
Writing at 0x00036d46 ━━╸                              8.9% 64.00kB/719.35kB [1s] 
Writing at 0x0003d880 ━━━                             11.1% 80.00kB/719.35kB [2s] 
Writing at 0x00043cbd ━━━━                            13.3% 96.00kB/719.35kB [2s] 
Writing at 0x0004aef4 ━━━━╸                           15.6% 112.00kB/719.35kB [3s] 
Writing at 0x00051b20 ━━━━━                           17.8% 128.00kB/719.35kB [4s] 
Writing at 0x0005830a ━━━━━━                          20.0% 144.00kB/719.35kB [4s] 
Writing at 0x0005efb6 ━━━━━━╸                         22.2% 160.00kB/719.35kB [5s] 
Writing at 0x000657ee ━━━━━━━                         24.5% 176.00kB/719.35kB [5s] 
Writing at 0x0006c48c ━━━━━━━━                        26.7% 192.00kB/719.35kB [5s] 
Writing at 0x00072c4a ━━━━━━━━╸                       28.9% 208.00kB/719.35kB [5s] 
Writing at 0x00079a7d ━━━━━━━━━                       31.1% 224.00kB/719.35kB [5s] 
Writing at 0x0008008c ━━━━━━━━━━                      33.4% 240.00kB/719.35kB [5s] 
Writing at 0x00086a24 ━━━━━━━━━━╸                     35.6% 256.00kB/719.35kB [5s] 
Writing at 0x0008d0e8 ━━━━━━━━━━━                     37.8% 272.00kB/719.35kB [5s] 
Writing at 0x00093b95 ━━━━━━━━━━━━                    40.0% 288.00kB/719.35kB [5s] 
Writing at 0x0009a20d ━━━━━━━━━━━━╸                   42.3% 304.00kB/719.35kB [6s] 
Writing at 0x000a0ae3 ━━━━━━━━━━━━━                   44.5% 320.00kB/719.35kB [6s] 
Writing at 0x000a7412 ━━━━━━━━━━━━━━                  46.7% 336.00kB/719.35kB [6s] 
Writing at 0x000adf17 ━━━━━━━━━━━━━━╸                 48.9% 352.00kB/719.35kB [6s] 
Writing at 0x000b494f ━━━━━━━━━━━━━━━                 51.2% 368.00kB/719.35kB [6s] 
Writing at 0x000bb1bd ━━━━━━━━━━━━━━━━                53.4% 384.00kB/719.35kB [6s] 
Writing at 0x000c1a5f ━━━━━━━━━━━━━━━━╸               55.6% 400.00kB/719.35kB [6s] 
Writing at 0x000c9466 ━━━━━━━━━━━━━━━━━               57.8% 416.00kB/719.35kB [6s] 
Writing at 0x000d050b ━━━━━━━━━━━━━━━━━━              60.1% 432.00kB/719.35kB [6s] 
Writing at 0x000d75ab ━━━━━━━━━━━━━━━━━━╸             62.3% 448.00kB/719.35kB [6s] 
Writing at 0x000dd057 ━━━━━━━━━━━━━━━━━━━             64.5% 464.00kB/719.35kB [6s] 
Writing at 0x000e2e1a ━━━━━━━━━━━━━━━━━━━━            66.7% 480.00kB/719.35kB [7s] 
Writing at 0x000e8c03 ━━━━━━━━━━━━━━━━━━━━╸           69.0% 496.00kB/719.35kB [7s] 
Writing at 0x000ee45d ━━━━━━━━━━━━━━━━━━━━━           71.2% 512.00kB/719.35kB [7s] 
Writing at 0x000f4229 ━━━━━━━━━━━━━━━━━━━━━━          73.4% 528.00kB/719.35kB [7s] 
Writing at 0x000fadf4 ━━━━━━━━━━━━━━━━━━━━━━╸         75.6% 544.00kB/719.35kB [7s] 
Writing at 0x00100b38 ━━━━━━━━━━━━━━━━━━━━━━━         77.8% 560.00kB/719.35kB [7s] 
Writing at 0x001066a0 ━━━━━━━━━━━━━━━━━━━━━━━━        80.1% 576.00kB/719.35kB [7s] 
Writing at 0x0010ce84 ━━━━━━━━━━━━━━━━━━━━━━━━╸       82.3% 592.00kB/719.35kB [7s] 
Writing at 0x00112ecc ━━━━━━━━━━━━━━━━━━━━━━━━━       84.5% 608.00kB/719.35kB [7s] 
Writing at 0x00118f6b ━━━━━━━━━━━━━━━━━━━━━━━━━━      86.7% 624.00kB/719.35kB [7s] 
Writing at 0x0011f473 ━━━━━━━━━━━━━━━━━━━━━━━━━━╸     89.0% 640.00kB/719.35kB [8s] 
Writing at 0x00125756 ━━━━━━━━━━━━━━━━━━━━━━━━━━━     91.2% 656.00kB/719.35kB [8s] 
Writing at 0x0012bb83 ━━━━━━━━━━━━━━━━━━━━━━━━━━━━    93.4% 672.00kB/719.35kB [8s] 
Writing at 0x00131379 ━━━━━━━━━━━━━━━━━━━━━━━━━━━━╸   95.6% 688.00kB/719.35kB [8s] 
Writing at 0x00137f60 ━━━━━━━━━━━━━━━━━━━━━━━━━━━━━   97.9% 704.00kB/719.35kB [8s] 
Writing at 0x0013f7d0 ━━━━━━━━━━━━━━━━━━━━━━━━━━━━━━ 100.0% 719.35kB/719.35kB [8s] 
Wrote 1243088 bytes (736614 compressed) at 0x00010000 in 8.6 seconds (1155.2 kbit/s).
Verifying written data...
Hash of data verified.

Hard resetting via RTS pin...
