/home/sahur/.local/bin/esptool --chip esp32c3 --port /dev/serial/by-id/usb-Espressif_USB_JTAG_serial_debug_unit_94:A9:90:7A:26:AC-if00 -b 460800 --after no-reset write-flash --flash-mode keep --flash-freq keep --flash-size keep 0x10000 /home/sahur/orca/workspaces/RouteLoom/v2-stab-b/artifacts/hil/images/sb-br-plan/images/ota_data_initial.bin 0x40000 /home/sahur/orca/workspaces/RouteLoom/v2-stab-b/artifacts/hil/images/sb-br-plan/images/application.bin
esptool v5.4.0
Serial port /dev/serial/by-id/usb-Espressif_USB_JTAG_serial_debug_unit_94:A9:90:7A:26:AC-if00:
Connecting...
Connected to ESP32-C3 on /dev/serial/by-id/usb-Espressif_USB_JTAG_serial_debug_unit_94:A9:90:7A:26:AC-if00:
Chip type:          ESP32-C3 (QFN32) (revision v0.4)
Features:           Wi-Fi, BT 5 (LE), Single Core, 160MHz, Embedded Flash 4MB (XMC)
Crystal frequency:  40MHz
USB mode:           USB-Serial/JTAG
MAC:                94:a9:90:7a:26:ac

Uploading stub flasher...
Running stub flasher...
Stub flasher running.
Changing baud rate to 460800...
Changed.

Configuring flash size...

Writing '/home/sahur/orca/workspaces/RouteLoom/v2-stab-b/artifacts/hil/images/sb-br-plan/images/ota_data_initial.bin' at 0x00010000...
Flash will be erased from 0x00010000 to 0x00011fff...
Compressed 8192 bytes to 31...
Writing at 0x00012000 ━━━━━━━━━━━━━━━━━━━━━━━━━━━━━━ 100.0% 31B/31B [0s] 
Wrote 8192 bytes (31 compressed) at 0x00010000 in 0.0 seconds (1327.6 kbit/s).
Verifying written data...
Hash of data verified.

Writing '/home/sahur/orca/workspaces/RouteLoom/v2-stab-b/artifacts/hil/images/sb-br-plan/images/application.bin' at 0x00040000...
Flash will be erased from 0x00040000 to 0x00173fff...
Compressed 1260864 bytes to 807708...
Writing at 0x0004c00c ╸                                2.0% 16.00kB/788.78kB [0s] 
Writing at 0x00057e7d ━                                4.1% 32.00kB/788.78kB [0s] 
Writing at 0x0005ecaa ━╸                               6.1% 48.00kB/788.78kB [1s] 
Writing at 0x00067f1f ━━                               8.1% 64.00kB/788.78kB [1s] 
Writing at 0x0006da7c ━━━                             10.1% 80.00kB/788.78kB [2s] 
Writing at 0x000739d6 ━━━╸                            12.2% 96.00kB/788.78kB [2s] 
Writing at 0x00079c40 ━━━━                            14.2% 112.00kB/788.78kB [3s] 
Writing at 0x0007f7ea ━━━━╸                           16.2% 128.00kB/788.78kB [3s] 
Writing at 0x0008564e ━━━━━                           18.3% 144.00kB/788.78kB [4s] 
Writing at 0x0008b858 ━━━━━━                          20.3% 160.00kB/788.78kB [4s] 
Writing at 0x0009146c ━━━━━━╸                         22.3% 176.00kB/788.78kB [5s] 
Writing at 0x00096fd7 ━━━━━━━                         24.3% 192.00kB/788.78kB [5s] 
Writing at 0x0009d046 ━━━━━━━╸                        26.4% 208.00kB/788.78kB [5s] 
Writing at 0x000a2a3c ━━━━━━━━╸                       28.4% 224.00kB/788.78kB [5s] 
Writing at 0x000a8727 ━━━━━━━━━                       30.4% 240.00kB/788.78kB [5s] 
Writing at 0x000aded9 ━━━━━━━━━╸                      32.5% 256.00kB/788.78kB [5s] 
Writing at 0x000b3679 ━━━━━━━━━━                      34.5% 272.00kB/788.78kB [5s] 
Writing at 0x000b9434 ━━━━━━━━━━╸                     36.5% 288.00kB/788.78kB [5s] 
Writing at 0x000bf032 ━━━━━━━━━━━╸                    38.5% 304.00kB/788.78kB [5s] 
Writing at 0x000c504f ━━━━━━━━━━━━                    40.6% 320.00kB/788.78kB [5s] 
Writing at 0x000cace6 ━━━━━━━━━━━━╸                   42.6% 336.00kB/788.78kB [6s] 
Writing at 0x000d06c8 ━━━━━━━━━━━━━                   44.6% 352.00kB/788.78kB [6s] 
Writing at 0x000d6140 ━━━━━━━━━━━━━╸                  46.7% 368.00kB/788.78kB [6s] 
Writing at 0x000dc468 ━━━━━━━━━━━━━━╸                 48.7% 384.00kB/788.78kB [6s] 
Writing at 0x000e2279 ━━━━━━━━━━━━━━━                 50.7% 400.00kB/788.78kB [6s] 
Writing at 0x000e7f7f ━━━━━━━━━━━━━━━╸                52.7% 416.00kB/788.78kB [6s] 
Writing at 0x000eec5d ━━━━━━━━━━━━━━━━                54.8% 432.00kB/788.78kB [6s] 
Writing at 0x000f48a8 ━━━━━━━━━━━━━━━━━               56.8% 448.00kB/788.78kB [6s] 
Writing at 0x000fa64d ━━━━━━━━━━━━━━━━━╸              58.8% 464.00kB/788.78kB [6s] 
Writing at 0x001001bb ━━━━━━━━━━━━━━━━━━              60.9% 480.00kB/788.78kB [6s] 
Writing at 0x00106690 ━━━━━━━━━━━━━━━━━━╸             62.9% 496.00kB/788.78kB [6s] 
Writing at 0x0010c93c ━━━━━━━━━━━━━━━━━━━             64.9% 512.00kB/788.78kB [7s] 
Writing at 0x001125e5 ━━━━━━━━━━━━━━━━━━━━            66.9% 528.00kB/788.78kB [7s] 
Writing at 0x00118478 ━━━━━━━━━━━━━━━━━━━━╸           69.0% 544.00kB/788.78kB [7s] 
Writing at 0x0011e092 ━━━━━━━━━━━━━━━━━━━━━           71.0% 560.00kB/788.78kB [7s] 
Writing at 0x00123a9d ━━━━━━━━━━━━━━━━━━━━━╸          73.0% 576.00kB/788.78kB [7s] 
Writing at 0x001297b6 ━━━━━━━━━━━━━━━━━━━━━━╸         75.1% 592.00kB/788.78kB [7s] 
Writing at 0x0012f7a5 ━━━━━━━━━━━━━━━━━━━━━━━         77.1% 608.00kB/788.78kB [7s] 
Writing at 0x00135ed0 ━━━━━━━━━━━━━━━━━━━━━━━╸        79.1% 624.00kB/788.78kB [7s] 
Writing at 0x0013bbaf ━━━━━━━━━━━━━━━━━━━━━━━━        81.1% 640.00kB/788.78kB [7s] 
Writing at 0x00141ff5 ━━━━━━━━━━━━━━━━━━━━━━━━╸       83.2% 656.00kB/788.78kB [7s] 
Writing at 0x00148369 ━━━━━━━━━━━━━━━━━━━━━━━━━╸      85.2% 672.00kB/788.78kB [7s] 
Writing at 0x0014e27c ━━━━━━━━━━━━━━━━━━━━━━━━━━      87.2% 688.00kB/788.78kB [8s] 
Writing at 0x0015422d ━━━━━━━━━━━━━━━━━━━━━━━━━━╸     89.3% 704.00kB/788.78kB [8s] 
Writing at 0x00159d0a ━━━━━━━━━━━━━━━━━━━━━━━━━━━     91.3% 720.00kB/788.78kB [8s] 
Writing at 0x0015f2ec ━━━━━━━━━━━━━━━━━━━━━━━━━━━╸    93.3% 736.00kB/788.78kB [8s] 
Writing at 0x00164896 ━━━━━━━━━━━━━━━━━━━━━━━━━━━━╸   95.3% 752.00kB/788.78kB [8s] 
Writing at 0x0016a1c0 ━━━━━━━━━━━━━━━━━━━━━━━━━━━━━   97.4% 768.00kB/788.78kB [8s] 
Writing at 0x00170598 ━━━━━━━━━━━━━━━━━━━━━━━━━━━━━╸  99.4% 784.00kB/788.78kB [8s] 
Writing at 0x00173d40 ━━━━━━━━━━━━━━━━━━━━━━━━━━━━━━ 100.0% 788.78kB/788.78kB [8s] 
Wrote 1260864 bytes (807708 compressed) at 0x00040000 in 8.7 seconds (1165.7 kbit/s).
Verifying written data...
Hash of data verified.

Staying in bootloader.
