/home/sahur/.local/bin/esptool --chip esp32c6 --port /dev/serial/by-id/usb-Espressif_USB_JTAG_serial_debug_unit_10:BD:A3:B1:47:54-if00 -b 460800 --after no-reset write-flash --flash-mode keep --flash-freq keep --flash-size keep 0x10000 /home/sahur/orca/workspaces/RouteLoom/v2-h0/artifacts/hil/images/h0-c6-n3-devram-drop-bridge/images/ota_data_initial.bin 0x40000 /home/sahur/orca/workspaces/RouteLoom/v2-h0/artifacts/hil/images/h0-c6-n3-devram-drop-bridge/images/application.bin
esptool v5.4.0
Serial port /dev/serial/by-id/usb-Espressif_USB_JTAG_serial_debug_unit_10:BD:A3:B1:47:54-if00:
Connecting...
Connected to ESP32-C6 on /dev/serial/by-id/usb-Espressif_USB_JTAG_serial_debug_unit_10:BD:A3:B1:47:54-if00:
Chip type:          ESP32-C6FH4 (QFN32) (revision v0.2)
Features:           Wi-Fi 6, BT 5 (LE), IEEE802.15.4, Single Core + LP Core, 160MHz, Embedded Flash 4MB
Crystal frequency:  40MHz
USB mode:           USB-Serial/JTAG
MAC:                10:bd:a3:ff:fe:b1:47:54
BASE MAC:           10:bd:a3:b1:47:54
MAC_EXT:            ff:fe

Uploading stub flasher...
Running stub flasher...
Stub flasher running.
Changing baud rate to 460800...
Changed.

Configuring flash size...

Writing '/home/sahur/orca/workspaces/RouteLoom/v2-h0/artifacts/hil/images/h0-c6-n3-devram-drop-bridge/images/ota_data_initial.bin' at 0x00010000...
Flash will be erased from 0x00010000 to 0x00011fff...
Compressed 8192 bytes to 31...
Writing at 0x00012000 ━━━━━━━━━━━━━━━━━━━━━━━━━━━━━━ 100.0% 31B/31B [0s] 
Wrote 8192 bytes (31 compressed) at 0x00010000 in 0.0 seconds (4885.1 kbit/s).
Verifying written data...
Hash of data verified.

Writing '/home/sahur/orca/workspaces/RouteLoom/v2-h0/artifacts/hil/images/h0-c6-n3-devram-drop-bridge/images/application.bin' at 0x00040000...
Flash will be erased from 0x00040000 to 0x0019afff...
Compressed 1420208 bytes to 840373...
Writing at 0x0004c1b6 ╸                                1.9% 16.00kB/820.68kB [0s] 
Writing at 0x0005806e ━                                3.9% 32.00kB/820.68kB [0s] 
Writing at 0x0005f261 ━╸                               5.8% 48.00kB/820.68kB [0s] 
Writing at 0x00067f08 ━━                               7.8% 64.00kB/820.68kB [0s] 
Writing at 0x0006e464 ━━╸                              9.7% 80.00kB/820.68kB [0s] 
Writing at 0x0007508d ━━━╸                            11.7% 96.00kB/820.68kB [1s] 
Writing at 0x0007cab0 ━━━━                            13.6% 112.00kB/820.68kB [1s] 
Writing at 0x000836cc ━━━━╸                           15.6% 128.00kB/820.68kB [1s] 
Writing at 0x0008a2cc ━━━━━                           17.5% 144.00kB/820.68kB [1s] 
Writing at 0x000911e9 ━━━━━╸                          19.5% 160.00kB/820.68kB [2s] 
Writing at 0x00097ae1 ━━━━━━                          21.4% 176.00kB/820.68kB [2s] 
Writing at 0x0009e310 ━━━━━━━                         23.4% 192.00kB/820.68kB [2s] 
Writing at 0x000a5379 ━━━━━━━╸                        25.3% 208.00kB/820.68kB [2s] 
Writing at 0x000ab77b ━━━━━━━━                        27.3% 224.00kB/820.68kB [2s] 
Writing at 0x000b249c ━━━━━━━━╸                       29.2% 240.00kB/820.68kB [2s] 
Writing at 0x000b884c ━━━━━━━━━                       31.2% 256.00kB/820.68kB [2s] 
Writing at 0x000bf1dd ━━━━━━━━━╸                      33.1% 272.00kB/820.68kB [2s] 
Writing at 0x000c58a1 ━━━━━━━━━━╸                     35.1% 288.00kB/820.68kB [2s] 
Writing at 0x000cc231 ━━━━━━━━━━━                     37.0% 304.00kB/820.68kB [2s] 
Writing at 0x000d2a7c ━━━━━━━━━━━╸                    39.0% 320.00kB/820.68kB [3s] 
Writing at 0x000d9738 ━━━━━━━━━━━━                    40.9% 336.00kB/820.68kB [3s] 
Writing at 0x000e017a ━━━━━━━━━━━━╸                   42.9% 352.00kB/820.68kB [3s] 
Writing at 0x000e699c ━━━━━━━━━━━━━                   44.8% 368.00kB/820.68kB [3s] 
Writing at 0x000ed6ba ━━━━━━━━━━━━━━                  46.8% 384.00kB/820.68kB [3s] 
Writing at 0x000f453a ━━━━━━━━━━━━━━╸                 48.7% 400.00kB/820.68kB [3s] 
Writing at 0x000fb63c ━━━━━━━━━━━━━━━                 50.7% 416.00kB/820.68kB [3s] 
Writing at 0x00101c13 ━━━━━━━━━━━━━━━╸                52.6% 432.00kB/820.68kB [3s] 
Writing at 0x001089b6 ━━━━━━━━━━━━━━━━                54.6% 448.00kB/820.68kB [3s] 
Writing at 0x00110249 ━━━━━━━━━━━━━━━━╸               56.5% 464.00kB/820.68kB [3s] 
Writing at 0x001170f6 ━━━━━━━━━━━━━━━━━╸              58.5% 480.00kB/820.68kB [3s] 
Writing at 0x0011e200 ━━━━━━━━━━━━━━━━━━              60.4% 496.00kB/820.68kB [3s] 
Writing at 0x00123d29 ━━━━━━━━━━━━━━━━━━╸             62.4% 512.00kB/820.68kB [3s] 
Writing at 0x00129ccb ━━━━━━━━━━━━━━━━━━━             64.3% 528.00kB/820.68kB [3s] 
Writing at 0x0012fa56 ━━━━━━━━━━━━━━━━━━━╸            66.3% 544.00kB/820.68kB [4s] 
Writing at 0x00135446 ━━━━━━━━━━━━━━━━━━━━            68.2% 560.00kB/820.68kB [4s] 
Writing at 0x0013b491 ━━━━━━━━━━━━━━━━━━━━━           70.2% 576.00kB/820.68kB [4s] 
Writing at 0x00141fee ━━━━━━━━━━━━━━━━━━━━━╸          72.1% 592.00kB/820.68kB [4s] 
Writing at 0x00147d77 ━━━━━━━━━━━━━━━━━━━━━━          74.1% 608.00kB/820.68kB [4s] 
Writing at 0x0014dcee ━━━━━━━━━━━━━━━━━━━━━━╸         76.0% 624.00kB/820.68kB [4s] 
Writing at 0x00153aca ━━━━━━━━━━━━━━━━━━━━━━━         78.0% 640.00kB/820.68kB [4s] 
Writing at 0x0015a17a ━━━━━━━━━━━━━━━━━━━━━━━╸        79.9% 656.00kB/820.68kB [4s] 
Writing at 0x0015ff6a ━━━━━━━━━━━━━━━━━━━━━━━━╸       81.9% 672.00kB/820.68kB [4s] 
Writing at 0x00165d82 ━━━━━━━━━━━━━━━━━━━━━━━━━       83.8% 688.00kB/820.68kB [4s] 
Writing at 0x0016be1e ━━━━━━━━━━━━━━━━━━━━━━━━━╸      85.8% 704.00kB/820.68kB [4s] 
Writing at 0x00172343 ━━━━━━━━━━━━━━━━━━━━━━━━━━      87.7% 720.00kB/820.68kB [4s] 
Writing at 0x001783e2 ━━━━━━━━━━━━━━━━━━━━━━━━━━╸     89.7% 736.00kB/820.68kB [4s] 
Writing at 0x0017e3fc ━━━━━━━━━━━━━━━━━━━━━━━━━━━     91.6% 752.00kB/820.68kB [4s] 
Writing at 0x001849c2 ━━━━━━━━━━━━━━━━━━━━━━━━━━━━    93.6% 768.00kB/820.68kB [4s] 
Writing at 0x0018b427 ━━━━━━━━━━━━━━━━━━━━━━━━━━━━╸   95.5% 784.00kB/820.68kB [5s] 
Writing at 0x00190da6 ━━━━━━━━━━━━━━━━━━━━━━━━━━━━━   97.5% 800.00kB/820.68kB [5s] 
Writing at 0x00197582 ━━━━━━━━━━━━━━━━━━━━━━━━━━━━━╸  99.4% 816.00kB/820.68kB [5s] 
Writing at 0x0019abb0 ━━━━━━━━━━━━━━━━━━━━━━━━━━━━━━ 100.0% 820.68kB/820.68kB [5s] 
Wrote 1420208 bytes (840373 compressed) at 0x00040000 in 5.3 seconds (2140.9 kbit/s).
Verifying written data...
Hash of data verified.

Staying in bootloader.
