[2026-09-29T04:58:03.458+00:00] >> status
[2026-09-29T04:58:03.559+00:00] I (3104) RouteLoomSdkv1: console stack free=9024
[2026-09-29T04:58:03.559+00:00] OK identity=none pending=0 locked=0 fw=1
[2026-09-29T04:58:03.563+00:00] >> keygen 0000000000000016 978710f2c7e9836b271690c23a652acbd0eb...
[2026-09-29T04:58:03.821+00:00] I (3464) RouteLoomSdkv1: console stack free=8308
[2026-09-29T04:58:03.921+00:00] OK pop_hex=d28443a10126a0586c010100000000000000000016978710f2c7e9836b271690c23a652acbd0ebe807522b335056f30af1e05d21940f3bad7aebf7ed7aa535b5c0114d24b006daf645b873fd85d8d1eee826dbe8c8576c5de122c7a5d70c72978a7a5309a894aa36b525a3ae1ad5f3723189b064715840787f1cce393326d30c169ea77cb84c301199b566caa1d2c21693a18ac63861de700ea50703b35c99af531e7b35fe7e53ccf0115ad3ff78110edaccbf35f5da9c
[2026-09-29T04:58:03.945+00:00] >> identity 7b0a202022666f726d6174223a2022726f7574656c6f6f6d2d6...
[2026-09-29T04:58:04.646+00:00] I (4236) RouteLoomSdkv1: console stack free=8180
[2026-09-29T04:58:04.646+00:00] OK sealed kid=0e977fe0293d0a86d2e67e4fdd9717021878efe1103627f1c9673e291b472a8f
[2026-09-29T04:58:04.649+00:00] >> lock 0e977fe0293d0a86d2e67e4fdd9717021878efe1103627f1c9673e2...
[2026-09-29T04:58:05.550+00:00] I (5190) RouteLoomSdkv1: console stack free=8164
[2026-09-29T04:58:05.550+00:00] OK locked kid=0e977fe0293d0a86d2e67e4fdd9717021878efe1103627f1c9673e291b472a8f
[2026-09-29T04:58:05.552+00:00] >> status
[2026-09-29T04:58:05.932+00:00] I (5576) RouteLoomSdkv1: console stack free=8164
[2026-09-29T04:58:06.032+00:00] OK identity=sealed pending=0 locked=1 node=0000000000000016 kid=0e977fe0293d0a86d2e67e4fdd9717021878efe1103627f1c9673e291b472a8f serial=522 devcert_sha256=cf4170202fc2f1265e65bc6985a8a442b481725c7eb021ee99b539a8ab8df1e2 fw=1
[2026-09-29T04:58:06.032+00:00] >> status
[2026-09-29T04:58:06.412+00:00] I (6056) RouteLoomSdkv1: console stack free=8164
[2026-09-29T04:58:06.512+00:00] OK identity=sealed pending=0 locked=1 node=0000000000000016 kid=0e977fe0293d0a86d2e67e4fdd9717021878efe1103627f1c9673e291b472a8f serial=522 devcert_sha256=cf4170202fc2f1265e65bc6985a8a442b481725c7eb021ee99b539a8ab8df1e2 fw=1
[2026-09-29T04:58:06.512+00:00] >> status
[2026-09-29T04:58:06.892+00:00] I (6536) RouteLoomSdkv1: console stack free=8164
[2026-09-29T04:58:06.992+00:00] OK identity=sealed pending=0 locked=1 node=0000000000000016 kid=0e977fe0293d0a86d2e67e4fdd9717021878efe1103627f1c9673e291b472a8f serial=522 devcert_sha256=cf4170202fc2f1265e65bc6985a8a442b481725c7eb021ee99b539a8ab8df1e2 fw=1
[2026-09-29T04:58:10.093+00:00] >> status
[2026-09-29T04:58:10.473+00:00] I (3479) RouteLoomSdkv1: console stack free=8180
[2026-09-29T04:58:10.573+00:00] OK identity=sealed pending=0 locked=1 node=0000000000000016 kid=0e977fe0293d0a86d2e67e4fdd9717021878efe1103627f1c9673e291b472a8f serial=522 devcert_sha256=cf4170202fc2f1265e65bc6985a8a442b481725c7eb021ee99b539a8ab8df1e2 fw=1
