[2026-09-29T04:57:53.599Z] !! capture open /dev/serial/by-id/usb-Espressif_USB_JTAG_serial_debug_unit_10:BD:A3:B1:47:54-if00 @ 115200 backend=pyserial dtr=1 rts=0
[2026-09-29T04:57:53.599Z] I (137) esp_image: segment 1: paddr=00050730 vaddr=40800000 size=0f8e8h ( 63720) load
[2026-09-29T04:57:53.613Z] I (155) esp_image: segment 2: paddr=00060020 vaddr=42000020 size=428bch (272572) map
[2026-09-29T04:57:53.664Z] I (206) esp_image: segment 3: paddr=000a28e4 vaddr=4080f8e8 size=07ebch ( 32444) load
[2026-09-29T04:57:53.672Z] I (214) esp_image: segment 4: paddr=000aa7a8 vaddr=50000000 size=00060h (    96) load
[2026-09-29T04:57:53.675Z] I (215) esp_image: segment 5: paddr=000aa810 vaddr=50000068 size=00024h (    36) load
[2026-09-29T04:57:53.680Z] I (222) boot: Loaded app from partition at offset 0x40000
[2026-09-29T04:57:53.684Z] I (225) boot: Set actual ota_seq=1 in otadata[0]
[2026-09-29T04:57:53.689Z] I (227) boot: Disabling RNG early entropy source...
[2026-09-29T04:57:53.701Z] I (243) cpu_start: Unicore app
[2026-09-29T04:57:53.710Z] I (253) cpu_start: GPIO 17 and 16 are used as console UART I/O pins
[2026-09-29T04:57:53.711Z] I (253) cpu_start: Pro cpu start user code
[2026-09-29T04:57:53.712Z] I (253) cpu_start: cpu freq: 160000000 Hz
[2026-09-29T04:57:53.716Z] I (255) app_init: Application information:
[2026-09-29T04:57:53.722Z] I (259) app_init: Project name:     routeloom_reference_node
[2026-09-29T04:57:53.725Z] I (264) app_init: App version:      1
[2026-09-29T04:57:53.730Z] I (268) app_init: Compile time:     Sep 29 2026 04:09:05
[2026-09-29T04:57:53.734Z] I (273) app_init: ELF file SHA256:  4e25d9990...
[2026-09-29T04:57:53.738Z] I (277) app_init: ESP-IDF:          v6.0.3
[2026-09-29T04:57:53.742Z] I (281) efuse_init: Min chip rev:     v0.0
[2026-09-29T04:57:53.746Z] I (285) efuse_init: Max chip rev:     v0.99 
[2026-09-29T04:57:53.750Z] I (289) efuse_init: Chip rev:         v0.2
[2026-09-29T04:57:53.756Z] I (293) heap_init: Initializing. RAM available for dynamic allocation:
[2026-09-29T04:57:53.761Z] I (299) heap_init: At 4081EE80 len 0005D790 (373 KiB): RAM
[2026-09-29T04:57:53.766Z] I (304) heap_init: At 4087C610 len 00002F54 (11 KiB): RAM
[2026-09-29T04:57:53.772Z] I (309) heap_init: At 5000008C len 00003F5C (15 KiB): RTCRAM
[2026-09-29T04:57:53.775Z] I (315) spi_flash: detected chip: generic
[2026-09-29T04:57:53.778Z] I (318) spi_flash: flash io: dio
[2026-09-29T04:57:53.784Z] I (322) sleep_gpio: Configure to isolate all GPIO pins in sleep state
[2026-09-29T04:57:53.791Z] I (327) sleep_gpio: Enable automatic switching of GPIO sleep configuration
[2026-09-29T04:57:53.803Z] I (343) main_task: Started on CPU0
[2026-09-29T04:57:53.806Z] I (345) main_task: Calling app_main()
[2026-09-29T04:57:53.812Z] I (349) rl_flash: image: sdk=0.1.0 layout=PT-4M-v2 storage_epoch=2
[2026-09-29T04:57:53.853Z] I (395) RouteLoomRef: sdkv1 identity: none provisioned
[2026-09-29T04:57:53.853Z] I (395) RouteLoomRef: sdkv1 site: not a member
[2026-09-29T04:57:53.857Z] I (396) RouteLoomRef: sdkv1 revocation: none rs_epoch=0 resume_slots=16
[2026-09-29T04:57:53.862Z] I (400) RouteLoomRef: sdkv1 local_revocation: none
[2026-09-29T04:57:53.866Z] I (404) RouteLoomRef: sdkv1 lifecycle: none
[2026-09-29T04:57:53.877Z] routeloom-maintenance v1 ready
[2026-09-29T04:57:56.715Z] !! capture closed
