/home/sahur/.local/bin/esptool --chip esp32c6 --port /dev/serial/by-id/usb-Espressif_USB_JTAG_serial_debug_unit_10:BD:A3:B1:48:A8-if00 -b 460800 --after no-reset write-flash --flash-mode keep --flash-freq keep --flash-size keep 0x10000 /home/sahur/orca/workspaces/RouteLoom/v2-h1/artifacts/hil/images/h1-rl-os/images/ota_data_initial.bin 0x40000 /home/sahur/orca/workspaces/RouteLoom/v2-h1/artifacts/hil/images/h1-rl-os/images/application.bin
esptool v5.4.0
Serial port /dev/serial/by-id/usb-Espressif_USB_JTAG_serial_debug_unit_10:BD:A3:B1:48:A8-if00:
Connecting...
Connected to ESP32-C6 on /dev/serial/by-id/usb-Espressif_USB_JTAG_serial_debug_unit_10:BD:A3:B1:48:A8-if00:
Chip type:          ESP32-C6FH4 (QFN32) (revision v0.2)
Features:           Wi-Fi 6, BT 5 (LE), IEEE802.15.4, Single Core + LP Core, 160MHz, Embedded Flash 4MB
Crystal frequency:  40MHz
USB mode:           USB-Serial/JTAG
MAC:                10:bd:a3:ff:fe:b1:48:a8
BASE MAC:           10:bd:a3:b1:48:a8
MAC_EXT:            ff:fe

Uploading stub flasher...
Running stub flasher...
Stub flasher running.
Changing baud rate to 460800...
Changed.

Configuring flash size...

Writing '/home/sahur/orca/workspaces/RouteLoom/v2-h1/artifacts/hil/images/h1-rl-os/images/ota_data_initial.bin' at 0x00010000...
Flash will be erased from 0x00010000 to 0x00011fff...
Compressed 8192 bytes to 31...
Writing at 0x00012000 ━━━━━━━━━━━━━━━━━━━━━━━━━━━━━━ 100.0% 31B/31B [0s] 
Wrote 8192 bytes (31 compressed) at 0x00010000 in 0.0 seconds (5866.9 kbit/s).
Verifying written data...
Hash of data verified.

Writing '/home/sahur/orca/workspaces/RouteLoom/v2-h1/artifacts/hil/images/h1-rl-os/images/application.bin' at 0x00040000...
Flash will be erased from 0x00040000 to 0x0016dfff...
Compressed 1235056 bytes to 793425...
Writing at 0x0004c1d6 ╸                                2.1% 16.00kB/774.83kB [0s] 
Writing at 0x000578ec ━                                4.1% 32.00kB/774.83kB [0s] 
Writing at 0x0005e758 ━╸                               6.2% 48.00kB/774.83kB [0s] 
Writing at 0x00066e66 ━━                               8.3% 64.00kB/774.83kB [0s] 
Writing at 0x0006cae2 ━━━                             10.3% 80.00kB/774.83kB [0s] 
Writing at 0x00072810 ━━━╸                            12.4% 96.00kB/774.83kB [0s] 
Writing at 0x00078dae ━━━━                            14.5% 112.00kB/774.83kB [0s] 
Writing at 0x0007ec6c ━━━━╸                           16.5% 128.00kB/774.83kB [0s] 
Writing at 0x000849a2 ━━━━━╸                          18.6% 144.00kB/774.83kB [0s] 
Writing at 0x0008a9d6 ━━━━━━                          20.6% 160.00kB/774.83kB [1s] 
Writing at 0x000905b2 ━━━━━━╸                         22.7% 176.00kB/774.83kB [1s] 
Writing at 0x00095fd1 ━━━━━━━                         24.8% 192.00kB/774.83kB [1s] 
Writing at 0x0009ba45 ━━━━━━━━                        26.8% 208.00kB/774.83kB [1s] 
Writing at 0x000a1590 ━━━━━━━━╸                       28.9% 224.00kB/774.83kB [1s] 
Writing at 0x000a7049 ━━━━━━━━━                       31.0% 240.00kB/774.83kB [1s] 
Writing at 0x000ac8c1 ━━━━━━━━━╸                      33.0% 256.00kB/774.83kB [1s] 
Writing at 0x000b2487 ━━━━━━━━━━╸                     35.1% 272.00kB/774.83kB [1s] 
Writing at 0x000b849a ━━━━━━━━━━━                     37.2% 288.00kB/774.83kB [1s] 
Writing at 0x000be164 ━━━━━━━━━━━╸                    39.2% 304.00kB/774.83kB [1s] 
Writing at 0x000c3bf8 ━━━━━━━━━━━━                    41.3% 320.00kB/774.83kB [1s] 
Writing at 0x000c9698 ━━━━━━━━━━━━━                   43.4% 336.00kB/774.83kB [1s] 
Writing at 0x000cf242 ━━━━━━━━━━━━━╸                  45.4% 352.00kB/774.83kB [1s] 
Writing at 0x000d5201 ━━━━━━━━━━━━━━                  47.5% 368.00kB/774.83kB [1s] 
Writing at 0x000db580 ━━━━━━━━━━━━━━╸                 49.6% 384.00kB/774.83kB [1s] 
Writing at 0x000e0f16 ━━━━━━━━━━━━━━━                 51.6% 400.00kB/774.83kB [1s] 
Writing at 0x000e6d51 ━━━━━━━━━━━━━━━━                53.7% 416.00kB/774.83kB [2s] 
Writing at 0x000ecd74 ━━━━━━━━━━━━━━━━╸               55.8% 432.00kB/774.83kB [2s] 
Writing at 0x000f2c3e ━━━━━━━━━━━━━━━━━               57.8% 448.00kB/774.83kB [2s] 
Writing at 0x000f921d ━━━━━━━━━━━━━━━━━╸              59.9% 464.00kB/774.83kB [2s] 
Writing at 0x000fee51 ━━━━━━━━━━━━━━━━━━╸             61.9% 480.00kB/774.83kB [2s] 
Writing at 0x00104b64 ━━━━━━━━━━━━━━━━━━━             64.0% 496.00kB/774.83kB [2s] 
Writing at 0x0010a96b ━━━━━━━━━━━━━━━━━━━╸            66.1% 512.00kB/774.83kB [2s] 
Writing at 0x00110288 ━━━━━━━━━━━━━━━━━━━━            68.1% 528.00kB/774.83kB [2s] 
Writing at 0x001162af ━━━━━━━━━━━━━━━━━━━━━           70.2% 544.00kB/774.83kB [2s] 
Writing at 0x0011ced1 ━━━━━━━━━━━━━━━━━━━━━╸          72.3% 560.00kB/774.83kB [2s] 
Writing at 0x00122bc3 ━━━━━━━━━━━━━━━━━━━━━━          74.3% 576.00kB/774.83kB [2s] 
Writing at 0x00128ad5 ━━━━━━━━━━━━━━━━━━━━━━╸         76.4% 592.00kB/774.83kB [2s] 
Writing at 0x0012eb07 ━━━━━━━━━━━━━━━━━━━━━━━╸        78.5% 608.00kB/774.83kB [2s] 
Writing at 0x00135006 ━━━━━━━━━━━━━━━━━━━━━━━━        80.5% 624.00kB/774.83kB [2s] 
Writing at 0x0013ad62 ━━━━━━━━━━━━━━━━━━━━━━━━╸       82.6% 640.00kB/774.83kB [2s] 
Writing at 0x00140b9c ━━━━━━━━━━━━━━━━━━━━━━━━━       84.7% 656.00kB/774.83kB [2s] 
Writing at 0x00146bce ━━━━━━━━━━━━━━━━━━━━━━━━━━      86.7% 672.00kB/774.83kB [2s] 
Writing at 0x0014c914 ━━━━━━━━━━━━━━━━━━━━━━━━━━╸     88.8% 688.00kB/774.83kB [2s] 
Writing at 0x00151ffe ━━━━━━━━━━━━━━━━━━━━━━━━━━━     90.9% 704.00kB/774.83kB [3s] 
Writing at 0x00157695 ━━━━━━━━━━━━━━━━━━━━━━━━━━━╸    92.9% 720.00kB/774.83kB [3s] 
Writing at 0x0015d95b ━━━━━━━━━━━━━━━━━━━━━━━━━━━━    95.0% 736.00kB/774.83kB [3s] 
Writing at 0x00163237 ━━━━━━━━━━━━━━━━━━━━━━━━━━━━━   97.1% 752.00kB/774.83kB [3s] 
Writing at 0x00168e9d ━━━━━━━━━━━━━━━━━━━━━━━━━━━━━╸  99.1% 768.00kB/774.83kB [3s] 
Writing at 0x0016d870 ━━━━━━━━━━━━━━━━━━━━━━━━━━━━━━ 100.0% 774.83kB/774.83kB [3s] 
Wrote 1235056 bytes (793425 compressed) at 0x00040000 in 3.4 seconds (2943.9 kbit/s).
Verifying written data...
Hash of data verified.

Staying in bootloader.
