[2026-09-29T04:58:27.971+00:00] >> status
[2026-09-29T04:58:28.072+00:00] I (3104) RouteLoomSdkv1: console stack free=9024
[2026-09-29T04:58:28.072+00:00] OK identity=none pending=0 locked=0 fw=1
[2026-09-29T04:58:28.074+00:00] >> keygen 0000000000000017 dd574b495ada3faffdbeaab3cbaf6aa0d8a3...
[2026-09-29T04:58:28.332+00:00] I (3463) RouteLoomSdkv1: console stack free=8308
[2026-09-29T04:58:28.432+00:00] OK pop_hex=d28443a10126a0586c010100000000000000000017dd574b495ada3faffdbeaab3cbaf6aa0d8a382e145aba6364babfaf8c13f269c63135e5c5ef0e187ad305644fbc4cd80070373de26d6ce31d263447bd04e812d052124962af5afffa0bf89075c9151263bc190ebb5064b52dec9005a6ab9eec6584055f37fce816bb2a86fe3c0cc67141b8e728c35820f06946afc89610ee9659cc70f48927d027f6d35353ae83571571cd2f1003d2f273b6645a781bf77ec19f1d6
[2026-09-29T04:58:28.455+00:00] >> identity 7b0a202022666f726d6174223a2022726f7574656c6f6f6d2d6...
[2026-09-29T04:58:29.156+00:00] I (4233) RouteLoomSdkv1: console stack free=8164
[2026-09-29T04:58:29.156+00:00] OK sealed kid=682e44b909ce5c5e25f3d85d9f94eb3822c878fc6af72d51398ccf1b0b661e07
[2026-09-29T04:58:29.158+00:00] >> lock 682e44b909ce5c5e25f3d85d9f94eb3822c878fc6af72d51398ccf1...
[2026-09-29T04:58:30.060+00:00] I (5186) RouteLoomSdkv1: console stack free=8164
[2026-09-29T04:58:30.060+00:00] OK locked kid=682e44b909ce5c5e25f3d85d9f94eb3822c878fc6af72d51398ccf1b0b661e07
[2026-09-29T04:58:30.062+00:00] >> status
[2026-09-29T04:58:30.441+00:00] I (5572) RouteLoomSdkv1: console stack free=8164
[2026-09-29T04:58:30.541+00:00] OK identity=sealed pending=0 locked=1 node=0000000000000017 kid=682e44b909ce5c5e25f3d85d9f94eb3822c878fc6af72d51398ccf1b0b661e07 serial=523 devcert_sha256=7a55e8203ac25409870b199bef4030ad1eb20903e30ceb334e54d968aa91e370 fw=1
[2026-09-29T04:58:30.542+00:00] >> status
[2026-09-29T04:58:30.921+00:00] I (6052) RouteLoomSdkv1: console stack free=8164
[2026-09-29T04:58:31.021+00:00] OK identity=sealed pending=0 locked=1 node=0000000000000017 kid=682e44b909ce5c5e25f3d85d9f94eb3822c878fc6af72d51398ccf1b0b661e07 serial=523 devcert_sha256=7a55e8203ac25409870b199bef4030ad1eb20903e30ceb334e54d968aa91e370 fw=1
[2026-09-29T04:58:31.021+00:00] >> status
[2026-09-29T04:58:31.401+00:00] I (6532) RouteLoomSdkv1: console stack free=8164
[2026-09-29T04:58:31.501+00:00] OK identity=sealed pending=0 locked=1 node=0000000000000017 kid=682e44b909ce5c5e25f3d85d9f94eb3822c878fc6af72d51398ccf1b0b661e07 serial=523 devcert_sha256=7a55e8203ac25409870b199bef4030ad1eb20903e30ceb334e54d968aa91e370 fw=1
[2026-09-29T04:58:34.602+00:00] >> status
[2026-09-29T04:58:34.982+00:00] I (3479) RouteLoomSdkv1: console stack free=8180
[2026-09-29T04:58:35.082+00:00] OK identity=sealed pending=0 locked=1 node=0000000000000017 kid=682e44b909ce5c5e25f3d85d9f94eb3822c878fc6af72d51398ccf1b0b661e07 serial=523 devcert_sha256=7a55e8203ac25409870b199bef4030ad1eb20903e30ceb334e54d968aa91e370 fw=1
