[2026-09-29T04:33:39.891Z] !! capture open /dev/serial/by-id/usb-Espressif_USB_JTAG_serial_debug_unit_10:BD:A3:B1:47:54-if00 @ 115200 backend=pyserial dtr=1 rts=0
[2026-09-29T04:33:39.903Z] I (137) esp_image: segment 1: paddr=00050640 vaddr=40800000 sizeI (207) esp_image: segment 3: paddr=000a24c0 vaddr=4080f9d8 size=07dcch ( 32204) load
[2026-09-29T04:33:39.909Z] I (214) esp_image: segment 4: paddr=000aa294 vaddr=50000000 size=00060h (    96) load
[2026-09-29T04:33:39.913Z] I (215) esp_image: segment 5: paddr=000aa2fc vaddr=50000068 size=00024h (    36) load
[2026-09-29T04:33:39.928Z] I (223) boot: Loaded app from partition at offset 0x40000
[2026-09-29T04:33:39.929Z] I (226) boot: Set actual ota_seq=1 in otadata[0]
[2026-09-29T04:33:39.929Z] I (228) boot: Disabling RNG early entropy source...
[2026-09-29T04:33:39.939Z] I (244) cpu_start: Unicore app
[2026-09-29T04:33:39.953Z] I (254) cpu_start: GPIO 17 and 16 are used as console UART I/O pins
[2026-09-29T04:33:39.953Z] I (254) cpu_start: Pro cpu start user code
[2026-09-29T04:33:39.953Z] I (254) cpu_start: cpu freq: 160000000 Hz
[2026-09-29T04:33:39.954Z] I (256) app_init: Application information:
[2026-09-29T04:33:39.959Z] I (260) app_init: Project name:     routeloom_reference_node
[2026-09-29T04:33:39.963Z] I (265) app_init: App version:      1
[2026-09-29T04:33:39.974Z] I (268) app_init: Compile time:     Sep 29 2026 04:06:48
[2026-09-29T04:33:39.974Z] I (274) app_init: ELF file SHA256:  b96619fcc...
[2026-09-29T04:33:39.977Z] I (278) app_init: ESP-IDF:          v6.0.3
[2026-09-29T04:33:39.980Z] I (282) efuse_init: Min chip rev:     v0.0
[2026-09-29T04:33:39.983Z] I (285) efuse_init: Max chip rev:     v0.99 
[2026-09-29T04:33:39.988Z] I (289) efuse_init: Chip rev:         v0.2
[2026-09-29T04:33:39.994Z] I (293) heap_init: Initializing. RAM available for dynamic allocation:
[2026-09-29T04:33:40.020Z] I (300) heap_init: At 4081EE80 len 0005D790 (373 KiB): RAM
[2026-09-29T04:33:40.020Z] I (305) heap_init: At 4087C610 len 00002F54 (11 KiB): RAM
[2026-09-29T04:33:40.020Z] I (310) heap_init: At 5000008C len 00003F5C (15 KiB): RTCRAM
[2026-09-29T04:33:40.020Z] I (316) spi_flash: detected chip: generic
[2026-09-29T04:33:40.020Z] I (319) spi_flash: flash io: dio
[2026-09-29T04:33:40.022Z] I (323) sleep_gpio: Configure to isolate all GPIO pins in sleep state
[2026-09-29T04:33:40.029Z] I (328) sleep_gpio: Enable automatic switching of GPIO sleep configuration
[2026-09-29T04:33:40.042Z] I (344) main_task: Started on CPU0
[2026-09-29T04:33:40.043Z] I (346) main_task: Calling app_main()
[2026-09-29T04:33:40.050Z] I (350) rl_flash: image: sdk=0.1.0 layout=PT-4M-v2 storage_epoch=2
[2026-09-29T04:33:40.089Z] I (394) RouteLoomRef: sdkv1 identity: none provisioned
[2026-09-29T04:33:40.091Z] I (395) RouteLoomRef: sdkv1 site: not a member
[2026-09-29T04:33:40.093Z] I (395) RouteLoomRef: sdkv1 revocation: none rs_epoch=0 resume_slots=16
[2026-09-29T04:33:40.097Z] I (399) RouteLoomRef: sdkv1 local_revocation: none
[2026-09-29T04:33:40.111Z] I (403) RouteLoomRef: sdkv1 lifecycle: none
[2026-09-29T04:33:40.112Z] routeloom-maintenance v1 ready
[2026-09-29T04:33:42.953Z] !! capture closed
