[2026-09-26T08:02:44.027Z] !! capture open /dev/serial/by-id/usb-Espressif_USB_JTAG_serial_debug_unit_10:BD:A3:B1:48:A8-if00 @ 115200 backend=pyserial dtr=1 rts=0
[2026-09-26T08:02:44.057Z] I (100) esp_image: segment 1: paddr=0001f13c vaddr=40800000 sizeI (152) esp_image: segment 3: paddr=0005a740 vaddr=40800edc size=13db8h ( 81336) load
[2026-09-26T08:02:44.075Z] I (170) esp_image: segment 4: paddr=0006e500 vaddr=40814ca0 size=02ac8h ( 10952) load
[2026-09-26T08:02:44.078Z] I (173) esp_image: segment 5: paddr=00070fd0 vaddr=50000000 size=00060h (    96) load
[2026-09-26T08:02:44.090Z] I (174) esp_image: segment 6: paddr=00071038 vaddr=50000068 size=00024h (    36) load
[2026-09-26T08:02:44.091Z] I (186) boot: Loaded app from partition at offset 0x10000
[2026-09-26T08:02:44.095Z] I (186) boot: Disabling RNG early entropy source...
[2026-09-26T08:02:44.107Z] I (202) cpu_start: Unicore app
[2026-09-26T08:02:44.116Z] I (211) cpu_start: GPIO 17 and 16 are used as console UART I/O pins
[2026-09-26T08:02:44.116Z] I (211) cpu_start: Pro cpu start user code
[2026-09-26T08:02:44.118Z] I (212) cpu_start: cpu freq: 160000000 Hz
[2026-09-26T08:02:44.121Z] I (213) app_init: Application information:
[2026-09-26T08:02:44.128Z] I (217) app_init: Project name:     routeloom_reference_node
[2026-09-26T08:02:44.131Z] I (222) app_init: App version:      1
[2026-09-26T08:02:44.135Z] I (226) app_init: Compile time:     Sep 26 2026 05:39:17
[2026-09-26T08:02:44.140Z] I (231) app_init: ELF file SHA256:  9c97a25d9...
[2026-09-26T08:02:44.143Z] I (235) app_init: ESP-IDF:          v6.0.3
[2026-09-26T08:02:44.147Z] I (239) efuse_init: Min chip rev:     v0.0
[2026-09-26T08:02:44.152Z] I (243) efuse_init: Max chip rev:     v0.99 
[2026-09-26T08:02:44.155Z] I (247) efuse_init: Chip rev:         v0.2
[2026-09-26T08:02:44.162Z] I (251) heap_init: Initializing. RAM available for dynamic allocation:
[2026-09-26T08:02:44.167Z] I (257) heap_init: At 4081EB10 len 0005DB00 (374 KiB): RAM
[2026-09-26T08:02:44.172Z] I (262) heap_init: At 4087C610 len 00002F54 (11 KiB): RAM
[2026-09-26T08:02:44.177Z] I (267) heap_init: At 5000008C len 00003F5C (15 KiB): RTCRAM
[2026-09-26T08:02:44.181Z] I (273) spi_flash: detected chip: generic
[2026-09-26T08:02:44.184Z] I (276) spi_flash: flash io: dio
[2026-09-26T08:02:44.196Z] W (279) spi_flash: Detected size(4096k) larger than the size in the binary image header(2048k). Using the size in the binary image header.
[2026-09-26T08:02:44.202Z] I (292) sleep_gpio: Configure to isolate all GPIO pins in sleep state
[2026-09-26T08:02:44.209Z] I (298) sleep_gpio: Enable automatic switching of GPIO sleep configuration
[2026-09-26T08:02:44.220Z] I (313) main_task: Started on CPU0
[2026-09-26T08:02:44.224Z] I (315) main_task: Calling app_main()
[2026-09-26T08:02:44.248Z] I (343) RouteLoomRef: sdkv1 identity: none provisioned
[2026-09-26T08:02:44.248Z] I (343) RouteLoomRef: sdkv1 site: not a member
[2026-09-26T08:02:44.253Z] I (343) RouteLoomRef: sdkv1 revocation: none rs_epoch=0 resume_slots=16
[2026-09-26T08:02:44.257Z] I (347) RouteLoomRef: sdkv1 local_revocation: none
[2026-09-26T08:02:44.261Z] I (352) RouteLoomRef: sdkv1 lifecycle: none
[2026-09-26T08:02:44.262Z] routeloom-maintenance v1 ready
[2026-09-26T08:02:49.084Z] !! capture closed
