/home/sahur/.local/bin/esptool --chip esp32c6 --port /dev/serial/by-id/usb-Espressif_USB_JTAG_serial_debug_unit_10:BD:A3:B1:47:54-if00 -b 460800 --after no-reset write-flash --flash-mode keep --flash-freq keep --flash-size keep 0x10000 /home/sahur/orca/workspaces/RouteLoom/v2-h0/artifacts/hil/images/h0-c6-n3-devram/images/ota_data_initial.bin 0x40000 /home/sahur/orca/workspaces/RouteLoom/v2-h0/artifacts/hil/images/h0-c6-n3-devram/images/application.bin
esptool v5.4.0
Serial port /dev/serial/by-id/usb-Espressif_USB_JTAG_serial_debug_unit_10:BD:A3:B1:47:54-if00:
Connecting...
Connected to ESP32-C6 on /dev/serial/by-id/usb-Espressif_USB_JTAG_serial_debug_unit_10:BD:A3:B1:47:54-if00:
Chip type:          ESP32-C6FH4 (QFN32) (revision v0.2)
Features:           Wi-Fi 6, BT 5 (LE), IEEE802.15.4, Single Core + LP Core, 160MHz, Embedded Flash 4MB
Crystal frequency:  40MHz
USB mode:           USB-Serial/JTAG
MAC:                10:bd:a3:ff:fe:b1:47:54
BASE MAC:           10:bd:a3:b1:47:54
MAC_EXT:            ff:fe

Uploading stub flasher...
Running stub flasher...
Stub flasher running.
Changing baud rate to 460800...
Changed.

Configuring flash size...

Writing '/home/sahur/orca/workspaces/RouteLoom/v2-h0/artifacts/hil/images/h0-c6-n3-devram/images/ota_data_initial.bin' at 0x00010000...
Flash will be erased from 0x00010000 to 0x00011fff...
Compressed 8192 bytes to 31...
Writing at 0x00012000 ━━━━━━━━━━━━━━━━━━━━━━━━━━━━━━ 100.0% 31B/31B [0s] 
Wrote 8192 bytes (31 compressed) at 0x00010000 in 0.0 seconds (4915.4 kbit/s).
Verifying written data...
Hash of data verified.

Writing '/home/sahur/orca/workspaces/RouteLoom/v2-h0/artifacts/hil/images/h0-c6-n3-devram/images/application.bin' at 0x00040000...
Flash will be erased from 0x00040000 to 0x0019afff...
Compressed 1420000 bytes to 840164...
Writing at 0x0004c1e3 ╸                                2.0% 16.00kB/820.47kB [0s] 
Writing at 0x00058172 ━                                3.9% 32.00kB/820.47kB [0s] 
Writing at 0x0005f271 ━╸                               5.9% 48.00kB/820.47kB [0s] 
Writing at 0x00067f18 ━━                               7.8% 64.00kB/820.47kB [0s] 
Writing at 0x0006e46d ━━╸                              9.8% 80.00kB/820.47kB [0s] 
Writing at 0x00075088 ━━━╸                            11.7% 96.00kB/820.47kB [1s] 
Writing at 0x0007ca9e ━━━━                            13.7% 112.00kB/820.47kB [1s] 
Writing at 0x000836d0 ━━━━╸                           15.6% 128.00kB/820.47kB [1s] 
Writing at 0x0008a300 ━━━━━                           17.6% 144.00kB/820.47kB [1s] 
Writing at 0x0009126c ━━━━━╸                          19.5% 160.00kB/820.47kB [1s] 
Writing at 0x00097b6d ━━━━━━                          21.5% 176.00kB/820.47kB [2s] 
Writing at 0x0009e431 ━━━━━━━                         23.4% 192.00kB/820.47kB [2s] 
Writing at 0x000a5473 ━━━━━━━╸                        25.4% 208.00kB/820.47kB [2s] 
Writing at 0x000ab80f ━━━━━━━━                        27.3% 224.00kB/820.47kB [2s] 
Writing at 0x000b24d3 ━━━━━━━━╸                       29.3% 240.00kB/820.47kB [2s] 
Writing at 0x000b88a4 ━━━━━━━━━                       31.2% 256.00kB/820.47kB [2s] 
Writing at 0x000bf25f ━━━━━━━━━╸                      33.2% 272.00kB/820.47kB [2s] 
Writing at 0x000c593e ━━━━━━━━━━╸                     35.1% 288.00kB/820.47kB [2s] 
Writing at 0x000cc302 ━━━━━━━━━━━                     37.1% 304.00kB/820.47kB [2s] 
Writing at 0x000d2ac5 ━━━━━━━━━━━╸                    39.0% 320.00kB/820.47kB [2s] 
Writing at 0x000d979c ━━━━━━━━━━━━                    41.0% 336.00kB/820.47kB [2s] 
Writing at 0x000e01d1 ━━━━━━━━━━━━╸                   42.9% 352.00kB/820.47kB [2s] 
Writing at 0x000e6a23 ━━━━━━━━━━━━━                   44.9% 368.00kB/820.47kB [3s] 
Writing at 0x000ed77f ━━━━━━━━━━━━━━                  46.8% 384.00kB/820.47kB [3s] 
Writing at 0x000f45dc ━━━━━━━━━━━━━━╸                 48.8% 400.00kB/820.47kB [3s] 
Writing at 0x000fb686 ━━━━━━━━━━━━━━━                 50.7% 416.00kB/820.47kB [3s] 
Writing at 0x00101cbc ━━━━━━━━━━━━━━━╸                52.7% 432.00kB/820.47kB [3s] 
Writing at 0x00108a4c ━━━━━━━━━━━━━━━━                54.6% 448.00kB/820.47kB [3s] 
Writing at 0x00110302 ━━━━━━━━━━━━━━━━╸               56.6% 464.00kB/820.47kB [3s] 
Writing at 0x0011718b ━━━━━━━━━━━━━━━━━╸              58.5% 480.00kB/820.47kB [3s] 
Writing at 0x0011e2fe ━━━━━━━━━━━━━━━━━━              60.5% 496.00kB/820.47kB [3s] 
Writing at 0x00123d65 ━━━━━━━━━━━━━━━━━━╸             62.4% 512.00kB/820.47kB [3s] 
Writing at 0x00129d2b ━━━━━━━━━━━━━━━━━━━             64.4% 528.00kB/820.47kB [3s] 
Writing at 0x0012fab1 ━━━━━━━━━━━━━━━━━━━╸            66.3% 544.00kB/820.47kB [3s] 
Writing at 0x001354a5 ━━━━━━━━━━━━━━━━━━━━            68.3% 560.00kB/820.47kB [3s] 
Writing at 0x0013b4e0 ━━━━━━━━━━━━━━━━━━━━━           70.2% 576.00kB/820.47kB [3s] 
Writing at 0x0014204f ━━━━━━━━━━━━━━━━━━━━━╸          72.2% 592.00kB/820.47kB [3s] 
Writing at 0x00147e5e ━━━━━━━━━━━━━━━━━━━━━━          74.1% 608.00kB/820.47kB [3s] 
Writing at 0x0014dd22 ━━━━━━━━━━━━━━━━━━━━━━╸         76.1% 624.00kB/820.47kB [3s] 
Writing at 0x00153b44 ━━━━━━━━━━━━━━━━━━━━━━━         78.0% 640.00kB/820.47kB [3s] 
Writing at 0x0015a190 ━━━━━━━━━━━━━━━━━━━━━━━╸        80.0% 656.00kB/820.47kB [4s] 
Writing at 0x0015ffbf ━━━━━━━━━━━━━━━━━━━━━━━━╸       81.9% 672.00kB/820.47kB [4s] 
Writing at 0x00165ddb ━━━━━━━━━━━━━━━━━━━━━━━━━       83.9% 688.00kB/820.47kB [4s] 
Writing at 0x0016be42 ━━━━━━━━━━━━━━━━━━━━━━━━━╸      85.8% 704.00kB/820.47kB [4s] 
Writing at 0x00172350 ━━━━━━━━━━━━━━━━━━━━━━━━━━      87.8% 720.00kB/820.47kB [4s] 
Writing at 0x0017843d ━━━━━━━━━━━━━━━━━━━━━━━━━━╸     89.7% 736.00kB/820.47kB [4s] 
Writing at 0x0017e430 ━━━━━━━━━━━━━━━━━━━━━━━━━━━     91.7% 752.00kB/820.47kB [4s] 
Writing at 0x00184a1c ━━━━━━━━━━━━━━━━━━━━━━━━━━━━    93.6% 768.00kB/820.47kB [4s] 
Writing at 0x0018b459 ━━━━━━━━━━━━━━━━━━━━━━━━━━━━╸   95.6% 784.00kB/820.47kB [4s] 
Writing at 0x00190de2 ━━━━━━━━━━━━━━━━━━━━━━━━━━━━━   97.5% 800.00kB/820.47kB [4s] 
Writing at 0x001975e0 ━━━━━━━━━━━━━━━━━━━━━━━━━━━━━╸  99.5% 816.00kB/820.47kB [4s] 
Writing at 0x0019aae0 ━━━━━━━━━━━━━━━━━━━━━━━━━━━━━━ 100.0% 820.47kB/820.47kB [4s] 
Wrote 1420000 bytes (840164 compressed) at 0x00040000 in 4.6 seconds (2458.3 kbit/s).
Verifying written data...
Hash of data verified.

Staying in bootloader.
