$ /home/sahur/.local/bin/esptool --chip esp32c6 --port /dev/serial/by-id/usb-Espressif_USB_JTAG_serial_debug_unit_10:BD:A3:B1:47:54-if00 --baud 460800 --before default-reset --after hard-reset write-flash --flash-mode keep --flash-freq keep --flash-size keep 0x0 /tmp/routeloom-hil-flash-vpjekynn/images/bootloader/bootloader.bin 0x10000 /tmp/routeloom-hil-flash-vpjekynn/images/ota_data_initial.bin 0x40000 /tmp/routeloom-hil-flash-vpjekynn/images/application.bin 0x8000 /tmp/routeloom-hil-flash-vpjekynn/images/partition_table/partition-table.bin
esptool v5.4.0
Serial port /dev/serial/by-id/usb-Espressif_USB_JTAG_serial_debug_unit_10:BD:A3:B1:47:54-if00:
Connecting...
Connected to ESP32-C6 on /dev/serial/by-id/usb-Espressif_USB_JTAG_serial_debug_unit_10:BD:A3:B1:47:54-if00:
Chip type:          ESP32-C6FH4 (QFN32) (revision v0.2)
Features:           Wi-Fi 6, BT 5 (LE), IEEE802.15.4, Single Core + LP Core, 160MHz, Embedded Flash 4MB
Crystal frequency:  40MHz
USB mode:           USB-Serial/JTAG
MAC:                10:bd:a3:ff:fe:b1:47:54
BASE MAC:           10:bd:a3:b1:47:54
MAC_EXT:            ff:fe

Uploading stub flasher...
Running stub flasher...
Stub flasher running.
Changing baud rate to 460800...
Changed.

Configuring flash size...

Writing '/tmp/routeloom-hil-flash-vpjekynn/images/bootloader/bootloader.bin' at 0x00000000...
Flash will be erased from 0x00000000 to 0x00005fff...
Compressed 22528 bytes to 14136...
Writing at 0x00005800 ━━━━━━━━━━━━━━━━━━━━━━━━━━━━━━ 100.0% 13.80kB/13.80kB [0s] 
Wrote 22528 bytes (14136 compressed) at 0x00000000 in 0.2 seconds (1002.0 kbit/s).
Verifying written data...
Hash of data verified.

Writing '/tmp/routeloom-hil-flash-vpjekynn/images/ota_data_initial.bin' at 0x00010000...
Flash will be erased from 0x00010000 to 0x00011fff...
Compressed 8192 bytes to 31...
Writing at 0x00012000 ━━━━━━━━━━━━━━━━━━━━━━━━━━━━━━ 100.0% 31B/31B [0s] 
Wrote 8192 bytes (31 compressed) at 0x00010000 in 0.0 seconds (5733.0 kbit/s).
Verifying written data...
Hash of data verified.

Writing '/tmp/routeloom-hil-flash-vpjekynn/images/application.bin' at 0x00040000...
Flash will be erased from 0x00040000 to 0x000aafff...
Compressed 434656 bytes to 248874...
Writing at 0x0004b79c ━╸                               6.6% 16.00kB/243.04kB [0s] 
Writing at 0x000531ec ━━━╸                            13.2% 32.00kB/243.04kB [0s] 
Writing at 0x00059877 ━━━━━╸                          19.7% 48.00kB/243.04kB [0s] 
Writing at 0x0005f9e3 ━━━━━━━╸                        26.3% 64.00kB/243.04kB [0s] 
Writing at 0x000667af ━━━━━━━━━╸                      32.9% 80.00kB/243.04kB [0s] 
Writing at 0x0006d92e ━━━━━━━━━━━╸                    39.5% 96.00kB/243.04kB [0s] 
Writing at 0x00074662 ━━━━━━━━━━━━━╸                  46.1% 112.00kB/243.04kB [0s] 
Writing at 0x0007b978 ━━━━━━━━━━━━━━━╸                52.7% 128.00kB/243.04kB [0s] 
Writing at 0x00082810 ━━━━━━━━━━━━━━━━━╸              59.2% 144.00kB/243.04kB [1s] 
Writing at 0x0008943c ━━━━━━━━━━━━━━━━━━━╸            65.8% 160.00kB/243.04kB [1s] 
Writing at 0x0008f275 ━━━━━━━━━━━━━━━━━━━━━╸          72.4% 176.00kB/243.04kB [1s] 
Writing at 0x000954a2 ━━━━━━━━━━━━━━━━━━━━━━━╸        79.0% 192.00kB/243.04kB [1s] 
Writing at 0x0009afdd ━━━━━━━━━━━━━━━━━━━━━━━━━╸      85.6% 208.00kB/243.04kB [1s] 
Writing at 0x000a1195 ━━━━━━━━━━━━━━━━━━━━━━━━━━━╸    92.2% 224.00kB/243.04kB [1s] 
Writing at 0x000a82ff ━━━━━━━━━━━━━━━━━━━━━━━━━━━━━╸  98.7% 240.00kB/243.04kB [1s] 
Writing at 0x000aa1e0 ━━━━━━━━━━━━━━━━━━━━━━━━━━━━━━ 100.0% 243.04kB/243.04kB [1s] 
Wrote 434656 bytes (248874 compressed) at 0x00040000 in 1.5 seconds (2283.7 kbit/s).
Verifying written data...
Hash of data verified.

Writing '/tmp/routeloom-hil-flash-vpjekynn/images/partition_table/partition-table.bin' at 0x00008000...
Flash will be erased from 0x00008000 to 0x00008fff...
Compressed 3072 bytes to 179...
Writing at 0x00008c00 ━━━━━━━━━━━━━━━━━━━━━━━━━━━━━━ 100.0% 179B/179B [0s] 
Wrote 3072 bytes (179 compressed) at 0x00008000 in 0.0 seconds (4689.0 kbit/s).
Verifying written data...
Hash of data verified.

Hard resetting via RTS pin...
