[2026-09-28T18:15:34.469Z] !! capture open /dev/serial/by-id/usb-Espressif_USB_JTAG_serial_debug_unit_10:BD:A3:B1:47:54-if00 @ 115200 backend=pyserial dtr=1 rts=0
[2026-09-28T18:15:34.518Z] I (137) esp_image: segment 1: paddr=00050600 vaddr=40800000 sizeI (207) esp_image: segment 3: paddr=000a2394 vaddr=4080fa18 size=07d8ch ( 32140) load
[2026-09-28T18:15:34.525Z] I (214) esp_image: segment 4: paddr=000aa128 vaddr=50000000 size=00060h (    96) load
[2026-09-28T18:15:34.529Z] I (216) esp_image: segment 5: paddr=000aa190 vaddr=50000068 size=00024h (    36) load
[2026-09-28T18:15:34.534Z] I (223) boot: Loaded app from partition at offset 0x40000
[2026-09-28T18:15:34.538Z] I (228) boot: Set actual ota_seq=1 in otadata[0]
[2026-09-28T18:15:34.543Z] I (228) boot: Disabling RNG early entropy source...
[2026-09-28T18:15:34.555Z] I (244) cpu_start: Unicore app
[2026-09-28T18:15:34.564Z] I (254) cpu_start: GPIO 17 and 16 are used as console UART I/O pins
[2026-09-28T18:15:34.564Z] I (254) cpu_start: Pro cpu start user code
[2026-09-28T18:15:34.566Z] I (254) cpu_start: cpu freq: 160000000 Hz
[2026-09-28T18:15:34.570Z] I (256) app_init: Application information:
[2026-09-28T18:15:34.575Z] I (260) app_init: Project name:     routeloom_reference_node
[2026-09-28T18:15:34.579Z] I (265) app_init: App version:      1
[2026-09-28T18:15:34.584Z] I (268) app_init: Compile time:     Sep 28 2026 17:45:29
[2026-09-28T18:15:34.588Z] I (274) app_init: ELF file SHA256:  066c2b9cf...
[2026-09-28T18:15:34.592Z] I (278) app_init: ESP-IDF:          v6.0.3
[2026-09-28T18:15:34.596Z] I (282) efuse_init: Min chip rev:     v0.0
[2026-09-28T18:15:34.600Z] I (285) efuse_init: Max chip rev:     v0.99 
[2026-09-28T18:15:34.604Z] I (289) efuse_init: Chip rev:         v0.2
[2026-09-28T18:15:34.610Z] I (293) heap_init: Initializing. RAM available for dynamic allocation:
[2026-09-28T18:15:34.615Z] I (300) heap_init: At 4081EE80 len 0005D790 (373 KiB): RAM
[2026-09-28T18:15:34.620Z] I (305) heap_init: At 4087C610 len 00002F54 (11 KiB): RAM
[2026-09-28T18:15:34.626Z] I (310) heap_init: At 5000008C len 00003F5C (15 KiB): RTCRAM
[2026-09-28T18:15:34.629Z] I (316) spi_flash: detected chip: generic
[2026-09-28T18:15:34.632Z] I (319) spi_flash: flash io: dio
[2026-09-28T18:15:34.639Z] I (322) sleep_gpio: Configure to isolate all GPIO pins in sleep state
[2026-09-28T18:15:34.646Z] I (328) sleep_gpio: Enable automatic switching of GPIO sleep configuration
[2026-09-28T18:15:34.656Z] I (344) main_task: Started on CPU0
[2026-09-28T18:15:34.660Z] I (346) main_task: Calling app_main()
[2026-09-28T18:15:34.666Z] I (350) rl_flash: image: sdk=0.1.0 layout=PT-4M-v2 storage_epoch=2
[2026-09-28T18:15:34.705Z] I (394) RouteLoomRef: sdkv1 identity: none provisioned
[2026-09-28T18:15:34.705Z] I (395) RouteLoomRef: sdkv1 site: not a member
[2026-09-28T18:15:34.709Z] I (395) RouteLoomRef: sdkv1 revocation: none rs_epoch=0 resume_slots=16
[2026-09-28T18:15:34.714Z] I (399) RouteLoomRef: sdkv1 local_revocation: none
[2026-09-28T18:15:34.718Z] I (403) RouteLoomRef: sdkv1 lifecycle: none
[2026-09-28T18:15:34.727Z] routeloom-maintenance v1 ready
[2026-09-28T18:15:37.566Z] !! capture closed
