esptool v5.4.0
Serial port /dev/serial/by-id/usb-Espressif_USB_JTAG_serial_debug_unit_94:A9:90:7A:26:AC-if00:
Connecting...
Connected to ESP32-C3 on /dev/serial/by-id/usb-Espressif_USB_JTAG_serial_debug_unit_94:A9:90:7A:26:AC-if00:
Chip type:          ESP32-C3 (QFN32) (revision v0.4)
Features:           Wi-Fi, BT 5 (LE), Single Core, 160MHz, Embedded Flash 4MB (XMC)
Crystal frequency:  40MHz
USB mode:           USB-Serial/JTAG
MAC:                94:a9:90:7a:26:ac

Uploading stub flasher...
Running stub flasher...
Stub flasher running.

Configuring flash size...
Flash will be erased from 0x00040000 to 0x0020ffff...
Compressed 1900544 bytes to 813416...
Writing at 0x0004bfb9 ╸                                2.0% 16.00kB/794.35kB [0s] 
Writing at 0x00057f42 ━                                4.0% 32.00kB/794.35kB [0s] 
Writing at 0x0005ee57 ━╸                               6.0% 48.00kB/794.35kB [1s] 
Writing at 0x0006802d ━━                               8.1% 64.00kB/794.35kB [1s] 
Writing at 0x0006dc14 ━━━                             10.1% 80.00kB/794.35kB [2s] 
Writing at 0x00073ac2 ━━━╸                            12.1% 96.00kB/794.35kB [2s] 
Writing at 0x00079ca8 ━━━━                            14.1% 112.00kB/794.35kB [3s] 
Writing at 0x0007f714 ━━━━╸                           16.1% 128.00kB/794.35kB [3s] 
Writing at 0x000855aa ━━━━━                           18.1% 144.00kB/794.35kB [4s] 
Writing at 0x0008b943 ━━━━━━                          20.1% 160.00kB/794.35kB [4s] 
Writing at 0x000914c3 ━━━━━━╸                         22.2% 176.00kB/794.35kB [5s] 
Writing at 0x0009707a ━━━━━━━                         24.2% 192.00kB/794.35kB [5s] 
Writing at 0x0009d05e ━━━━━━━╸                        26.2% 208.00kB/794.35kB [6s] 
Writing at 0x000a2882 ━━━━━━━━                        28.2% 224.00kB/794.35kB [6s] 
Writing at 0x000a856d ━━━━━━━━━                       30.2% 240.00kB/794.35kB [7s] 
Writing at 0x000ae0f0 ━━━━━━━━━╸                      32.2% 256.00kB/794.35kB [7s] 
Writing at 0x000b3a7c ━━━━━━━━━━                      34.2% 272.00kB/794.35kB [7s] 
Writing at 0x000b9364 ━━━━━━━━━━╸                     36.3% 288.00kB/794.35kB [8s] 
Writing at 0x000bee9a ━━━━━━━━━━━                     38.3% 304.00kB/794.35kB [8s] 
Writing at 0x000c4a04 ━━━━━━━━━━━━                    40.3% 320.00kB/794.35kB [8s] 
Writing at 0x000caaa0 ━━━━━━━━━━━━╸                   42.3% 336.00kB/794.35kB [8s] 
Writing at 0x000d0858 ━━━━━━━━━━━━━                   44.3% 352.00kB/794.35kB [8s] 
Writing at 0x000d630d ━━━━━━━━━━━━━╸                  46.3% 368.00kB/794.35kB [8s] 
Writing at 0x000dbe04 ━━━━━━━━━━━━━━╸                 48.3% 384.00kB/794.35kB [8s] 
Writing at 0x000e1c22 ━━━━━━━━━━━━━━━                 50.4% 400.00kB/794.35kB [8s] 
Writing at 0x000e7c3b ━━━━━━━━━━━━━━━╸                52.4% 416.00kB/794.35kB [8s] 
Writing at 0x000edd5c ━━━━━━━━━━━━━━━━                54.4% 432.00kB/794.35kB [8s] 
Writing at 0x000f4722 ━━━━━━━━━━━━━━━━╸               56.4% 448.00kB/794.35kB [8s] 
Writing at 0x000fa57a ━━━━━━━━━━━━━━━━━╸              58.4% 464.00kB/794.35kB [8s] 
Writing at 0x00100399 ━━━━━━━━━━━━━━━━━━              60.4% 480.00kB/794.35kB [9s] 
Writing at 0x00106361 ━━━━━━━━━━━━━━━━━━╸             62.4% 496.00kB/794.35kB [9s] 
Writing at 0x0010ca21 ━━━━━━━━━━━━━━━━━━━             64.5% 512.00kB/794.35kB [9s] 
Writing at 0x00112903 ━━━━━━━━━━━━━━━━━━━╸            66.5% 528.00kB/794.35kB [9s] 
Writing at 0x001187b1 ━━━━━━━━━━━━━━━━━━━━╸           68.5% 544.00kB/794.35kB [9s] 
Writing at 0x0011e472 ━━━━━━━━━━━━━━━━━━━━━           70.5% 560.00kB/794.35kB [9s] 
Writing at 0x00123eed ━━━━━━━━━━━━━━━━━━━━━╸          72.5% 576.00kB/794.35kB [9s] 
Writing at 0x00129af3 ━━━━━━━━━━━━━━━━━━━━━━          74.5% 592.00kB/794.35kB [9s] 
Writing at 0x0012f916 ━━━━━━━━━━━━━━━━━━━━━━╸         76.5% 608.00kB/794.35kB [9s] 
Writing at 0x00136238 ━━━━━━━━━━━━━━━━━━━━━━━╸        78.6% 624.00kB/794.35kB [9s] 
Writing at 0x0013bfbe ━━━━━━━━━━━━━━━━━━━━━━━━        80.6% 640.00kB/794.35kB [9s] 
Writing at 0x0014214f ━━━━━━━━━━━━━━━━━━━━━━━━╸       82.6% 656.00kB/794.35kB [10s] 
Writing at 0x0014852d ━━━━━━━━━━━━━━━━━━━━━━━━━       84.6% 672.00kB/794.35kB [10s] 
Writing at 0x0014e7d7 ━━━━━━━━━━━━━━━━━━━━━━━━━╸      86.6% 688.00kB/794.35kB [10s] 
Writing at 0x00154578 ━━━━━━━━━━━━━━━━━━━━━━━━━━╸     88.6% 704.00kB/794.35kB [10s] 
Writing at 0x0015a2da ━━━━━━━━━━━━━━━━━━━━━━━━━━━     90.6% 720.00kB/794.35kB [10s] 
Writing at 0x0015f7d6 ━━━━━━━━━━━━━━━━━━━━━━━━━━━╸    92.7% 736.00kB/794.35kB [10s] 
Writing at 0x00164fa8 ━━━━━━━━━━━━━━━━━━━━━━━━━━━━    94.7% 752.00kB/794.35kB [10s] 
Writing at 0x0016a65e ━━━━━━━━━━━━━━━━━━━━━━━━━━━━━   96.7% 768.00kB/794.35kB [10s] 
Writing at 0x0017097c ━━━━━━━━━━━━━━━━━━━━━━━━━━━━━╸  98.7% 784.00kB/794.35kB [10s] 
Writing at 0x00210000 ━━━━━━━━━━━━━━━━━━━━━━━━━━━━━━ 100.0% 794.35kB/794.35kB [10s] 
Wrote 1900544 bytes (813416 compressed) at 0x00040000 in 11.9 seconds (1282.4 kbit/s).
Verifying written data...
Hash of data verified.

Staying in bootloader.
