/home/sahur/.local/bin/esptool --chip esp32c6 --port /dev/serial/by-id/usb-Espressif_USB_JTAG_serial_debug_unit_10:BD:A3:B1:47:54-if00 -b 460800 --after no-reset write-flash --flash-mode keep --flash-freq keep --flash-size keep 0x10000 /home/sahur/orca/workspaces/RouteLoom/v2-h1/artifacts/hil/images/h1-ep-feat/images/ota_data_initial.bin 0x40000 /home/sahur/orca/workspaces/RouteLoom/v2-h1/artifacts/hil/images/h1-ep-feat/images/application.bin
esptool v5.4.0
Serial port /dev/serial/by-id/usb-Espressif_USB_JTAG_serial_debug_unit_10:BD:A3:B1:47:54-if00:
Connecting...
Connected to ESP32-C6 on /dev/serial/by-id/usb-Espressif_USB_JTAG_serial_debug_unit_10:BD:A3:B1:47:54-if00:
Chip type:          ESP32-C6FH4 (QFN32) (revision v0.2)
Features:           Wi-Fi 6, BT 5 (LE), IEEE802.15.4, Single Core + LP Core, 160MHz, Embedded Flash 4MB
Crystal frequency:  40MHz
USB mode:           USB-Serial/JTAG
MAC:                10:bd:a3:ff:fe:b1:47:54
BASE MAC:           10:bd:a3:b1:47:54
MAC_EXT:            ff:fe

Uploading stub flasher...
Running stub flasher...
Stub flasher running.
Changing baud rate to 460800...
Changed.

Configuring flash size...

Writing '/home/sahur/orca/workspaces/RouteLoom/v2-h1/artifacts/hil/images/h1-ep-feat/images/ota_data_initial.bin' at 0x00010000...
Flash will be erased from 0x00010000 to 0x00011fff...
Compressed 8192 bytes to 31...
Writing at 0x00012000 ━━━━━━━━━━━━━━━━━━━━━━━━━━━━━━ 100.0% 31B/31B [0s] 
Wrote 8192 bytes (31 compressed) at 0x00010000 in 0.0 seconds (4077.2 kbit/s).
Verifying written data...
Hash of data verified.

Writing '/home/sahur/orca/workspaces/RouteLoom/v2-h1/artifacts/hil/images/h1-ep-feat/images/application.bin' at 0x00040000...
Flash will be erased from 0x00040000 to 0x0018afff...
Compressed 1355200 bytes to 866959...
Writing at 0x0004bf0f ╸                                1.9% 16.00kB/846.64kB [0s] 
Writing at 0x00058a68 ━                                3.8% 32.00kB/846.64kB [0s] 
Writing at 0x0005f9c7 ━╸                               5.7% 48.00kB/846.64kB [0s] 
Writing at 0x00068d1d ━━                               7.6% 64.00kB/846.64kB [0s] 
Writing at 0x0006e779 ━━╸                              9.4% 80.00kB/846.64kB [1s] 
Writing at 0x000745a0 ━━━                             11.3% 96.00kB/846.64kB [1s] 
Writing at 0x0007ab97 ━━━╸                            13.2% 112.00kB/846.64kB [1s] 
Writing at 0x0008089b ━━━━╸                           15.1% 128.00kB/846.64kB [1s] 
Writing at 0x00086715 ━━━━━                           17.0% 144.00kB/846.64kB [1s] 
Writing at 0x0008c4ba ━━━━━╸                          18.9% 160.00kB/846.64kB [1s] 
Writing at 0x00092755 ━━━━━━                          20.8% 176.00kB/846.64kB [2s] 
Writing at 0x00098342 ━━━━━━╸                         22.7% 192.00kB/846.64kB [2s] 
Writing at 0x0009e339 ━━━━━━━                         24.6% 208.00kB/846.64kB [2s] 
Writing at 0x000a3d6e ━━━━━━━╸                        26.5% 224.00kB/846.64kB [2s] 
Writing at 0x000a9d63 ━━━━━━━━╸                       28.3% 240.00kB/846.64kB [2s] 
Writing at 0x000af882 ━━━━━━━━━                       30.2% 256.00kB/846.64kB [2s] 
Writing at 0x000b5548 ━━━━━━━━━╸                      32.1% 272.00kB/846.64kB [2s] 
Writing at 0x000babc0 ━━━━━━━━━━                      34.0% 288.00kB/846.64kB [2s] 
Writing at 0x000c04a0 ━━━━━━━━━━╸                     35.9% 304.00kB/846.64kB [2s] 
Writing at 0x000c60d9 ━━━━━━━━━━━                     37.8% 320.00kB/846.64kB [2s] 
Writing at 0x000cc031 ━━━━━━━━━━━╸                    39.7% 336.00kB/846.64kB [2s] 
Writing at 0x000d1f8f ━━━━━━━━━━━━                    41.6% 352.00kB/846.64kB [3s] 
Writing at 0x000d7a85 ━━━━━━━━━━━━━                   43.5% 368.00kB/846.64kB [3s] 
Writing at 0x000dd350 ━━━━━━━━━━━━━╸                  45.4% 384.00kB/846.64kB [3s] 
Writing at 0x000e2e0f ━━━━━━━━━━━━━━                  47.2% 400.00kB/846.64kB [3s] 
Writing at 0x000e91bf ━━━━━━━━━━━━━━╸                 49.1% 416.00kB/846.64kB [3s] 
Writing at 0x000eefe4 ━━━━━━━━━━━━━━━                 51.0% 432.00kB/846.64kB [3s] 
Writing at 0x000f516c ━━━━━━━━━━━━━━━╸                52.9% 448.00kB/846.64kB [3s] 
Writing at 0x000fab88 ━━━━━━━━━━━━━━━━                54.8% 464.00kB/846.64kB [3s] 
Writing at 0x001008ed ━━━━━━━━━━━━━━━━━               56.7% 480.00kB/846.64kB [3s] 
Writing at 0x001068ba ━━━━━━━━━━━━━━━━━╸              58.6% 496.00kB/846.64kB [4s] 
Writing at 0x0010c837 ━━━━━━━━━━━━━━━━━━              60.5% 512.00kB/846.64kB [4s] 
Writing at 0x00112d34 ━━━━━━━━━━━━━━━━━━╸             62.4% 528.00kB/846.64kB [4s] 
Writing at 0x001189f4 ━━━━━━━━━━━━━━━━━━━             64.3% 544.00kB/846.64kB [4s] 
Writing at 0x0011e8ee ━━━━━━━━━━━━━━━━━━━╸            66.1% 560.00kB/846.64kB [4s] 
Writing at 0x00124455 ━━━━━━━━━━━━━━━━━━━━            68.0% 576.00kB/846.64kB [4s] 
Writing at 0x00129e38 ━━━━━━━━━━━━━━━━━━━━╸           69.9% 592.00kB/846.64kB [4s] 
Writing at 0x0012fe47 ━━━━━━━━━━━━━━━━━━━━━╸          71.8% 608.00kB/846.64kB [4s] 
Writing at 0x00136b2c ━━━━━━━━━━━━━━━━━━━━━━          73.7% 624.00kB/846.64kB [4s] 
Writing at 0x0013c864 ━━━━━━━━━━━━━━━━━━━━━━╸         75.6% 640.00kB/846.64kB [4s] 
Writing at 0x0014273a ━━━━━━━━━━━━━━━━━━━━━━━         77.5% 656.00kB/846.64kB [4s] 
Writing at 0x001487e4 ━━━━━━━━━━━━━━━━━━━━━━━╸        79.4% 672.00kB/846.64kB [4s] 
Writing at 0x0014ee0a ━━━━━━━━━━━━━━━━━━━━━━━━        81.3% 688.00kB/846.64kB [4s] 
Writing at 0x00154b67 ━━━━━━━━━━━━━━━━━━━━━━━━╸       83.2% 704.00kB/846.64kB [4s] 
Writing at 0x0015ab00 ━━━━━━━━━━━━━━━━━━━━━━━━━╸      85.0% 720.00kB/846.64kB [4s] 
Writing at 0x0016092d ━━━━━━━━━━━━━━━━━━━━━━━━━━      86.9% 736.00kB/846.64kB [5s] 
Writing at 0x0016650e ━━━━━━━━━━━━━━━━━━━━━━━━━━╸     88.8% 752.00kB/846.64kB [5s] 
Writing at 0x0016bcdd ━━━━━━━━━━━━━━━━━━━━━━━━━━━     90.7% 768.00kB/846.64kB [5s] 
Writing at 0x001712a6 ━━━━━━━━━━━━━━━━━━━━━━━━━━━╸    92.6% 784.00kB/846.64kB [5s] 
Writing at 0x001776d4 ━━━━━━━━━━━━━━━━━━━━━━━━━━━━    94.5% 800.00kB/846.64kB [5s] 
Writing at 0x0017d250 ━━━━━━━━━━━━━━━━━━━━━━━━━━━━╸   96.4% 816.00kB/846.64kB [5s] 
Writing at 0x00182ea3 ━━━━━━━━━━━━━━━━━━━━━━━━━━━━━   98.3% 832.00kB/846.64kB [5s] 
Writing at 0x0018adc0 ━━━━━━━━━━━━━━━━━━━━━━━━━━━━━━ 100.0% 846.64kB/846.64kB [5s] 
Wrote 1355200 bytes (866959 compressed) at 0x00040000 in 5.9 seconds (1831.1 kbit/s).
Verifying written data...
Hash of data verified.

Staying in bootloader.
