$ /home/sahur/.local/bin/esptool --chip esp32c3 --port /dev/serial/by-id/usb-Espressif_USB_JTAG_serial_debug_unit_94:A9:90:7A:B5:60-if00 --baud 460800 --before default-reset --after hard-reset write-flash --flash-mode dio --flash-size 2MB --flash-freq 80m 0x10000 artifacts/hil/2026-09-26/images/full-r14-member-node2/build/routeloom_reference_node.bin
esptool v5.4.0
Serial port /dev/serial/by-id/usb-Espressif_USB_JTAG_serial_debug_unit_94:A9:90:7A:B5:60-if00:
Connecting...
Connected to ESP32-C3 on /dev/serial/by-id/usb-Espressif_USB_JTAG_serial_debug_unit_94:A9:90:7A:B5:60-if00:
Chip type:          ESP32-C3 (QFN32) (revision v0.4)
Features:           Wi-Fi, BT 5 (LE), Single Core, 160MHz, Embedded Flash 4MB (XMC)
Crystal frequency:  40MHz
USB mode:           USB-Serial/JTAG
MAC:                94:a9:90:7a:b5:60

Uploading stub flasher...
Running stub flasher...
Stub flasher running.
Changing baud rate to 460800...
Changed.

Configuring flash size...
Flash will be erased from 0x00010000 to 0x0013ffff...
Compressed 1243088 bytes to 736625...
Writing at 0x0001c4f3 ╸                                2.2% 16.00kB/719.36kB [0s] 
Writing at 0x00027756 ━                                4.4% 32.00kB/719.36kB [0s] 
Writing at 0x0002e54e ━━                               6.7% 48.00kB/719.36kB [1s] 
Writing at 0x00036d31 ━━╸                              8.9% 64.00kB/719.36kB [1s] 
Writing at 0x0003d83c ━━━                             11.1% 80.00kB/719.36kB [2s] 
Writing at 0x00043cae ━━━━                            13.3% 96.00kB/719.36kB [2s] 
Writing at 0x0004aee8 ━━━━╸                           15.6% 112.00kB/719.36kB [3s] 
Writing at 0x00051b09 ━━━━━                           17.8% 128.00kB/719.36kB [3s] 
Writing at 0x000582f6 ━━━━━━                          20.0% 144.00kB/719.36kB [4s] 
Writing at 0x0005efa9 ━━━━━━╸                         22.2% 160.00kB/719.36kB [5s] 
Writing at 0x000657d1 ━━━━━━━                         24.5% 176.00kB/719.36kB [5s] 
Writing at 0x0006c468 ━━━━━━━━                        26.7% 192.00kB/719.36kB [5s] 
Writing at 0x00072c38 ━━━━━━━━╸                       28.9% 208.00kB/719.36kB [5s] 
Writing at 0x00079a6e ━━━━━━━━━                       31.1% 224.00kB/719.36kB [5s] 
Writing at 0x00080076 ━━━━━━━━━━                      33.4% 240.00kB/719.36kB [5s] 
Writing at 0x00086a13 ━━━━━━━━━━╸                     35.6% 256.00kB/719.36kB [5s] 
Writing at 0x0008d0d7 ━━━━━━━━━━━                     37.8% 272.00kB/719.36kB [5s] 
Writing at 0x00093b8b ━━━━━━━━━━━━                    40.0% 288.00kB/719.36kB [5s] 
Writing at 0x0009a1f4 ━━━━━━━━━━━━╸                   42.3% 304.00kB/719.36kB [5s] 
Writing at 0x000a0ac8 ━━━━━━━━━━━━━                   44.5% 320.00kB/719.36kB [6s] 
Writing at 0x000a7404 ━━━━━━━━━━━━━━                  46.7% 336.00kB/719.36kB [6s] 
Writing at 0x000adefd ━━━━━━━━━━━━━━╸                 48.9% 352.00kB/719.36kB [6s] 
Writing at 0x000b4934 ━━━━━━━━━━━━━━━                 51.2% 368.00kB/719.36kB [6s] 
Writing at 0x000bb197 ━━━━━━━━━━━━━━━━                53.4% 384.00kB/719.36kB [6s] 
Writing at 0x000c1a41 ━━━━━━━━━━━━━━━━╸               55.6% 400.00kB/719.36kB [6s] 
Writing at 0x000c9456 ━━━━━━━━━━━━━━━━━               57.8% 416.00kB/719.36kB [6s] 
Writing at 0x000d04f8 ━━━━━━━━━━━━━━━━━━              60.1% 432.00kB/719.36kB [6s] 
Writing at 0x000d759a ━━━━━━━━━━━━━━━━━━╸             62.3% 448.00kB/719.36kB [6s] 
Writing at 0x000dd03e ━━━━━━━━━━━━━━━━━━━             64.5% 464.00kB/719.36kB [6s] 
Writing at 0x000e2e07 ━━━━━━━━━━━━━━━━━━━━            66.7% 480.00kB/719.36kB [6s] 
Writing at 0x000e8bea ━━━━━━━━━━━━━━━━━━━━╸           69.0% 496.00kB/719.36kB [7s] 
Writing at 0x000ee43c ━━━━━━━━━━━━━━━━━━━━━           71.2% 512.00kB/719.36kB [7s] 
Writing at 0x000f421b ━━━━━━━━━━━━━━━━━━━━━━          73.4% 528.00kB/719.36kB [7s] 
Writing at 0x000fade1 ━━━━━━━━━━━━━━━━━━━━━━╸         75.6% 544.00kB/719.36kB [7s] 
Writing at 0x00100b14 ━━━━━━━━━━━━━━━━━━━━━━━         77.8% 560.00kB/719.36kB [7s] 
Writing at 0x00106684 ━━━━━━━━━━━━━━━━━━━━━━━━        80.1% 576.00kB/719.36kB [7s] 
Writing at 0x0010ce70 ━━━━━━━━━━━━━━━━━━━━━━━━╸       82.3% 592.00kB/719.36kB [7s] 
Writing at 0x00112eb3 ━━━━━━━━━━━━━━━━━━━━━━━━━       84.5% 608.00kB/719.36kB [7s] 
Writing at 0x00118f55 ━━━━━━━━━━━━━━━━━━━━━━━━━━      86.7% 624.00kB/719.36kB [7s] 
Writing at 0x0011f463 ━━━━━━━━━━━━━━━━━━━━━━━━━━╸     89.0% 640.00kB/719.36kB [7s] 
Writing at 0x0012572e ━━━━━━━━━━━━━━━━━━━━━━━━━━━     91.2% 656.00kB/719.36kB [7s] 
Writing at 0x0012bb6a ━━━━━━━━━━━━━━━━━━━━━━━━━━━━    93.4% 672.00kB/719.36kB [8s] 
Writing at 0x0013136e ━━━━━━━━━━━━━━━━━━━━━━━━━━━━╸   95.6% 688.00kB/719.36kB [8s] 
Writing at 0x00137f50 ━━━━━━━━━━━━━━━━━━━━━━━━━━━━━   97.9% 704.00kB/719.36kB [8s] 
Writing at 0x0013f7d0 ━━━━━━━━━━━━━━━━━━━━━━━━━━━━━━ 100.0% 719.36kB/719.36kB [8s] 
Wrote 1243088 bytes (736625 compressed) at 0x00010000 in 8.5 seconds (1167.9 kbit/s).
Verifying written data...
Hash of data verified.

Hard resetting via RTS pin...
