$ /home/sahur/.local/bin/esptool --chip esp32c3 --port /dev/serial/by-id/usb-Espressif_USB_JTAG_serial_debug_unit_94:A9:90:7A:26:AC-if00 --baud 460800 --before default-reset --after hard-reset write-flash --flash-mode dio --flash-size 2MB --flash-freq 80m 0x10000 artifacts/hil/2026-09-26/images/full-r6-c3-chain-node3/build/routeloom_reference_node.bin
esptool v5.4.0
Serial port /dev/serial/by-id/usb-Espressif_USB_JTAG_serial_debug_unit_94:A9:90:7A:26:AC-if00:
Connecting...
Connected to ESP32-C3 on /dev/serial/by-id/usb-Espressif_USB_JTAG_serial_debug_unit_94:A9:90:7A:26:AC-if00:
Chip type:          ESP32-C3 (QFN32) (revision v0.4)
Features:           Wi-Fi, BT 5 (LE), Single Core, 160MHz, Embedded Flash 4MB (XMC)
Crystal frequency:  40MHz
USB mode:           USB-Serial/JTAG
MAC:                94:a9:90:7a:26:ac

Uploading stub flasher...
Running stub flasher...
Stub flasher running.
Changing baud rate to 460800...
Changed.

Configuring flash size...
Flash will be erased from 0x00010000 to 0x00140fff...
Compressed 1248304 bytes to 739151...
Writing at 0x0001c47f ╸                                2.2% 16.00kB/721.83kB [0s] 
Writing at 0x00027756 ━                                4.4% 32.00kB/721.83kB [0s] 
Writing at 0x0002e518 ━╸                               6.6% 48.00kB/721.83kB [1s] 
Writing at 0x00036d64 ━━╸                              8.9% 64.00kB/721.83kB [1s] 
Writing at 0x0003d7c3 ━━━                             11.1% 80.00kB/721.83kB [2s] 
Writing at 0x00043c9c ━━━╸                            13.3% 96.00kB/721.83kB [2s] 
Writing at 0x0004b028 ━━━━╸                           15.5% 112.00kB/721.83kB [3s] 
Writing at 0x00051b4a ━━━━━                           17.7% 128.00kB/721.83kB [4s] 
Writing at 0x000586c5 ━━━━━╸                          19.9% 144.00kB/721.83kB [4s] 
Writing at 0x0005f2b9 ━━━━━━╸                         22.2% 160.00kB/721.83kB [5s] 
Writing at 0x00065c57 ━━━━━━━                         24.4% 176.00kB/721.83kB [5s] 
Writing at 0x0006c802 ━━━━━━━╸                        26.6% 192.00kB/721.83kB [5s] 
Writing at 0x00072f75 ━━━━━━━━╸                       28.8% 208.00kB/721.83kB [5s] 
Writing at 0x00079e4a ━━━━━━━━━                       31.0% 224.00kB/721.83kB [5s] 
Writing at 0x000802dd ━━━━━━━━━╸                      33.2% 240.00kB/721.83kB [5s] 
Writing at 0x00086d6c ━━━━━━━━━━╸                     35.5% 256.00kB/721.83kB [5s] 
Writing at 0x0008d3e3 ━━━━━━━━━━━                     37.7% 272.00kB/721.83kB [5s] 
Writing at 0x00093f14 ━━━━━━━━━━━╸                    39.9% 288.00kB/721.83kB [5s] 
Writing at 0x0009a63e ━━━━━━━━━━━━╸                   42.1% 304.00kB/721.83kB [6s] 
Writing at 0x000a0d9f ━━━━━━━━━━━━━                   44.3% 320.00kB/721.83kB [6s] 
Writing at 0x000a7750 ━━━━━━━━━━━━━╸                  46.5% 336.00kB/721.83kB [6s] 
Writing at 0x000ae09e ━━━━━━━━━━━━━━╸                 48.8% 352.00kB/721.83kB [6s] 
Writing at 0x000b4cd0 ━━━━━━━━━━━━━━━                 51.0% 368.00kB/721.83kB [6s] 
Writing at 0x000bb68a ━━━━━━━━━━━━━━━╸                53.2% 384.00kB/721.83kB [6s] 
Writing at 0x000c1db8 ━━━━━━━━━━━━━━━━╸               55.4% 400.00kB/721.83kB [6s] 
Writing at 0x000c9540 ━━━━━━━━━━━━━━━━━               57.6% 416.00kB/721.83kB [6s] 
Writing at 0x000d0ab8 ━━━━━━━━━━━━━━━━━╸              59.8% 432.00kB/721.83kB [6s] 
Writing at 0x000d7849 ━━━━━━━━━━━━━━━━━━╸             62.1% 448.00kB/721.83kB [6s] 
Writing at 0x000dd59c ━━━━━━━━━━━━━━━━━━━             64.3% 464.00kB/721.83kB [6s] 
Writing at 0x000e3422 ━━━━━━━━━━━━━━━━━━━╸            66.5% 480.00kB/721.83kB [7s] 
Writing at 0x000e91aa ━━━━━━━━━━━━━━━━━━━━╸           68.7% 496.00kB/721.83kB [7s] 
Writing at 0x000eeb64 ━━━━━━━━━━━━━━━━━━━━━           70.9% 512.00kB/721.83kB [7s] 
Writing at 0x000f485b ━━━━━━━━━━━━━━━━━━━━━╸          73.1% 528.00kB/721.83kB [7s] 
Writing at 0x000fb37e ━━━━━━━━━━━━━━━━━━━━━━╸         75.4% 544.00kB/721.83kB [7s] 
Writing at 0x00101016 ━━━━━━━━━━━━━━━━━━━━━━━         77.6% 560.00kB/721.83kB [7s] 
Writing at 0x00106b88 ━━━━━━━━━━━━━━━━━━━━━━━╸        79.8% 576.00kB/721.83kB [7s] 
Writing at 0x0010d47c ━━━━━━━━━━━━━━━━━━━━━━━━╸       82.0% 592.00kB/721.83kB [7s] 
Writing at 0x001133cd ━━━━━━━━━━━━━━━━━━━━━━━━━       84.2% 608.00kB/721.83kB [7s] 
Writing at 0x0011951d ━━━━━━━━━━━━━━━━━━━━━━━━━╸      86.4% 624.00kB/721.83kB [7s] 
Writing at 0x0011f99e ━━━━━━━━━━━━━━━━━━━━━━━━━━╸     88.7% 640.00kB/721.83kB [7s] 
Writing at 0x00125d24 ━━━━━━━━━━━━━━━━━━━━━━━━━━━     90.9% 656.00kB/721.83kB [8s] 
Writing at 0x0012c1ba ━━━━━━━━━━━━━━━━━━━━━━━━━━━╸    93.1% 672.00kB/721.83kB [8s] 
Writing at 0x00131aa4 ━━━━━━━━━━━━━━━━━━━━━━━━━━━━╸   95.3% 688.00kB/721.83kB [8s] 
Writing at 0x00137fd4 ━━━━━━━━━━━━━━━━━━━━━━━━━━━━━   97.5% 704.00kB/721.83kB [8s] 
Writing at 0x0013e62b ━━━━━━━━━━━━━━━━━━━━━━━━━━━━━╸  99.7% 720.00kB/721.83kB [8s] 
Writing at 0x00140c30 ━━━━━━━━━━━━━━━━━━━━━━━━━━━━━━ 100.0% 721.83kB/721.83kB [8s] 
Wrote 1248304 bytes (739151 compressed) at 0x00010000 in 8.6 seconds (1160.4 kbit/s).
Verifying written data...
Hash of data verified.

Hard resetting via RTS pin...
