[2026-09-29T20:26:30.319+00:00] !! reset pulse
[2026-09-29T20:26:30.419+00:00] I (153) esp_image: segment 1: paddr=000648e8 vaddr=40800000 sizeESP-ROM:esp32c6-20220919
[2026-09-29T20:26:30.419+00:00] Build:Sep 19 2022
[2026-09-29T20:26:30.419+00:00] rst:0x15 (USB_UART_HPSYS),boot:0x1e (SPI_FAST_FLASH_BOOT)
[2026-09-29T20:26:30.419+00:00] Saved PC:0x40806a84
[2026-09-29T20:26:30.419+00:00] SPIWP:0xee
[2026-09-29T20:26:30.419+00:00] mode:DIO, clock div:2
[2026-09-29T20:26:30.419+00:00] load:0x40875730,len:0x1738
[2026-09-29T20:26:30.419+00:00] load:0x4086b910,len:0xd8c
[2026-09-29T20:26:30.419+00:00] load:0x4086e610,len:0x32e0
[2026-09-29T20:26:30.419+00:00] entry 0x4086b91a
[2026-09-29T20:26:30.419+00:00] I (23) boot: ESP-IDF v6.0.3 2nd stage bootloader
[2026-09-29T20:26:30.419+00:00] I (23) boot: compile time Sep 29 2026 20:16:00
[2026-09-29T20:26:30.419+00:00] I (24) boot: chip revision: v0.2
[2026-09-29T20:26:30.419+00:00] I (24) boot: efuse block revision: v0.3
[2026-09-29T20:26:30.419+00:00] I (26) boot.esp32c6: SPI Speed      : 80MHz
[2026-09-29T20:26:30.419+00:00] I (30) boot.esp32c6: SPI Mode       : DIO
[2026-09-29T20:26:30.419+00:00] I (34) boot.esp32c6: SPI Flash Size : 4MB
[2026-09-29T20:26:30.419+00:00] I (38) boot: Enabling RNG early entropy source...
[2026-09-29T20:26:30.419+00:00] I (42) boot: Partition Table:
[2026-09-29T20:26:30.419+00:00] I (45) boot: ## Label            Usage          Type ST Offset   Length
[2026-09-29T20:26:30.419+00:00] I (51) boot:  0 nvs              WiFi data        01 02 00009000 00006000
[2026-09-29T20:26:30.419+00:00] I (58) boot:  1 phy_init         RF data          01 01 0000f000 00001000
[2026-09-29T20:26:30.419+00:00] I (64) boot:  2 otadata          OTA data         01 00 00010000 00002000
[2026-09-29T20:26:30.419+00:00] I (71) boot:  3 rlcfg            WiFi data        01 02 00012000 00006000
[2026-09-29T20:26:30.419+00:00] I (77) boot:  4 rlkeys           WiFi data        01 02 00018000 00003000
[2026-09-29T20:26:30.419+00:00] I (84) boot:  5 rlsec            WiFi data        01 02 00020000 00020000
[2026-09-29T20:26:30.419+00:00] I (90) boot:  6 ota_0            OTA app          00 10 00040000 001d0000
[2026-09-29T20:26:30.419+00:00] I (97) boot:  7 ota_1            OTA app          00 11 00210000 001d0000
[2026-09-29T20:26:30.419+00:00] I (103) boot:  8 coredump         Unknown data     01 03 003e0000 00010000
[2026-09-29T20:26:30.419+00:00] I (110) boot: End of partition table
[2026-09-29T20:26:30.419+00:00] I (114) esp_image: segment 0: paddr=00040020 vaddr=420f0020 size=248c0h (149696) map
[2026-09-29T20:26:30.419+00:00] I (149) esp_image: segment 1: paddr=000648e8 vaddr=40800000 size=0b730h ( 46896) load
[2026-09-29T20:26:30.419+00:00] I (159) esp_image: segment 2: paddr=00070020 vaddr=42000020 size=ed158h (971096) map
[2026-09-29T20:26:30.520+00:00] I (339) esp_image: segment 3: paddr=0015d180 vaddr=4080b730 size=0cbcch ( 52172) load
[2026-09-29T20:26:30.520+00:00] I (350) esp_image: segment 4: paddr=00169d54 vaddr=40818300 size=03be0h ( 15328) load
[2026-09-29T20:26:30.520+00:00] I (355) esp_image: segment 5: paddr=0016d93c vaddr=50000000 size=00044h (    68) load
[2026-09-29T20:26:30.520+00:00] I (355) esp_image: segment 6: paddr=0016d988 vaddr=5000004c size=00024h (    36) load
[2026-09-29T20:26:30.520+00:00] I (368) boot: Loaded app from partition at offset 0x40000
[2026-09-29T20:26:30.520+00:00] I (368) boot: Disabling RNG early entropy source...
[2026-09-29T20:26:30.520+00:00] I (384) cpu_start: Unicore app
[2026-09-29T20:26:30.520+00:00] I (393) cpu_start: GPIO 17 and 16 are used as console UART I/O pins
[2026-09-29T20:26:30.520+00:00] I (394) cpu_start: Pro cpu start user code
[2026-09-29T20:26:30.520+00:00] I (394) cpu_start: cpu freq: 160000000 Hz
[2026-09-29T20:26:30.520+00:00] I (395) app_init: Application information:
[2026-09-29T20:26:30.620+00:00] I (399) app_init: Project name:     routeloom_reference_node
[2026-09-29T20:26:30.620+00:00] I (405) app_init: App version:      1
[2026-09-29T20:26:30.620+00:00] I (408) app_init: Compile time:     Sep 29 2026 20:19:30
[2026-09-29T20:26:30.620+00:00] I (413) app_init: ELF file SHA256:  2414dc44b...
[2026-09-29T20:26:30.620+00:00] I (417) app_init: ESP-IDF:          v6.0.3
[2026-09-29T20:26:30.620+00:00] I (421) efuse_init: Min chip rev:     v0.0
[2026-09-29T20:26:30.620+00:00] I (425) efuse_init: Max chip rev:     v0.99
[2026-09-29T20:26:30.620+00:00] I (429) efuse_init: Chip rev:         v0.2
[2026-09-29T20:26:30.620+00:00] I (433) heap_init: Initializing. RAM available for dynamic allocation:
[2026-09-29T20:26:30.620+00:00] I (439) heap_init: At 408430F0 len 00039520 (229 KiB): RAM
[2026-09-29T20:26:30.620+00:00] I (444) heap_init: At 4087C610 len 00002F54 (11 KiB): RAM
[2026-09-29T20:26:30.620+00:00] I (449) heap_init: At 50000070 len 00003F78 (15 KiB): RTCRAM
[2026-09-29T20:26:30.620+00:00] I (456) spi_flash: detected chip: generic
[2026-09-29T20:26:30.620+00:00] I (459) spi_flash: flash io: dio
[2026-09-29T20:26:30.620+00:00] I (462) sleep_gpio: Configure to isolate all GPIO pins in sleep state
[2026-09-29T20:26:30.620+00:00] I (468) sleep_gpio: Enable automatic switching of GPIO sleep configuration
[2026-09-29T20:26:30.620+00:00] I (483) main_task: Started on CPU0
[2026-09-29T20:26:30.620+00:00] I (485) main_task: Calling app_main()
[2026-09-29T20:26:30.620+00:00] I (489) main_task: Returned from app_main()
[2026-09-29T20:26:30.620+00:00] I (490) rl_flash: image: sdk=0.1.0 layout=PT-4M-v2 storage_epoch=2
[2026-09-29T20:26:31.022+00:00] I (858) RouteLoomRef: sdkv1 identity: node=3 kid=72b2282f385b2d86235b5c67757e55b8e0b5dfd6de2c4aaa3e6a6ea3adfe27e9 devcert_sha256=918f94d0196c9f2e2b833991be9fc2744752d6219232f86133e409ed512e3b39 key_location=1 flags=0x01 anchors=1 devcert=180B
[2026-09-29T20:26:31.022+00:00] I (869) RouteLoomRef: sdkv1 site: not a member
[2026-09-29T20:26:31.022+00:00] I (873) RouteLoomRef: sdkv1 revocation: none rs_epoch=0 resume_slots=16
[2026-09-29T20:26:31.022+00:00] I (879) RouteLoomRef: sdkv1 local_revocation: none
[2026-09-29T20:26:31.022+00:00] I (883) RouteLoomRef: sdkv1 lifecycle: none
[2026-09-29T20:26:31.022+00:00] I (887) RouteLoomRef: routeloom field boot: fw=1 app_sha256=2414dc44b5cae224709bd3642a8ef56ee8bfcedcd9baf27f494dc3013510e92f
[2026-09-29T20:26:31.122+00:00] I (908) RouteLoomRef: board config: gen=1 node=0x3 secrets_gen=0 mac=10bda3b14754
[2026-09-29T20:26:31.122+00:00] I (910) RouteLoomRef: security owner ready (node 0x3)
[2026-09-29T20:26:31.122+00:00] I (911) RouteLoom: Wi-Fi init heap: free=204484 largest=184320 bytes
[2026-09-29T20:26:31.122+00:00] I (917) pp: pp rom version: 5b8dcfa
[2026-09-29T20:26:31.122+00:00] I (920) net80211: net80211 rom version: 5b8dcfa
[2026-09-29T20:26:31.122+00:00] I (925) wifi:wifi driver task: 40846204, prio:23, stack:6656, core=0
[2026-09-29T20:26:31.122+00:00] I (931) wifi:wifi firmware version: da143fa
[2026-09-29T20:26:31.122+00:00] I (934) wifi:wifi certification version: v7.0
[2026-09-29T20:26:31.122+00:00] I (938) wifi:config NVS flash: disabled
[2026-09-29T20:26:31.122+00:00] I (941) wifi:config nano formatting: disabled
[2026-09-29T20:26:31.122+00:00] I (946) wifi:mac_version:HAL_MAC_ESP32AX_761,ut_version:N, band mode:0x1
[2026-09-29T20:26:31.122+00:00] I (952) wifi:Init data frame dynamic rx buffer num: 8
[2026-09-29T20:26:31.122+00:00] I (957) wifi:Init static rx mgmt buffer num: 2
[2026-09-29T20:26:31.122+00:00] I (961) wifi:Init management short buffer num: 8
[2026-09-29T20:26:31.122+00:00] I (965) wifi:Init dynamic tx buffer num: 8
[2026-09-29T20:26:31.122+00:00] I (969) wifi:Init static tx FG buffer num: 2
[2026-09-29T20:26:31.122+00:00] I (973) wifi:Init static rx buffer size: 1700 (rxctrl:92, csi:512)
[2026-09-29T20:26:31.122+00:00] I (979) wifi:Init static rx buffer num: 4
[2026-09-29T20:26:31.122+00:00] I (983) wifi:Init dynamic rx buffer num: 8
[2026-09-29T20:26:31.122+00:00] I (987) wifi_init: accept mbox: 6
[2026-09-29T20:26:31.122+00:00] I (990) wifi_init: tcpip mbox: 32
[2026-09-29T20:26:31.122+00:00] I (993) wifi_init: udp mbox: 6
[2026-09-29T20:26:31.122+00:00] I (995) wifi_init: tcp mbox: 6
[2026-09-29T20:26:31.122+00:00] I (998) wifi_init: tcp tx win: 5760
[2026-09-29T20:26:31.222+00:00] I (1001) wifi_init: tcp rx win: 5760
[2026-09-29T20:26:31.227+00:00] I (1005) wifi_init: tcp mss: 1440
[2026-09-29T20:26:31.227+00:00] I (1008) wifi_init: WiFi IRAM OP enabled
[2026-09-29T20:26:31.227+00:00] I (1011) wifi_init: WiFi RX IRAM OP enabled
[2026-09-29T20:26:31.227+00:00] I (1015) wifi_init: WiFi SLP IRAM OP enabled
[2026-09-29T20:26:31.227+00:00] I (1019) RouteLoom: Wi-Fi initialized heap: free=178760 largest=163840 min=178712 bytes
[2026-09-29T20:26:31.227+00:00] I (1027) wifi:(2.4G)set country: cc=JP  schan=1 nchan=13 policy=1
[2026-09-29T20:26:31.227+00:00] I (1033) wifi:ifx:0, phymode(new:3, sta nvs: 7 ap nvs: 3)
[2026-09-29T20:26:31.227+00:00] I (1038) phy_init: phy_version 345,552b044,Jul 14 2026,10:37:00
[2026-09-29T20:26:31.328+00:00] I (1128) wifi:11ax coex: WDEVAX_PTI0(0x55777555), WDEVAX_PTI1(0x00003377).
[2026-09-29T20:26:31.328+00:00] 
[2026-09-29T20:26:31.328+00:00] I (1129) wifi:mode : sta (10:bd:a3:b1:47:54)
[2026-09-29T20:26:31.328+00:00] I (1129) wifi:enable tsf
[2026-09-29T20:26:31.328+00:00] I (1133) RouteLoom: Wi-Fi started heap: free=176572 largest=159744 min=176316 bytes
[2026-09-29T20:26:31.328+00:00] I (1138) ESPNOW: espnow [version: 2.0] init
[2026-09-29T20:26:31.328+00:00] I (1142) RouteLoom: ESP-NOW ready heap: free=176364 largest=159744 min=176316 bytes
[2026-09-29T20:26:31.328+00:00] I (1151) RouteLoomRef: booted (radio)
[2026-09-29T20:26:31.328+00:00] I (1153) RouteLoomRef: security owner started; node start deferred to membership
[2026-09-29T20:26:31.729+00:00] I (1587) RouteLoomRef: join mode=1 state=2 error=0
[2026-09-29T20:26:31.729+00:00] I (1589) RouteLoomRef: join mode=1 state=3 error=0
[2026-09-29T20:26:31.729+00:00] I (1595) RouteLoomRef: join mode=1 state=4 error=0
[2026-09-29T20:26:32.111+00:00] I (1913) RouteLoomRef: join mode=1 state=2 error=0
[2026-09-29T20:26:32.111+00:00] I (1915) RouteLoomRef: join mode=1 state=3 error=0
[2026-09-29T20:26:32.111+00:00] I (1920) RouteLoomRef: join mode=1 state=4 error=0
[2026-09-29T20:26:32.412+00:00] I (2239) RouteLoomRef: join mode=1 state=2 error=0
[2026-09-29T20:26:32.412+00:00] I (2241) RouteLoomRef: join mode=1 state=3 error=0
[2026-09-29T20:26:32.412+00:00] I (2246) RouteLoomRef: join mode=1 state=4 error=0
[2026-09-29T20:26:32.713+00:00] I (2564) RouteLoomRef: join mode=1 state=5 error=0
[2026-09-29T20:26:32.713+00:00] I (2566) RouteLoomRef: join mode=1 state=14 error=0
[2026-09-29T20:26:35.025+00:00] I (4886) RouteLoomRef: join mode=1 state=2 error=0
[2026-09-29T20:26:35.025+00:00] I (4888) RouteLoomRef: join mode=1 state=3 error=0
[2026-09-29T20:26:35.025+00:00] I (4894) RouteLoomRef: join mode=1 state=4 error=0
[2026-09-29T20:26:35.428+00:00] I (5212) RouteLoomRef: join mode=1 state=2 error=0
[2026-09-29T20:26:35.428+00:00] I (5214) RouteLoomRef: join mode=1 state=3 error=0
[2026-09-29T20:26:35.428+00:00] I (5219) RouteLoomRef: join mode=1 state=4 error=0
[2026-09-29T20:26:35.729+00:00] I (5538) RouteLoomRef: join mode=1 state=2 error=0
[2026-09-29T20:26:35.729+00:00] I (5540) RouteLoomRef: join mode=1 state=3 error=0
[2026-09-29T20:26:35.729+00:00] I (5545) RouteLoomRef: join mode=1 state=4 error=0
[2026-09-29T20:26:36.030+00:00] I (5863) RouteLoomRef: join mode=1 state=5 error=0
[2026-09-29T20:26:36.030+00:00] I (5865) RouteLoomRef: join mode=1 state=14 error=0
[2026-09-29T20:26:40.673+00:00] I (10507) RouteLoomRef: join mode=1 state=2 error=0
[2026-09-29T20:26:40.674+00:00] I (10509) RouteLoomRef: join mode=1 state=3 error=0
[2026-09-29T20:26:40.674+00:00] I (10515) RouteLoomRef: join mode=1 state=4 error=0
[2026-09-29T20:26:40.974+00:00] I (10833) RouteLoomRef: join mode=1 state=2 error=0
[2026-09-29T20:26:40.974+00:00] I (10835) RouteLoomRef: join mode=1 state=3 error=0
[2026-09-29T20:26:40.974+00:00] I (10840) RouteLoomRef: join mode=1 state=4 error=0
[2026-09-29T20:26:41.278+00:00] I (11158) RouteLoomRef: join mode=1 state=2 error=0
[2026-09-29T20:26:41.378+00:00] I (11160) RouteLoomRef: join mode=1 state=3 error=0
[2026-09-29T20:26:41.378+00:00] I (11165) RouteLoomRef: join mode=1 state=4 error=0
[2026-09-29T20:26:41.679+00:00] I (11484) RouteLoomRef: join mode=1 state=5 error=0
[2026-09-29T20:26:41.679+00:00] I (11486) RouteLoomRef: join mode=1 state=14 error=0
