/home/sahur/.local/bin/esptool --chip esp32c6 --port /dev/serial/by-id/usb-Espressif_USB_JTAG_serial_debug_unit_10:BD:A3:B1:48:A8-if00 -b 460800 --after no-reset write-flash --flash-mode keep --flash-freq keep --flash-size keep 0x10000 /home/sahur/orca/workspaces/RouteLoom/v2-h1/artifacts/hil/images/h1-rl-og/images/ota_data_initial.bin 0x40000 /home/sahur/orca/workspaces/RouteLoom/v2-h1/artifacts/hil/images/h1-rl-og/images/application.bin
esptool v5.4.0
Serial port /dev/serial/by-id/usb-Espressif_USB_JTAG_serial_debug_unit_10:BD:A3:B1:48:A8-if00:
Connecting...
Connected to ESP32-C6 on /dev/serial/by-id/usb-Espressif_USB_JTAG_serial_debug_unit_10:BD:A3:B1:48:A8-if00:
Chip type:          ESP32-C6FH4 (QFN32) (revision v0.2)
Features:           Wi-Fi 6, BT 5 (LE), IEEE802.15.4, Single Core + LP Core, 160MHz, Embedded Flash 4MB
Crystal frequency:  40MHz
USB mode:           USB-Serial/JTAG
MAC:                10:bd:a3:ff:fe:b1:48:a8
BASE MAC:           10:bd:a3:b1:48:a8
MAC_EXT:            ff:fe

Uploading stub flasher...
Running stub flasher...
Stub flasher running.
Changing baud rate to 460800...
Changed.

Configuring flash size...

Writing '/home/sahur/orca/workspaces/RouteLoom/v2-h1/artifacts/hil/images/h1-rl-og/images/ota_data_initial.bin' at 0x00010000...
Flash will be erased from 0x00010000 to 0x00011fff...
Compressed 8192 bytes to 31...
Writing at 0x00012000 ━━━━━━━━━━━━━━━━━━━━━━━━━━━━━━ 100.0% 31B/31B [0s] 
Wrote 8192 bytes (31 compressed) at 0x00010000 in 0.0 seconds (4298.7 kbit/s).
Verifying written data...
Hash of data verified.

Writing '/home/sahur/orca/workspaces/RouteLoom/v2-h1/artifacts/hil/images/h1-rl-og/images/application.bin' at 0x00040000...
Flash will be erased from 0x00040000 to 0x00196fff...
Compressed 1401856 bytes to 830434...
Writing at 0x0004c1ae ╸                                2.0% 16.00kB/810.97kB [0s] 
Writing at 0x0005806c ━                                3.9% 32.00kB/810.97kB [0s] 
Writing at 0x0005f0c7 ━╸                               5.9% 48.00kB/810.97kB [0s] 
Writing at 0x00067d32 ━━                               7.9% 64.00kB/810.97kB [0s] 
Writing at 0x0006e351 ━━╸                              9.9% 80.00kB/810.97kB [1s] 
Writing at 0x00074ddb ━━━╸                            11.8% 96.00kB/810.97kB [1s] 
Writing at 0x0007c834 ━━━━                            13.8% 112.00kB/810.97kB [1s] 
Writing at 0x000832c5 ━━━━╸                           15.8% 128.00kB/810.97kB [1s] 
Writing at 0x00089fd8 ━━━━━                           17.8% 144.00kB/810.97kB [1s] 
Writing at 0x00090e9e ━━━━━╸                          19.7% 160.00kB/810.97kB [2s] 
Writing at 0x00097731 ━━━━━━╸                         21.7% 176.00kB/810.97kB [2s] 
Writing at 0x0009de11 ━━━━━━━                         23.7% 192.00kB/810.97kB [2s] 
Writing at 0x000a4c1c ━━━━━━━╸                        25.6% 208.00kB/810.97kB [2s] 
Writing at 0x000ab7e6 ━━━━━━━━                        27.6% 224.00kB/810.97kB [2s] 
Writing at 0x000b1dcd ━━━━━━━━╸                       29.6% 240.00kB/810.97kB [2s] 
Writing at 0x000b84c2 ━━━━━━━━━                       31.6% 256.00kB/810.97kB [2s] 
Writing at 0x000bedfa ━━━━━━━━━━                      33.5% 272.00kB/810.97kB [2s] 
Writing at 0x000c578a ━━━━━━━━━━╸                     35.5% 288.00kB/810.97kB [2s] 
Writing at 0x000cc060 ━━━━━━━━━━━                     37.5% 304.00kB/810.97kB [2s] 
Writing at 0x000d293a ━━━━━━━━━━━╸                    39.5% 320.00kB/810.97kB [3s] 
Writing at 0x000d9312 ━━━━━━━━━━━━                    41.4% 336.00kB/810.97kB [3s] 
Writing at 0x000df936 ━━━━━━━━━━━━━                   43.4% 352.00kB/810.97kB [3s] 
Writing at 0x000e66fb ━━━━━━━━━━━━━╸                  45.4% 368.00kB/810.97kB [3s] 
Writing at 0x000ed714 ━━━━━━━━━━━━━━                  47.4% 384.00kB/810.97kB [3s] 
Writing at 0x000f47f6 ━━━━━━━━━━━━━━╸                 49.3% 400.00kB/810.97kB [3s] 
Writing at 0x000fad09 ━━━━━━━━━━━━━━━                 51.3% 416.00kB/810.97kB [3s] 
Writing at 0x001013aa ━━━━━━━━━━━━━━━╸                53.3% 432.00kB/810.97kB [3s] 
Writing at 0x00108787 ━━━━━━━━━━━━━━━━╸               55.2% 448.00kB/810.97kB [3s] 
Writing at 0x0010fb0a ━━━━━━━━━━━━━━━━━               57.2% 464.00kB/810.97kB [3s] 
Writing at 0x00116f7e ━━━━━━━━━━━━━━━━━╸              59.2% 480.00kB/810.97kB [3s] 
Writing at 0x0011cf94 ━━━━━━━━━━━━━━━━━━              61.2% 496.00kB/810.97kB [3s] 
Writing at 0x00122f2a ━━━━━━━━━━━━━━━━━━╸             63.1% 512.00kB/810.97kB [3s] 
Writing at 0x00128c3e ━━━━━━━━━━━━━━━━━━━╸            65.1% 528.00kB/810.97kB [3s] 
Writing at 0x0012e78a ━━━━━━━━━━━━━━━━━━━━            67.1% 544.00kB/810.97kB [4s] 
Writing at 0x001344ac ━━━━━━━━━━━━━━━━━━━━╸           69.1% 560.00kB/810.97kB [4s] 
Writing at 0x0013a380 ━━━━━━━━━━━━━━━━━━━━━           71.0% 576.00kB/810.97kB [4s] 
Writing at 0x00141094 ━━━━━━━━━━━━━━━━━━━━━╸          73.0% 592.00kB/810.97kB [4s] 
Writing at 0x00146ca1 ━━━━━━━━━━━━━━━━━━━━━━          75.0% 608.00kB/810.97kB [4s] 
Writing at 0x0014ca79 ━━━━━━━━━━━━━━━━━━━━━━━         76.9% 624.00kB/810.97kB [4s] 
Writing at 0x00152fe4 ━━━━━━━━━━━━━━━━━━━━━━━╸        78.9% 640.00kB/810.97kB [4s] 
Writing at 0x001590e8 ━━━━━━━━━━━━━━━━━━━━━━━━        80.9% 656.00kB/810.97kB [4s] 
Writing at 0x0015f1a7 ━━━━━━━━━━━━━━━━━━━━━━━━╸       82.9% 672.00kB/810.97kB [4s] 
Writing at 0x00164db5 ━━━━━━━━━━━━━━━━━━━━━━━━━       84.8% 688.00kB/810.97kB [4s] 
Writing at 0x0016b16b ━━━━━━━━━━━━━━━━━━━━━━━━━━      86.8% 704.00kB/810.97kB [4s] 
Writing at 0x001713c0 ━━━━━━━━━━━━━━━━━━━━━━━━━━╸     88.8% 720.00kB/810.97kB [4s] 
Writing at 0x00177783 ━━━━━━━━━━━━━━━━━━━━━━━━━━━     90.8% 736.00kB/810.97kB [4s] 
Writing at 0x0017d09e ━━━━━━━━━━━━━━━━━━━━━━━━━━━╸    92.7% 752.00kB/810.97kB [4s] 
Writing at 0x001847d1 ━━━━━━━━━━━━━━━━━━━━━━━━━━━━    94.7% 768.00kB/810.97kB [4s] 
Writing at 0x0018a0a9 ━━━━━━━━━━━━━━━━━━━━━━━━━━━━━   96.7% 784.00kB/810.97kB [5s] 
Writing at 0x0018fea1 ━━━━━━━━━━━━━━━━━━━━━━━━━━━━━╸  98.6% 800.00kB/810.97kB [5s] 
Writing at 0x00196400 ━━━━━━━━━━━━━━━━━━━━━━━━━━━━━━ 100.0% 810.97kB/810.97kB [5s] 
Wrote 1401856 bytes (830434 compressed) at 0x00040000 in 5.2 seconds (2156.4 kbit/s).
Verifying written data...
Hash of data verified.

Staying in bootloader.
