preflight esp32c3 94:a9:90:7a:26:ac on /dev/serial/by-id/usb-Espressif_USB_JTAG_serial_debug_unit_94:A9:90:7A:26:AC-if00
> status
! I (145) esp_image: segment 4: paddr=0005185c vaddr=40380c5c sizeI (161) esp_image: segment 5: paddr=0005d3b8 vaddr=50000000 size=0001ch (    28) load
! I (161) esp_image: segment 6: paddr=0005d3dc vaddr=50000024 size=00024h (    36) load
! I (169) boot: Loaded app from partition at offset 0x10000
! I (170) boot: Disabling RNG early entropy source...
! I (186) cpu_start: Unicore app
! I (194) cpu_start: GPIO 20 and 21 are used as console UART I/O pins
! I (195) cpu_start: Pro cpu start user code
! I (195) cpu_start: cpu freq: 160000000 Hz
! I (197) app_init: Application information:
! I (200) app_init: Project name:     routeloom_reference_node
! I (206) app_init: App version:      1
! I (209) app_init: Compile time:     Sep 26 2026 08:22:48
! I (214) app_init: ELF file SHA256:  85d32710f...
! I (219) app_init: ESP-IDF:          v6.0.3
! I (222) efuse_init: Min chip rev:     v0.3
! I (226) efuse_init: Max chip rev:     v1.99
! I (230) efuse_init: Chip rev:         v0.4
! I (234) heap_init: Initializing. RAM available for dynamic allocation:
! I (240) heap_init: At 3FC94EC0 len 0002B140 (172 KiB): RAM
! I (246) heap_init: At 3FCC0000 len 0001C710 (113 KiB): Retention RAM
! I (252) heap_init: At 3FCDC710 len 00002950 (10 KiB): Retention RAM
! I (258) heap_init: At 50000048 len 00001FA0 (7 KiB): RTCRAM
! I (264) spi_flash: detected chip: generic
! I (267) spi_flash: flash io: dio
! W (270) spi_flash: Detected size(4096k) larger than the size in the binary image header(2048k). Using the size in the binary image header.
! I (282) sleep_gpio: Configure to isolate all GPIO pins in sleep state
! I (288) sleep_gpio: Enable automatic switching of GPIO sleep configuration
! I (295) main_task: Started on CPU0
! I (298) main_task: Calling app_main()
! I (320) RouteLoomRef: sdkv1 identity: none provisioned
! I (321) RouteLoomRef: sdkv1 site: not a member
! I (321) RouteLoomRef: sdkv1 revocation: none rs_epoch=0 resume_slots=16
! I (325) RouteLoomRef: sdkv1 local_revocation: none
! I (329) RouteLoomRef: sdkv1 lifecycle: none
! routeloom-maintenance v1 ready
< OK identity=none pending=0
> keygen <node> <challenge>
< OK pop_hex=<saved in pop.bin>
> identity <945 bytes>
< OK sealed kid=3e33b63791a3b4c26548995db04e5b58244c62603cdfb470fb6d6a010371b38f
> status after seal
< OK identity=sealed pending=0
{"preflight_chip": "esp32c3", "preflight_mac": "94:a9:90:7a:26:ac", "node": "0000000000000006", "seal": "OK sealed kid=3e33b63791a3b4c26548995db04e5b58244c62603cdfb470fb6d6a010371b38f", "readback": "OK identity=sealed pending=0", "bundle_bytes": 945}
