$ /home/sahur/.local/bin/esptool --chip esp32c3 --port /dev/serial/by-id/usb-Espressif_USB_JTAG_serial_debug_unit_94:A9:90:6A:EE:C4-if00 --baud 460800 --before default-reset --after hard-reset write-flash --flash-mode dio --flash-size 2MB --flash-freq 80m 0x10000 artifacts/hil/2026-09-26/images/full-r17-member-bridge-net3/build/routeloom_bridge_node.bin
esptool v5.4.0
Serial port /dev/serial/by-id/usb-Espressif_USB_JTAG_serial_debug_unit_94:A9:90:6A:EE:C4-if00:
Connecting...
Connected to ESP32-C3 on /dev/serial/by-id/usb-Espressif_USB_JTAG_serial_debug_unit_94:A9:90:6A:EE:C4-if00:
Chip type:          ESP32-C3 (QFN32) (revision v0.4)
Features:           Wi-Fi, BT 5 (LE), Single Core, 160MHz, Embedded Flash 4MB (XMC)
Crystal frequency:  40MHz
USB mode:           USB-Serial/JTAG
MAC:                94:a9:90:6a:ee:c4

Uploading stub flasher...
Running stub flasher...
Stub flasher running.
Changing baud rate to 460800...
Changed.

Configuring flash size...
Flash will be erased from 0x00010000 to 0x00151fff...
Compressed 1317808 bytes to 779111...
Writing at 0x0001c5a3 ╸                                2.1% 16.00kB/760.85kB [0s] 
Writing at 0x00027e90 ━                                4.2% 32.00kB/760.85kB [0s] 
Writing at 0x0002eb37 ━╸                               6.3% 48.00kB/760.85kB [1s] 
Writing at 0x00037b3e ━━╸                              8.4% 64.00kB/760.85kB [1s] 
Writing at 0x0003e394 ━━━                             10.5% 80.00kB/760.85kB [2s] 
Writing at 0x000450ee ━━━╸                            12.6% 96.00kB/760.85kB [2s] 
Writing at 0x0004c250 ━━━━                            14.7% 112.00kB/760.85kB [3s] 
Writing at 0x00052dc6 ━━━━━                           16.8% 128.00kB/760.85kB [4s] 
Writing at 0x000596bc ━━━━━╸                          18.9% 144.00kB/760.85kB [4s] 
Writing at 0x0006056b ━━━━━━                          21.0% 160.00kB/760.85kB [5s] 
Writing at 0x00066dad ━━━━━━╸                         23.1% 176.00kB/760.85kB [5s] 
Writing at 0x0006dadb ━━━━━━━╸                        25.2% 192.00kB/760.85kB [5s] 
Writing at 0x00074332 ━━━━━━━━                        27.3% 208.00kB/760.85kB [5s] 
Writing at 0x0007b0d4 ━━━━━━━━╸                       29.4% 224.00kB/760.85kB [5s] 
Writing at 0x00081699 ━━━━━━━━━                       31.5% 240.00kB/760.85kB [5s] 
Writing at 0x00087f4c ━━━━━━━━━━                      33.6% 256.00kB/760.85kB [6s] 
Writing at 0x0008e604 ━━━━━━━━━━╸                     35.7% 272.00kB/760.85kB [6s] 
Writing at 0x00095144 ━━━━━━━━━━━                     37.9% 288.00kB/760.85kB [6s] 
Writing at 0x0009b824 ━━━━━━━━━━━╸                    40.0% 304.00kB/760.85kB [6s] 
Writing at 0x000a20bc ━━━━━━━━━━━━╸                   42.1% 320.00kB/760.85kB [6s] 
Writing at 0x000a8a16 ━━━━━━━━━━━━━                   44.2% 336.00kB/760.85kB [6s] 
Writing at 0x000af390 ━━━━━━━━━━━━━╸                  46.3% 352.00kB/760.85kB [6s] 
Writing at 0x000b5ca5 ━━━━━━━━━━━━━━╸                 48.4% 368.00kB/760.85kB [6s] 
Writing at 0x000bc3d3 ━━━━━━━━━━━━━━━                 50.5% 384.00kB/760.85kB [6s] 
Writing at 0x000c32f0 ━━━━━━━━━━━━━━━╸                52.6% 400.00kB/760.85kB [6s] 
Writing at 0x000c9ad7 ━━━━━━━━━━━━━━━━                54.7% 416.00kB/760.85kB [7s] 
Writing at 0x000d0382 ━━━━━━━━━━━━━━━━━               56.8% 432.00kB/760.85kB [7s] 
Writing at 0x000d7b3a ━━━━━━━━━━━━━━━━━╸              58.9% 448.00kB/760.85kB [7s] 
Writing at 0x000dee90 ━━━━━━━━━━━━━━━━━━              61.0% 464.00kB/760.85kB [7s] 
Writing at 0x000e5cd5 ━━━━━━━━━━━━━━━━━━╸             63.1% 480.00kB/760.85kB [7s] 
Writing at 0x000ebad2 ━━━━━━━━━━━━━━━━━━━╸            65.2% 496.00kB/760.85kB [7s] 
Writing at 0x000f19dd ━━━━━━━━━━━━━━━━━━━━            67.3% 512.00kB/760.85kB [7s] 
Writing at 0x000f7763 ━━━━━━━━━━━━━━━━━━━━╸           69.4% 528.00kB/760.85kB [7s] 
Writing at 0x000fd173 ━━━━━━━━━━━━━━━━━━━━━           71.5% 544.00kB/760.85kB [7s] 
Writing at 0x00102ea9 ━━━━━━━━━━━━━━━━━━━━━━          73.6% 560.00kB/760.85kB [7s] 
Writing at 0x001096ac ━━━━━━━━━━━━━━━━━━━━━━╸         75.7% 576.00kB/760.85kB [7s] 
Writing at 0x0010f5c8 ━━━━━━━━━━━━━━━━━━━━━━━         77.8% 592.00kB/760.85kB [8s] 
Writing at 0x001151fd ━━━━━━━━━━━━━━━━━━━━━━━╸        79.9% 608.00kB/760.85kB [8s] 
Writing at 0x0011ba40 ━━━━━━━━━━━━━━━━━━━━━━━━╸       82.0% 624.00kB/760.85kB [8s] 
Writing at 0x00121aca ━━━━━━━━━━━━━━━━━━━━━━━━━       84.1% 640.00kB/760.85kB [8s] 
Writing at 0x00127998 ━━━━━━━━━━━━━━━━━━━━━━━━━╸      86.2% 656.00kB/760.85kB [8s] 
Writing at 0x0012ddad ━━━━━━━━━━━━━━━━━━━━━━━━━━      88.3% 672.00kB/760.85kB [8s] 
Writing at 0x0013426d ━━━━━━━━━━━━━━━━━━━━━━━━━━━     90.4% 688.00kB/760.85kB [8s] 
Writing at 0x0013a727 ━━━━━━━━━━━━━━━━━━━━━━━━━━━╸    92.5% 704.00kB/760.85kB [8s] 
Writing at 0x0014012d ━━━━━━━━━━━━━━━━━━━━━━━━━━━━    94.6% 720.00kB/760.85kB [8s] 
Writing at 0x001458a0 ━━━━━━━━━━━━━━━━━━━━━━━━━━━━━   96.7% 736.00kB/760.85kB [8s] 
Writing at 0x0014c396 ━━━━━━━━━━━━━━━━━━━━━━━━━━━━━╸  98.8% 752.00kB/760.85kB [8s] 
Writing at 0x00151bb0 ━━━━━━━━━━━━━━━━━━━━━━━━━━━━━━ 100.0% 760.85kB/760.85kB [9s] 
Wrote 1317808 bytes (779111 compressed) at 0x00010000 in 9.2 seconds (1145.0 kbit/s).
Verifying written data...
Hash of data verified.

Hard resetting via RTS pin...
