[2026-09-28T19:29:41.019+00:00] !! reset pulse
[2026-09-28T19:29:41.119+00:00] ESP-ROM:esp32c6-20220919
[2026-09-28T19:29:41.119+00:00] Build:Sep 19 2022
[2026-09-28T19:29:41.119+00:00] rst:0x15 (USB_UART_HPSYS),boot:0x1e (SPI_FAST_FLASH_BOOT)
[2026-09-28T19:29:41.119+00:00] Saved PC:0x408000ee
[2026-09-28T19:29:41.119+00:00] SPIWP:0xee
[2026-09-28T19:29:41.119+00:00] mode:DIO, clock div:2
[2026-09-28T19:29:41.119+00:00] load:0x40875730,len:0x1738
[2026-09-28T19:29:41.119+00:00] load:0x4086b910,len:0xd8c
[2026-09-28T19:29:41.119+00:00] load:0x4086e610,len:0x32e0
[2026-09-28T19:29:41.119+00:00] entry 0x4086b91a
[2026-09-28T19:29:41.119+00:00] I (23) boot: ESP-IDF v6.0.3 2nd stage bootloader
[2026-09-28T19:29:41.119+00:00] I (23) boot: compile time Sep 28 2026 17:45:27
[2026-09-28T19:29:41.119+00:00] I (24) boot: chip revision: v0.2
[2026-09-28T19:29:41.119+00:00] I (24) boot: efuse block revision: v0.3
[2026-09-28T19:29:41.119+00:00] I (26) boot.esp32c6: SPI Speed      : 80MHz
[2026-09-28T19:29:41.119+00:00] I (30) boot.esp32c6: SPI Mode       : DIO
[2026-09-28T19:29:41.119+00:00] I (34) boot.esp32c6: SPI Flash Size : 4MB
[2026-09-28T19:29:41.119+00:00] I (38) boot: Enabling RNG early entropy source...
[2026-09-28T19:29:41.119+00:00] I (42) boot: Partition Table:
[2026-09-28T19:29:41.119+00:00] I (45) boot: ## Label            Usage          Type ST Offset   Length
[2026-09-28T19:29:41.119+00:00] I (51) boot:  0 nvs              WiFi data        01 02 00009000 00006000
[2026-09-28T19:29:41.119+00:00] I (58) boot:  1 phy_init         RF data          01 01 0000f000 00001000
[2026-09-28T19:29:41.119+00:00] I (64) boot:  2 otadata          OTA data         01 00 00010000 00002000
[2026-09-28T19:29:41.119+00:00] I (71) boot:  3 rlcfg            WiFi data        01 02 00012000 00006000
[2026-09-28T19:29:41.119+00:00] I (77) boot:  4 rlkeys           WiFi data        01 02 00018000 00003000
[2026-09-28T19:29:41.119+00:00] I (84) boot:  5 rlsec            WiFi data        01 02 00020000 00020000
[2026-09-28T19:29:41.119+00:00] I (90) boot:  6 ota_0            OTA app          00 10 00040000 001d0000
[2026-09-28T19:29:41.119+00:00] I (97) boot:  7 ota_1            OTA app          00 11 00210000 001d0000
[2026-09-28T19:29:41.119+00:00] I (103) boot:  8 coredump         Unknown data     01 03 003e0000 00010000
[2026-09-28T19:29:41.119+00:00] I (110) boot: End of partition table
[2026-09-28T19:29:41.119+00:00] I (114) esp_image: segment 0: paddr=00040020 vaddr=42120020 size=25d50h (154960) map
[2026-09-28T19:29:41.119+00:00] I (150) esp_image: segment 1: paddr=00065d78 vaddr=40800000 size=0a2a0h ( 41632) load
[2026-09-28T19:29:41.119+00:00] I (159) esp_image: segment 2: paddr=00070020 vaddr=42000020 size=117148h (1143112) map
[2026-09-28T19:29:41.219+00:00] I (370) esp_image: segment 3: paddr=00187170 vaddr=4080a2a0 size=0fd6ch ( 64876) load
[2026-09-28T19:29:41.219+00:00] I (385) esp_image: segment 4: paddr=00196ee4 vaddr=4081a010 size=03c14h ( 15380) load
[2026-09-28T19:29:41.219+00:00] I (389) esp_image: segment 5: paddr=0019ab00 vaddr=50000000 size=00060h (    96) load
[2026-09-28T19:29:41.219+00:00] I (390) esp_image: segment 6: paddr=0019ab68 vaddr=50000068 size=00024h (    36) load
[2026-09-28T19:29:41.320+00:00] I (402) boot: Loaded app from partition at offset 0x40000
[2026-09-28T19:29:41.320+00:00] I (403) boot: Disabling RNG early entropy source...
[2026-09-28T19:29:41.320+00:00] I (419) cpu_start: Unicore app
[2026-09-28T19:29:41.320+00:00] I (428) cpu_start: GPIO 17 and 16 are used as console UART I/O pins
[2026-09-28T19:29:41.320+00:00] I (428) cpu_start: Pro cpu start user code
[2026-09-28T19:29:41.320+00:00] I (429) cpu_start: cpu freq: 160000000 Hz
[2026-09-28T19:29:41.320+00:00] I (430) app_init: Application information:
[2026-09-28T19:29:41.320+00:00] I (434) app_init: Project name:     routeloom_reference_node
[2026-09-28T19:29:41.320+00:00] I (440) app_init: App version:      1
[2026-09-28T19:29:41.320+00:00] I (443) app_init: Compile time:     Sep 28 2026 17:40:57
[2026-09-28T19:29:41.320+00:00] I (448) app_init: ELF file SHA256:  295074fcc...
[2026-09-28T19:29:41.320+00:00] I (452) app_init: ESP-IDF:          v6.0.3
[2026-09-28T19:29:41.320+00:00] I (456) efuse_init: Min chip rev:     v0.0
[2026-09-28T19:29:41.320+00:00] I (460) efuse_init: Max chip rev:     v0.99
[2026-09-28T19:29:41.320+00:00] I (464) efuse_init: Chip rev:         v0.2
[2026-09-28T19:29:41.320+00:00] I (468) heap_init: Initializing. RAM available for dynamic allocation:
[2026-09-28T19:29:41.320+00:00] I (474) heap_init: At 4084F6C0 len 0002CF50 (179 KiB): RAM
[2026-09-28T19:29:41.320+00:00] I (479) heap_init: At 4087C610 len 00002F54 (11 KiB): RAM
[2026-09-28T19:29:41.320+00:00] I (484) heap_init: At 5000008C len 00003F5C (15 KiB): RTCRAM
[2026-09-28T19:29:41.320+00:00] I (490) spi_flash: detected chip: generic
[2026-09-28T19:29:41.320+00:00] I (493) spi_flash: flash io: dio
[2026-09-28T19:29:41.420+00:00] I (497) sleep_gpio: Configure to isolate all GPIO pins in sleep state
[2026-09-28T19:29:41.420+00:00] I (503) sleep_gpio: Enable automatic switching of GPIO sleep configuration
[2026-09-28T19:29:41.420+00:00] I (518) main_task: Started on CPU0
[2026-09-28T19:29:41.420+00:00] I (520) main_task: Calling app_main()
[2026-09-28T19:29:41.420+00:00] I (524) rl_flash: image: sdk=0.1.0 layout=PT-4M-v2 storage_epoch=2
[2026-09-28T19:29:41.420+00:00] I (569) RouteLoomRef: sdkv1 identity: none provisioned
[2026-09-28T19:29:41.420+00:00] I (570) RouteLoomRef: sdkv1 site: not a member
[2026-09-28T19:29:41.420+00:00] I (570) RouteLoomRef: sdkv1 revocation: none rs_epoch=0 resume_slots=16
[2026-09-28T19:29:41.420+00:00] I (574) RouteLoomRef: sdkv1 local_revocation: none
[2026-09-28T19:29:41.420+00:00] I (578) RouteLoomRef: sdkv1 lifecycle: none
[2026-09-28T19:29:41.420+00:00] I (584) RouteLoomRef: routeloom field boot: fw=1 app_sha256=295074fccb2969386200c5ec2ca242030ef031338d63200dbdecf0641f92b9af
[2026-09-28T19:29:41.520+00:00] I (604) RouteLoomRef: board config: gen=1 node=0x3 secrets_gen=1 mac=10bda3b14754
[2026-09-28T19:29:41.520+00:00] I (607) RouteLoomRef: security owner ready (node 0x3)
[2026-09-28T19:29:41.520+00:00] I (608) RouteLoom: Wi-Fi init heap: free=153272 largest=135168 bytes
[2026-09-28T19:29:41.520+00:00] I (612) pp: pp rom version: 5b8dcfa
[2026-09-28T19:29:41.520+00:00] I (615) net80211: net80211 rom version: 5b8dcfa
[2026-09-28T19:29:41.520+00:00] I (620) wifi:wifi driver task: 4085cfdc, prio:23, stack:6656, core=0
[2026-09-28T19:29:41.520+00:00] I (626) wifi:wifi firmware version: da143fa
[2026-09-28T19:29:41.520+00:00] I (629) wifi:wifi certification version: v7.0
[2026-09-28T19:29:41.520+00:00] I (633) wifi:config NVS flash: disabled
[2026-09-28T19:29:41.520+00:00] I (636) wifi:config nano formatting: disabled
[2026-09-28T19:29:41.520+00:00] I (641) wifi:mac_version:HAL_MAC_ESP32AX_761,ut_version:N, band mode:0x1
[2026-09-28T19:29:41.520+00:00] I (647) wifi:Init data frame dynamic rx buffer num: 8
[2026-09-28T19:29:41.520+00:00] I (652) wifi:Init static rx mgmt buffer num: 2
[2026-09-28T19:29:41.520+00:00] I (656) wifi:Init management short buffer num: 8
[2026-09-28T19:29:41.520+00:00] I (660) wifi:Init dynamic tx buffer num: 8
[2026-09-28T19:29:41.520+00:00] I (664) wifi:Init static tx FG buffer num: 2
[2026-09-28T19:29:41.520+00:00] I (668) wifi:Init static rx buffer size: 1700 (rxctrl:92, csi:512)
[2026-09-28T19:29:41.520+00:00] I (674) wifi:Init static rx buffer num: 4
[2026-09-28T19:29:41.520+00:00] I (678) wifi:Init dynamic rx buffer num: 8
[2026-09-28T19:29:41.520+00:00] I (682) wifi_init: accept mbox: 6
[2026-09-28T19:29:41.520+00:00] I (685) wifi_init: tcpip mbox: 32
[2026-09-28T19:29:41.520+00:00] I (688) wifi_init: udp mbox: 6
[2026-09-28T19:29:41.520+00:00] I (690) wifi_init: tcp mbox: 6
[2026-09-28T19:29:41.520+00:00] I (693) wifi_init: tcp tx win: 5760
[2026-09-28T19:29:41.520+00:00] I (696) wifi_init: tcp rx win: 5760
[2026-09-28T19:29:41.621+00:00] I (700) wifi_init: tcp mss: 1440
[2026-09-28T19:29:41.621+00:00] I (702) wifi_init: WiFi IRAM OP enabled
[2026-09-28T19:29:41.621+00:00] I (706) wifi_init: WiFi RX IRAM OP enabled
[2026-09-28T19:29:41.621+00:00] I (710) wifi_init: WiFi SLP IRAM OP enabled
[2026-09-28T19:29:41.621+00:00] I (714) RouteLoom: Wi-Fi initialized heap: free=127556 largest=112640 min=127528 bytes
[2026-09-28T19:29:41.621+00:00] I (722) wifi:(2.4G)set country: cc=JP  schan=1 nchan=13 policy=1
[2026-09-28T19:29:41.621+00:00] I (727) wifi:ifx:0, phymode(new:3, sta nvs: 7 ap nvs: 3)
[2026-09-28T19:29:41.721+00:00] I (733) phy_init: phy_version 345,552b044,Jul 14 2026,10:37:00
[2026-09-28T19:29:41.721+00:00] I (823) phy_init: Saving new calibration data due to checksum failure or outdated calibration data, mode(0)
[2026-09-28T19:29:41.721+00:00] I (832) wifi:11ax coex: WDEVAX_PTI0(0x55777555), WDEVAX_PTI1(0x00003377).
[2026-09-28T19:29:41.721+00:00] 
[2026-09-28T19:29:41.721+00:00] I (833) wifi:mode : sta (10:bd:a3:b1:47:54)
[2026-09-28T19:29:41.721+00:00] I (833) wifi:enable tsf
[2026-09-28T19:29:41.721+00:00] I (837) RouteLoom: Wi-Fi started heap: free=125236 largest=108544 min=124968 bytes
[2026-09-28T19:29:41.721+00:00] I (842) ESPNOW: espnow [version: 2.0] init
[2026-09-28T19:29:41.721+00:00] I (846) RouteLoom: ESP-NOW ready heap: free=125036 largest=108544 min=124968 bytes
[2026-09-28T19:29:41.721+00:00] I (858) RouteLoomRef: dev adopted (node 0x3, boot 61)
[2026-09-28T19:29:41.721+00:00] I (859) RouteLoomRef: security owner started; node start deferred to membership
[2026-09-28T19:29:41.721+00:00] W (866) RouteLoomRef: diagnostic reason=SECURITY_PROFILE_EXPERIMENTAL peer=0 message=none
[2026-09-28T19:29:41.721+00:00] W (873) RouteLoomRef: diagnostic reason=ROUTE_REFRESH_BOUND_EXCEEDED peer=0 message=none
[2026-09-28T19:29:41.721+00:00] I (884) RouteLoomRef: member discovery started
[2026-09-28T19:29:42.723+00:00] I (1816) RouteLoomRef: discovery event=BOUND peer=2
[2026-09-28T19:29:42.723+00:00] W (1816) RouteLoomRef: diagnostic reason=BOUND peer=2 message=none
[2026-09-28T19:29:42.723+00:00] W (1876) RouteLoomRef: diagnostic reason=SEQNO_REQUEST_SATISFIED peer=2 message=present
[2026-09-28T19:29:44.727+00:00] I (3845) RouteLoomRef: discovery event=REACHABLE peer=2
[2026-09-28T19:29:44.727+00:00] W (3846) RouteLoomRef: diagnostic reason=REACHABLE peer=2 message=none
[2026-09-28T19:29:44.727+00:00] W (3866) RouteLoomRef: diagnostic reason=SEQNO_REQUEST_SATISFIED peer=2 message=present
