$ /home/sahur/.local/bin/esptool --chip esp32c6 --port /dev/serial/by-id/usb-Espressif_USB_JTAG_serial_debug_unit_10:BD:A3:B1:47:54-if00 --baud 460800 --before default-reset --after hard-reset write-flash --flash-mode dio --flash-size 2MB --flash-freq 80m 0x0 artifacts/hil/2026-09-26/images/ref-c-c6-ch11-r9-node4/build/bootloader/bootloader.bin 0x8000 artifacts/hil/2026-09-26/images/ref-c-c6-ch11-r9-node4/build/partition_table/partition-table.bin 0x10000 artifacts/hil/2026-09-26/images/ref-c-c6-ch11-r9-node4/build/routeloom_reference_node.bin
esptool v5.4.0
Serial port /dev/serial/by-id/usb-Espressif_USB_JTAG_serial_debug_unit_10:BD:A3:B1:47:54-if00:
Connecting...
Connected to ESP32-C6 on /dev/serial/by-id/usb-Espressif_USB_JTAG_serial_debug_unit_10:BD:A3:B1:47:54-if00:
Chip type:          ESP32-C6FH4 (QFN32) (revision v0.2)
Features:           Wi-Fi 6, BT 5 (LE), IEEE802.15.4, Single Core + LP Core, 160MHz, Embedded Flash 4MB
Crystal frequency:  40MHz
USB mode:           USB-Serial/JTAG
MAC:                10:bd:a3:ff:fe:b1:47:54
BASE MAC:           10:bd:a3:b1:47:54
MAC_EXT:            ff:fe

Uploading stub flasher...
Running stub flasher...
Stub flasher running.
Changing baud rate to 460800...
Changed.

Configuring flash size...

Writing 'artifacts/hil/2026-09-26/images/ref-c-c6-ch11-r9-node4/build/bootloader/bootloader.bin' at 0x00000000...
SHA digest in image updated.
Flash will be erased from 0x00000000 to 0x00005fff...
Compressed 22400 bytes to 14062...
Writing at 0x00005780 ━━━━━━━━━━━━━━━━━━━━━━━━━━━━━━ 100.0% 13.73kB/13.73kB [0s] 
Wrote 22400 bytes (14062 compressed) at 0x00000000 in 0.2 seconds (982.9 kbit/s).
Verifying written data...
Hash of data verified.

Writing 'artifacts/hil/2026-09-26/images/ref-c-c6-ch11-r9-node4/build/partition_table/partition-table.bin' at 0x00008000...
Flash will be erased from 0x00008000 to 0x00008fff...
Compressed 3072 bytes to 118...
Writing at 0x00008c00 ━━━━━━━━━━━━━━━━━━━━━━━━━━━━━━ 100.0% 118B/118B [0s] 
Wrote 3072 bytes (118 compressed) at 0x00008000 in 0.0 seconds (4969.3 kbit/s).
Verifying written data...
Hash of data verified.

Writing 'artifacts/hil/2026-09-26/images/ref-c-c6-ch11-r9-node4/build/routeloom_reference_node.bin' at 0x00010000...
Flash will be erased from 0x00010000 to 0x0016cfff...
Compressed 1425600 bytes to 845032...
Writing at 0x0001c3c0 ╸                                1.9% 16.00kB/825.23kB [0s] 
Writing at 0x00027e74 ━                                3.9% 32.00kB/825.23kB [0s] 
Writing at 0x0002ec01 ━╸                               5.8% 48.00kB/825.23kB [0s] 
Writing at 0x00037d73 ━━                               7.8% 64.00kB/825.23kB [0s] 
Writing at 0x0003ecf7 ━━╸                              9.7% 80.00kB/825.23kB [0s] 
Writing at 0x00045f72 ━━━                             11.6% 96.00kB/825.23kB [1s] 
Writing at 0x0004cdf6 ━━━━                            13.6% 112.00kB/825.23kB [1s] 
Writing at 0x00053732 ━━━━╸                           15.5% 128.00kB/825.23kB [1s] 
Writing at 0x0005ab35 ━━━━━                           17.4% 144.00kB/825.23kB [1s] 
Writing at 0x000614e5 ━━━━━╸                          19.4% 160.00kB/825.23kB [1s] 
Writing at 0x00068299 ━━━━━━                          21.3% 176.00kB/825.23kB [2s] 
Writing at 0x0006e916 ━━━━━━╸                         23.3% 192.00kB/825.23kB [2s] 
Writing at 0x00075576 ━━━━━━━╸                        25.2% 208.00kB/825.23kB [2s] 
Writing at 0x0007ba35 ━━━━━━━━                        27.1% 224.00kB/825.23kB [2s] 
Writing at 0x0008236b ━━━━━━━━╸                       29.1% 240.00kB/825.23kB [2s] 
Writing at 0x000889aa ━━━━━━━━━                       31.0% 256.00kB/825.23kB [2s] 
Writing at 0x0008f590 ━━━━━━━━━╸                      33.0% 272.00kB/825.23kB [2s] 
Writing at 0x00095d3c ━━━━━━━━━━                      34.9% 288.00kB/825.23kB [2s] 
Writing at 0x0009cab3 ━━━━━━━━━━━                     36.8% 304.00kB/825.23kB [2s] 
Writing at 0x000a354f ━━━━━━━━━━━╸                    38.8% 320.00kB/825.23kB [2s] 
Writing at 0x000a9b4c ━━━━━━━━━━━━                    40.7% 336.00kB/825.23kB [2s] 
Writing at 0x000b0f2d ━━━━━━━━━━━━╸                   42.7% 352.00kB/825.23kB [3s] 
Writing at 0x000b7f9a ━━━━━━━━━━━━━                   44.6% 368.00kB/825.23kB [3s] 
Writing at 0x000be778 ━━━━━━━━━━━━━╸                  46.5% 384.00kB/825.23kB [3s] 
Writing at 0x000c4f67 ━━━━━━━━━━━━━━╸                 48.5% 400.00kB/825.23kB [3s] 
Writing at 0x000cc75a ━━━━━━━━━━━━━━━                 50.4% 416.00kB/825.23kB [3s] 
Writing at 0x000d3ca8 ━━━━━━━━━━━━━━━╸                52.3% 432.00kB/825.23kB [3s] 
Writing at 0x000dac1b ━━━━━━━━━━━━━━━━                54.3% 448.00kB/825.23kB [3s] 
Writing at 0x000e0935 ━━━━━━━━━━━━━━━━╸               56.2% 464.00kB/825.23kB [3s] 
Writing at 0x000e67c2 ━━━━━━━━━━━━━━━━━               58.2% 480.00kB/825.23kB [3s] 
Writing at 0x000ec563 ━━━━━━━━━━━━━━━━━━              60.1% 496.00kB/825.23kB [3s] 
Writing at 0x000f1ea0 ━━━━━━━━━━━━━━━━━━╸             62.0% 512.00kB/825.23kB [3s] 
Writing at 0x000f7efc ━━━━━━━━━━━━━━━━━━━             64.0% 528.00kB/825.23kB [3s] 
Writing at 0x000feb09 ━━━━━━━━━━━━━━━━━━━╸            65.9% 544.00kB/825.23kB [3s] 
Writing at 0x0010495f ━━━━━━━━━━━━━━━━━━━━            67.9% 560.00kB/825.23kB [3s] 
Writing at 0x0010a5f4 ━━━━━━━━━━━━━━━━━━━━╸           69.8% 576.00kB/825.23kB [3s] 
Writing at 0x0011046b ━━━━━━━━━━━━━━━━━━━━━╸          71.7% 592.00kB/825.23kB [3s] 
Writing at 0x00116548 ━━━━━━━━━━━━━━━━━━━━━━          73.7% 608.00kB/825.23kB [4s] 
Writing at 0x0011cbff ━━━━━━━━━━━━━━━━━━━━━━╸         75.6% 624.00kB/825.23kB [4s] 
Writing at 0x00122b0c ━━━━━━━━━━━━━━━━━━━━━━━         77.6% 640.00kB/825.23kB [4s] 
Writing at 0x001288b1 ━━━━━━━━━━━━━━━━━━━━━━━╸        79.5% 656.00kB/825.23kB [4s] 
Writing at 0x0012e8bc ━━━━━━━━━━━━━━━━━━━━━━━━        81.4% 672.00kB/825.23kB [4s] 
Writing at 0x00134c80 ━━━━━━━━━━━━━━━━━━━━━━━━━       83.4% 688.00kB/825.23kB [4s] 
Writing at 0x0013b0a8 ━━━━━━━━━━━━━━━━━━━━━━━━━╸      85.3% 704.00kB/825.23kB [4s] 
Writing at 0x001413ec ━━━━━━━━━━━━━━━━━━━━━━━━━━      87.2% 720.00kB/825.23kB [4s] 
Writing at 0x001475a2 ━━━━━━━━━━━━━━━━━━━━━━━━━━╸     89.2% 736.00kB/825.23kB [4s] 
Writing at 0x0014d761 ━━━━━━━━━━━━━━━━━━━━━━━━━━━     91.1% 752.00kB/825.23kB [4s] 
Writing at 0x001545b0 ━━━━━━━━━━━━━━━━━━━━━━━━━━━╸    93.1% 768.00kB/825.23kB [4s] 
Writing at 0x0015b05e ━━━━━━━━━━━━━━━━━━━━━━━━━━━━╸   95.0% 784.00kB/825.23kB [4s] 
Writing at 0x0016088c ━━━━━━━━━━━━━━━━━━━━━━━━━━━━━   96.9% 800.00kB/825.23kB [4s] 
Writing at 0x00166562 ━━━━━━━━━━━━━━━━━━━━━━━━━━━━━╸  98.9% 816.00kB/825.23kB [4s] 
Writing at 0x0016c0c0 ━━━━━━━━━━━━━━━━━━━━━━━━━━━━━━ 100.0% 825.23kB/825.23kB [4s] 
Wrote 1425600 bytes (845032 compressed) at 0x00010000 in 4.8 seconds (2363.5 kbit/s).
Verifying written data...
Hash of data verified.

Hard resetting via RTS pin...
