[2026-09-29T05:00:28.422+00:00] !! reset pulse
[2026-09-29T05:00:28.522+00:00] ESP-ROM:esp32c6-20220919
[2026-09-29T05:00:28.522+00:00] Build:Sep 19 2022
[2026-09-29T05:00:28.522+00:00] rst:0x15 (USB_UART_HPSYS),boot:0x1e (SPI_FAST_FLASH_BOOT)
[2026-09-29T05:00:28.522+00:00] Saved PC:0x40801390
[2026-09-29T05:00:28.522+00:00] SPIWP:0xee
[2026-09-29T05:00:28.522+00:00] mode:DIO, clock div:2
[2026-09-29T05:00:28.522+00:00] load:0x40875730,len:0x1738
[2026-09-29T05:00:28.522+00:00] load:0x4086b910,len:0xd8c
[2026-09-29T05:00:28.522+00:00] load:0x4086e610,len:0x32e0
[2026-09-29T05:00:28.522+00:00] entry 0x4086b91a
[2026-09-29T05:00:28.522+00:00] I (23) boot: ESP-IDF v6.0.3 2nd stage bootloader
[2026-09-29T05:00:28.522+00:00] I (23) boot: compile time Sep 29 2026 04:06:51
[2026-09-29T05:00:28.522+00:00] I (24) boot: chip revision: v0.2
[2026-09-29T05:00:28.522+00:00] I (24) boot: efuse block revision: v0.3
[2026-09-29T05:00:28.522+00:00] I (26) boot.esp32c6: SPI Speed      : 80MHz
[2026-09-29T05:00:28.522+00:00] I (30) boot.esp32c6: SPI Mode       : DIO
[2026-09-29T05:00:28.522+00:00] I (34) boot.esp32c6: SPI Flash Size : 4MB
[2026-09-29T05:00:28.522+00:00] I (38) boot: Enabling RNG early entropy source...
[2026-09-29T05:00:28.522+00:00] I (42) boot: Partition Table:
[2026-09-29T05:00:28.522+00:00] I (45) boot: ## Label            Usage          Type ST Offset   Length
[2026-09-29T05:00:28.522+00:00] I (51) boot:  0 nvs              WiFi data        01 02 00009000 00006000
[2026-09-29T05:00:28.522+00:00] I (58) boot:  1 phy_init         RF data          01 01 0000f000 00001000
[2026-09-29T05:00:28.522+00:00] I (64) boot:  2 otadata          OTA data         01 00 00010000 00002000
[2026-09-29T05:00:28.522+00:00] I (71) boot:  3 rlcfg            WiFi data        01 02 00012000 00006000
[2026-09-29T05:00:28.522+00:00] I (77) boot:  4 rlkeys           WiFi data        01 02 00018000 00003000
[2026-09-29T05:00:28.522+00:00] I (84) boot:  5 rlsec            WiFi data        01 02 00020000 00020000
[2026-09-29T05:00:28.522+00:00] I (90) boot:  6 ota_0            OTA app          00 10 00040000 001d0000
[2026-09-29T05:00:28.522+00:00] I (97) boot:  7 ota_1            OTA app          00 11 00210000 001d0000
[2026-09-29T05:00:28.522+00:00] I (103) boot:  8 coredump         Unknown data     01 03 003e0000 00010000
[2026-09-29T05:00:28.522+00:00] I (110) boot: End of partition table
[2026-09-29T05:00:28.522+00:00] I (113) boot: No factory image, trying OTA 0
[2026-09-29T05:00:28.522+00:00] I (117) esp_image: segment 0: paddr=00040020 vaddr=42120020 size=25988h (153992) map
[2026-09-29T05:00:28.522+00:00] I (153) esp_image: segment 1: paddr=000659b0 vaddr=40800000 size=0a668h ( 42600) load
[2026-09-29T05:00:28.522+00:00] I (163) esp_image: segment 2: paddr=00070020 vaddr=42000020 size=112b98h (1125272) map
[2026-09-29T05:00:28.623+00:00] I (371) esp_image: segment 3: paddr=00182bc0 vaddr=4080a668 size=0f9a4h ( 63908) load
[2026-09-29T05:00:28.623+00:00] I (385) esp_image: segment 4: paddr=0019256c vaddr=4081a010 size=03c14h ( 15380) load
[2026-09-29T05:00:28.623+00:00] I (389) esp_image: segment 5: paddr=00196188 vaddr=50000000 size=00060h (    96) load
[2026-09-29T05:00:28.623+00:00] I (390) esp_image: segment 6: paddr=001961f0 vaddr=50000068 size=00024h (    36) load
[2026-09-29T05:00:28.723+00:00] I (403) boot: Loaded app from partition at offset 0x40000
[2026-09-29T05:00:28.723+00:00] I (407) boot: Set actual ota_seq=1 in otadata[0]
[2026-09-29T05:00:28.723+00:00] I (408) boot: Disabling RNG early entropy source...
[2026-09-29T05:00:28.723+00:00] I (423) cpu_start: Unicore app
[2026-09-29T05:00:28.723+00:00] I (432) cpu_start: GPIO 17 and 16 are used as console UART I/O pins
[2026-09-29T05:00:28.723+00:00] I (433) cpu_start: Pro cpu start user code
[2026-09-29T05:00:28.723+00:00] I (433) cpu_start: cpu freq: 160000000 Hz
[2026-09-29T05:00:28.723+00:00] I (435) app_init: Application information:
[2026-09-29T05:00:28.723+00:00] I (439) app_init: Project name:     routeloom_reference_node
[2026-09-29T05:00:28.723+00:00] I (444) app_init: App version:      1
[2026-09-29T05:00:28.723+00:00] I (447) app_init: Compile time:     Sep 29 2026 04:13:43
[2026-09-29T05:00:28.723+00:00] I (452) app_init: ELF file SHA256:  6fd419d7f...
[2026-09-29T05:00:28.723+00:00] I (457) app_init: ESP-IDF:          v6.0.3
[2026-09-29T05:00:28.723+00:00] I (461) efuse_init: Min chip rev:     v0.0
[2026-09-29T05:00:28.723+00:00] I (464) efuse_init: Max chip rev:     v0.99
[2026-09-29T05:00:28.723+00:00] I (468) efuse_init: Chip rev:         v0.2
[2026-09-29T05:00:28.723+00:00] I (472) heap_init: Initializing. RAM available for dynamic allocation:
[2026-09-29T05:00:28.723+00:00] I (478) heap_init: At 40849B60 len 00032AB0 (202 KiB): RAM
[2026-09-29T05:00:28.723+00:00] I (484) heap_init: At 4087C610 len 00002F54 (11 KiB): RAM
[2026-09-29T05:00:28.723+00:00] I (489) heap_init: At 5000008C len 00003F5C (15 KiB): RTCRAM
[2026-09-29T05:00:28.723+00:00] I (495) spi_flash: detected chip: generic
[2026-09-29T05:00:28.823+00:00] I (498) spi_flash: flash io: dio
[2026-09-29T05:00:28.823+00:00] I (501) sleep_gpio: Configure to isolate all GPIO pins in sleep state
[2026-09-29T05:00:28.823+00:00] I (507) sleep_gpio: Enable automatic switching of GPIO sleep configuration
[2026-09-29T05:00:28.823+00:00] I (522) main_task: Started on CPU0
[2026-09-29T05:00:28.823+00:00] I (524) main_task: Calling app_main()
[2026-09-29T05:00:28.823+00:00] I (528) rl_flash: image: sdk=0.1.0 layout=PT-4M-v2 storage_epoch=2
[2026-09-29T05:00:28.823+00:00] I (572) RouteLoomRef: sdkv1 identity: none provisioned
[2026-09-29T05:00:28.823+00:00] I (572) RouteLoomRef: sdkv1 site: not a member
[2026-09-29T05:00:28.823+00:00] I (572) RouteLoomRef: sdkv1 revocation: none rs_epoch=0 resume_slots=16
[2026-09-29T05:00:28.823+00:00] I (577) RouteLoomRef: sdkv1 local_revocation: none
[2026-09-29T05:00:28.823+00:00] I (581) RouteLoomRef: sdkv1 lifecycle: none
[2026-09-29T05:00:28.823+00:00] I (586) RouteLoomRef: routeloom field boot: fw=1 app_sha256=6fd419d7f689399a82c48c1945c066ab6c2fe13111bfaff3e4aeff04532ee7ca
[2026-09-29T05:00:28.923+00:00] I (607) RouteLoomRef: board config: gen=1 node=0x3 secrets_gen=1 mac=10bda3b14754
[2026-09-29T05:00:28.923+00:00] I (609) RouteLoomRef: security owner ready (node 0x3)
[2026-09-29T05:00:28.923+00:00] I (610) RouteLoom: Wi-Fi init heap: free=176828 largest=159744 bytes
[2026-09-29T05:00:28.923+00:00] I (614) pp: pp rom version: 5b8dcfa
[2026-09-29T05:00:28.923+00:00] I (617) net80211: net80211 rom version: 5b8dcfa
[2026-09-29T05:00:28.923+00:00] I (623) wifi:wifi driver task: 4087f474, prio:23, stack:6656, core=0
[2026-09-29T05:00:28.923+00:00] I (629) wifi:wifi firmware version: da143fa
[2026-09-29T05:00:28.923+00:00] I (632) wifi:wifi certification version: v7.0
[2026-09-29T05:00:28.923+00:00] I (636) wifi:config NVS flash: disabled
[2026-09-29T05:00:28.923+00:00] I (639) wifi:config nano formatting: disabled
[2026-09-29T05:00:28.923+00:00] I (643) wifi:mac_version:HAL_MAC_ESP32AX_761,ut_version:N, band mode:0x1
[2026-09-29T05:00:28.923+00:00] I (650) wifi:Init data frame dynamic rx buffer num: 8
[2026-09-29T05:00:28.923+00:00] I (654) wifi:Init static rx mgmt buffer num: 2
[2026-09-29T05:00:28.923+00:00] I (659) wifi:Init management short buffer num: 8
[2026-09-29T05:00:28.923+00:00] I (663) wifi:Init dynamic tx buffer num: 8
[2026-09-29T05:00:28.923+00:00] I (667) wifi:Init static tx FG buffer num: 2
[2026-09-29T05:00:28.923+00:00] I (671) wifi:Init static rx buffer size: 1700 (rxctrl:92, csi:512)
[2026-09-29T05:00:28.923+00:00] I (677) wifi:Init static rx buffer num: 4
[2026-09-29T05:00:28.923+00:00] I (680) wifi:Init dynamic rx buffer num: 8
[2026-09-29T05:00:28.923+00:00] I (685) wifi_init: accept mbox: 6
[2026-09-29T05:00:28.923+00:00] I (687) wifi_init: tcpip mbox: 32
[2026-09-29T05:00:28.923+00:00] I (690) wifi_init: udp mbox: 6
[2026-09-29T05:00:28.923+00:00] I (693) wifi_init: tcp mbox: 6
[2026-09-29T05:00:28.923+00:00] I (696) wifi_init: tcp tx win: 5760
[2026-09-29T05:00:29.024+00:00] I (699) wifi_init: tcp rx win: 5760
[2026-09-29T05:00:29.024+00:00] I (702) wifi_init: tcp mss: 1440
[2026-09-29T05:00:29.024+00:00] I (705) wifi_init: WiFi IRAM OP enabled
[2026-09-29T05:00:29.024+00:00] I (709) wifi_init: WiFi RX IRAM OP enabled
[2026-09-29T05:00:29.024+00:00] I (713) wifi_init: WiFi SLP IRAM OP enabled
[2026-09-29T05:00:29.024+00:00] I (716) RouteLoom: Wi-Fi initialized heap: free=151092 largest=135168 min=151064 bytes
[2026-09-29T05:00:29.024+00:00] I (724) wifi:(2.4G)set country: cc=JP  schan=1 nchan=13 policy=1
[2026-09-29T05:00:29.024+00:00] I (730) wifi:ifx:0, phymode(new:3, sta nvs: 7 ap nvs: 3)
[2026-09-29T05:00:29.024+00:00] I (735) phy_init: phy_version 345,552b044,Jul 14 2026,10:37:00
[2026-09-29T05:00:29.024+00:00] W (741) phy_init: failed to load RF calibration data (0x1102), falling back to full calibration
[2026-09-29T05:00:29.124+00:00] I (829) phy_init: Saving new calibration data due to checksum failure or outdated calibration data, mode(2)
[2026-09-29T05:00:29.124+00:00] I (837) wifi:11ax coex: WDEVAX_PTI0(0x55777555), WDEVAX_PTI1(0x00003377).
[2026-09-29T05:00:29.124+00:00] 
[2026-09-29T05:00:29.124+00:00] I (838) wifi:mode : sta (10:bd:a3:b1:47:54)
[2026-09-29T05:00:29.124+00:00] I (838) wifi:enable tsf
[2026-09-29T05:00:29.124+00:00] I (842) RouteLoom: Wi-Fi started heap: free=148872 largest=131072 min=148616 bytes
[2026-09-29T05:00:29.124+00:00] I (848) ESPNOW: espnow [version: 2.0] init
[2026-09-29T05:00:29.124+00:00] I (851) RouteLoom: ESP-NOW ready heap: free=148672 largest=131072 min=148616 bytes
[2026-09-29T05:00:29.124+00:00] I (863) RouteLoomRef: dev adopted (node 0x3, boot 7)
[2026-09-29T05:00:29.124+00:00] I (864) RouteLoomRef: security owner started; node start deferred to membership
[2026-09-29T05:00:29.124+00:00] W (871) RouteLoomRef: diagnostic reason=SECURITY_PROFILE_EXPERIMENTAL peer=0 message=none
[2026-09-29T05:00:29.124+00:00] W (878) RouteLoomRef: diagnostic reason=ROUTE_REFRESH_BOUND_EXCEEDED peer=0 message=none
[2026-09-29T05:00:29.124+00:00] I (889) RouteLoomRef: member discovery started
[2026-09-29T05:00:30.226+00:00] I (1917) RouteLoomRef: discovery event=BOUND peer=2
[2026-09-29T05:00:30.226+00:00] W (1918) RouteLoomRef: diagnostic reason=BOUND peer=2 message=none
[2026-09-29T05:00:30.226+00:00] I (1942) RouteLoomRef: discovery event=REACHABLE peer=2
[2026-09-29T05:00:30.226+00:00] W (1942) RouteLoomRef: diagnostic reason=REACHABLE peer=2 message=none
