[2026-09-29T04:34:16.242Z] !! capture open /dev/serial/by-id/usb-Espressif_USB_JTAG_serial_debug_unit_10:BD:A3:B1:47:54-if00 @ 115200 backend=pyserial dtr=1 rts=0
[2026-09-29T04:34:16.291Z] I (207) esp_image: segment 3: paddr=000a24c0 vaddr=4080f9d8 size=07dcch ( 32204) load
[2026-09-29T04:34:16.298Z] I (215) esp_image: segment 4: paddr=000aa294 vaddr=50000000 size=00060h (    96) load
[2026-09-29T04:34:16.302Z] I (216) esp_image: segment 5: paddr=000aa2fc vaddr=50000068 size=00024h (    36) load
[2026-09-29T04:34:16.308Z] I (223) boot: Loaded app from partition at offset 0x40000
[2026-09-29T04:34:16.311Z] I (228) boot: Set actual ota_seq=1 in otadata[0]
[2026-09-29T04:34:16.316Z] I (228) boot: Disabling RNG early entropy source...
[2026-09-29T04:34:16.328Z] I (244) cpu_start: Unicore app
[2026-09-29T04:34:16.337Z] I (254) cpu_start: GPIO 17 and 16 are used as console UART I/O pins
[2026-09-29T04:34:16.338Z] I (254) cpu_start: Pro cpu start user code
[2026-09-29T04:34:16.339Z] I (254) cpu_start: cpu freq: 160000000 Hz
[2026-09-29T04:34:16.344Z] I (256) app_init: Application information:
[2026-09-29T04:34:16.349Z] I (260) app_init: Project name:     routeloom_reference_node
[2026-09-29T04:34:16.352Z] I (265) app_init: App version:      1
[2026-09-29T04:34:16.357Z] I (269) app_init: Compile time:     Sep 29 2026 04:06:48
[2026-09-29T04:34:16.361Z] I (274) app_init: ELF file SHA256:  b96619fcc...
[2026-09-29T04:34:16.366Z] I (278) app_init: ESP-IDF:          v6.0.3
[2026-09-29T04:34:16.369Z] I (282) efuse_init: Min chip rev:     v0.0
[2026-09-29T04:34:16.373Z] I (286) efuse_init: Max chip rev:     v0.99 
[2026-09-29T04:34:16.378Z] I (290) efuse_init: Chip rev:         v0.2
[2026-09-29T04:34:16.383Z] I (294) heap_init: Initializing. RAM available for dynamic allocation:
[2026-09-29T04:34:16.388Z] I (300) heap_init: At 4081EE80 len 0005D790 (373 KiB): RAM
[2026-09-29T04:34:16.393Z] I (305) heap_init: At 4087C610 len 00002F54 (11 KiB): RAM
[2026-09-29T04:34:16.399Z] I (310) heap_init: At 5000008C len 00003F5C (15 KiB): RTCRAM
[2026-09-29T04:34:16.405Z] I (316) spi_flash: detected chip: generic
[2026-09-29T04:34:16.408Z] I (319) spi_flash: flash io: dio
[2026-09-29T04:34:16.411Z] I (323) sleep_gpio: Configure to isolate all GPIO pins in sleep state
[2026-09-29T04:34:16.418Z] I (328) sleep_gpio: Enable automatic switching of GPIO sleep configuration
[2026-09-29T04:34:16.429Z] I (344) main_task: Started on CPU0
[2026-09-29T04:34:16.433Z] I (346) main_task: Calling app_main()
[2026-09-29T04:34:16.439Z] I (350) rl_flash: image: sdk=0.1.0 layout=PT-4M-v2 storage_epoch=2
[2026-09-29T04:34:16.478Z] I (394) RouteLoomRef: sdkv1 identity: none provisioned
[2026-09-29T04:34:16.478Z] I (395) RouteLoomRef: sdkv1 site: not a member
[2026-09-29T04:34:16.483Z] I (395) RouteLoomRef: sdkv1 revocation: none rs_epoch=0 resume_slots=16
[2026-09-29T04:34:16.487Z] I (399) RouteLoomRef: sdkv1 local_revocation: none
[2026-09-29T04:34:16.491Z] I (403) RouteLoomRef: sdkv1 lifecycle: none
[2026-09-29T04:34:16.500Z] routeloom-maintenance v1 ready
[2026-09-29T04:34:19.341Z] !! capture closed
[2026-09-29T05:00:10.959Z] !! capture open /dev/serial/by-id/usb-Espressif_USB_JTAG_serial_debug_unit_10:BD:A3:B1:47:54-if00 @ 115200 backend=pyserial dtr=1 rts=0
[2026-09-29T05:00:11.008Z] I (137) esp_image: segment 1: paddr=00050640 vaddr=40800000 sizeI (207) esp_image: segment 3: paddr=000a24c0 vaddr=4080f9d8 size=07dcch ( 32204) load
[2026-09-29T05:00:11.015Z] I (214) esp_image: segment 4: paddr=000aa294 vaddr=50000000 size=00060h (    96) load
[2026-09-29T05:00:11.018Z] I (215) esp_image: segment 5: paddr=000aa2fc vaddr=50000068 size=00024h (    36) load
[2026-09-29T05:00:11.024Z] I (223) boot: Loaded app from partition at offset 0x40000
[2026-09-29T05:00:11.028Z] I (228) boot: Set actual ota_seq=1 in otadata[0]
[2026-09-29T05:00:11.032Z] I (228) boot: Disabling RNG early entropy source...
[2026-09-29T05:00:11.045Z] I (244) cpu_start: Unicore app
[2026-09-29T05:00:11.054Z] I (254) cpu_start: GPIO 17 and 16 are used as console UART I/O pins
[2026-09-29T05:00:11.054Z] I (254) cpu_start: Pro cpu start user code
[2026-09-29T05:00:11.056Z] I (254) cpu_start: cpu freq: 160000000 Hz
[2026-09-29T05:00:11.060Z] I (256) app_init: Application information:
[2026-09-29T05:00:11.065Z] I (260) app_init: Project name:     routeloom_reference_node
[2026-09-29T05:00:11.069Z] I (265) app_init: App version:      1
[2026-09-29T05:00:11.074Z] I (268) app_init: Compile time:     Sep 29 2026 04:06:48
[2026-09-29T05:00:11.078Z] I (274) app_init: ELF file SHA256:  b96619fcc...
[2026-09-29T05:00:11.082Z] I (278) app_init: ESP-IDF:          v6.0.3
[2026-09-29T05:00:11.086Z] I (282) efuse_init: Min chip rev:     v0.0
[2026-09-29T05:00:11.090Z] I (286) efuse_init: Max chip rev:     v0.99 
[2026-09-29T05:00:11.093Z] I (289) efuse_init: Chip rev:         v0.2
[2026-09-29T05:00:11.100Z] I (293) heap_init: Initializing. RAM available for dynamic allocation:
[2026-09-29T05:00:11.105Z] I (300) heap_init: At 4081EE80 len 0005D790 (373 KiB): RAM
[2026-09-29T05:00:11.110Z] I (305) heap_init: At 4087C610 len 00002F54 (11 KiB): RAM
[2026-09-29T05:00:11.115Z] I (310) heap_init: At 5000008C len 00003F5C (15 KiB): RTCRAM
[2026-09-29T05:00:11.119Z] I (316) spi_flash: detected chip: generic
[2026-09-29T05:00:11.122Z] I (319) spi_flash: flash io: dio
[2026-09-29T05:00:11.128Z] I (323) sleep_gpio: Configure to isolate all GPIO pins in sleep state
[2026-09-29T05:00:11.135Z] I (328) sleep_gpio: Enable automatic switching of GPIO sleep configuration
[2026-09-29T05:00:11.146Z] I (344) main_task: Started on CPU0
[2026-09-29T05:00:11.150Z] I (346) main_task: Calling app_main()
[2026-09-29T05:00:11.156Z] I (350) rl_flash: image: sdk=0.1.0 layout=PT-4M-v2 storage_epoch=2
[2026-09-29T05:00:11.197Z] I (396) RouteLoomRef: sdkv1 identity: none provisioned
[2026-09-29T05:00:11.197Z] I (396) RouteLoomRef: sdkv1 site: not a member
[2026-09-29T05:00:11.201Z] I (397) RouteLoomRef: sdkv1 revocation: none rs_epoch=0 resume_slots=16
[2026-09-29T05:00:11.205Z] I (401) RouteLoomRef: sdkv1 local_revocation: none
[2026-09-29T05:00:11.209Z] I (405) RouteLoomRef: sdkv1 lifecycle: none
[2026-09-29T05:00:11.221Z] routeloom-maintenance v1 ready
[2026-09-29T05:00:14.059Z] !! capture closed
