/home/sahur/.local/bin/esptool --chip esp32c3 --port /dev/serial/by-id/usb-Espressif_USB_JTAG_serial_debug_unit_94:A9:90:7A:26:AC-if00 -b 460800 --after no-reset write-flash --flash-mode keep --flash-freq keep --flash-size keep 0x10000 /home/sahur/orca/workspaces/RouteLoom/v2-stab-b/artifacts/hil/images/sb-br-plan/images/ota_data_initial.bin 0x40000 /home/sahur/orca/workspaces/RouteLoom/v2-stab-b/artifacts/hil/images/sb-br-plan/images/application.bin
esptool v5.4.0
Serial port /dev/serial/by-id/usb-Espressif_USB_JTAG_serial_debug_unit_94:A9:90:7A:26:AC-if00:
Connecting...
Connected to ESP32-C3 on /dev/serial/by-id/usb-Espressif_USB_JTAG_serial_debug_unit_94:A9:90:7A:26:AC-if00:
Chip type:          ESP32-C3 (QFN32) (revision v0.4)
Features:           Wi-Fi, BT 5 (LE), Single Core, 160MHz, Embedded Flash 4MB (XMC)
Crystal frequency:  40MHz
USB mode:           USB-Serial/JTAG
MAC:                94:a9:90:7a:26:ac

Uploading stub flasher...
Running stub flasher...
Stub flasher running.
Changing baud rate to 460800...
Changed.

Configuring flash size...

Writing '/home/sahur/orca/workspaces/RouteLoom/v2-stab-b/artifacts/hil/images/sb-br-plan/images/ota_data_initial.bin' at 0x00010000...
Flash will be erased from 0x00010000 to 0x00011fff...
Compressed 8192 bytes to 31...
Writing at 0x00012000 ━━━━━━━━━━━━━━━━━━━━━━━━━━━━━━ 100.0% 31B/31B [0s] 
Wrote 8192 bytes (31 compressed) at 0x00010000 in 0.1 seconds (1134.9 kbit/s).
Verifying written data...
Hash of data verified.

Writing '/home/sahur/orca/workspaces/RouteLoom/v2-stab-b/artifacts/hil/images/sb-br-plan/images/application.bin' at 0x00040000...
Flash will be erased from 0x00040000 to 0x00173fff...
Compressed 1260960 bytes to 807828...
Writing at 0x0004c021 ╸                                2.0% 16.00kB/788.89kB [0s] 
Writing at 0x00057e90 ━                                4.1% 32.00kB/788.89kB [0s] 
Writing at 0x0005ecae ━╸                               6.1% 48.00kB/788.89kB [1s] 
Writing at 0x00067f1e ━━                               8.1% 64.00kB/788.89kB [1s] 
Writing at 0x0006da79 ━━━                             10.1% 80.00kB/788.89kB [2s] 
Writing at 0x000739c8 ━━━╸                            12.2% 96.00kB/788.89kB [2s] 
Writing at 0x00079c33 ━━━━                            14.2% 112.00kB/788.89kB [3s] 
Writing at 0x0007f7df ━━━━╸                           16.2% 128.00kB/788.89kB [3s] 
Writing at 0x00085644 ━━━━━                           18.3% 144.00kB/788.89kB [4s] 
Writing at 0x0008b848 ━━━━━━                          20.3% 160.00kB/788.89kB [4s] 
Writing at 0x00091458 ━━━━━━╸                         22.3% 176.00kB/788.89kB [5s] 
Writing at 0x00096fc7 ━━━━━━━                         24.3% 192.00kB/788.89kB [5s] 
Writing at 0x0009d038 ━━━━━━━╸                        26.4% 208.00kB/788.89kB [5s] 
Writing at 0x000a2a2c ━━━━━━━━╸                       28.4% 224.00kB/788.89kB [5s] 
Writing at 0x000a871a ━━━━━━━━━                       30.4% 240.00kB/788.89kB [5s] 
Writing at 0x000adec3 ━━━━━━━━━╸                      32.5% 256.00kB/788.89kB [5s] 
Writing at 0x000b3664 ━━━━━━━━━━                      34.5% 272.00kB/788.89kB [5s] 
Writing at 0x000b9422 ━━━━━━━━━━╸                     36.5% 288.00kB/788.89kB [5s] 
Writing at 0x000bf016 ━━━━━━━━━━━╸                    38.5% 304.00kB/788.89kB [5s] 
Writing at 0x000c5040 ━━━━━━━━━━━━                    40.6% 320.00kB/788.89kB [6s] 
Writing at 0x000caccc ━━━━━━━━━━━━╸                   42.6% 336.00kB/788.89kB [6s] 
Writing at 0x000d06a6 ━━━━━━━━━━━━━                   44.6% 352.00kB/788.89kB [6s] 
Writing at 0x000d612e ━━━━━━━━━━━━━╸                  46.6% 368.00kB/788.89kB [6s] 
Writing at 0x000dc45c ━━━━━━━━━━━━━━╸                 48.7% 384.00kB/788.89kB [6s] 
Writing at 0x000e2255 ━━━━━━━━━━━━━━━                 50.7% 400.00kB/788.89kB [6s] 
Writing at 0x000e7f71 ━━━━━━━━━━━━━━━╸                52.7% 416.00kB/788.89kB [6s] 
Writing at 0x000eec22 ━━━━━━━━━━━━━━━━                54.8% 432.00kB/788.89kB [6s] 
Writing at 0x000f48a5 ━━━━━━━━━━━━━━━━━               56.8% 448.00kB/788.89kB [6s] 
Writing at 0x000fa646 ━━━━━━━━━━━━━━━━━╸              58.8% 464.00kB/788.89kB [6s] 
Writing at 0x001001bc ━━━━━━━━━━━━━━━━━━              60.8% 480.00kB/788.89kB [6s] 
Writing at 0x001065ff ━━━━━━━━━━━━━━━━━━╸             62.9% 496.00kB/788.89kB [7s] 
Writing at 0x0010c8b8 ━━━━━━━━━━━━━━━━━━━             64.9% 512.00kB/788.89kB [7s] 
Writing at 0x001125ad ━━━━━━━━━━━━━━━━━━━━            66.9% 528.00kB/788.89kB [7s] 
Writing at 0x00118446 ━━━━━━━━━━━━━━━━━━━━╸           69.0% 544.00kB/788.89kB [7s] 
Writing at 0x0011e059 ━━━━━━━━━━━━━━━━━━━━━           71.0% 560.00kB/788.89kB [7s] 
Writing at 0x00123a7d ━━━━━━━━━━━━━━━━━━━━━╸          73.0% 576.00kB/788.89kB [7s] 
Writing at 0x0012977e ━━━━━━━━━━━━━━━━━━━━━━╸         75.0% 592.00kB/788.89kB [7s] 
Writing at 0x0012f775 ━━━━━━━━━━━━━━━━━━━━━━━         77.1% 608.00kB/788.89kB [7s] 
Writing at 0x00135e7d ━━━━━━━━━━━━━━━━━━━━━━━╸        79.1% 624.00kB/788.89kB [7s] 
Writing at 0x0013bb5b ━━━━━━━━━━━━━━━━━━━━━━━━        81.1% 640.00kB/788.89kB [7s] 
Writing at 0x00141fa6 ━━━━━━━━━━━━━━━━━━━━━━━━╸       83.2% 656.00kB/788.89kB [7s] 
Writing at 0x001482ea ━━━━━━━━━━━━━━━━━━━━━━━━━╸      85.2% 672.00kB/788.89kB [8s] 
Writing at 0x0014e24f ━━━━━━━━━━━━━━━━━━━━━━━━━━      87.2% 688.00kB/788.89kB [8s] 
Writing at 0x001541ee ━━━━━━━━━━━━━━━━━━━━━━━━━━╸     89.2% 704.00kB/788.89kB [8s] 
Writing at 0x00159ce2 ━━━━━━━━━━━━━━━━━━━━━━━━━━━     91.3% 720.00kB/788.89kB [8s] 
Writing at 0x0015f2bc ━━━━━━━━━━━━━━━━━━━━━━━━━━━╸    93.3% 736.00kB/788.89kB [8s] 
Writing at 0x00164874 ━━━━━━━━━━━━━━━━━━━━━━━━━━━━╸   95.3% 752.00kB/788.89kB [8s] 
Writing at 0x0016a170 ━━━━━━━━━━━━━━━━━━━━━━━━━━━━━   97.4% 768.00kB/788.89kB [8s] 
Writing at 0x00170566 ━━━━━━━━━━━━━━━━━━━━━━━━━━━━━╸  99.4% 784.00kB/788.89kB [8s] 
Writing at 0x00173da0 ━━━━━━━━━━━━━━━━━━━━━━━━━━━━━━ 100.0% 788.89kB/788.89kB [8s] 
Wrote 1260960 bytes (807828 compressed) at 0x00040000 in 8.8 seconds (1146.3 kbit/s).
Verifying written data...
Hash of data verified.

Staying in bootloader.
