$ /home/sahur/.local/bin/esptool --chip esp32c6 --port /dev/serial/by-id/usb-Espressif_USB_JTAG_serial_debug_unit_10:BD:A3:B1:47:54-if00 --baud 460800 --before default-reset --after hard-reset write-flash --flash-mode dio --flash-size 2MB --flash-freq 80m 0x10000 artifacts/hil/2026-09-26/images/ref-c-c6-devram-r9final-trace-node4/build/routeloom_reference_node.bin
esptool v5.4.0
Serial port /dev/serial/by-id/usb-Espressif_USB_JTAG_serial_debug_unit_10:BD:A3:B1:47:54-if00:
Connecting...
Connected to ESP32-C6 on /dev/serial/by-id/usb-Espressif_USB_JTAG_serial_debug_unit_10:BD:A3:B1:47:54-if00:
Chip type:          ESP32-C6FH4 (QFN32) (revision v0.2)
Features:           Wi-Fi 6, BT 5 (LE), IEEE802.15.4, Single Core + LP Core, 160MHz, Embedded Flash 4MB
Crystal frequency:  40MHz
USB mode:           USB-Serial/JTAG
MAC:                10:bd:a3:ff:fe:b1:47:54
BASE MAC:           10:bd:a3:b1:47:54
MAC_EXT:            ff:fe

Uploading stub flasher...
Running stub flasher...
Stub flasher running.
Changing baud rate to 460800...
Changed.

Configuring flash size...
Flash will be erased from 0x00010000 to 0x0016cfff...
Compressed 1426896 bytes to 845755...
Writing at 0x0001c3a2 ╸                                1.9% 16.00kB/825.93kB [0s] 
Writing at 0x00027e2c ━                                3.9% 32.00kB/825.93kB [0s] 
Writing at 0x0002ed87 ━╸                               5.8% 48.00kB/825.93kB [0s] 
Writing at 0x00037dfa ━━                               7.7% 64.00kB/825.93kB [0s] 
Writing at 0x0003f04a ━━╸                              9.7% 80.00kB/825.93kB [0s] 
Writing at 0x000460e0 ━━━                             11.6% 96.00kB/825.93kB [1s] 
Writing at 0x0004ced6 ━━━━                            13.6% 112.00kB/825.93kB [1s] 
Writing at 0x00053838 ━━━━╸                           15.5% 128.00kB/825.93kB [1s] 
Writing at 0x0005abba ━━━━━                           17.4% 144.00kB/825.93kB [1s] 
Writing at 0x00061584 ━━━━━╸                          19.4% 160.00kB/825.93kB [2s] 
Writing at 0x00068339 ━━━━━━                          21.3% 176.00kB/825.93kB [2s] 
Writing at 0x0006e96c ━━━━━━╸                         23.2% 192.00kB/825.93kB [2s] 
Writing at 0x000755a9 ━━━━━━━╸                        25.2% 208.00kB/825.93kB [2s] 
Writing at 0x0007baa4 ━━━━━━━━                        27.1% 224.00kB/825.93kB [2s] 
Writing at 0x00082452 ━━━━━━━━╸                       29.1% 240.00kB/825.93kB [2s] 
Writing at 0x00088a4b ━━━━━━━━━                       31.0% 256.00kB/825.93kB [2s] 
Writing at 0x0008f664 ━━━━━━━━━╸                      32.9% 272.00kB/825.93kB [2s] 
Writing at 0x00095dc3 ━━━━━━━━━━                      34.9% 288.00kB/825.93kB [2s] 
Writing at 0x0009cb33 ━━━━━━━━━━━                     36.8% 304.00kB/825.93kB [2s] 
Writing at 0x000a355a ━━━━━━━━━━━╸                    38.7% 320.00kB/825.93kB [3s] 
Writing at 0x000a9be0 ━━━━━━━━━━━━                    40.7% 336.00kB/825.93kB [3s] 
Writing at 0x000b0ece ━━━━━━━━━━━━╸                   42.6% 352.00kB/825.93kB [3s] 
Writing at 0x000b8027 ━━━━━━━━━━━━━                   44.6% 368.00kB/825.93kB [3s] 
Writing at 0x000be813 ━━━━━━━━━━━━━╸                  46.5% 384.00kB/825.93kB [3s] 
Writing at 0x000c4fde ━━━━━━━━━━━━━━╸                 48.4% 400.00kB/825.93kB [3s] 
Writing at 0x000cc688 ━━━━━━━━━━━━━━━                 50.4% 416.00kB/825.93kB [3s] 
Writing at 0x000d3dd8 ━━━━━━━━━━━━━━━╸                52.3% 432.00kB/825.93kB [3s] 
Writing at 0x000dacda ━━━━━━━━━━━━━━━━                54.2% 448.00kB/825.93kB [3s] 
Writing at 0x000e09b6 ━━━━━━━━━━━━━━━━╸               56.2% 464.00kB/825.93kB [3s] 
Writing at 0x000e686a ━━━━━━━━━━━━━━━━━               58.1% 480.00kB/825.93kB [3s] 
Writing at 0x000ec5ff ━━━━━━━━━━━━━━━━━━              60.1% 496.00kB/825.93kB [3s] 
Writing at 0x000f1ef8 ━━━━━━━━━━━━━━━━━━╸             62.0% 512.00kB/825.93kB [3s] 
Writing at 0x000f7fa5 ━━━━━━━━━━━━━━━━━━━             63.9% 528.00kB/825.93kB [3s] 
Writing at 0x000febca ━━━━━━━━━━━━━━━━━━━╸            65.9% 544.00kB/825.93kB [3s] 
Writing at 0x00104a0b ━━━━━━━━━━━━━━━━━━━━            67.8% 560.00kB/825.93kB [4s] 
Writing at 0x0010a672 ━━━━━━━━━━━━━━━━━━━━╸           69.7% 576.00kB/825.93kB [4s] 
Writing at 0x001104cf ━━━━━━━━━━━━━━━━━━━━━╸          71.7% 592.00kB/825.93kB [4s] 
Writing at 0x0011655f ━━━━━━━━━━━━━━━━━━━━━━          73.6% 608.00kB/825.93kB [4s] 
Writing at 0x0011cbde ━━━━━━━━━━━━━━━━━━━━━━╸         75.6% 624.00kB/825.93kB [4s] 
Writing at 0x00122b93 ━━━━━━━━━━━━━━━━━━━━━━━         77.5% 640.00kB/825.93kB [4s] 
Writing at 0x00128936 ━━━━━━━━━━━━━━━━━━━━━━━╸        79.4% 656.00kB/825.93kB [4s] 
Writing at 0x0012e96a ━━━━━━━━━━━━━━━━━━━━━━━━        81.4% 672.00kB/825.93kB [4s] 
Writing at 0x00134ca2 ━━━━━━━━━━━━━━━━━━━━━━━━╸       83.3% 688.00kB/825.93kB [4s] 
Writing at 0x0013b104 ━━━━━━━━━━━━━━━━━━━━━━━━━╸      85.2% 704.00kB/825.93kB [4s] 
Writing at 0x0014147b ━━━━━━━━━━━━━━━━━━━━━━━━━━      87.2% 720.00kB/825.93kB [4s] 
Writing at 0x0014766a ━━━━━━━━━━━━━━━━━━━━━━━━━━╸     89.1% 736.00kB/825.93kB [4s] 
Writing at 0x0014d781 ━━━━━━━━━━━━━━━━━━━━━━━━━━━     91.0% 752.00kB/825.93kB [4s] 
Writing at 0x00154676 ━━━━━━━━━━━━━━━━━━━━━━━━━━━╸    93.0% 768.00kB/825.93kB [4s] 
Writing at 0x0015b1d0 ━━━━━━━━━━━━━━━━━━━━━━━━━━━━    94.9% 784.00kB/825.93kB [4s] 
Writing at 0x00160934 ━━━━━━━━━━━━━━━━━━━━━━━━━━━━━   96.9% 800.00kB/825.93kB [5s] 
Writing at 0x00166650 ━━━━━━━━━━━━━━━━━━━━━━━━━━━━━╸  98.8% 816.00kB/825.93kB [5s] 
Writing at 0x0016c5d0 ━━━━━━━━━━━━━━━━━━━━━━━━━━━━━━ 100.0% 825.93kB/825.93kB [5s] 
Wrote 1426896 bytes (845755 compressed) at 0x00010000 in 5.2 seconds (2178.6 kbit/s).
Verifying written data...
Hash of data verified.

Hard resetting via RTS pin...
