/home/sahur/.local/bin/esptool --chip esp32c3 --port /dev/serial/by-id/usb-Espressif_USB_JTAG_serial_debug_unit_94:A9:90:7A:26:AC-if00 -b 460800 --after no-reset write-flash --flash-mode keep --flash-freq keep --flash-size keep 0x10000 /home/sahur/orca/workspaces/RouteLoom/v2-h1/artifacts/hil/images/h1-br-os/images/ota_data_initial.bin 0x40000 /home/sahur/orca/workspaces/RouteLoom/v2-h1/artifacts/hil/images/h1-br-os/images/application.bin
esptool v5.4.0
Serial port /dev/serial/by-id/usb-Espressif_USB_JTAG_serial_debug_unit_94:A9:90:7A:26:AC-if00:
Connecting...
Connected to ESP32-C3 on /dev/serial/by-id/usb-Espressif_USB_JTAG_serial_debug_unit_94:A9:90:7A:26:AC-if00:
Chip type:          ESP32-C3 (QFN32) (revision v0.4)
Features:           Wi-Fi, BT 5 (LE), Single Core, 160MHz, Embedded Flash 4MB (XMC)
Crystal frequency:  40MHz
USB mode:           USB-Serial/JTAG
MAC:                94:a9:90:7a:26:ac

Uploading stub flasher...
Running stub flasher...
Stub flasher running.
Changing baud rate to 460800...
Changed.

Configuring flash size...

Writing '/home/sahur/orca/workspaces/RouteLoom/v2-h1/artifacts/hil/images/h1-br-os/images/ota_data_initial.bin' at 0x00010000...
Flash will be erased from 0x00010000 to 0x00011fff...
Compressed 8192 bytes to 31...
Writing at 0x00012000 ━━━━━━━━━━━━━━━━━━━━━━━━━━━━━━ 100.0% 31B/31B [0s] 
Wrote 8192 bytes (31 compressed) at 0x00010000 in 0.1 seconds (1087.6 kbit/s).
Verifying written data...
Hash of data verified.

Writing '/home/sahur/orca/workspaces/RouteLoom/v2-h1/artifacts/hil/images/h1-br-os/images/application.bin' at 0x00040000...
Flash will be erased from 0x00040000 to 0x00167fff...
Compressed 1209120 bytes to 774233...
Writing at 0x0004c372 ╸                                2.1% 16.00kB/756.09kB [0s] 
Writing at 0x00057981 ━                                4.2% 32.00kB/756.09kB [0s] 
Writing at 0x0005e4d1 ━╸                               6.3% 48.00kB/756.09kB [1s] 
Writing at 0x000672e5 ━━╸                              8.5% 64.00kB/756.09kB [1s] 
Writing at 0x0006cf91 ━━━                             10.6% 80.00kB/756.09kB [2s] 
Writing at 0x00072e6b ━━━╸                            12.7% 96.00kB/756.09kB [2s] 
Writing at 0x000791dc ━━━━                            14.8% 112.00kB/756.09kB [3s] 
Writing at 0x0007eecc ━━━━━                           16.9% 128.00kB/756.09kB [4s] 
Writing at 0x00084b4c ━━━━━╸                          19.0% 144.00kB/756.09kB [4s] 
Writing at 0x0008aca3 ━━━━━━                          21.2% 160.00kB/756.09kB [4s] 
Writing at 0x00090c4a ━━━━━━╸                         23.3% 176.00kB/756.09kB [5s] 
Writing at 0x0009636a ━━━━━━━╸                        25.4% 192.00kB/756.09kB [5s] 
Writing at 0x0009c20e ━━━━━━━━                        27.5% 208.00kB/756.09kB [5s] 
Writing at 0x000a1960 ━━━━━━━━╸                       29.6% 224.00kB/756.09kB [5s] 
Writing at 0x000a72b2 ━━━━━━━━━╸                      31.7% 240.00kB/756.09kB [5s] 
Writing at 0x000acd4c ━━━━━━━━━━                      33.9% 256.00kB/756.09kB [5s] 
Writing at 0x000b28c6 ━━━━━━━━━━╸                     36.0% 272.00kB/756.09kB [5s] 
Writing at 0x000b87eb ━━━━━━━━━━━                     38.1% 288.00kB/756.09kB [5s] 
Writing at 0x000be5b2 ━━━━━━━━━━━━                    40.2% 304.00kB/756.09kB [5s] 
Writing at 0x000c4024 ━━━━━━━━━━━━╸                   42.3% 320.00kB/756.09kB [6s] 
Writing at 0x000c9c33 ━━━━━━━━━━━━━                   44.4% 336.00kB/756.09kB [6s] 
Writing at 0x000cfb74 ━━━━━━━━━━━━━╸                  46.6% 352.00kB/756.09kB [6s] 
Writing at 0x000d5ca6 ━━━━━━━━━━━━━━╸                 48.7% 368.00kB/756.09kB [6s] 
Writing at 0x000db906 ━━━━━━━━━━━━━━━                 50.8% 384.00kB/756.09kB [6s] 
Writing at 0x000e247b ━━━━━━━━━━━━━━━╸                52.9% 400.00kB/756.09kB [6s] 
Writing at 0x000e836e ━━━━━━━━━━━━━━━━╸               55.0% 416.00kB/756.09kB [6s] 
Writing at 0x000edf84 ━━━━━━━━━━━━━━━━━               57.1% 432.00kB/756.09kB [6s] 
Writing at 0x000f3afc ━━━━━━━━━━━━━━━━━╸              59.3% 448.00kB/756.09kB [6s] 
Writing at 0x000f99f6 ━━━━━━━━━━━━━━━━━━              61.4% 464.00kB/756.09kB [6s] 
Writing at 0x0010000e ━━━━━━━━━━━━━━━━━━━             63.5% 480.00kB/756.09kB [6s] 
Writing at 0x00105d66 ━━━━━━━━━━━━━━━━━━━╸            65.6% 496.00kB/756.09kB [7s] 
Writing at 0x0010bd3d ━━━━━━━━━━━━━━━━━━━━            67.7% 512.00kB/756.09kB [7s] 
Writing at 0x0011192e ━━━━━━━━━━━━━━━━━━━━╸           69.8% 528.00kB/756.09kB [7s] 
Writing at 0x001174a4 ━━━━━━━━━━━━━━━━━━━━━╸          71.9% 544.00kB/756.09kB [7s] 
Writing at 0x0011cf8e ━━━━━━━━━━━━━━━━━━━━━━          74.1% 560.00kB/756.09kB [7s] 
Writing at 0x00122e50 ━━━━━━━━━━━━━━━━━━━━━━╸         76.2% 576.00kB/756.09kB [7s] 
Writing at 0x001297d9 ━━━━━━━━━━━━━━━━━━━━━━━         78.3% 592.00kB/756.09kB [7s] 
Writing at 0x0012f59f ━━━━━━━━━━━━━━━━━━━━━━━━        80.4% 608.00kB/756.09kB [7s] 
Writing at 0x00135737 ━━━━━━━━━━━━━━━━━━━━━━━━╸       82.5% 624.00kB/756.09kB [7s] 
Writing at 0x0013ba1c ━━━━━━━━━━━━━━━━━━━━━━━━━       84.6% 640.00kB/756.09kB [7s] 
Writing at 0x00141c15 ━━━━━━━━━━━━━━━━━━━━━━━━━━      86.8% 656.00kB/756.09kB [7s] 
Writing at 0x00147ad0 ━━━━━━━━━━━━━━━━━━━━━━━━━━╸     88.9% 672.00kB/756.09kB [8s] 
Writing at 0x0014d883 ━━━━━━━━━━━━━━━━━━━━━━━━━━━     91.0% 688.00kB/756.09kB [8s] 
Writing at 0x00152e5b ━━━━━━━━━━━━━━━━━━━━━━━━━━━╸    93.1% 704.00kB/756.09kB [8s] 
Writing at 0x00158492 ━━━━━━━━━━━━━━━━━━━━━━━━━━━━╸   95.2% 720.00kB/756.09kB [8s] 
Writing at 0x0015db58 ━━━━━━━━━━━━━━━━━━━━━━━━━━━━━   97.3% 736.00kB/756.09kB [8s] 
Writing at 0x00163f81 ━━━━━━━━━━━━━━━━━━━━━━━━━━━━━╸  99.5% 752.00kB/756.09kB [8s] 
Writing at 0x00167320 ━━━━━━━━━━━━━━━━━━━━━━━━━━━━━━ 100.0% 756.09kB/756.09kB [8s] 
Wrote 1209120 bytes (774233 compressed) at 0x00040000 in 8.7 seconds (1117.1 kbit/s).
Verifying written data...
Hash of data verified.

Staying in bootloader.
