$ /home/sahur/.local/bin/esptool --port /dev/serial/by-id/usb-Espressif_USB_JTAG_serial_debug_unit_94:A9:90:7A:26:AC-if00 chip-id
esptool v5.4.0
Serial port /dev/serial/by-id/usb-Espressif_USB_JTAG_serial_debug_unit_94:A9:90:7A:26:AC-if00:
Connecting...
Detecting chip type... ESP32-C3
Connected to ESP32-C3 on /dev/serial/by-id/usb-Espressif_USB_JTAG_serial_debug_unit_94:A9:90:7A:26:AC-if00:
Chip type:          ESP32-C3 (QFN32) (revision v0.4)
Features:           Wi-Fi, BT 5 (LE), Single Core, 160MHz, Embedded Flash 4MB (XMC)
Crystal frequency:  40MHz
USB mode:           USB-Serial/JTAG
MAC:                94:a9:90:7a:26:ac

Uploading stub flasher...
Running stub flasher...
Stub flasher running.

MAC:                94:a9:90:7a:26:ac

Hard resetting via RTS pin...
WARNING: ESP32-C3 has no chip ID. Reading MAC address instead.

$ /home/sahur/.local/bin/esptool --chip esp32c3 --port /dev/serial/by-id/usb-Espressif_USB_JTAG_serial_debug_unit_94:A9:90:7A:26:AC-if00 get-security-info
esptool v5.4.0
Serial port /dev/serial/by-id/usb-Espressif_USB_JTAG_serial_debug_unit_94:A9:90:7A:26:AC-if00:
Connecting....
Connected to ESP32-C3 on /dev/serial/by-id/usb-Espressif_USB_JTAG_serial_debug_unit_94:A9:90:7A:26:AC-if00:
Chip type:          ESP32-C3 (QFN32) (revision v0.4)
Features:           Wi-Fi, BT 5 (LE), Single Core, 160MHz, Embedded Flash 4MB (XMC)
Crystal frequency:  40MHz
USB mode:           USB-Serial/JTAG
MAC:                94:a9:90:7a:26:ac

Uploading stub flasher...
Running stub flasher...
Stub flasher running.

Security Information:
=====================
Flags: 0x00000000 (0b0)
Key Purposes: (0, 0, 0, 0, 0, 0, 12)
  BLOCK_KEY0 - USER/EMPTY
  BLOCK_KEY1 - USER/EMPTY
  BLOCK_KEY2 - USER/EMPTY
  BLOCK_KEY3 - USER/EMPTY
  BLOCK_KEY4 - USER/EMPTY
  BLOCK_KEY5 - USER/EMPTY
Chip ID: 5
API Version: 3
Secure Boot: Disabled
Flash Encryption: Disabled
SPI Boot Crypt Count (SPI_BOOT_CRYPT_CNT): 0x0

Hard resetting via RTS pin...
