$ /home/sahur/.local/bin/esptool --chip esp32c3 --port /dev/serial/by-id/usb-Espressif_USB_JTAG_serial_debug_unit_94:A9:90:6A:EE:C4-if00 --baud 460800 --before default-reset --after hard-reset write-flash --flash-mode dio --flash-size 2MB --flash-freq 80m 0x0 artifacts/hil/2026-09-26/images/full-r1-bridge-c3/build/bootloader/bootloader.bin 0x8000 artifacts/hil/2026-09-26/images/full-r1-bridge-c3/build/partition_table/partition-table.bin 0x10000 artifacts/hil/2026-09-26/images/full-r1-bridge-c3/build/routeloom_bridge_node.bin
esptool v5.4.0
Serial port /dev/serial/by-id/usb-Espressif_USB_JTAG_serial_debug_unit_94:A9:90:6A:EE:C4-if00:
Connecting...
Connected to ESP32-C3 on /dev/serial/by-id/usb-Espressif_USB_JTAG_serial_debug_unit_94:A9:90:6A:EE:C4-if00:
Chip type:          ESP32-C3 (QFN32) (revision v0.4)
Features:           Wi-Fi, BT 5 (LE), Single Core, 160MHz, Embedded Flash 4MB (XMC)
Crystal frequency:  40MHz
USB mode:           USB-Serial/JTAG
MAC:                94:a9:90:6a:ee:c4

Uploading stub flasher...
Running stub flasher...
Stub flasher running.
Changing baud rate to 460800...
Changed.

Configuring flash size...

Writing 'artifacts/hil/2026-09-26/images/full-r1-bridge-c3/build/bootloader/bootloader.bin' at 0x00000000...
SHA digest in image updated.
Flash will be erased from 0x00000000 to 0x00005fff...
Compressed 21280 bytes to 13469...
Writing at 0x00005320 ━━━━━━━━━━━━━━━━━━━━━━━━━━━━━━ 100.0% 13.15kB/13.15kB [0s] 
Wrote 21280 bytes (13469 compressed) at 0x00000000 in 0.3 seconds (654.7 kbit/s).
Verifying written data...
Hash of data verified.

Writing 'artifacts/hil/2026-09-26/images/full-r1-bridge-c3/build/partition_table/partition-table.bin' at 0x00008000...
Flash will be erased from 0x00008000 to 0x00008fff...
Compressed 3072 bytes to 120...
Writing at 0x00008c00 ━━━━━━━━━━━━━━━━━━━━━━━━━━━━━━ 100.0% 120B/120B [0s] 
Wrote 3072 bytes (120 compressed) at 0x00008000 in 0.0 seconds (4257.4 kbit/s).
Verifying written data...
Hash of data verified.

Writing 'artifacts/hil/2026-09-26/images/full-r1-bridge-c3/build/routeloom_bridge_node.bin' at 0x00010000...
Flash will be erased from 0x00010000 to 0x00152fff...
Compressed 1319920 bytes to 780233...
Writing at 0x0001c541 ╸                                2.1% 16.00kB/761.95kB [0s] 
Writing at 0x00027ea8 ━                                4.2% 32.00kB/761.95kB [0s] 
Writing at 0x0002eb28 ━╸                               6.3% 48.00kB/761.95kB [1s] 
Writing at 0x00037b6b ━━╸                              8.4% 64.00kB/761.95kB [1s] 
Writing at 0x0003e3bc ━━━                             10.5% 80.00kB/761.95kB [2s] 
Writing at 0x000450ad ━━━╸                            12.6% 96.00kB/761.95kB [2s] 
Writing at 0x0004c222 ━━━━                            14.7% 112.00kB/761.95kB [3s] 
Writing at 0x00052db4 ━━━━━                           16.8% 128.00kB/761.95kB [4s] 
Writing at 0x0005998d ━━━━━╸                          18.9% 144.00kB/761.95kB [4s] 
Writing at 0x00060632 ━━━━━━                          21.0% 160.00kB/761.95kB [5s] 
Writing at 0x00066e68 ━━━━━━╸                         23.1% 176.00kB/761.95kB [5s] 
Writing at 0x0006dc9a ━━━━━━━╸                        25.2% 192.00kB/761.95kB [5s] 
Writing at 0x00074472 ━━━━━━━━                        27.3% 208.00kB/761.95kB [5s] 
Writing at 0x0007b14c ━━━━━━━━╸                       29.4% 224.00kB/761.95kB [5s] 
Writing at 0x000816e0 ━━━━━━━━━                       31.5% 240.00kB/761.95kB [5s] 
Writing at 0x00088026 ━━━━━━━━━━                      33.6% 256.00kB/761.95kB [6s] 
Writing at 0x0008e73a ━━━━━━━━━━╸                     35.7% 272.00kB/761.95kB [6s] 
Writing at 0x00095206 ━━━━━━━━━━━                     37.8% 288.00kB/761.95kB [6s] 
Writing at 0x0009b8f7 ━━━━━━━━━━━╸                    39.9% 304.00kB/761.95kB [6s] 
Writing at 0x000a215d ━━━━━━━━━━━━╸                   42.0% 320.00kB/761.95kB [6s] 
Writing at 0x000a8b6a ━━━━━━━━━━━━━                   44.1% 336.00kB/761.95kB [6s] 
Writing at 0x000af3d4 ━━━━━━━━━━━━━╸                  46.2% 352.00kB/761.95kB [6s] 
Writing at 0x000b5eb0 ━━━━━━━━━━━━━━                  48.3% 368.00kB/761.95kB [6s] 
Writing at 0x000bc543 ━━━━━━━━━━━━━━━                 50.4% 384.00kB/761.95kB [6s] 
Writing at 0x000c33ce ━━━━━━━━━━━━━━━╸                52.5% 400.00kB/761.95kB [6s] 
Writing at 0x000c9cdb ━━━━━━━━━━━━━━━━                54.6% 416.00kB/761.95kB [7s] 
Writing at 0x000d02f0 ━━━━━━━━━━━━━━━━━               56.7% 432.00kB/761.95kB [7s] 
Writing at 0x000d7ac5 ━━━━━━━━━━━━━━━━━╸              58.8% 448.00kB/761.95kB [7s] 
Writing at 0x000df0a7 ━━━━━━━━━━━━━━━━━━              60.9% 464.00kB/761.95kB [7s] 
Writing at 0x000e5f1d ━━━━━━━━━━━━━━━━━━╸             63.0% 480.00kB/761.95kB [7s] 
Writing at 0x000ebced ━━━━━━━━━━━━━━━━━━━╸            65.1% 496.00kB/761.95kB [7s] 
Writing at 0x000f1c15 ━━━━━━━━━━━━━━━━━━━━            67.2% 512.00kB/761.95kB [7s] 
Writing at 0x000f7936 ━━━━━━━━━━━━━━━━━━━━╸           69.3% 528.00kB/761.95kB [7s] 
Writing at 0x000fd3b9 ━━━━━━━━━━━━━━━━━━━━━           71.4% 544.00kB/761.95kB [7s] 
Writing at 0x00103072 ━━━━━━━━━━━━━━━━━━━━━━          73.5% 560.00kB/761.95kB [7s] 
Writing at 0x001096a3 ━━━━━━━━━━━━━━━━━━━━━━╸         75.6% 576.00kB/761.95kB [7s] 
Writing at 0x0010f7b0 ━━━━━━━━━━━━━━━━━━━━━━━         77.7% 592.00kB/761.95kB [8s] 
Writing at 0x0011548e ━━━━━━━━━━━━━━━━━━━━━━━╸        79.8% 608.00kB/761.95kB [8s] 
Writing at 0x0011ba48 ━━━━━━━━━━━━━━━━━━━━━━━━╸       81.9% 624.00kB/761.95kB [8s] 
Writing at 0x00121c7b ━━━━━━━━━━━━━━━━━━━━━━━━━       84.0% 640.00kB/761.95kB [8s] 
Writing at 0x00127b08 ━━━━━━━━━━━━━━━━━━━━━━━━━╸      86.1% 656.00kB/761.95kB [8s] 
Writing at 0x0012de33 ━━━━━━━━━━━━━━━━━━━━━━━━━━      88.2% 672.00kB/761.95kB [8s] 
Writing at 0x001343d6 ━━━━━━━━━━━━━━━━━━━━━━━━━━━     90.3% 688.00kB/761.95kB [8s] 
Writing at 0x0013a854 ━━━━━━━━━━━━━━━━━━━━━━━━━━━╸    92.4% 704.00kB/761.95kB [8s] 
Writing at 0x0014038c ━━━━━━━━━━━━━━━━━━━━━━━━━━━━    94.5% 720.00kB/761.95kB [8s] 
Writing at 0x00145a35 ━━━━━━━━━━━━━━━━━━━━━━━━━━━━╸   96.6% 736.00kB/761.95kB [8s] 
Writing at 0x0014c2fc ━━━━━━━━━━━━━━━━━━━━━━━━━━━━━╸  98.7% 752.00kB/761.95kB [8s] 
Writing at 0x001523f0 ━━━━━━━━━━━━━━━━━━━━━━━━━━━━━━ 100.0% 761.95kB/761.95kB [9s] 
Wrote 1319920 bytes (780233 compressed) at 0x00010000 in 9.2 seconds (1151.1 kbit/s).
Verifying written data...
Hash of data verified.

Hard resetting via RTS pin...
