[2026-09-25T16:50:48.759Z] !! poll start: /home/sahur/orca/workspaces/RouteLoom/hil-bench/host/target/debug/routeloomctl --socket /tmp/routeloom-hil-2026-09-26.sock adapter every 0.5s
[2026-09-25T16:50:48.760Z] {"device":"/dev/serial/by-id/usb-Espressif_USB_JTAG_serial_debug_unit_94:A9:90:6A:EE:C4-if00","connected":false,"session":{"authenticated":false,"id":null,"node":null,"boot":null,"network":null,"capability":null,"version":null},"credit":{"observed":false,"grant_frames":0,"grant_bytes":0},"rx_frames":0,"tx_frames":0,"tx_bytes":0,"protocol_errors":0,"last_error":null}
[2026-09-25T16:50:49.260Z] {"device":"/dev/serial/by-id/usb-Espressif_USB_JTAG_serial_debug_unit_94:A9:90:6A:EE:C4-if00","connected":true,"session":{"authenticated":true,"id":14047546646006873204,"node":1,"boot":101,"network":1380712449,"capability":519,"version":1},"credit":{"observed":true,"grant_frames":9,"grant_bytes":16480},"rx_frames":5,"tx_frames":4,"tx_bytes":276,"protocol_errors":0,"last_error":null}
[2026-09-25T16:50:49.762Z] !stderr! Error: Os { code: 104, kind: ConnectionReset, message: "Connection reset by peer" }
[2026-09-25T16:50:49.762Z] !exit=1!
[2026-09-25T16:50:50.261Z] !stderr! Error: Os { code: 111, kind: ConnectionRefused, message: "Connection refused" }
[2026-09-25T16:50:50.261Z] !exit=1!
[2026-09-25T16:50:50.761Z] !stderr! Error: Os { code: 111, kind: ConnectionRefused, message: "Connection refused" }
[2026-09-25T16:50:50.761Z] !exit=1!
[2026-09-25T16:50:51.261Z] !stderr! Error: Os { code: 111, kind: ConnectionRefused, message: "Connection refused" }
[2026-09-25T16:50:51.261Z] !exit=1!
[2026-09-25T16:50:51.762Z] {"device":"/dev/serial/by-id/usb-Espressif_USB_JTAG_serial_debug_unit_94:A9:90:6A:EE:C4-if00","connected":true,"session":{"authenticated":true,"id":9207038544642843373,"node":1,"boot":102,"network":1380712449,"capability":519,"version":1},"credit":{"observed":true,"grant_frames":9,"grant_bytes":16480},"rx_frames":8,"tx_frames":5,"tx_bytes":349,"protocol_errors":0,"last_error":null}
[2026-09-25T16:50:52.262Z] {"device":"/dev/serial/by-id/usb-Espressif_USB_JTAG_serial_debug_unit_94:A9:90:6A:EE:C4-if00","connected":true,"session":{"authenticated":true,"id":9207038544642843373,"node":1,"boot":102,"network":1380712449,"capability":519,"version":1},"credit":{"observed":true,"grant_frames":9,"grant_bytes":16480},"rx_frames":9,"tx_frames":5,"tx_bytes":349,"protocol_errors":0,"last_error":null}
[2026-09-25T16:50:52.762Z] {"device":"/dev/serial/by-id/usb-Espressif_USB_JTAG_serial_debug_unit_94:A9:90:6A:EE:C4-if00","connected":true,"session":{"authenticated":true,"id":9207038544642843373,"node":1,"boot":102,"network":1380712449,"capability":519,"version":1},"credit":{"observed":true,"grant_frames":9,"grant_bytes":16480},"rx_frames":9,"tx_frames":5,"tx_bytes":349,"protocol_errors":0,"last_error":null}
[2026-09-25T16:50:53.262Z] {"device":"/dev/serial/by-id/usb-Espressif_USB_JTAG_serial_debug_unit_94:A9:90:6A:EE:C4-if00","connected":true,"session":{"authenticated":true,"id":9207038544642843373,"node":1,"boot":102,"network":1380712449,"capability":519,"version":1},"credit":{"observed":true,"grant_frames":9,"grant_bytes":16480},"rx_frames":9,"tx_frames":5,"tx_bytes":349,"protocol_errors":0,"last_error":null}
[2026-09-25T16:50:53.762Z] {"device":"/dev/serial/by-id/usb-Espressif_USB_JTAG_serial_debug_unit_94:A9:90:6A:EE:C4-if00","connected":true,"session":{"authenticated":true,"id":9207038544642843373,"node":1,"boot":102,"network":1380712449,"capability":519,"version":1},"credit":{"observed":true,"grant_frames":10,"grant_bytes":16556},"rx_frames":15,"tx_frames":6,"tx_bytes":427,"protocol_errors":0,"last_error":null}
[2026-09-25T16:50:54.263Z] {"device":"/dev/serial/by-id/usb-Espressif_USB_JTAG_serial_debug_unit_94:A9:90:6A:EE:C4-if00","connected":true,"session":{"authenticated":true,"id":9207038544642843373,"node":1,"boot":102,"network":1380712449,"capability":519,"version":1},"credit":{"observed":true,"grant_frames":10,"grant_bytes":16556},"rx_frames":15,"tx_frames":6,"tx_bytes":427,"protocol_errors":0,"last_error":null}
[2026-09-25T16:50:54.763Z] {"device":"/dev/serial/by-id/usb-Espressif_USB_JTAG_serial_debug_unit_94:A9:90:6A:EE:C4-if00","connected":true,"session":{"authenticated":true,"id":9207038544642843373,"node":1,"boot":102,"network":1380712449,"capability":519,"version":1},"credit":{"observed":true,"grant_frames":10,"grant_bytes":16556},"rx_frames":15,"tx_frames":6,"tx_bytes":427,"protocol_errors":0,"last_error":null}
[2026-09-25T16:50:55.263Z] {"device":"/dev/serial/by-id/usb-Espressif_USB_JTAG_serial_debug_unit_94:A9:90:6A:EE:C4-if00","connected":true,"session":{"authenticated":true,"id":9207038544642843373,"node":1,"boot":102,"network":1380712449,"capability":519,"version":1},"credit":{"observed":true,"grant_frames":10,"grant_bytes":16556},"rx_frames":15,"tx_frames":6,"tx_bytes":427,"protocol_errors":0,"last_error":null}
[2026-09-25T16:50:55.763Z] {"device":"/dev/serial/by-id/usb-Espressif_USB_JTAG_serial_debug_unit_94:A9:90:6A:EE:C4-if00","connected":true,"session":{"authenticated":true,"id":9207038544642843373,"node":1,"boot":102,"network":1380712449,"capability":519,"version":1},"credit":{"observed":true,"grant_frames":10,"grant_bytes":16556},"rx_frames":21,"tx_frames":6,"tx_bytes":427,"protocol_errors":0,"last_error":null}
[2026-09-25T16:50:56.127Z] !! poll stopped
