[2026-09-28T18:36:44.454Z] !! capture open /dev/serial/by-id/usb-Espressif_USB_JTAG_serial_debug_unit_10:BD:A3:B1:48:A8-if00 @ 115200 backend=pyserial dtr=1 rts=0
[2026-09-28T18:37:42.145Z] W (834647) RouteLoomRef: diagnostic reason=RX_CONTEXT_CHANGED peI (1260509) RouteLoom: stack hwm main 10140 B
[2026-09-28T18:37:42.149Z] I (1260509) RouteLoom: owner polls=627753 empty=626575 rxq_max=2 max_us rx=53305 bootstrap=5628 node=10760 security=15706
[2026-09-28T18:37:42.155Z] I (1260513) RouteLoom: owner expiry_slots=266166424 hop_accept_expired=1
[2026-09-28T18:37:42.161Z] I (1260519) RouteLoom: HIL HEAP free=115480 largest=100352 min=114680 B
[2026-09-28T18:37:42.173Z] I (1260526) RouteLoom: HIL DISCOVERY candidates=0 neighbors=2 capacity=0 auth=4 stale=0 probes=82 send_failures=86 kind_rejects=0
[2026-09-28T18:37:42.180Z] I (1260537) RouteLoom: HIL ROUTE peer=1 phase=5 via=1 metric=1 generation=24 seq=1
[2026-09-28T18:37:42.187Z] I (1260544) RouteLoom: HIL ROUTE peer=3 phase=5 via=3 metric=1 generation=23 seq=2
[2026-09-28T18:38:42.146Z] I (1320510) RouteLoom: stack hwm main 10140 B
[2026-09-28T18:38:42.150Z] I (1320510) RouteLoom: owner polls=657542 empty=656196 rxq_max=2 max_us rx=53305 bootstrap=5628 node=10760 security=15706
[2026-09-28T18:38:42.156Z] I (1320514) RouteLoom: owner expiry_slots=278796960 hop_accept_expired=1
[2026-09-28T18:38:42.162Z] I (1320520) RouteLoom: HIL HEAP free=115480 largest=100352 min=114680 B
[2026-09-28T18:38:42.173Z] I (1320527) RouteLoom: HIL DISCOVERY candidates=0 neighbors=2 capacity=0 auth=4 stale=0 probes=88 send_failures=86 kind_rejects=0
[2026-09-28T18:38:42.181Z] I (1320538) RouteLoom: HIL ROUTE peer=1 phase=5 via=1 metric=1 generation=24 seq=1
[2026-09-28T18:38:42.188Z] I (1320545) RouteLoom: HIL ROUTE peer=3 phase=5 via=3 metric=1 generation=23 seq=2
[2026-09-28T18:39:42.146Z] I (1380510) RouteLoom: stack hwm main 10140 B
[2026-09-28T18:39:42.150Z] I (1380510) RouteLoom: owner polls=687320 empty=685804 rxq_max=2 max_us rx=53305 bootstrap=5628 node=10760 security=15706
[2026-09-28T18:39:42.156Z] I (1380514) RouteLoom: owner expiry_slots=291422832 hop_accept_expired=1
[2026-09-28T18:39:42.162Z] I (1380520) RouteLoom: HIL HEAP free=115480 largest=100352 min=114680 B
[2026-09-28T18:39:42.173Z] I (1380527) RouteLoom: HIL DISCOVERY candidates=0 neighbors=2 capacity=0 auth=4 stale=0 probes=95 send_failures=87 kind_rejects=0
[2026-09-28T18:39:42.181Z] I (1380538) RouteLoom: HIL ROUTE peer=1 phase=5 via=1 metric=1 generation=24 seq=1
[2026-09-28T18:39:42.188Z] I (1380545) RouteLoom: HIL ROUTE peer=3 phase=5 via=3 metric=1 generation=23 seq=2
[2026-09-28T18:40:42.147Z] I (1440511) RouteLoom: stack hwm main 10140 B
[2026-09-28T18:40:42.150Z] I (1440511) RouteLoom: owner polls=717102 empty=715418 rxq_max=2 max_us rx=53305 bootstrap=5628 node=10760 security=15706
[2026-09-28T18:40:42.157Z] I (1440515) RouteLoom: owner expiry_slots=304050400 hop_accept_expired=1
[2026-09-28T18:40:42.163Z] I (1440521) RouteLoom: HIL HEAP free=115480 largest=100352 min=114680 B
[2026-09-28T18:40:42.174Z] I (1440528) RouteLoom: HIL DISCOVERY candidates=0 neighbors=2 capacity=0 auth=4 stale=0 probes=101 send_failures=87 kind_rejects=0
[2026-09-28T18:40:42.182Z] I (1440539) RouteLoom: HIL ROUTE peer=1 phase=5 via=1 metric=1 generation=24 seq=1
[2026-09-28T18:40:42.189Z] I (1440547) RouteLoom: HIL ROUTE peer=3 phase=5 via=3 metric=1 generation=23 seq=2
[2026-09-28T18:41:42.147Z] I (1500511) RouteLoom: stack hwm main 10140 B
[2026-09-28T18:41:42.150Z] I (1500511) RouteLoom: owner polls=746882 empty=745030 rxq_max=2 max_us rx=53305 bootstrap=5628 node=10760 security=15706
[2026-09-28T18:41:42.157Z] I (1500515) RouteLoom: owner expiry_slots=316677120 hop_accept_expired=1
[2026-09-28T18:41:42.163Z] I (1500521) RouteLoom: HIL HEAP free=115480 largest=100352 min=114680 B
[2026-09-28T18:41:42.174Z] I (1500528) RouteLoom: HIL DISCOVERY candidates=0 neighbors=2 capacity=0 auth=4 stale=0 probes=107 send_failures=87 kind_rejects=0
[2026-09-28T18:41:42.181Z] I (1500539) RouteLoom: HIL ROUTE peer=1 phase=5 via=1 metric=1 generation=24 seq=1
[2026-09-28T18:41:42.189Z] I (1500546) RouteLoom: HIL ROUTE peer=3 phase=5 via=3 metric=1 generation=23 seq=2
[2026-09-28T18:42:42.146Z] I (1560511) RouteLoom: stack hwm main 10140 B
[2026-09-28T18:42:42.150Z] I (1560511) RouteLoom: owner polls=776656 empty=774630 rxq_max=2 max_us rx=53305 bootstrap=5628 node=10760 security=15706
[2026-09-28T18:42:42.156Z] I (1560515) RouteLoom: owner expiry_slots=329301296 hop_accept_expired=1
[2026-09-28T18:42:42.163Z] I (1560521) RouteLoom: HIL HEAP free=115480 largest=100352 min=114680 B
[2026-09-28T18:42:42.174Z] I (1560528) RouteLoom: HIL DISCOVERY candidates=0 neighbors=2 capacity=0 auth=4 stale=0 probes=116 send_failures=90 kind_rejects=0
[2026-09-28T18:42:42.181Z] I (1560539) RouteLoom: HIL ROUTE peer=1 phase=5 via=1 metric=1 generation=24 seq=1
[2026-09-28T18:42:42.189Z] I (1560546) RouteLoom: HIL ROUTE peer=3 phase=5 via=3 metric=1 generation=23 seq=2
[2026-09-28T18:43:42.146Z] I (1620511) RouteLoom: stack hwm main 10140 B
[2026-09-28T18:43:42.150Z] I (1620511) RouteLoom: owner polls=806446 empty=804252 rxq_max=2 max_us rx=53305 bootstrap=5628 node=10760 security=15706
[2026-09-28T18:43:42.156Z] I (1620515) RouteLoom: owner expiry_slots=341932256 hop_accept_expired=1
[2026-09-28T18:43:42.163Z] I (1620521) RouteLoom: HIL HEAP free=115480 largest=100352 min=114680 B
[2026-09-28T18:43:42.174Z] I (1620528) RouteLoom: HIL DISCOVERY candidates=0 neighbors=2 capacity=0 auth=4 stale=0 probes=122 send_failures=90 kind_rejects=0
[2026-09-28T18:43:42.181Z] I (1620539) RouteLoom: HIL ROUTE peer=1 phase=5 via=1 metric=1 generation=24 seq=1
[2026-09-28T18:43:42.189Z] I (1620546) RouteLoom: HIL ROUTE peer=3 phase=5 via=3 metric=1 generation=23 seq=2
[2026-09-28T18:44:42.147Z] I (1680512) RouteLoom: stack hwm main 10140 B
[2026-09-28T18:44:42.151Z] I (1680512) RouteLoom: owner polls=836229 empty=833867 rxq_max=2 max_us rx=53305 bootstrap=5628 node=10760 security=15706
[2026-09-28T18:44:42.157Z] I (1680516) RouteLoom: owner expiry_slots=354560248 hop_accept_expired=1
[2026-09-28T18:44:42.163Z] I (1680522) RouteLoom: HIL HEAP free=115480 largest=100352 min=114680 B
[2026-09-28T18:44:42.175Z] I (1680529) RouteLoom: HIL DISCOVERY candidates=0 neighbors=2 capacity=0 auth=4 stale=0 probes=128 send_failures=93 kind_rejects=0
[2026-09-28T18:44:42.182Z] I (1680540) RouteLoom: HIL ROUTE peer=1 phase=5 via=1 metric=1 generation=24 seq=1
[2026-09-28T18:44:42.190Z] I (1680547) RouteLoom: HIL ROUTE peer=3 phase=5 via=3 metric=1 generation=23 seq=2
