[2026-09-28T18:36:44.457Z] !! capture open /dev/serial/by-id/usb-Espressif_USB_JTAG_serial_debug_unit_10:BD:A3:B1:47:54-if00 @ 115200 backend=pyserial dtr=1 rts=0
[2026-09-28T18:36:47.664Z] W (65413) RouteLoomRef: diagnostic reason=session unknown context peer=2 message=present
[2026-09-28T18:36:47.711Z] I (65460) RouteLoomRef: message origin=1 session=24 sequence=1 bytes=9
[2026-09-28T18:36:52.498Z] I (70247) RouteLoomRef: message origin=1 session=24 sequence=7 bytes=9
[2026-09-28T18:36:57.502Z] I (75250) RouteLoomRef: message origin=1 session=24 sequence=8 bytes=9
[2026-09-28T18:37:02.496Z] I (80245) RouteLoomRef: message origin=1 session=24 sequence=9 bytes=9
[2026-09-28T18:37:07.498Z] I (85247) RouteLoomRef: message origin=1 session=24 sequence=10 bytes=9
[2026-09-28T18:37:12.497Z] I (90245) RouteLoomRef: message origin=1 session=24 sequence=11 bytes=9
[2026-09-28T18:37:17.497Z] I (95246) RouteLoomRef: message origin=1 session=24 sequence=12 bytes=9
[2026-09-28T18:37:22.495Z] I (100244) RouteLoomRef: message origin=1 session=24 sequence=13 bytes=9
[2026-09-28T18:37:27.497Z] I (105245) RouteLoomRef: message origin=1 session=24 sequence=14 bytes=9
[2026-09-28T18:37:32.499Z] I (110248) RouteLoomRef: message origin=1 session=24 sequence=15 bytes=9
[2026-09-28T18:37:37.498Z] I (115247) RouteLoomRef: message origin=1 session=24 sequence=16 bytes=9
[2026-09-28T18:37:42.497Z] I (120246) RouteLoomRef: message origin=1 session=24 sequence=17 bytes=9
[2026-09-28T18:37:43.001Z] I (120749) RouteLoom: stack hwm main 10700 B
[2026-09-28T18:37:43.004Z] I (120749) RouteLoom: owner polls=59535 empty=59333 rxq_max=1 max_us rx=4009 bootstrap=3671 node=2793 security=15899
[2026-09-28T18:37:43.010Z] I (120753) RouteLoom: owner expiry_slots=21431880 hop_accept_expired=0
[2026-09-28T18:37:43.016Z] I (120759) RouteLoom: HIL HEAP free=124192 largest=108544 min=123404 B
[2026-09-28T18:37:43.028Z] I (120765) RouteLoom: HIL DISCOVERY candidates=0 neighbors=1 capacity=0 auth=1 stale=0 probes=7 send_failures=1 kind_rejects=0
[2026-09-28T18:37:43.035Z] I (120776) RouteLoom: HIL ROUTE peer=1 phase=-1 via=2 metric=2 generation=24 seq=1
[2026-09-28T18:37:43.042Z] I (120783) RouteLoom: HIL ROUTE peer=2 phase=5 via=2 metric=1 generation=20 seq=3
[2026-09-28T18:37:47.498Z] I (125247) RouteLoomRef: message origin=1 session=24 sequence=18 bytes=9
[2026-09-28T18:37:52.497Z] I (130245) RouteLoomRef: message origin=1 session=24 sequence=19 bytes=9
[2026-09-28T18:37:57.498Z] I (135246) RouteLoomRef: message origin=1 session=24 sequence=20 bytes=9
[2026-09-28T18:38:02.495Z] I (140244) RouteLoomRef: message origin=1 session=24 sequence=21 bytes=9
[2026-09-28T18:38:07.501Z] I (145250) RouteLoomRef: message origin=1 session=24 sequence=22 bytes=9
[2026-09-28T18:38:12.498Z] I (150247) RouteLoomRef: message origin=1 session=24 sequence=23 bytes=9
[2026-09-28T18:38:17.498Z] I (155247) RouteLoomRef: message origin=1 session=24 sequence=24 bytes=9
[2026-09-28T18:38:22.496Z] I (160245) RouteLoomRef: message origin=1 session=24 sequence=25 bytes=9
[2026-09-28T18:38:27.497Z] I (165245) RouteLoomRef: message origin=1 session=24 sequence=26 bytes=9
[2026-09-28T18:38:32.499Z] I (170247) RouteLoomRef: message origin=1 session=24 sequence=27 bytes=9
[2026-09-28T18:38:37.499Z] I (175247) RouteLoomRef: message origin=1 session=24 sequence=28 bytes=9
[2026-09-28T18:38:42.501Z] I (180250) RouteLoomRef: message origin=1 session=24 sequence=29 bytes=9
[2026-09-28T18:38:43.000Z] I (180749) RouteLoom: stack hwm main 10700 B
[2026-09-28T18:38:43.004Z] I (180749) RouteLoom: owner polls=89405 empty=89119 rxq_max=1 max_us rx=4009 bootstrap=3671 node=2793 security=15899
[2026-09-28T18:38:43.010Z] I (180753) RouteLoom: owner expiry_slots=32185080 hop_accept_expired=0
[2026-09-28T18:38:43.016Z] I (180759) RouteLoom: HIL HEAP free=124192 largest=108544 min=123404 B
[2026-09-28T18:38:43.027Z] I (180765) RouteLoom: HIL DISCOVERY candidates=0 neighbors=1 capacity=0 auth=1 stale=0 probes=10 send_failures=1 kind_rejects=0
[2026-09-28T18:38:43.035Z] I (180776) RouteLoom: HIL ROUTE peer=1 phase=-1 via=2 metric=2 generation=24 seq=1
[2026-09-28T18:38:43.042Z] I (180783) RouteLoom: HIL ROUTE peer=2 phase=5 via=2 metric=1 generation=20 seq=3
[2026-09-28T18:38:47.500Z] I (185248) RouteLoomRef: message origin=1 session=24 sequence=30 bytes=9
[2026-09-28T18:38:52.498Z] I (190246) RouteLoomRef: message origin=1 session=24 sequence=31 bytes=9
[2026-09-28T18:38:57.499Z] I (195248) RouteLoomRef: message origin=1 session=24 sequence=32 bytes=9
[2026-09-28T18:39:02.498Z] I (200246) RouteLoomRef: message origin=1 session=24 sequence=33 bytes=9
[2026-09-28T18:39:07.502Z] I (205250) RouteLoomRef: message origin=1 session=24 sequence=34 bytes=9
[2026-09-28T18:39:12.500Z] I (210248) RouteLoomRef: message origin=1 session=24 sequence=35 bytes=9
[2026-09-28T18:39:17.499Z] I (215248) RouteLoomRef: message origin=1 session=24 sequence=36 bytes=9
[2026-09-28T18:39:22.497Z] I (220245) RouteLoomRef: message origin=1 session=24 sequence=37 bytes=9
[2026-09-28T18:39:27.497Z] I (225245) RouteLoomRef: message origin=1 session=24 sequence=38 bytes=9
[2026-09-28T18:39:32.496Z] I (230244) RouteLoomRef: message origin=1 session=24 sequence=39 bytes=9
[2026-09-28T18:39:37.496Z] I (235244) RouteLoomRef: message origin=1 session=24 sequence=40 bytes=9
[2026-09-28T18:39:42.498Z] I (240246) RouteLoomRef: message origin=1 session=24 sequence=41 bytes=9
[2026-09-28T18:39:43.000Z] I (240749) RouteLoom: stack hwm main 10700 B
[2026-09-28T18:39:43.004Z] I (240749) RouteLoom: owner polls=119279 empty=118909 rxq_max=1 max_us rx=4030 bootstrap=3671 node=2793 security=15899
[2026-09-28T18:39:43.010Z] I (240753) RouteLoom: owner expiry_slots=42939720 hop_accept_expired=0
[2026-09-28T18:39:43.016Z] I (240759) RouteLoom: HIL HEAP free=124192 largest=108544 min=123404 B
[2026-09-28T18:39:43.028Z] I (240765) RouteLoom: HIL DISCOVERY candidates=0 neighbors=1 capacity=0 auth=1 stale=0 probes=13 send_failures=1 kind_rejects=0
[2026-09-28T18:39:43.035Z] I (240777) RouteLoom: HIL ROUTE peer=1 phase=-1 via=2 metric=2 generation=24 seq=1
[2026-09-28T18:39:43.042Z] I (240784) RouteLoom: HIL ROUTE peer=2 phase=5 via=2 metric=1 generation=20 seq=3
[2026-09-28T18:39:47.497Z] I (245245) RouteLoomRef: message origin=1 session=24 sequence=42 bytes=9
[2026-09-28T18:39:52.497Z] I (250246) RouteLoomRef: message origin=1 session=24 sequence=43 bytes=9
[2026-09-28T18:39:57.497Z] I (255246) RouteLoomRef: message origin=1 session=24 sequence=44 bytes=9
[2026-09-28T18:40:02.500Z] I (260248) RouteLoomRef: message origin=1 session=24 sequence=45 bytes=9
[2026-09-28T18:40:07.498Z] I (265246) RouteLoomRef: message origin=1 session=24 sequence=46 bytes=9
[2026-09-28T18:40:12.499Z] I (270247) RouteLoomRef: message origin=1 session=24 sequence=47 bytes=9
[2026-09-28T18:40:17.499Z] I (275247) RouteLoomRef: message origin=1 session=24 sequence=48 bytes=9
[2026-09-28T18:40:22.501Z] I (280249) RouteLoomRef: message origin=1 session=24 sequence=49 bytes=9
[2026-09-28T18:40:27.497Z] I (285245) RouteLoomRef: message origin=1 session=24 sequence=50 bytes=9
[2026-09-28T18:40:32.497Z] I (290245) RouteLoomRef: message origin=1 session=24 sequence=51 bytes=9
[2026-09-28T18:40:37.496Z] I (295244) RouteLoomRef: message origin=1 session=24 sequence=52 bytes=9
[2026-09-28T18:40:42.497Z] I (300245) RouteLoomRef: message origin=1 session=24 sequence=53 bytes=9
[2026-09-28T18:40:43.001Z] I (300749) RouteLoom: stack hwm main 10700 B
[2026-09-28T18:40:43.004Z] I (300749) RouteLoom: owner polls=149151 empty=148697 rxq_max=1 max_us rx=4030 bootstrap=3671 node=2793 security=15899
[2026-09-28T18:40:43.010Z] I (300753) RouteLoom: owner expiry_slots=53693640 hop_accept_expired=0
[2026-09-28T18:40:43.016Z] I (300759) RouteLoom: HIL HEAP free=124192 largest=108544 min=123404 B
[2026-09-28T18:40:43.028Z] I (300765) RouteLoom: HIL DISCOVERY candidates=0 neighbors=1 capacity=0 auth=1 stale=0 probes=16 send_failures=1 kind_rejects=0
[2026-09-28T18:40:43.035Z] I (300777) RouteLoom: HIL ROUTE peer=1 phase=-1 via=2 metric=2 generation=24 seq=1
[2026-09-28T18:40:43.042Z] I (300784) RouteLoom: HIL ROUTE peer=2 phase=5 via=2 metric=1 generation=20 seq=3
[2026-09-28T18:40:47.496Z] I (305244) RouteLoomRef: message origin=1 session=24 sequence=54 bytes=9
[2026-09-28T18:40:52.498Z] I (310246) RouteLoomRef: message origin=1 session=24 sequence=55 bytes=9
[2026-09-28T18:40:57.499Z] I (315247) RouteLoomRef: message origin=1 session=24 sequence=56 bytes=9
[2026-09-28T18:41:02.498Z] I (320246) RouteLoomRef: message origin=1 session=24 sequence=57 bytes=9
[2026-09-28T18:41:07.496Z] I (325244) RouteLoomRef: message origin=1 session=24 sequence=58 bytes=9
[2026-09-28T18:41:12.498Z] I (330246) RouteLoomRef: message origin=1 session=24 sequence=59 bytes=9
[2026-09-28T18:41:17.497Z] I (335245) RouteLoomRef: message origin=1 session=24 sequence=60 bytes=9
[2026-09-28T18:41:22.499Z] I (340247) RouteLoomRef: message origin=1 session=24 sequence=61 bytes=9
[2026-09-28T18:41:27.496Z] I (345244) RouteLoomRef: message origin=1 session=24 sequence=62 bytes=9
[2026-09-28T18:41:32.501Z] I (350249) RouteLoomRef: message origin=1 session=24 sequence=63 bytes=9
[2026-09-28T18:41:37.498Z] I (355246) RouteLoomRef: message origin=1 session=24 sequence=64 bytes=9
[2026-09-28T18:41:42.498Z] I (360246) RouteLoomRef: message origin=1 session=24 sequence=65 bytes=9
[2026-09-28T18:41:43.001Z] I (360749) RouteLoom: stack hwm main 10700 B
[2026-09-28T18:41:43.004Z] I (360749) RouteLoom: owner polls=179022 empty=178484 rxq_max=1 max_us rx=4030 bootstrap=3671 node=2793 security=15899
[2026-09-28T18:41:43.010Z] I (360753) RouteLoom: owner expiry_slots=64447200 hop_accept_expired=0
[2026-09-28T18:41:43.016Z] I (360759) RouteLoom: HIL HEAP free=124192 largest=108544 min=123404 B
[2026-09-28T18:41:43.028Z] I (360765) RouteLoom: HIL DISCOVERY candidates=0 neighbors=1 capacity=0 auth=1 stale=0 probes=19 send_failures=1 kind_rejects=0
[2026-09-28T18:41:43.035Z] I (360776) RouteLoom: HIL ROUTE peer=1 phase=-1 via=2 metric=2 generation=24 seq=1
[2026-09-28T18:41:43.042Z] I (360784) RouteLoom: HIL ROUTE peer=2 phase=5 via=2 metric=1 generation=20 seq=3
[2026-09-28T18:41:47.500Z] I (365248) RouteLoomRef: message origin=1 session=24 sequence=66 bytes=9
[2026-09-28T18:41:52.501Z] I (370249) RouteLoomRef: message origin=1 session=24 sequence=67 bytes=9
[2026-09-28T18:41:57.497Z] I (375245) RouteLoomRef: message origin=1 session=24 sequence=68 bytes=9
[2026-09-28T18:42:02.498Z] I (380246) RouteLoomRef: message origin=1 session=24 sequence=69 bytes=9
[2026-09-28T18:42:07.502Z] I (385250) RouteLoomRef: message origin=1 session=24 sequence=70 bytes=9
[2026-09-28T18:42:12.496Z] I (390245) RouteLoomRef: message origin=1 session=24 sequence=71 bytes=9
[2026-09-28T18:42:17.496Z] I (395245) RouteLoomRef: message origin=1 session=24 sequence=72 bytes=9
[2026-09-28T18:42:22.496Z] I (400244) RouteLoomRef: message origin=1 session=24 sequence=73 bytes=9
[2026-09-28T18:42:27.498Z] I (405246) RouteLoomRef: message origin=1 session=24 sequence=74 bytes=9
[2026-09-28T18:42:32.498Z] I (410246) RouteLoomRef: message origin=1 session=24 sequence=75 bytes=9
[2026-09-28T18:42:37.496Z] I (415244) RouteLoomRef: message origin=1 session=24 sequence=76 bytes=9
[2026-09-28T18:42:42.499Z] I (420247) RouteLoomRef: message origin=1 session=24 sequence=77 bytes=9
[2026-09-28T18:42:43.002Z] I (420750) RouteLoom: stack hwm main 10700 B
[2026-09-28T18:42:43.005Z] I (420750) RouteLoom: owner polls=208887 empty=208261 rxq_max=1 max_us rx=4030 bootstrap=3671 node=2793 security=15899
[2026-09-28T18:42:43.011Z] I (420754) RouteLoom: owner expiry_slots=75198600 hop_accept_expired=0
[2026-09-28T18:42:43.018Z] I (420760) RouteLoom: HIL HEAP free=124192 largest=108544 min=123404 B
[2026-09-28T18:42:43.029Z] I (420766) RouteLoom: HIL DISCOVERY candidates=0 neighbors=1 capacity=0 auth=1 stale=0 probes=22 send_failures=1 kind_rejects=0
[2026-09-28T18:42:43.036Z] I (420778) RouteLoom: HIL ROUTE peer=1 phase=-1 via=2 metric=2 generation=24 seq=1
[2026-09-28T18:42:43.043Z] I (420785) RouteLoom: HIL ROUTE peer=2 phase=5 via=2 metric=1 generation=20 seq=3
[2026-09-28T18:42:47.496Z] I (425244) RouteLoomRef: message origin=1 session=24 sequence=78 bytes=9
[2026-09-28T18:42:52.498Z] I (430246) RouteLoomRef: message origin=1 session=24 sequence=79 bytes=9
[2026-09-28T18:42:57.498Z] I (435246) RouteLoomRef: message origin=1 session=24 sequence=80 bytes=9
[2026-09-28T18:43:02.497Z] I (440245) RouteLoomRef: message origin=1 session=24 sequence=81 bytes=9
[2026-09-28T18:43:07.498Z] I (445246) RouteLoomRef: message origin=1 session=24 sequence=82 bytes=9
[2026-09-28T18:43:12.499Z] I (450247) RouteLoomRef: message origin=1 session=24 sequence=83 bytes=9
[2026-09-28T18:43:17.497Z] I (455245) RouteLoomRef: message origin=1 session=24 sequence=84 bytes=9
[2026-09-28T18:43:22.498Z] I (460246) RouteLoomRef: message origin=1 session=24 sequence=85 bytes=9
[2026-09-28T18:43:27.499Z] I (465246) RouteLoomRef: message origin=1 session=24 sequence=86 bytes=9
[2026-09-28T18:43:32.500Z] I (470248) RouteLoomRef: message origin=1 session=24 sequence=87 bytes=9
[2026-09-28T18:43:37.501Z] I (475249) RouteLoomRef: message origin=1 session=24 sequence=88 bytes=9
[2026-09-28T18:43:42.499Z] I (480247) RouteLoomRef: message origin=1 session=24 sequence=89 bytes=9
[2026-09-28T18:43:43.003Z] I (480751) RouteLoom: stack hwm main 10700 B
[2026-09-28T18:43:43.006Z] I (480751) RouteLoom: owner polls=238754 empty=238044 rxq_max=1 max_us rx=4030 bootstrap=3671 node=2793 security=15899
[2026-09-28T18:43:43.013Z] I (480755) RouteLoom: owner expiry_slots=85950720 hop_accept_expired=0
[2026-09-28T18:43:43.019Z] I (480761) RouteLoom: HIL HEAP free=124192 largest=108544 min=123404 B
[2026-09-28T18:43:43.030Z] I (480767) RouteLoom: HIL DISCOVERY candidates=0 neighbors=1 capacity=0 auth=1 stale=0 probes=25 send_failures=1 kind_rejects=0
[2026-09-28T18:43:43.037Z] I (480779) RouteLoom: HIL ROUTE peer=1 phase=-1 via=2 metric=2 generation=24 seq=1
[2026-09-28T18:43:43.044Z] I (480786) RouteLoom: HIL ROUTE peer=2 phase=5 via=2 metric=1 generation=20 seq=3
[2026-09-28T18:43:47.501Z] I (485249) RouteLoomRef: message origin=1 session=24 sequence=90 bytes=9
[2026-09-28T18:43:52.500Z] I (490248) RouteLoomRef: message origin=1 session=24 sequence=91 bytes=9
[2026-09-28T18:43:57.498Z] I (495246) RouteLoomRef: message origin=1 session=24 sequence=92 bytes=9
[2026-09-28T18:44:02.499Z] I (500247) RouteLoomRef: message origin=1 session=24 sequence=93 bytes=9
[2026-09-28T18:44:07.496Z] I (505244) RouteLoomRef: message origin=1 session=24 sequence=94 bytes=9
[2026-09-28T18:44:12.497Z] I (510245) RouteLoomRef: message origin=1 session=24 sequence=95 bytes=9
[2026-09-28T18:44:17.500Z] I (515248) RouteLoomRef: message origin=1 session=24 sequence=96 bytes=9
[2026-09-28T18:44:22.503Z] I (520251) RouteLoomRef: message origin=1 session=24 sequence=97 bytes=9
[2026-09-28T18:44:27.498Z] I (525246) RouteLoomRef: message origin=1 session=24 sequence=98 bytes=9
[2026-09-28T18:44:32.498Z] I (530245) RouteLoomRef: message origin=1 session=24 sequence=99 bytes=9
[2026-09-28T18:44:37.498Z] I (535246) RouteLoomRef: message origin=1 session=24 sequence=100 bytes=9
[2026-09-28T18:44:42.498Z] I (540246) RouteLoomRef: message origin=1 session=24 sequence=101 bytes=9
[2026-09-28T18:44:43.003Z] I (540751) RouteLoom: stack hwm main 10700 B
[2026-09-28T18:44:43.006Z] I (540751) RouteLoom: owner polls=268622 empty=267828 rxq_max=1 max_us rx=4037 bootstrap=3671 node=2793 security=15899
[2026-09-28T18:44:43.012Z] I (540755) RouteLoom: owner expiry_slots=96703200 hop_accept_expired=0
[2026-09-28T18:44:43.019Z] I (540761) RouteLoom: HIL HEAP free=124192 largest=108544 min=123380 B
[2026-09-28T18:44:43.030Z] I (540767) RouteLoom: HIL DISCOVERY candidates=0 neighbors=1 capacity=0 auth=1 stale=0 probes=28 send_failures=1 kind_rejects=0
[2026-09-28T18:44:43.037Z] I (540778) RouteLoom: HIL ROUTE peer=1 phase=-1 via=2 metric=2 generation=24 seq=1
[2026-09-28T18:44:43.044Z] I (540786) RouteLoom: HIL ROUTE peer=2 phase=5 via=2 metric=1 generation=20 seq=3
[2026-09-28T18:44:47.499Z] I (545247) RouteLoomRef: message origin=1 session=24 sequence=102 bytes=9
[2026-09-28T18:44:52.499Z] I (550247) RouteLoomRef: message origin=1 session=24 sequence=103 bytes=9
[2026-09-28T18:44:57.501Z] I (555249) RouteLoomRef: message origin=1 session=24 sequence=104 bytes=9
[2026-09-28T18:45:02.499Z] I (560246) RouteLoomRef: message origin=1 session=24 sequence=105 bytes=9
