[2026-09-26T16:19:41.021Z] !! capture open /dev/serial/by-id/usb-Espressif_USB_JTAG_serial_debug_unit_94:A9:90:7A:26:AC-if00 @ 115200 backend=pyserial dtr=1 rts=0
[2026-09-26T16:19:41.031Z] I (157) esp_image: segment 5: paddr=0005d3b8 vaddr=50000000 size=0001ch (    28) load
[2026-09-26T16:19:41.034Z] I (157) esp_image: segment 6: paddr=0005d3dc vaddr=50000024 size=00024h (    36) load
[2026-09-26T16:19:41.039Z] I (165) boot: Loaded app from partition at offset 0x10000
[2026-09-26T16:19:41.044Z] I (166) boot: Disabling RNG early entropy source...
[2026-09-26T16:19:41.055Z] I (182) cpu_start: Unicore app
[2026-09-26T16:19:41.063Z] I (190) cpu_start: GPIO 20 and 21 are used as console UART I/O pins
[2026-09-26T16:19:41.064Z] I (191) cpu_start: Pro cpu start user code
[2026-09-26T16:19:41.066Z] I (191) cpu_start: cpu freq: 160000000 Hz
[2026-09-26T16:19:41.069Z] I (193) app_init: Application information:
[2026-09-26T16:19:41.075Z] I (196) app_init: Project name:     routeloom_reference_node
[2026-09-26T16:19:41.078Z] I (202) app_init: App version:      1
[2026-09-26T16:19:41.083Z] I (205) app_init: Compile time:     Sep 26 2026 08:22:48
[2026-09-26T16:19:41.087Z] I (210) app_init: ELF file SHA256:  85d32710f...
[2026-09-26T16:19:41.091Z] I (215) app_init: ESP-IDF:          v6.0.3
[2026-09-26T16:19:41.095Z] I (218) efuse_init: Min chip rev:     v0.3
[2026-09-26T16:19:41.099Z] I (222) efuse_init: Max chip rev:     v1.99 
[2026-09-26T16:19:41.103Z] I (226) efuse_init: Chip rev:         v0.4
[2026-09-26T16:19:41.109Z] I (230) heap_init: Initializing. RAM available for dynamic allocation:
[2026-09-26T16:19:41.114Z] I (236) heap_init: At 3FC94EC0 len 0002B140 (172 KiB): RAM
[2026-09-26T16:19:41.120Z] I (242) heap_init: At 3FCC0000 len 0001C710 (113 KiB): Retention RAM
[2026-09-26T16:19:41.126Z] I (248) heap_init: At 3FCDC710 len 00002950 (10 KiB): Retention RAM
[2026-09-26T16:19:41.132Z] I (254) heap_init: At 50000048 len 00001FA0 (7 KiB): RTCRAM
[2026-09-26T16:19:41.135Z] I (260) spi_flash: detected chip: generic
[2026-09-26T16:19:41.138Z] I (263) spi_flash: flash io: dio
[2026-09-26T16:19:41.151Z] W (266) spi_flash: Detected size(4096k) larger than the size in the binary image header(2048k). Using the size in the binary image header.
[2026-09-26T16:19:41.157Z] I (278) sleep_gpio: Configure to isolate all GPIO pins in sleep state
[2026-09-26T16:19:41.163Z] I (284) sleep_gpio: Enable automatic switching of GPIO sleep configuration
[2026-09-26T16:19:41.167Z] I (291) main_task: Started on CPU0
[2026-09-26T16:19:41.170Z] I (294) main_task: Calling app_main()
[2026-09-26T16:19:41.190Z] I (316) RouteLoomRef: sdkv1 identity: none provisioned
[2026-09-26T16:19:41.190Z] I (317) RouteLoomRef: sdkv1 site: not a member
[2026-09-26T16:19:41.194Z] I (317) RouteLoomRef: sdkv1 revocation: none rs_epoch=0 resume_slots=16
[2026-09-26T16:19:41.199Z] I (321) RouteLoomRef: sdkv1 local_revocation: none
[2026-09-26T16:19:41.203Z] I (325) RouteLoomRef: sdkv1 lifecycle: none
[2026-09-26T16:19:41.203Z] routeloom-maintenance v1 ready
[2026-09-26T16:19:45.243Z] !! capture closed
