[1/25] full-r16-ci-00-reference_node-esp32c3-normal exit=0
[2/25] full-r16-ci-01-bridge_node-esp32c3-normal exit=0
[3/25] full-r16-ci-03-reference_node-esp32s3-normal exit=0
[4/25] full-r16-ci-04-bridge_node-esp32s3-normal exit=0
[5/25] full-r16-ci-02-reference_node-esp32c3-legacy-sleep exit=0
[6/25] full-r16-ci-06-reference_node-esp32c5-normal exit=0
[7/25] full-r16-ci-05-reference_node-esp32s3-legacy-sleep exit=0
[8/25] full-r16-ci-07-bridge_node-esp32c5-normal exit=0
[9/25] full-r16-ci-08-reference_node-esp32c5-legacy-sleep exit=0
[10/25] full-r16-ci-09-bridge_node-esp32c3-observe exit=0
[11/25] full-r16-ci-10-bridge_node-esp32c3-endpoints exit=0
[12/25] full-r16-ci-11-reference_node-esp32c3-config exit=0
[13/25] full-r16-ci-12-reference_node-esp32c3-maintenance exit=0
[14/25] full-r16-ci-13-bridge_node-esp32c3-maintenance exit=0
[15/25] full-r16-ci-14-reference_node-esp32c3-route-scoped exit=0
[16/25] full-r16-ci-15-bridge_node-esp32c3-route-scoped exit=0
[17/25] full-r16-ci-16-reference_node-esp32c3-member exit=0
[18/25] full-r16-ci-17-bridge_node-esp32c3-member exit=0
[19/25] full-r16-ci-18-reference_node-esp32s3-member exit=0
[20/25] full-r16-ci-19-bridge_node-esp32s3-member exit=0
[21/25] full-r16-ci-20-reference_node-esp32c5-member exit=0
[22/25] full-r16-ci-21-bridge_node-esp32c5-member exit=0
[23/25] full-r16-ci-22-reference_node-esp32c3-member-sleep exit=0
[24/25] full-r16-ci-23-bridge_node-esp32c3-paired exit=0
[25/25] full-r16-ci-24-reference_node-esp32c3-paired exit=0
