[2026-09-26T16:26:33.609Z] !! capture open /dev/serial/by-id/usb-Espressif_USB_JTAG_serial_debug_unit_94:A9:90:7A:B5:60-if00 @ 115200 backend=pyserial dtr=1 rts=0
[2026-09-26T16:26:37.759Z] I (191312) RouteLoomRef: member state=4 links=1 ends=1 authority=1/1 confirm=1 demux_drop=4
[2026-09-26T16:26:37.759Z] I (191313) RouteLoomRef: member handshake starts=3 requests=1 rejected=0 send_fail=2 established=2 failed=0 last_error=6 active=0
[2026-09-26T16:26:37.759Z] I (191313) RouteLoomRef: member end send_fail=1 established=1 failed=13 last_error=7
[2026-09-26T16:26:37.762Z] I (191313) RouteLoomRef: authority state=2 tx_sent=9 tx_failed=0 rx_accepted=1 rx_rejected=0 pull=0 busy=0 backoff_s=0
[2026-09-26T16:26:37.762Z] I (191314) RouteLoomRef: authority mesh tx_carrier=9 queued=9 shed=454 rx_carrier=2 denied=0 timeout=0
[2026-09-26T16:26:37.762Z] I (191314) RouteLoomRef: authority jobs accepted=4 failed=5 last=SESSION_UNAVAILABLE
[2026-09-26T16:26:37.762Z] I (191314) RouteLoomRef: member discovery rx=2 offer_tx=2 offer_rx=1 auth=2 kind_reject=1 capacity=0 send_fail=1
[2026-09-26T16:26:37.762Z] I (191314) RouteLoomRef: member scope raw=3 accepted=3 mac_reject=0 hint=0 generation=0 key_unavailable=0 budget=0
[2026-09-26T16:26:38.068Z] I (191621) RouteLoom: stack hwm main 10152 B
[2026-09-26T16:26:38.068Z] I (191621) RouteLoom: HIL HEAP free=22140 largest=19456 min=21408 B
[2026-09-26T16:26:38.068Z] I (191622) RouteLoom: HIL DISCOVERY candidates=0 neighbors=1 capacity=0 auth=2 stale=0 probes=10 send_failures=1 kind_rejects=1
[2026-09-26T16:26:38.068Z] I (191622) RouteLoom: HIL ROUTE peer=1 phase=5 via=1 metric=1 generation=342 seq=1
[2026-09-26T16:26:38.069Z] I (191623) RouteLoom: HIL ROUTE peer=3 phase=-1 via=0 metric=0 generation=0 seq=0
[2026-09-26T16:26:42.759Z] I (196312) RouteLoomRef: member state=4 links=1 ends=1 authority=1/1 confirm=1 demux_drop=4
[2026-09-26T16:26:42.759Z] I (196313) RouteLoomRef: member handshake starts=3 requests=1 rejected=0 send_fail=2 established=2 failed=0 last_error=6 active=0
[2026-09-26T16:26:42.759Z] I (196313) RouteLoomRef: member end send_fail=1 established=1 failed=13 last_error=7
[2026-09-26T16:26:42.760Z] I (196313) RouteLoomRef: authority state=2 tx_sent=9 tx_failed=0 rx_accepted=1 rx_rejected=0 pull=0 busy=0 backoff_s=0
[2026-09-26T16:26:42.760Z] I (196314) RouteLoomRef: authority mesh tx_carrier=9 queued=9 shed=454 rx_carrier=2 denied=0 timeout=0
[2026-09-26T16:26:42.760Z] I (196314) RouteLoomRef: authority jobs accepted=4 failed=5 last=SESSION_UNAVAILABLE
[2026-09-26T16:26:42.760Z] I (196314) RouteLoomRef: member discovery rx=2 offer_tx=2 offer_rx=1 auth=2 kind_reject=1 capacity=0 send_fail=1
[2026-09-26T16:26:42.761Z] I (196314) RouteLoomRef: member scope raw=3 accepted=3 mac_reject=0 hint=0 generation=0 key_unavailable=0 budget=0
[2026-09-26T16:26:43.722Z] W (197275) RouteLoomRef: diagnostic reason=session unknown context peer=1 message=present
[2026-09-26T16:26:43.776Z] I (197329) RouteLoomRef: message origin=1 session=2936938223 sequence=1 bytes=9
[2026-09-26T16:26:44.109Z] I (197662) RouteLoomRef: message origin=1 session=2936938223 sequence=7 bytes=9
[2026-09-26T16:26:44.315Z] I (197869) RouteLoomRef: message origin=1 session=2936938223 sequence=10 bytes=9
[2026-09-26T16:26:44.523Z] I (198076) RouteLoomRef: message origin=1 session=2936938223 sequence=13 bytes=9
[2026-09-26T16:26:44.680Z] I (198233) RouteLoomRef: message origin=1 session=2936938223 sequence=15 bytes=9
[2026-09-26T16:26:47.759Z] I (201312) RouteLoomRef: member state=4 links=1 ends=1 authority=1/1 confirm=1 demux_drop=4
[2026-09-26T16:26:47.760Z] I (201313) RouteLoomRef: member handshake starts=3 requests=1 rejected=0 send_fail=2 established=2 failed=0 last_error=6 active=0
[2026-09-26T16:26:47.760Z] I (201313) RouteLoomRef: member end send_fail=1 established=2 failed=13 last_error=7
[2026-09-26T16:26:47.760Z] I (201313) RouteLoomRef: authority state=2 tx_sent=9 tx_failed=0 rx_accepted=1 rx_rejected=0 pull=0 busy=0 backoff_s=0
[2026-09-26T16:26:47.760Z] I (201314) RouteLoomRef: authority mesh tx_carrier=9 queued=9 shed=454 rx_carrier=2 denied=0 timeout=0
[2026-09-26T16:26:47.760Z] I (201314) RouteLoomRef: authority jobs accepted=4 failed=5 last=SESSION_UNAVAILABLE
[2026-09-26T16:26:47.763Z] I (201314) RouteLoomRef: member discovery rx=2 offer_tx=2 offer_rx=1 auth=2 kind_reject=1 capacity=0 send_fail=1
[2026-09-26T16:26:47.763Z] I (201314) RouteLoomRef: member scope raw=3 accepted=3 mac_reject=0 hint=0 generation=0 key_unavailable=0 budget=0
[2026-09-26T16:26:52.761Z] I (206314) RouteLoomRef: member state=4 links=1 ends=1 authority=1/1 confirm=1 demux_drop=4
[2026-09-26T16:26:52.761Z] I (206315) RouteLoomRef: member handshake starts=3 requests=1 rejected=0 send_fail=2 established=2 failed=0 last_error=6 active=0
[2026-09-26T16:26:52.762Z] I (206315) RouteLoomRef: member end send_fail=1 established=2 failed=13 last_error=7
[2026-09-26T16:26:52.762Z] I (206315) RouteLoomRef: authority state=2 tx_sent=9 tx_failed=0 rx_accepted=1 rx_rejected=0 pull=0 busy=0 backoff_s=0
[2026-09-26T16:26:52.762Z] I (206316) RouteLoomRef: authority mesh tx_carrier=9 queued=9 shed=454 rx_carrier=2 denied=0 timeout=0
[2026-09-26T16:26:52.762Z] I (206316) RouteLoomRef: authority jobs accepted=4 failed=5 last=SESSION_UNAVAILABLE
[2026-09-26T16:26:52.763Z] I (206316) RouteLoomRef: member discovery rx=2 offer_tx=2 offer_rx=1 auth=2 kind_reject=1 capacity=0 send_fail=1
[2026-09-26T16:26:52.763Z] I (206316) RouteLoomRef: member scope raw=3 accepted=3 mac_reject=0 hint=0 generation=0 key_unavailable=0 budget=0
[2026-09-26T16:26:57.762Z] I (211315) RouteLoomRef: member state=4 links=1 ends=1 authority=1/1 confirm=1 demux_drop=4
[2026-09-26T16:26:57.762Z] I (211316) RouteLoomRef: member handshake starts=3 requests=1 rejected=0 send_fail=2 established=2 failed=0 last_error=6 active=0
[2026-09-26T16:26:57.763Z] I (211316) RouteLoomRef: member end send_fail=1 established=2 failed=13 last_error=7
[2026-09-26T16:26:57.763Z] I (211316) RouteLoomRef: authority state=2 tx_sent=9 tx_failed=0 rx_accepted=1 rx_rejected=0 pull=0 busy=0 backoff_s=0
[2026-09-26T16:26:57.763Z] I (211317) RouteLoomRef: authority mesh tx_carrier=9 queued=9 shed=454 rx_carrier=2 denied=0 timeout=0
[2026-09-26T16:26:57.763Z] I (211317) RouteLoomRef: authority jobs accepted=4 failed=5 last=SESSION_UNAVAILABLE
[2026-09-26T16:26:57.764Z] I (211317) RouteLoomRef: member discovery rx=2 offer_tx=2 offer_rx=1 auth=2 kind_reject=1 capacity=0 send_fail=1
[2026-09-26T16:26:57.764Z] I (211317) RouteLoomRef: member scope raw=3 accepted=3 mac_reject=0 hint=0 generation=0 key_unavailable=0 budget=0
[2026-09-26T16:27:02.764Z] I (216317) RouteLoomRef: member state=4 links=1 ends=1 authority=1/1 confirm=1 demux_drop=4
[2026-09-26T16:27:02.764Z] I (216318) RouteLoomRef: member handshake starts=3 requests=1 rejected=0 send_fail=2 established=2 failed=0 last_error=6 active=0
[2026-09-26T16:27:02.765Z] I (216318) RouteLoomRef: member end send_fail=1 established=2 failed=13 last_error=7
[2026-09-26T16:27:02.765Z] I (216318) RouteLoomRef: authority state=2 tx_sent=9 tx_failed=0 rx_accepted=1 rx_rejected=0 pull=0 busy=0 backoff_s=0
[2026-09-26T16:27:02.765Z] I (216319) RouteLoomRef: authority mesh tx_carrier=9 queued=9 shed=454 rx_carrier=2 denied=0 timeout=0
[2026-09-26T16:27:02.766Z] I (216319) RouteLoomRef: authority jobs accepted=4 failed=5 last=SESSION_UNAVAILABLE
[2026-09-26T16:27:02.766Z] I (216319) RouteLoomRef: member discovery rx=2 offer_tx=2 offer_rx=1 auth=2 kind_reject=1 capacity=0 send_fail=1
[2026-09-26T16:27:02.766Z] I (216319) RouteLoomRef: member scope raw=3 accepted=3 mac_reject=0 hint=0 generation=0 key_unavailable=0 budget=0
[2026-09-26T16:27:07.767Z] I (221320) RouteLoomRef: member state=4 links=1 ends=1 authority=1/1 confirm=1 demux_drop=4
[2026-09-26T16:27:07.768Z] I (221321) RouteLoomRef: member handshake starts=3 requests=1 rejected=0 send_fail=2 established=2 failed=0 last_error=6 active=0
[2026-09-26T16:27:07.768Z] I (221321) RouteLoomRef: member end send_fail=1 established=2 failed=13 last_error=7
[2026-09-26T16:27:07.768Z] I (221321) RouteLoomRef: authority state=2 tx_sent=9 tx_failed=0 rx_accepted=1 rx_rejected=0 pull=0 busy=0 backoff_s=0
[2026-09-26T16:27:07.768Z] I (221322) RouteLoomRef: authority mesh tx_carrier=9 queued=9 shed=454 rx_carrier=2 denied=0 timeout=0
[2026-09-26T16:27:07.769Z] I (221322) RouteLoomRef: authority jobs accepted=4 failed=5 last=SESSION_UNAVAILABLE
[2026-09-26T16:27:07.769Z] I (221322) RouteLoomRef: member discovery rx=2 offer_tx=2 offer_rx=1 auth=2 kind_reject=1 capacity=0 send_fail=1
[2026-09-26T16:27:07.769Z] I (221323) RouteLoomRef: member scope raw=3 accepted=3 mac_reject=0 hint=0 generation=0 key_unavailable=0 budget=0
[2026-09-26T16:27:12.769Z] I (226322) RouteLoomRef: member state=4 links=1 ends=1 authority=1/1 confirm=1 demux_drop=4
[2026-09-26T16:27:12.770Z] I (226323) RouteLoomRef: member handshake starts=3 requests=1 rejected=0 send_fail=2 established=2 failed=0 last_error=6 active=0
[2026-09-26T16:27:12.770Z] I (226323) RouteLoomRef: member end send_fail=1 established=2 failed=13 last_error=7
[2026-09-26T16:27:12.770Z] I (226323) RouteLoomRef: authority state=2 tx_sent=9 tx_failed=0 rx_accepted=1 rx_rejected=0 pull=0 busy=0 backoff_s=0
[2026-09-26T16:27:12.770Z] I (226324) RouteLoomRef: authority mesh tx_carrier=9 queued=9 shed=454 rx_carrier=2 denied=0 timeout=0
[2026-09-26T16:27:12.771Z] I (226324) RouteLoomRef: authority jobs accepted=4 failed=5 last=SESSION_UNAVAILABLE
[2026-09-26T16:27:12.771Z] I (226324) RouteLoomRef: member discovery rx=2 offer_tx=2 offer_rx=1 auth=2 kind_reject=1 capacity=0 send_fail=1
[2026-09-26T16:27:12.771Z] I (226325) RouteLoomRef: member scope raw=3 accepted=3 mac_reject=0 hint=0 generation=0 key_unavailable=0 budget=0
[2026-09-26T16:27:17.773Z] I (231325) RouteLoomRef: member state=4 links=1 ends=1 authority=1/1 confirm=1 demux_drop=4
[2026-09-26T16:27:17.773Z] I (231326) RouteLoomRef: member handshake starts=3 requests=1 rejected=0 send_fail=2 established=2 failed=0 last_error=6 active=0
[2026-09-26T16:27:17.773Z] I (231326) RouteLoomRef: member end send_fail=1 established=2 failed=13 last_error=7
[2026-09-26T16:27:17.774Z] I (231326) RouteLoomRef: authority state=2 tx_sent=9 tx_failed=0 rx_accepted=1 rx_rejected=0 pull=0 busy=0 backoff_s=0
[2026-09-26T16:27:17.774Z] I (231327) RouteLoomRef: authority mesh tx_carrier=9 queued=9 shed=454 rx_carrier=2 denied=0 timeout=0
[2026-09-26T16:27:17.774Z] I (231327) RouteLoomRef: authority jobs accepted=4 failed=5 last=SESSION_UNAVAILABLE
[2026-09-26T16:27:17.774Z] I (231327) RouteLoomRef: member discovery rx=2 offer_tx=2 offer_rx=1 auth=2 kind_reject=1 capacity=0 send_fail=1
[2026-09-26T16:27:17.775Z] I (231327) RouteLoomRef: member scope raw=3 accepted=3 mac_reject=0 hint=0 generation=0 key_unavailable=0 budget=0
[2026-09-26T16:27:22.774Z] I (236327) RouteLoomRef: member state=4 links=1 ends=1 authority=1/1 confirm=1 demux_drop=4
[2026-09-26T16:27:22.775Z] I (236328) RouteLoomRef: member handshake starts=3 requests=1 rejected=0 send_fail=2 established=2 failed=0 last_error=6 active=0
[2026-09-26T16:27:22.775Z] I (236328) RouteLoomRef: member end send_fail=1 established=2 failed=13 last_error=7
[2026-09-26T16:27:22.775Z] I (236328) RouteLoomRef: authority state=2 tx_sent=9 tx_failed=0 rx_accepted=1 rx_rejected=0 pull=0 busy=0 backoff_s=0
[2026-09-26T16:27:22.776Z] I (236329) RouteLoomRef: authority mesh tx_carrier=9 queued=9 shed=454 rx_carrier=2 denied=0 timeout=0
[2026-09-26T16:27:22.776Z] I (236329) RouteLoomRef: authority jobs accepted=4 failed=5 last=SESSION_UNAVAILABLE
[2026-09-26T16:27:22.776Z] I (236329) RouteLoomRef: member discovery rx=2 offer_tx=2 offer_rx=1 auth=2 kind_reject=1 capacity=0 send_fail=1
[2026-09-26T16:27:22.777Z] I (236329) RouteLoomRef: member scope raw=3 accepted=3 mac_reject=0 hint=0 generation=0 key_unavailable=0 budget=0
[2026-09-26T16:27:27.775Z] I (241327) RouteLoomRef: member state=4 links=1 ends=1 authority=1/1 confirm=1 demux_drop=4
[2026-09-26T16:27:27.777Z] I (241328) RouteLoomRef: member handshake starts=3 requests=1 rejected=0 send_fail=2 established=2 failed=0 last_error=6 active=0
[2026-09-26T16:27:27.777Z] I (241328) RouteLoomRef: member end send_fail=1 established=2 failed=13 last_error=7
[2026-09-26T16:27:27.777Z] I (241328) RouteLoomRef: authority state=2 tx_sent=9 tx_failed=0 rx_accepted=1 rx_rejected=0 pull=0 busy=0 backoff_s=0
[2026-09-26T16:27:27.777Z] I (241329) RouteLoomRef: authority mesh tx_carrier=9 queued=9 shed=454 rx_carrier=2 denied=0 timeout=0
[2026-09-26T16:27:27.777Z] I (241329) RouteLoomRef: authority jobs accepted=4 failed=5 last=SESSION_UNAVAILABLE
[2026-09-26T16:27:27.777Z] I (241329) RouteLoomRef: member discovery rx=2 offer_tx=2 offer_rx=1 auth=2 kind_reject=1 capacity=0 send_fail=1
[2026-09-26T16:27:27.777Z] I (241329) RouteLoomRef: member scope raw=3 accepted=3 mac_reject=0 hint=0 generation=0 key_unavailable=0 budget=0
[2026-09-26T16:27:32.777Z] I (246329) RouteLoomRef: member state=4 links=1 ends=1 authority=1/1 confirm=1 demux_drop=4
[2026-09-26T16:27:32.778Z] I (246330) RouteLoomRef: member handshake starts=3 requests=1 rejected=0 send_fail=2 established=2 failed=0 last_error=6 active=0
[2026-09-26T16:27:32.778Z] I (246330) RouteLoomRef: member end send_fail=1 established=2 failed=13 last_error=7
[2026-09-26T16:27:32.778Z] I (246330) RouteLoomRef: authority state=2 tx_sent=9 tx_failed=0 rx_accepted=1 rx_rejected=0 pull=0 busy=0 backoff_s=0
[2026-09-26T16:27:32.779Z] I (246331) RouteLoomRef: authority mesh tx_carrier=9 queued=9 shed=454 rx_carrier=2 denied=0 timeout=0
[2026-09-26T16:27:32.779Z] I (246331) RouteLoomRef: authority jobs accepted=4 failed=5 last=SESSION_UNAVAILABLE
[2026-09-26T16:27:32.779Z] I (246331) RouteLoomRef: member discovery rx=2 offer_tx=2 offer_rx=1 auth=2 kind_reject=1 capacity=0 send_fail=1
[2026-09-26T16:27:32.779Z] I (246331) RouteLoomRef: member scope raw=3 accepted=3 mac_reject=0 hint=0 generation=0 key_unavailable=0 budget=0
[2026-09-26T16:27:37.780Z] I (251332) RouteLoomRef: member state=4 links=1 ends=1 authority=1/1 confirm=1 demux_drop=4
[2026-09-26T16:27:37.780Z] I (251333) RouteLoomRef: member handshake starts=3 requests=1 rejected=0 send_fail=2 established=2 failed=0 last_error=6 active=0
[2026-09-26T16:27:37.781Z] I (251333) RouteLoomRef: member end send_fail=1 established=2 failed=13 last_error=7
[2026-09-26T16:27:37.781Z] I (251333) RouteLoomRef: authority state=2 tx_sent=9 tx_failed=0 rx_accepted=1 rx_rejected=0 pull=0 busy=0 backoff_s=0
[2026-09-26T16:27:37.781Z] I (251334) RouteLoomRef: authority mesh tx_carrier=9 queued=9 shed=454 rx_carrier=2 denied=0 timeout=0
[2026-09-26T16:27:37.781Z] I (251334) RouteLoomRef: authority jobs accepted=4 failed=5 last=SESSION_UNAVAILABLE
[2026-09-26T16:27:37.782Z] I (251334) RouteLoomRef: member discovery rx=2 offer_tx=2 offer_rx=1 auth=2 kind_reject=1 capacity=0 send_fail=1
[2026-09-26T16:27:37.782Z] I (251334) RouteLoomRef: member scope raw=3 accepted=3 mac_reject=0 hint=0 generation=0 key_unavailable=0 budget=0
[2026-09-26T16:27:38.069Z] I (251621) RouteLoom: stack hwm main 10152 B
[2026-09-26T16:27:38.069Z] I (251621) RouteLoom: HIL HEAP free=22140 largest=19456 min=21360 B
[2026-09-26T16:27:38.069Z] I (251622) RouteLoom: HIL DISCOVERY candidates=0 neighbors=1 capacity=0 auth=2 stale=0 probes=13 send_failures=1 kind_rejects=1
[2026-09-26T16:27:38.072Z] I (251622) RouteLoom: HIL ROUTE peer=1 phase=5 via=1 metric=1 generation=342 seq=1
[2026-09-26T16:27:38.072Z] I (251622) RouteLoom: HIL ROUTE peer=3 phase=-1 via=0 metric=0 generation=0 seq=0
[2026-09-26T16:27:42.780Z] I (256332) RouteLoomRef: member state=4 links=1 ends=1 authority=1/1 confirm=1 demux_drop=4
[2026-09-26T16:27:42.780Z] I (256333) RouteLoomRef: member handshake starts=3 requests=1 rejected=0 send_fail=2 established=2 failed=0 last_error=6 active=0
[2026-09-26T16:27:42.781Z] I (256333) RouteLoomRef: member end send_fail=1 established=2 failed=13 last_error=7
[2026-09-26T16:27:42.781Z] I (256333) RouteLoomRef: authority state=2 tx_sent=9 tx_failed=0 rx_accepted=1 rx_rejected=0 pull=0 busy=0 backoff_s=0
[2026-09-26T16:27:42.781Z] I (256334) RouteLoomRef: authority mesh tx_carrier=9 queued=9 shed=454 rx_carrier=2 denied=0 timeout=0
[2026-09-26T16:27:42.781Z] I (256334) RouteLoomRef: authority jobs accepted=4 failed=5 last=SESSION_UNAVAILABLE
[2026-09-26T16:27:42.782Z] I (256334) RouteLoomRef: member discovery rx=2 offer_tx=2 offer_rx=1 auth=2 kind_reject=1 capacity=0 send_fail=1
[2026-09-26T16:27:42.782Z] I (256334) RouteLoomRef: member scope raw=3 accepted=3 mac_reject=0 hint=0 generation=0 key_unavailable=0 budget=0
[2026-09-26T16:27:47.783Z] I (261335) RouteLoomRef: member state=4 links=1 ends=1 authority=1/1 confirm=1 demux_drop=4
[2026-09-26T16:27:47.783Z] I (261336) RouteLoomRef: member handshake starts=3 requests=1 rejected=0 send_fail=2 established=2 failed=0 last_error=6 active=0
[2026-09-26T16:27:47.784Z] I (261336) RouteLoomRef: member end send_fail=1 established=2 failed=13 last_error=7
[2026-09-26T16:27:47.786Z] I (261336) RouteLoomRef: authority state=2 tx_sent=9 tx_failed=0 rx_accepted=1 rx_rejected=0 pull=0 busy=0 backoff_s=0
[2026-09-26T16:27:47.786Z] I (261337) RouteLoomRef: authority mesh tx_carrier=9 queued=9 shed=454 rx_carrier=2 denied=0 timeout=0
[2026-09-26T16:27:47.786Z] I (261337) RouteLoomRef: authority jobs accepted=4 failed=5 last=SESSION_UNAVAILABLE
[2026-09-26T16:27:47.786Z] I (261337) RouteLoomRef: member discovery rx=2 offer_tx=2 offer_rx=1 auth=2 kind_reject=1 capacity=0 send_fail=1
[2026-09-26T16:27:47.786Z] I (261337) RouteLoomRef: member scope raw=3 accepted=3 mac_reject=0 hint=0 generation=0 key_unavailable=0 budget=0
[2026-09-26T16:27:52.786Z] I (266338) RouteLoomRef: member state=4 links=1 ends=1 authority=1/1 confirm=1 demux_drop=4
[2026-09-26T16:27:52.786Z] I (266339) RouteLoomRef: member handshake starts=3 requests=1 rejected=0 send_fail=2 established=2 failed=0 last_error=6 active=0
[2026-09-26T16:27:52.787Z] I (266339) RouteLoomRef: member end send_fail=1 established=2 failed=13 last_error=7
[2026-09-26T16:27:52.787Z] I (266339) RouteLoomRef: authority state=2 tx_sent=9 tx_failed=0 rx_accepted=1 rx_rejected=0 pull=0 busy=0 backoff_s=0
[2026-09-26T16:27:52.787Z] I (266340) RouteLoomRef: authority mesh tx_carrier=9 queued=9 shed=454 rx_carrier=2 denied=0 timeout=0
[2026-09-26T16:27:52.788Z] I (266340) RouteLoomRef: authority jobs accepted=4 failed=5 last=SESSION_UNAVAILABLE
[2026-09-26T16:27:52.788Z] I (266340) RouteLoomRef: member discovery rx=2 offer_tx=2 offer_rx=1 auth=2 kind_reject=1 capacity=0 send_fail=1
[2026-09-26T16:27:52.788Z] I (266340) RouteLoomRef: member scope raw=3 accepted=3 mac_reject=0 hint=0 generation=0 key_unavailable=0 budget=0
[2026-09-26T16:27:57.787Z] I (271338) RouteLoomRef: member state=4 links=1 ends=1 authority=1/1 confirm=1 demux_drop=4
[2026-09-26T16:27:57.787Z] I (271339) RouteLoomRef: member handshake starts=3 requests=1 rejected=0 send_fail=2 established=2 failed=0 last_error=6 active=0
[2026-09-26T16:27:57.787Z] I (271339) RouteLoomRef: member end send_fail=1 established=2 failed=13 last_error=7
[2026-09-26T16:27:57.787Z] I (271339) RouteLoomRef: authority state=2 tx_sent=9 tx_failed=0 rx_accepted=1 rx_rejected=0 pull=0 busy=0 backoff_s=0
[2026-09-26T16:27:57.788Z] I (271340) RouteLoomRef: authority mesh tx_carrier=9 queued=9 shed=454 rx_carrier=2 denied=0 timeout=0
[2026-09-26T16:27:57.788Z] I (271340) RouteLoomRef: authority jobs accepted=4 failed=5 last=SESSION_UNAVAILABLE
[2026-09-26T16:27:57.788Z] I (271340) RouteLoomRef: member discovery rx=2 offer_tx=2 offer_rx=1 auth=2 kind_reject=1 capacity=0 send_fail=1
[2026-09-26T16:27:57.789Z] I (271341) RouteLoomRef: member scope raw=3 accepted=3 mac_reject=0 hint=0 generation=0 key_unavailable=0 budget=0
[2026-09-26T16:28:02.788Z] I (276340) RouteLoomRef: member state=4 links=1 ends=1 authority=1/1 confirm=1 demux_drop=4
[2026-09-26T16:28:02.789Z] I (276341) RouteLoomRef: member handshake starts=3 requests=1 rejected=0 send_fail=2 established=2 failed=0 last_error=6 active=0
[2026-09-26T16:28:02.789Z] I (276341) RouteLoomRef: member end send_fail=1 established=2 failed=13 last_error=7
[2026-09-26T16:28:02.789Z] I (276341) RouteLoomRef: authority state=2 tx_sent=9 tx_failed=0 rx_accepted=1 rx_rejected=0 pull=0 busy=0 backoff_s=0
[2026-09-26T16:28:02.790Z] I (276342) RouteLoomRef: authority mesh tx_carrier=9 queued=9 shed=454 rx_carrier=2 denied=0 timeout=0
[2026-09-26T16:28:02.790Z] I (276342) RouteLoomRef: authority jobs accepted=4 failed=5 last=SESSION_UNAVAILABLE
[2026-09-26T16:28:02.790Z] I (276342) RouteLoomRef: member discovery rx=2 offer_tx=2 offer_rx=1 auth=2 kind_reject=1 capacity=0 send_fail=1
[2026-09-26T16:28:02.790Z] I (276342) RouteLoomRef: member scope raw=3 accepted=3 mac_reject=0 hint=0 generation=0 key_unavailable=0 budget=0
[2026-09-26T16:28:07.789Z] I (281341) RouteLoomRef: member state=4 links=1 ends=1 authority=1/1 confirm=1 demux_drop=4
[2026-09-26T16:28:07.790Z] I (281342) RouteLoomRef: member handshake starts=3 requests=1 rejected=0 send_fail=2 established=2 failed=0 last_error=6 active=0
[2026-09-26T16:28:07.790Z] I (281342) RouteLoomRef: member end send_fail=1 established=2 failed=13 last_error=7
[2026-09-26T16:28:07.791Z] I (281342) RouteLoomRef: authority state=2 tx_sent=9 tx_failed=0 rx_accepted=1 rx_rejected=0 pull=0 busy=0 backoff_s=0
[2026-09-26T16:28:07.791Z] I (281343) RouteLoomRef: authority mesh tx_carrier=9 queued=9 shed=454 rx_carrier=2 denied=0 timeout=0
[2026-09-26T16:28:07.791Z] I (281343) RouteLoomRef: authority jobs accepted=4 failed=5 last=SESSION_UNAVAILABLE
[2026-09-26T16:28:07.791Z] I (281343) RouteLoomRef: member discovery rx=2 offer_tx=2 offer_rx=1 auth=2 kind_reject=1 capacity=0 send_fail=1
[2026-09-26T16:28:07.792Z] I (281343) RouteLoomRef: member scope raw=3 accepted=3 mac_reject=0 hint=0 generation=0 key_unavailable=0 budget=0
[2026-09-26T16:28:12.792Z] I (286343) RouteLoomRef: member state=4 links=1 ends=1 authority=1/1 confirm=1 demux_drop=4
[2026-09-26T16:28:12.792Z] I (286344) RouteLoomRef: member handshake starts=3 requests=1 rejected=0 send_fail=2 established=2 failed=0 last_error=6 active=0
[2026-09-26T16:28:12.792Z] I (286344) RouteLoomRef: member end send_fail=1 established=2 failed=13 last_error=7
[2026-09-26T16:28:12.793Z] I (286344) RouteLoomRef: authority state=2 tx_sent=9 tx_failed=0 rx_accepted=1 rx_rejected=0 pull=0 busy=0 backoff_s=0
[2026-09-26T16:28:12.793Z] I (286345) RouteLoomRef: authority mesh tx_carrier=9 queued=9 shed=454 rx_carrier=2 denied=0 timeout=0
[2026-09-26T16:28:12.793Z] I (286345) RouteLoomRef: authority jobs accepted=4 failed=5 last=SESSION_UNAVAILABLE
[2026-09-26T16:28:12.794Z] I (286345) RouteLoomRef: member discovery rx=2 offer_tx=2 offer_rx=1 auth=2 kind_reject=1 capacity=0 send_fail=1
[2026-09-26T16:28:12.794Z] I (286345) RouteLoomRef: member scope raw=3 accepted=3 mac_reject=0 hint=0 generation=0 key_unavailable=0 budget=0
[2026-09-26T16:28:17.795Z] I (291346) RouteLoomRef: member state=4 links=1 ends=1 authority=1/1 confirm=1 demux_drop=4
[2026-09-26T16:28:17.795Z] I (291347) RouteLoomRef: member handshake starts=3 requests=1 rejected=0 send_fail=2 established=2 failed=0 last_error=6 active=0
[2026-09-26T16:28:17.799Z] I (291347) RouteLoomRef: member end send_fail=1 established=2 failed=13 last_error=7
[2026-09-26T16:28:17.799Z] I (291347) RouteLoomRef: authority state=2 tx_sent=9 tx_failed=0 rx_accepted=1 rx_rejected=0 pull=0 busy=0 backoff_s=0
[2026-09-26T16:28:17.799Z] I (291348) RouteLoomRef: authority mesh tx_carrier=9 queued=9 shed=454 rx_carrier=2 denied=0 timeout=0
[2026-09-26T16:28:17.799Z] I (291348) RouteLoomRef: authority jobs accepted=4 failed=5 last=SESSION_UNAVAILABLE
[2026-09-26T16:28:17.799Z] I (291348) RouteLoomRef: member discovery rx=2 offer_tx=2 offer_rx=1 auth=2 kind_reject=1 capacity=0 send_fail=1
[2026-09-26T16:28:17.799Z] I (291348) RouteLoomRef: member scope raw=3 accepted=3 mac_reject=0 hint=0 generation=0 key_unavailable=0 budget=0
[2026-09-26T16:28:22.797Z] I (296348) RouteLoomRef: member state=4 links=1 ends=1 authority=1/1 confirm=1 demux_drop=4
[2026-09-26T16:28:22.797Z] I (296349) RouteLoomRef: member handshake starts=3 requests=1 rejected=0 send_fail=2 established=2 failed=0 last_error=6 active=0
[2026-09-26T16:28:22.797Z] I (296349) RouteLoomRef: member end send_fail=1 established=2 failed=13 last_error=7
[2026-09-26T16:28:22.798Z] I (296349) RouteLoomRef: authority state=2 tx_sent=9 tx_failed=0 rx_accepted=1 rx_rejected=0 pull=0 busy=0 backoff_s=0
[2026-09-26T16:28:22.798Z] I (296350) RouteLoomRef: authority mesh tx_carrier=9 queued=9 shed=454 rx_carrier=2 denied=0 timeout=0
[2026-09-26T16:28:22.799Z] I (296350) RouteLoomRef: authority jobs accepted=4 failed=5 last=SESSION_UNAVAILABLE
[2026-09-26T16:28:22.799Z] I (296350) RouteLoomRef: member discovery rx=2 offer_tx=2 offer_rx=1 auth=2 kind_reject=1 capacity=0 send_fail=1
[2026-09-26T16:28:22.799Z] I (296350) RouteLoomRef: member scope raw=3 accepted=3 mac_reject=0 hint=0 generation=0 key_unavailable=0 budget=0
[2026-09-26T16:28:27.797Z] I (301348) RouteLoomRef: member state=4 links=1 ends=1 authority=1/1 confirm=1 demux_drop=4
[2026-09-26T16:28:27.797Z] I (301349) RouteLoomRef: member handshake starts=3 requests=1 rejected=0 send_fail=2 established=2 failed=0 last_error=6 active=0
[2026-09-26T16:28:27.797Z] I (301349) RouteLoomRef: member end send_fail=1 established=2 failed=13 last_error=7
[2026-09-26T16:28:27.798Z] I (301349) RouteLoomRef: authority state=2 tx_sent=9 tx_failed=0 rx_accepted=1 rx_rejected=0 pull=0 busy=0 backoff_s=0
[2026-09-26T16:28:27.798Z] I (301350) RouteLoomRef: authority mesh tx_carrier=9 queued=9 shed=454 rx_carrier=2 denied=0 timeout=0
[2026-09-26T16:28:27.799Z] I (301350) RouteLoomRef: authority jobs accepted=4 failed=5 last=SESSION_UNAVAILABLE
[2026-09-26T16:28:27.799Z] I (301350) RouteLoomRef: member discovery rx=2 offer_tx=2 offer_rx=1 auth=2 kind_reject=1 capacity=0 send_fail=1
[2026-09-26T16:28:27.799Z] I (301350) RouteLoomRef: member scope raw=3 accepted=3 mac_reject=0 hint=0 generation=0 key_unavailable=0 budget=0
[2026-09-26T16:28:32.799Z] I (306350) RouteLoomRef: member state=4 links=1 ends=1 authority=1/1 confirm=1 demux_drop=4
[2026-09-26T16:28:32.799Z] I (306351) RouteLoomRef: member handshake starts=3 requests=1 rejected=0 send_fail=2 established=2 failed=0 last_error=6 active=0
[2026-09-26T16:28:32.799Z] I (306351) RouteLoomRef: member end send_fail=1 established=2 failed=13 last_error=7
[2026-09-26T16:28:32.803Z] I (306351) RouteLoomRef: authority state=2 tx_sent=9 tx_failed=0 rx_accepted=1 rx_rejected=0 pull=0 busy=0 backoff_s=0
[2026-09-26T16:28:32.803Z] I (306352) RouteLoomRef: authority mesh tx_carrier=9 queued=9 shed=454 rx_carrier=2 denied=0 timeout=0
[2026-09-26T16:28:32.803Z] I (306352) RouteLoomRef: authority jobs accepted=4 failed=5 last=SESSION_UNAVAILABLE
[2026-09-26T16:28:32.803Z] I (306352) RouteLoomRef: member discovery rx=2 offer_tx=2 offer_rx=1 auth=2 kind_reject=1 capacity=0 send_fail=1
[2026-09-26T16:28:32.803Z] I (306352) RouteLoomRef: member scope raw=3 accepted=3 mac_reject=0 hint=0 generation=0 key_unavailable=0 budget=0
[2026-09-26T16:28:33.806Z] !! capture closed
