[2026-09-26T16:32:27.676Z] !! capture open /dev/serial/by-id/usb-Espressif_USB_JTAG_serial_debug_unit_94:A9:90:7A:B5:60-if00 @ 115200 backend=pyserial dtr=1 rts=0
[2026-09-26T16:32:27.884Z] I (311353) RouteLoomRef: member state=4 links=1 ends=1 authorityI (541430) RouteLoomRef: member state=4 links=1 ends=1 authority=1/1 confirm=1 demux_drop=4
[2026-09-26T16:32:27.884Z] I (541431) RouteLoomRef: member handshake starts=5 requests=2 rejected=0 send_fail=2 established=3 failed=0 last_error=6 active=0
[2026-09-26T16:32:27.884Z] I (541431) RouteLoomRef: member end send_fail=1 established=2 failed=13 last_error=7
[2026-09-26T16:32:27.885Z] I (541431) RouteLoomRef: authority state=2 tx_sent=9 tx_failed=0 rx_accepted=1 rx_rejected=0 pull=0 busy=0 backoff_s=0
[2026-09-26T16:32:27.885Z] I (541432) RouteLoomRef: authority mesh tx_carrier=9 queued=9 shed=454 rx_carrier=2 denied=0 timeout=0
[2026-09-26T16:32:27.885Z] I (541432) RouteLoomRef: authority jobs accepted=4 failed=5 last=SESSION_UNAVAILABLE
[2026-09-26T16:32:27.885Z] I (541432) RouteLoomRef: member discovery rx=3 offer_tx=3 offer_rx=3 auth=3 kind_reject=2 capacity=0 send_fail=2
[2026-09-26T16:32:27.886Z] I (541432) RouteLoomRef: member scope raw=6 accepted=5 mac_reject=0 hint=0 generation=0 key_unavailable=0 budget=0
[2026-09-26T16:32:32.887Z] I (546433) RouteLoomRef: member state=4 links=1 ends=1 authority=1/1 confirm=1 demux_drop=4
[2026-09-26T16:32:32.887Z] I (546434) RouteLoomRef: member handshake starts=5 requests=2 rejected=0 send_fail=2 established=3 failed=0 last_error=6 active=0
[2026-09-26T16:32:32.888Z] I (546434) RouteLoomRef: member end send_fail=1 established=2 failed=13 last_error=7
[2026-09-26T16:32:32.888Z] I (546434) RouteLoomRef: authority state=2 tx_sent=9 tx_failed=0 rx_accepted=1 rx_rejected=0 pull=0 busy=0 backoff_s=0
[2026-09-26T16:32:32.888Z] I (546435) RouteLoomRef: authority mesh tx_carrier=9 queued=9 shed=454 rx_carrier=2 denied=0 timeout=0
[2026-09-26T16:32:32.888Z] I (546435) RouteLoomRef: authority jobs accepted=4 failed=5 last=SESSION_UNAVAILABLE
[2026-09-26T16:32:32.890Z] I (546435) RouteLoomRef: member discovery rx=3 offer_tx=3 offer_rx=3 auth=3 kind_reject=2 capacity=0 send_fail=2
[2026-09-26T16:32:32.890Z] I (546435) RouteLoomRef: member scope raw=6 accepted=5 mac_reject=0 hint=0 generation=0 key_unavailable=0 budget=0
[2026-09-26T16:32:37.889Z] I (551435) RouteLoomRef: member state=4 links=1 ends=1 authority=1/1 confirm=1 demux_drop=4
[2026-09-26T16:32:37.889Z] I (551436) RouteLoomRef: member handshake starts=5 requests=2 rejected=0 send_fail=2 established=3 failed=0 last_error=6 active=0
[2026-09-26T16:32:37.890Z] I (551436) RouteLoomRef: member end send_fail=1 established=2 failed=13 last_error=7
[2026-09-26T16:32:37.890Z] I (551436) RouteLoomRef: authority state=2 tx_sent=9 tx_failed=0 rx_accepted=1 rx_rejected=0 pull=0 busy=0 backoff_s=0
[2026-09-26T16:32:37.890Z] I (551437) RouteLoomRef: authority mesh tx_carrier=9 queued=9 shed=454 rx_carrier=2 denied=0 timeout=0
[2026-09-26T16:32:37.891Z] I (551437) RouteLoomRef: authority jobs accepted=4 failed=5 last=SESSION_UNAVAILABLE
[2026-09-26T16:32:37.891Z] I (551437) RouteLoomRef: member discovery rx=3 offer_tx=3 offer_rx=3 auth=3 kind_reject=2 capacity=0 send_fail=2
[2026-09-26T16:32:37.891Z] I (551437) RouteLoomRef: member scope raw=6 accepted=5 mac_reject=0 hint=0 generation=0 key_unavailable=0 budget=0
[2026-09-26T16:32:38.082Z] I (551628) RouteLoom: stack hwm main 10152 B
[2026-09-26T16:32:38.082Z] I (551628) RouteLoom: HIL HEAP free=22140 largest=19456 min=21360 B
[2026-09-26T16:32:38.082Z] I (551629) RouteLoom: HIL DISCOVERY candidates=0 neighbors=1 capacity=0 auth=3 stale=1 probes=40 send_failures=2 kind_rejects=2
[2026-09-26T16:32:38.083Z] I (551629) RouteLoom: HIL ROUTE peer=1 phase=5 via=1 metric=1 generation=345 seq=1
[2026-09-26T16:32:38.083Z] I (551629) RouteLoom: HIL ROUTE peer=3 phase=-1 via=0 metric=0 generation=0 seq=0
[2026-09-26T16:32:38.334Z] I (551880) RouteLoomRef: message origin=1 session=1020476640 sequence=9223372036854775809 bytes=7
[2026-09-26T16:32:42.892Z] I (556438) RouteLoomRef: member state=4 links=1 ends=1 authority=1/1 confirm=1 demux_drop=4
[2026-09-26T16:32:42.893Z] I (556439) RouteLoomRef: member handshake starts=5 requests=2 rejected=0 send_fail=2 established=3 failed=0 last_error=6 active=0
[2026-09-26T16:32:42.893Z] I (556439) RouteLoomRef: member end send_fail=1 established=2 failed=13 last_error=7
[2026-09-26T16:32:42.893Z] I (556439) RouteLoomRef: authority state=2 tx_sent=9 tx_failed=0 rx_accepted=1 rx_rejected=0 pull=0 busy=0 backoff_s=0
[2026-09-26T16:32:42.893Z] I (556440) RouteLoomRef: authority mesh tx_carrier=9 queued=9 shed=454 rx_carrier=2 denied=0 timeout=0
[2026-09-26T16:32:42.894Z] I (556440) RouteLoomRef: authority jobs accepted=4 failed=5 last=SESSION_UNAVAILABLE
[2026-09-26T16:32:42.894Z] I (556440) RouteLoomRef: member discovery rx=3 offer_tx=3 offer_rx=3 auth=3 kind_reject=2 capacity=0 send_fail=2
[2026-09-26T16:32:42.894Z] I (556441) RouteLoomRef: member scope raw=6 accepted=5 mac_reject=0 hint=0 generation=0 key_unavailable=0 budget=0
[2026-09-26T16:32:47.895Z] I (561441) RouteLoomRef: member state=4 links=1 ends=1 authority=1/1 confirm=1 demux_drop=4
[2026-09-26T16:32:47.896Z] I (561442) RouteLoomRef: member handshake starts=5 requests=2 rejected=0 send_fail=2 established=3 failed=0 last_error=6 active=0
[2026-09-26T16:32:47.896Z] I (561442) RouteLoomRef: member end send_fail=1 established=2 failed=13 last_error=7
[2026-09-26T16:32:47.896Z] I (561442) RouteLoomRef: authority state=2 tx_sent=9 tx_failed=0 rx_accepted=1 rx_rejected=0 pull=0 busy=0 backoff_s=0
[2026-09-26T16:32:47.896Z] I (561443) RouteLoomRef: authority mesh tx_carrier=9 queued=9 shed=454 rx_carrier=2 denied=0 timeout=0
[2026-09-26T16:32:47.899Z] I (561443) RouteLoomRef: authority jobs accepted=4 failed=5 last=SESSION_UNAVAILABLE
[2026-09-26T16:32:47.899Z] I (561443) RouteLoomRef: member discovery rx=3 offer_tx=3 offer_rx=3 auth=3 kind_reject=2 capacity=0 send_fail=2
[2026-09-26T16:32:47.899Z] I (561444) RouteLoomRef: member scope raw=6 accepted=5 mac_reject=0 hint=0 generation=0 key_unavailable=0 budget=0
[2026-09-26T16:32:52.898Z] I (566444) RouteLoomRef: member state=4 links=1 ends=1 authority=1/1 confirm=1 demux_drop=4
[2026-09-26T16:32:52.898Z] I (566445) RouteLoomRef: member handshake starts=5 requests=2 rejected=0 send_fail=2 established=3 failed=0 last_error=6 active=0
[2026-09-26T16:32:52.899Z] I (566445) RouteLoomRef: member end send_fail=1 established=2 failed=13 last_error=7
[2026-09-26T16:32:52.899Z] I (566445) RouteLoomRef: authority state=2 tx_sent=9 tx_failed=0 rx_accepted=1 rx_rejected=0 pull=0 busy=0 backoff_s=0
[2026-09-26T16:32:52.899Z] I (566446) RouteLoomRef: authority mesh tx_carrier=9 queued=9 shed=454 rx_carrier=2 denied=0 timeout=0
[2026-09-26T16:32:52.899Z] I (566446) RouteLoomRef: authority jobs accepted=4 failed=5 last=SESSION_UNAVAILABLE
[2026-09-26T16:32:52.900Z] I (566446) RouteLoomRef: member discovery rx=3 offer_tx=3 offer_rx=3 auth=3 kind_reject=2 capacity=0 send_fail=2
[2026-09-26T16:32:52.900Z] I (566446) RouteLoomRef: member scope raw=6 accepted=5 mac_reject=0 hint=0 generation=0 key_unavailable=0 budget=0
[2026-09-26T16:32:57.708Z] !! capture closed
