[2026-09-26T17:01:35.286Z] !! capture open /dev/serial/by-id/usb-Espressif_USB_JTAG_serial_debug_unit_94:A9:90:7A:B5:60-if00 @ 115200 backend=pyserial dtr=1 rts=0
[2026-09-26T17:01:35.976Z] I (388048) RouteLoomRef: member state=4 links=1 ends=1 authorityI (473077) RouteLoomRef: member state=4 links=1 ends=1 authority=1/1 confirm=1 demux_drop=8
[2026-09-26T17:01:35.976Z] I (473078) RouteLoomRef: member handshake starts=3 requests=1 rejected=0 send_fail=1 established=1 failed=0 last_error=6 active=0
[2026-09-26T17:01:35.976Z] I (473078) RouteLoomRef: member end send_fail=1 established=1 failed=4 last_error=7
[2026-09-26T17:01:35.977Z] I (473078) RouteLoomRef: authority state=2 tx_sent=10 tx_failed=0 rx_accepted=8 rx_rejected=0 pull=0 busy=0 backoff_s=0
[2026-09-26T17:01:35.977Z] I (473079) RouteLoomRef: authority mesh tx_carrier=10 queued=10 shed=530 rx_carrier=6 denied=0 timeout=0
[2026-09-26T17:01:35.977Z] I (473079) RouteLoomRef: authority jobs accepted=32 failed=2 last=SESSION_UNAVAILABLE
[2026-09-26T17:01:35.977Z] I (473079) RouteLoomRef: member discovery rx=2 offer_tx=2 offer_rx=1 auth=1 kind_reject=0 capacity=0 send_fail=1
[2026-09-26T17:01:35.978Z] I (473079) RouteLoomRef: member scope raw=3 accepted=3 mac_reject=0 hint=0 generation=0 key_unavailable=0 budget=0
[2026-09-26T17:01:40.978Z] I (478079) RouteLoomRef: member state=4 links=1 ends=1 authority=1/1 confirm=1 demux_drop=8
[2026-09-26T17:01:40.978Z] I (478080) RouteLoomRef: member handshake starts=3 requests=1 rejected=0 send_fail=1 established=1 failed=0 last_error=6 active=0
[2026-09-26T17:01:40.978Z] I (478080) RouteLoomRef: member end send_fail=1 established=1 failed=4 last_error=7
[2026-09-26T17:01:40.979Z] I (478080) RouteLoomRef: authority state=2 tx_sent=10 tx_failed=0 rx_accepted=8 rx_rejected=0 pull=0 busy=0 backoff_s=0
[2026-09-26T17:01:40.979Z] I (478081) RouteLoomRef: authority mesh tx_carrier=10 queued=10 shed=530 rx_carrier=6 denied=0 timeout=0
[2026-09-26T17:01:40.979Z] I (478081) RouteLoomRef: authority jobs accepted=32 failed=2 last=SESSION_UNAVAILABLE
[2026-09-26T17:01:40.979Z] I (478081) RouteLoomRef: member discovery rx=2 offer_tx=2 offer_rx=1 auth=1 kind_reject=0 capacity=0 send_fail=1
[2026-09-26T17:01:40.980Z] I (478081) RouteLoomRef: member scope raw=3 accepted=3 mac_reject=0 hint=0 generation=0 key_unavailable=0 budget=0
[2026-09-26T17:01:45.981Z] I (483082) RouteLoomRef: member state=4 links=1 ends=1 authority=1/1 confirm=1 demux_drop=8
[2026-09-26T17:01:45.982Z] I (483083) RouteLoomRef: member handshake starts=3 requests=1 rejected=0 send_fail=1 established=1 failed=0 last_error=6 active=0
[2026-09-26T17:01:45.982Z] I (483083) RouteLoomRef: member end send_fail=1 established=1 failed=4 last_error=7
[2026-09-26T17:01:45.982Z] I (483083) RouteLoomRef: authority state=2 tx_sent=10 tx_failed=0 rx_accepted=8 rx_rejected=0 pull=0 busy=0 backoff_s=0
[2026-09-26T17:01:45.982Z] I (483084) RouteLoomRef: authority mesh tx_carrier=10 queued=10 shed=530 rx_carrier=6 denied=0 timeout=0
[2026-09-26T17:01:45.982Z] I (483084) RouteLoomRef: authority jobs accepted=32 failed=2 last=SESSION_UNAVAILABLE
[2026-09-26T17:01:45.986Z] I (483084) RouteLoomRef: member discovery rx=2 offer_tx=2 offer_rx=1 auth=1 kind_reject=0 capacity=0 send_fail=1
[2026-09-26T17:01:45.986Z] I (483084) RouteLoomRef: member scope raw=3 accepted=3 mac_reject=0 hint=0 generation=0 key_unavailable=0 budget=0
[2026-09-26T17:01:50.983Z] I (488084) RouteLoomRef: member state=4 links=1 ends=1 authority=1/1 confirm=1 demux_drop=8
[2026-09-26T17:01:50.983Z] I (488085) RouteLoomRef: member handshake starts=3 requests=1 rejected=0 send_fail=1 established=1 failed=0 last_error=6 active=0
[2026-09-26T17:01:50.984Z] I (488085) RouteLoomRef: member end send_fail=1 established=1 failed=4 last_error=7
[2026-09-26T17:01:50.984Z] I (488085) RouteLoomRef: authority state=2 tx_sent=10 tx_failed=0 rx_accepted=8 rx_rejected=0 pull=0 busy=0 backoff_s=0
[2026-09-26T17:01:50.984Z] I (488086) RouteLoomRef: authority mesh tx_carrier=10 queued=10 shed=530 rx_carrier=6 denied=0 timeout=0
[2026-09-26T17:01:50.984Z] I (488086) RouteLoomRef: authority jobs accepted=32 failed=2 last=SESSION_UNAVAILABLE
[2026-09-26T17:01:50.985Z] I (488086) RouteLoomRef: member discovery rx=2 offer_tx=2 offer_rx=1 auth=1 kind_reject=0 capacity=0 send_fail=1
[2026-09-26T17:01:50.985Z] I (488086) RouteLoomRef: member scope raw=3 accepted=3 mac_reject=0 hint=0 generation=0 key_unavailable=0 budget=0
[2026-09-26T17:01:55.984Z] I (493085) RouteLoomRef: member state=4 links=1 ends=1 authority=1/1 confirm=1 demux_drop=8
[2026-09-26T17:01:55.984Z] I (493086) RouteLoomRef: member handshake starts=3 requests=1 rejected=0 send_fail=1 established=1 failed=0 last_error=6 active=0
[2026-09-26T17:01:55.984Z] I (493086) RouteLoomRef: member end send_fail=1 established=1 failed=4 last_error=7
[2026-09-26T17:01:55.985Z] I (493086) RouteLoomRef: authority state=2 tx_sent=10 tx_failed=0 rx_accepted=9 rx_rejected=0 pull=0 busy=0 backoff_s=0
[2026-09-26T17:01:55.985Z] I (493087) RouteLoomRef: authority mesh tx_carrier=10 queued=10 shed=530 rx_carrier=6 denied=0 timeout=0
[2026-09-26T17:01:55.985Z] I (493087) RouteLoomRef: authority jobs accepted=40 failed=2 last=SESSION_UNAVAILABLE
[2026-09-26T17:01:55.986Z] I (493087) RouteLoomRef: member discovery rx=2 offer_tx=2 offer_rx=1 auth=1 kind_reject=0 capacity=0 send_fail=1
[2026-09-26T17:01:55.986Z] I (493087) RouteLoomRef: member scope raw=3 accepted=3 mac_reject=0 hint=0 generation=0 key_unavailable=0 budget=0
[2026-09-26T17:02:00.987Z] I (498088) RouteLoomRef: member state=4 links=1 ends=1 authority=1/1 confirm=1 demux_drop=8
[2026-09-26T17:02:00.987Z] I (498089) RouteLoomRef: member handshake starts=3 requests=1 rejected=0 send_fail=1 established=1 failed=0 last_error=6 active=0
[2026-09-26T17:02:00.988Z] I (498089) RouteLoomRef: member end send_fail=1 established=1 failed=4 last_error=7
[2026-09-26T17:02:00.988Z] I (498089) RouteLoomRef: authority state=2 tx_sent=10 tx_failed=0 rx_accepted=9 rx_rejected=0 pull=0 busy=0 backoff_s=0
[2026-09-26T17:02:00.988Z] I (498090) RouteLoomRef: authority mesh tx_carrier=10 queued=10 shed=530 rx_carrier=6 denied=0 timeout=0
[2026-09-26T17:02:00.989Z] I (498090) RouteLoomRef: authority jobs accepted=40 failed=2 last=SESSION_UNAVAILABLE
[2026-09-26T17:02:00.989Z] I (498090) RouteLoomRef: member discovery rx=2 offer_tx=2 offer_rx=1 auth=1 kind_reject=0 capacity=0 send_fail=1
[2026-09-26T17:02:00.989Z] I (498090) RouteLoomRef: member scope raw=3 accepted=3 mac_reject=0 hint=0 generation=0 key_unavailable=0 budget=0
[2026-09-26T17:02:05.990Z] I (503091) RouteLoomRef: member state=4 links=1 ends=1 authority=1/1 confirm=1 demux_drop=8
[2026-09-26T17:02:05.990Z] I (503092) RouteLoomRef: member handshake starts=3 requests=1 rejected=0 send_fail=1 established=1 failed=0 last_error=6 active=0
[2026-09-26T17:02:05.993Z] I (503092) RouteLoomRef: member end send_fail=1 established=1 failed=4 last_error=7
[2026-09-26T17:02:05.993Z] I (503092) RouteLoomRef: authority state=2 tx_sent=10 tx_failed=0 rx_accepted=9 rx_rejected=0 pull=0 busy=0 backoff_s=0
[2026-09-26T17:02:05.993Z] I (503093) RouteLoomRef: authority mesh tx_carrier=10 queued=10 shed=530 rx_carrier=6 denied=0 timeout=0
[2026-09-26T17:02:05.993Z] I (503093) RouteLoomRef: authority jobs accepted=40 failed=2 last=SESSION_UNAVAILABLE
[2026-09-26T17:02:05.993Z] I (503093) RouteLoomRef: member discovery rx=2 offer_tx=2 offer_rx=1 auth=1 kind_reject=0 capacity=0 send_fail=1
[2026-09-26T17:02:05.993Z] I (503093) RouteLoomRef: member scope raw=3 accepted=3 mac_reject=0 hint=0 generation=0 key_unavailable=0 budget=0
[2026-09-26T17:02:10.993Z] I (508094) RouteLoomRef: member state=4 links=1 ends=1 authority=1/1 confirm=1 demux_drop=8
[2026-09-26T17:02:10.994Z] I (508095) RouteLoomRef: member handshake starts=3 requests=1 rejected=0 send_fail=1 established=1 failed=0 last_error=6 active=0
[2026-09-26T17:02:10.994Z] I (508095) RouteLoomRef: member end send_fail=1 established=1 failed=4 last_error=7
[2026-09-26T17:02:10.994Z] I (508095) RouteLoomRef: authority state=2 tx_sent=10 tx_failed=0 rx_accepted=9 rx_rejected=0 pull=0 busy=0 backoff_s=0
[2026-09-26T17:02:10.994Z] I (508096) RouteLoomRef: authority mesh tx_carrier=10 queued=10 shed=530 rx_carrier=6 denied=0 timeout=0
[2026-09-26T17:02:10.995Z] I (508096) RouteLoomRef: authority jobs accepted=40 failed=2 last=SESSION_UNAVAILABLE
[2026-09-26T17:02:10.995Z] I (508096) RouteLoomRef: member discovery rx=2 offer_tx=2 offer_rx=1 auth=1 kind_reject=0 capacity=0 send_fail=1
[2026-09-26T17:02:10.996Z] I (508097) RouteLoomRef: member scope raw=3 accepted=3 mac_reject=0 hint=0 generation=0 key_unavailable=0 budget=0
[2026-09-26T17:02:11.194Z] I (508295) RouteLoom: stack hwm main 10136 B
[2026-09-26T17:02:11.194Z] I (508295) RouteLoom: HIL HEAP free=21868 largest=18432 min=20956 B
[2026-09-26T17:02:11.195Z] I (508296) RouteLoom: HIL DISCOVERY candidates=0 neighbors=1 capacity=0 auth=1 stale=0 probes=20 send_failures=1 kind_rejects=0
[2026-09-26T17:02:11.195Z] I (508296) RouteLoom: HIL ROUTE peer=1 phase=5 via=1 metric=1 generation=357 seq=1
[2026-09-26T17:02:11.195Z] I (508296) RouteLoom: HIL ROUTE peer=3 phase=-1 via=0 metric=0 generation=0 seq=0
[2026-09-26T17:02:15.994Z] I (513095) RouteLoomRef: member state=4 links=1 ends=1 authority=1/1 confirm=1 demux_drop=8
[2026-09-26T17:02:15.995Z] I (513096) RouteLoomRef: member handshake starts=3 requests=1 rejected=0 send_fail=1 established=1 failed=0 last_error=6 active=0
[2026-09-26T17:02:15.995Z] I (513096) RouteLoomRef: member end send_fail=1 established=1 failed=4 last_error=7
[2026-09-26T17:02:15.995Z] I (513096) RouteLoomRef: authority state=2 tx_sent=10 tx_failed=0 rx_accepted=9 rx_rejected=0 pull=0 busy=0 backoff_s=0
[2026-09-26T17:02:15.995Z] I (513097) RouteLoomRef: authority mesh tx_carrier=10 queued=10 shed=530 rx_carrier=6 denied=0 timeout=0
[2026-09-26T17:02:15.996Z] I (513097) RouteLoomRef: authority jobs accepted=40 failed=2 last=SESSION_UNAVAILABLE
[2026-09-26T17:02:15.996Z] I (513097) RouteLoomRef: member discovery rx=2 offer_tx=2 offer_rx=1 auth=1 kind_reject=0 capacity=0 send_fail=1
[2026-09-26T17:02:15.996Z] I (513097) RouteLoomRef: member scope raw=3 accepted=3 mac_reject=0 hint=0 generation=0 key_unavailable=0 budget=0
[2026-09-26T17:02:20.996Z] I (518097) RouteLoomRef: member state=4 links=1 ends=1 authority=1/1 confirm=1 demux_drop=8
[2026-09-26T17:02:20.997Z] I (518098) RouteLoomRef: member handshake starts=3 requests=1 rejected=0 send_fail=1 established=1 failed=0 last_error=6 active=0
[2026-09-26T17:02:20.997Z] I (518098) RouteLoomRef: member end send_fail=1 established=1 failed=4 last_error=7
[2026-09-26T17:02:20.997Z] I (518098) RouteLoomRef: authority state=2 tx_sent=10 tx_failed=0 rx_accepted=9 rx_rejected=0 pull=0 busy=0 backoff_s=0
[2026-09-26T17:02:20.997Z] I (518099) RouteLoomRef: authority mesh tx_carrier=10 queued=10 shed=530 rx_carrier=6 denied=0 timeout=0
[2026-09-26T17:02:20.998Z] I (518099) RouteLoomRef: authority jobs accepted=40 failed=2 last=SESSION_UNAVAILABLE
[2026-09-26T17:02:20.998Z] I (518099) RouteLoomRef: member discovery rx=2 offer_tx=2 offer_rx=1 auth=1 kind_reject=0 capacity=0 send_fail=1
[2026-09-26T17:02:20.998Z] I (518099) RouteLoomRef: member scope raw=3 accepted=3 mac_reject=0 hint=0 generation=0 key_unavailable=0 budget=0
[2026-09-26T17:02:25.999Z] I (523100) RouteLoomRef: member state=4 links=1 ends=1 authority=1/1 confirm=1 demux_drop=8
[2026-09-26T17:02:26.000Z] I (523101) RouteLoomRef: member handshake starts=3 requests=1 rejected=0 send_fail=1 established=1 failed=0 last_error=6 active=0
[2026-09-26T17:02:26.000Z] I (523101) RouteLoomRef: member end send_fail=1 established=1 failed=4 last_error=7
[2026-09-26T17:02:26.000Z] I (523101) RouteLoomRef: authority state=2 tx_sent=10 tx_failed=0 rx_accepted=9 rx_rejected=0 pull=0 busy=0 backoff_s=0
[2026-09-26T17:02:26.001Z] I (523102) RouteLoomRef: authority mesh tx_carrier=10 queued=10 shed=530 rx_carrier=6 denied=0 timeout=0
[2026-09-26T17:02:26.001Z] I (523102) RouteLoomRef: authority jobs accepted=40 failed=2 last=SESSION_UNAVAILABLE
[2026-09-26T17:02:26.001Z] I (523102) RouteLoomRef: member discovery rx=2 offer_tx=2 offer_rx=1 auth=1 kind_reject=0 capacity=0 send_fail=1
[2026-09-26T17:02:26.001Z] I (523102) RouteLoomRef: member scope raw=3 accepted=3 mac_reject=0 hint=0 generation=0 key_unavailable=0 budget=0
[2026-09-26T17:02:31.002Z] I (528103) RouteLoomRef: member state=4 links=1 ends=1 authority=1/1 confirm=1 demux_drop=8
[2026-09-26T17:02:31.003Z] I (528104) RouteLoomRef: member handshake starts=3 requests=1 rejected=0 send_fail=1 established=1 failed=0 last_error=6 active=0
[2026-09-26T17:02:31.003Z] I (528104) RouteLoomRef: member end send_fail=1 established=1 failed=4 last_error=7
[2026-09-26T17:02:31.003Z] I (528104) RouteLoomRef: authority state=2 tx_sent=10 tx_failed=0 rx_accepted=9 rx_rejected=0 pull=0 busy=0 backoff_s=0
[2026-09-26T17:02:31.004Z] I (528105) RouteLoomRef: authority mesh tx_carrier=10 queued=10 shed=530 rx_carrier=6 denied=0 timeout=0
[2026-09-26T17:02:31.004Z] I (528105) RouteLoomRef: authority jobs accepted=40 failed=2 last=SESSION_UNAVAILABLE
[2026-09-26T17:02:31.004Z] I (528105) RouteLoomRef: member discovery rx=2 offer_tx=2 offer_rx=1 auth=1 kind_reject=0 capacity=0 send_fail=1
[2026-09-26T17:02:31.005Z] I (528105) RouteLoomRef: member scope raw=3 accepted=3 mac_reject=0 hint=0 generation=0 key_unavailable=0 budget=0
[2026-09-26T17:02:36.002Z] I (533103) RouteLoomRef: member state=4 links=1 ends=1 authority=1/1 confirm=1 demux_drop=8
[2026-09-26T17:02:36.003Z] I (533104) RouteLoomRef: member handshake starts=3 requests=1 rejected=0 send_fail=1 established=1 failed=0 last_error=6 active=0
[2026-09-26T17:02:36.003Z] I (533104) RouteLoomRef: member end send_fail=1 established=1 failed=4 last_error=7
[2026-09-26T17:02:36.003Z] I (533104) RouteLoomRef: authority state=2 tx_sent=10 tx_failed=0 rx_accepted=10 rx_rejected=0 pull=0 busy=0 backoff_s=0
[2026-09-26T17:02:36.004Z] I (533105) RouteLoomRef: authority mesh tx_carrier=10 queued=10 shed=530 rx_carrier=6 denied=0 timeout=0
[2026-09-26T17:02:36.004Z] I (533105) RouteLoomRef: authority jobs accepted=48 failed=2 last=SESSION_UNAVAILABLE
[2026-09-26T17:02:36.004Z] I (533105) RouteLoomRef: member discovery rx=2 offer_tx=2 offer_rx=1 auth=1 kind_reject=0 capacity=0 send_fail=1
[2026-09-26T17:02:36.005Z] I (533105) RouteLoomRef: member scope raw=3 accepted=3 mac_reject=0 hint=0 generation=0 key_unavailable=0 budget=0
[2026-09-26T17:02:41.003Z] I (538104) RouteLoomRef: member state=4 links=1 ends=1 authority=1/1 confirm=1 demux_drop=8
[2026-09-26T17:02:41.004Z] I (538105) RouteLoomRef: member handshake starts=3 requests=1 rejected=0 send_fail=1 established=1 failed=0 last_error=6 active=0
[2026-09-26T17:02:41.006Z] I (538105) RouteLoomRef: member end send_fail=1 established=1 failed=4 last_error=7
[2026-09-26T17:02:41.006Z] I (538105) RouteLoomRef: authority state=2 tx_sent=10 tx_failed=0 rx_accepted=10 rx_rejected=0 pull=0 busy=0 backoff_s=0
[2026-09-26T17:02:41.006Z] I (538106) RouteLoomRef: authority mesh tx_carrier=10 queued=10 shed=530 rx_carrier=6 denied=0 timeout=0
[2026-09-26T17:02:41.006Z] I (538106) RouteLoomRef: authority jobs accepted=48 failed=2 last=SESSION_UNAVAILABLE
[2026-09-26T17:02:41.006Z] I (538106) RouteLoomRef: member discovery rx=2 offer_tx=2 offer_rx=1 auth=1 kind_reject=0 capacity=0 send_fail=1
[2026-09-26T17:02:41.006Z] I (538106) RouteLoomRef: member scope raw=3 accepted=3 mac_reject=0 hint=0 generation=0 key_unavailable=0 budget=0
[2026-09-26T17:02:46.006Z] I (543107) RouteLoomRef: member state=4 links=1 ends=1 authority=1/1 confirm=1 demux_drop=8
[2026-09-26T17:02:46.007Z] I (543108) RouteLoomRef: member handshake starts=3 requests=1 rejected=0 send_fail=1 established=1 failed=0 last_error=6 active=0
[2026-09-26T17:02:46.008Z] I (543108) RouteLoomRef: member end send_fail=1 established=1 failed=4 last_error=7
[2026-09-26T17:02:46.008Z] I (543108) RouteLoomRef: authority state=2 tx_sent=10 tx_failed=0 rx_accepted=10 rx_rejected=0 pull=0 busy=0 backoff_s=0
[2026-09-26T17:02:46.008Z] I (543109) RouteLoomRef: authority mesh tx_carrier=10 queued=10 shed=530 rx_carrier=6 denied=0 timeout=0
[2026-09-26T17:02:46.008Z] I (543109) RouteLoomRef: authority jobs accepted=48 failed=2 last=SESSION_UNAVAILABLE
[2026-09-26T17:02:46.008Z] I (543109) RouteLoomRef: member discovery rx=2 offer_tx=2 offer_rx=1 auth=1 kind_reject=0 capacity=0 send_fail=1
[2026-09-26T17:02:46.011Z] I (543109) RouteLoomRef: member scope raw=3 accepted=3 mac_reject=0 hint=0 generation=0 key_unavailable=0 budget=0
[2026-09-26T17:02:51.008Z] I (548109) RouteLoomRef: member state=4 links=1 ends=1 authority=1/1 confirm=1 demux_drop=8
[2026-09-26T17:02:51.009Z] I (548110) RouteLoomRef: member handshake starts=3 requests=1 rejected=0 send_fail=1 established=1 failed=0 last_error=6 active=0
[2026-09-26T17:02:51.011Z] I (548110) RouteLoomRef: member end send_fail=1 established=1 failed=4 last_error=7
[2026-09-26T17:02:51.011Z] I (548110) RouteLoomRef: authority state=2 tx_sent=10 tx_failed=0 rx_accepted=10 rx_rejected=0 pull=0 busy=0 backoff_s=0
[2026-09-26T17:02:51.011Z] I (548111) RouteLoomRef: authority mesh tx_carrier=10 queued=10 shed=530 rx_carrier=6 denied=0 timeout=0
[2026-09-26T17:02:51.011Z] I (548111) RouteLoomRef: authority jobs accepted=48 failed=2 last=SESSION_UNAVAILABLE
[2026-09-26T17:02:51.011Z] I (548111) RouteLoomRef: member discovery rx=2 offer_tx=2 offer_rx=1 auth=1 kind_reject=0 capacity=0 send_fail=1
[2026-09-26T17:02:51.011Z] I (548111) RouteLoomRef: member scope raw=3 accepted=3 mac_reject=0 hint=0 generation=0 key_unavailable=0 budget=0
[2026-09-26T17:02:56.012Z] I (553112) RouteLoomRef: member state=4 links=1 ends=1 authority=1/1 confirm=1 demux_drop=8
[2026-09-26T17:02:56.012Z] I (553113) RouteLoomRef: member handshake starts=3 requests=1 rejected=0 send_fail=1 established=1 failed=0 last_error=6 active=0
[2026-09-26T17:02:56.012Z] I (553113) RouteLoomRef: member end send_fail=1 established=1 failed=4 last_error=7
[2026-09-26T17:02:56.013Z] I (553113) RouteLoomRef: authority state=2 tx_sent=10 tx_failed=0 rx_accepted=10 rx_rejected=0 pull=0 busy=0 backoff_s=0
[2026-09-26T17:02:56.013Z] I (553114) RouteLoomRef: authority mesh tx_carrier=10 queued=10 shed=530 rx_carrier=6 denied=0 timeout=0
[2026-09-26T17:02:56.013Z] I (553114) RouteLoomRef: authority jobs accepted=48 failed=2 last=SESSION_UNAVAILABLE
[2026-09-26T17:02:56.013Z] I (553114) RouteLoomRef: member discovery rx=2 offer_tx=2 offer_rx=1 auth=1 kind_reject=0 capacity=0 send_fail=1
[2026-09-26T17:02:56.014Z] I (553114) RouteLoomRef: member scope raw=3 accepted=3 mac_reject=0 hint=0 generation=0 key_unavailable=0 budget=0
[2026-09-26T17:03:01.015Z] I (558115) RouteLoomRef: member state=4 links=1 ends=1 authority=1/1 confirm=1 demux_drop=8
[2026-09-26T17:03:01.015Z] I (558116) RouteLoomRef: member handshake starts=3 requests=1 rejected=0 send_fail=1 established=1 failed=0 last_error=6 active=0
[2026-09-26T17:03:01.016Z] I (558116) RouteLoomRef: member end send_fail=1 established=1 failed=4 last_error=7
[2026-09-26T17:03:01.016Z] I (558116) RouteLoomRef: authority state=2 tx_sent=10 tx_failed=0 rx_accepted=10 rx_rejected=0 pull=0 busy=0 backoff_s=0
[2026-09-26T17:03:01.016Z] I (558117) RouteLoomRef: authority mesh tx_carrier=10 queued=10 shed=530 rx_carrier=6 denied=0 timeout=0
[2026-09-26T17:03:01.016Z] I (558117) RouteLoomRef: authority jobs accepted=48 failed=2 last=SESSION_UNAVAILABLE
[2026-09-26T17:03:01.016Z] I (558117) RouteLoomRef: member discovery rx=2 offer_tx=2 offer_rx=1 auth=1 kind_reject=0 capacity=0 send_fail=1
[2026-09-26T17:03:01.017Z] I (558117) RouteLoomRef: member scope raw=3 accepted=3 mac_reject=0 hint=0 generation=0 key_unavailable=0 budget=0
[2026-09-26T17:03:06.018Z] I (563118) RouteLoomRef: member state=4 links=1 ends=1 authority=1/1 confirm=1 demux_drop=8
[2026-09-26T17:03:06.018Z] I (563119) RouteLoomRef: member handshake starts=3 requests=1 rejected=0 send_fail=1 established=1 failed=0 last_error=6 active=0
[2026-09-26T17:03:06.018Z] I (563119) RouteLoomRef: member end send_fail=1 established=1 failed=4 last_error=7
[2026-09-26T17:03:06.019Z] I (563119) RouteLoomRef: authority state=2 tx_sent=10 tx_failed=0 rx_accepted=10 rx_rejected=0 pull=0 busy=0 backoff_s=0
[2026-09-26T17:03:06.019Z] I (563120) RouteLoomRef: authority mesh tx_carrier=10 queued=10 shed=530 rx_carrier=6 denied=0 timeout=0
[2026-09-26T17:03:06.019Z] I (563120) RouteLoomRef: authority jobs accepted=48 failed=2 last=SESSION_UNAVAILABLE
[2026-09-26T17:03:06.019Z] I (563120) RouteLoomRef: member discovery rx=2 offer_tx=2 offer_rx=1 auth=1 kind_reject=0 capacity=0 send_fail=1
[2026-09-26T17:03:06.020Z] I (563120) RouteLoomRef: member scope raw=3 accepted=3 mac_reject=0 hint=0 generation=0 key_unavailable=0 budget=0
[2026-09-26T17:03:11.020Z] I (568120) RouteLoomRef: member state=4 links=1 ends=1 authority=1/1 confirm=1 demux_drop=8
[2026-09-26T17:03:11.020Z] I (568121) RouteLoomRef: member handshake starts=3 requests=1 rejected=0 send_fail=1 established=1 failed=0 last_error=6 active=0
[2026-09-26T17:03:11.020Z] I (568121) RouteLoomRef: member end send_fail=1 established=1 failed=4 last_error=7
[2026-09-26T17:03:11.021Z] I (568121) RouteLoomRef: authority state=2 tx_sent=10 tx_failed=0 rx_accepted=10 rx_rejected=0 pull=0 busy=0 backoff_s=0
[2026-09-26T17:03:11.021Z] I (568122) RouteLoomRef: authority mesh tx_carrier=10 queued=10 shed=530 rx_carrier=6 denied=0 timeout=0
[2026-09-26T17:03:11.021Z] I (568122) RouteLoomRef: authority jobs accepted=48 failed=2 last=SESSION_UNAVAILABLE
[2026-09-26T17:03:11.022Z] I (568122) RouteLoomRef: member discovery rx=2 offer_tx=2 offer_rx=1 auth=1 kind_reject=0 capacity=0 send_fail=1
[2026-09-26T17:03:11.022Z] I (568122) RouteLoomRef: member scope raw=3 accepted=3 mac_reject=0 hint=0 generation=0 key_unavailable=0 budget=0
[2026-09-26T17:03:11.197Z] I (568297) RouteLoom: stack hwm main 10136 B
[2026-09-26T17:03:11.197Z] I (568297) RouteLoom: HIL HEAP free=21868 largest=18432 min=20956 B
[2026-09-26T17:03:11.197Z] I (568298) RouteLoom: HIL DISCOVERY candidates=0 neighbors=1 capacity=0 auth=1 stale=0 probes=23 send_failures=1 kind_rejects=0
[2026-09-26T17:03:11.198Z] I (568298) RouteLoom: HIL ROUTE peer=1 phase=5 via=1 metric=1 generation=357 seq=1
[2026-09-26T17:03:11.198Z] I (568298) RouteLoom: HIL ROUTE peer=3 phase=-1 via=0 metric=0 generation=0 seq=0
[2026-09-26T17:03:16.021Z] I (573121) RouteLoomRef: member state=4 links=1 ends=1 authority=1/1 confirm=1 demux_drop=8
[2026-09-26T17:03:16.021Z] I (573122) RouteLoomRef: member handshake starts=3 requests=1 rejected=0 send_fail=1 established=1 failed=0 last_error=6 active=0
[2026-09-26T17:03:16.021Z] I (573122) RouteLoomRef: member end send_fail=1 established=1 failed=4 last_error=7
[2026-09-26T17:03:16.022Z] I (573122) RouteLoomRef: authority state=2 tx_sent=10 tx_failed=0 rx_accepted=10 rx_rejected=0 pull=0 busy=0 backoff_s=0
[2026-09-26T17:03:16.022Z] I (573123) RouteLoomRef: authority mesh tx_carrier=10 queued=10 shed=530 rx_carrier=6 denied=0 timeout=0
[2026-09-26T17:03:16.022Z] I (573123) RouteLoomRef: authority jobs accepted=48 failed=2 last=SESSION_UNAVAILABLE
[2026-09-26T17:03:16.023Z] I (573123) RouteLoomRef: member discovery rx=2 offer_tx=2 offer_rx=1 auth=1 kind_reject=0 capacity=0 send_fail=1
[2026-09-26T17:03:16.023Z] I (573123) RouteLoomRef: member scope raw=3 accepted=3 mac_reject=0 hint=0 generation=0 key_unavailable=0 budget=0
[2026-09-26T17:03:21.023Z] I (578123) RouteLoomRef: member state=4 links=1 ends=1 authority=1/1 confirm=1 demux_drop=8
[2026-09-26T17:03:21.023Z] I (578124) RouteLoomRef: member handshake starts=3 requests=1 rejected=0 send_fail=1 established=1 failed=0 last_error=6 active=0
[2026-09-26T17:03:21.023Z] I (578124) RouteLoomRef: member end send_fail=1 established=1 failed=4 last_error=7
[2026-09-26T17:03:21.024Z] I (578124) RouteLoomRef: authority state=2 tx_sent=10 tx_failed=0 rx_accepted=10 rx_rejected=0 pull=0 busy=0 backoff_s=0
[2026-09-26T17:03:21.026Z] I (578125) RouteLoomRef: authority mesh tx_carrier=10 queued=10 shed=530 rx_carrier=6 denied=0 timeout=0
[2026-09-26T17:03:21.026Z] I (578125) RouteLoomRef: authority jobs accepted=48 failed=2 last=SESSION_UNAVAILABLE
[2026-09-26T17:03:21.026Z] I (578125) RouteLoomRef: member discovery rx=2 offer_tx=2 offer_rx=1 auth=1 kind_reject=0 capacity=0 send_fail=1
[2026-09-26T17:03:21.026Z] I (578126) RouteLoomRef: member scope raw=3 accepted=3 mac_reject=0 hint=0 generation=0 key_unavailable=0 budget=0
[2026-09-26T17:03:26.026Z] I (583126) RouteLoomRef: member state=4 links=1 ends=1 authority=1/1 confirm=1 demux_drop=8
[2026-09-26T17:03:26.026Z] I (583127) RouteLoomRef: member handshake starts=3 requests=1 rejected=0 send_fail=1 established=1 failed=0 last_error=6 active=0
[2026-09-26T17:03:26.027Z] I (583127) RouteLoomRef: member end send_fail=1 established=1 failed=4 last_error=7
[2026-09-26T17:03:26.027Z] I (583127) RouteLoomRef: authority state=2 tx_sent=10 tx_failed=0 rx_accepted=10 rx_rejected=0 pull=0 busy=0 backoff_s=0
[2026-09-26T17:03:26.027Z] I (583128) RouteLoomRef: authority mesh tx_carrier=10 queued=10 shed=530 rx_carrier=6 denied=0 timeout=0
[2026-09-26T17:03:26.027Z] I (583128) RouteLoomRef: authority jobs accepted=48 failed=2 last=SESSION_UNAVAILABLE
[2026-09-26T17:03:26.028Z] I (583128) RouteLoomRef: member discovery rx=2 offer_tx=2 offer_rx=1 auth=1 kind_reject=0 capacity=0 send_fail=1
[2026-09-26T17:03:26.028Z] I (583128) RouteLoomRef: member scope raw=3 accepted=3 mac_reject=0 hint=0 generation=0 key_unavailable=0 budget=0
[2026-09-26T17:03:31.029Z] I (588129) RouteLoomRef: member state=4 links=1 ends=1 authority=1/1 confirm=1 demux_drop=8
[2026-09-26T17:03:31.030Z] I (588130) RouteLoomRef: member handshake starts=3 requests=1 rejected=0 send_fail=1 established=1 failed=0 last_error=6 active=0
[2026-09-26T17:03:31.030Z] I (588130) RouteLoomRef: member end send_fail=1 established=1 failed=4 last_error=7
[2026-09-26T17:03:31.030Z] I (588130) RouteLoomRef: authority state=2 tx_sent=10 tx_failed=0 rx_accepted=10 rx_rejected=0 pull=0 busy=0 backoff_s=0
[2026-09-26T17:03:31.030Z] I (588131) RouteLoomRef: authority mesh tx_carrier=10 queued=10 shed=530 rx_carrier=6 denied=0 timeout=0
[2026-09-26T17:03:31.031Z] I (588131) RouteLoomRef: authority jobs accepted=48 failed=2 last=SESSION_UNAVAILABLE
[2026-09-26T17:03:31.031Z] I (588131) RouteLoomRef: member discovery rx=2 offer_tx=2 offer_rx=1 auth=1 kind_reject=0 capacity=0 send_fail=1
[2026-09-26T17:03:31.031Z] I (588131) RouteLoomRef: member scope raw=3 accepted=3 mac_reject=0 hint=0 generation=0 key_unavailable=0 budget=0
[2026-09-26T17:03:36.030Z] I (593130) RouteLoomRef: member state=4 links=1 ends=1 authority=1/1 confirm=1 demux_drop=8
[2026-09-26T17:03:36.030Z] I (593131) RouteLoomRef: member handshake starts=3 requests=1 rejected=0 send_fail=1 established=1 failed=0 last_error=6 active=0
[2026-09-26T17:03:36.031Z] I (593131) RouteLoomRef: member end send_fail=1 established=1 failed=4 last_error=7
[2026-09-26T17:03:36.031Z] I (593131) RouteLoomRef: authority state=2 tx_sent=10 tx_failed=0 rx_accepted=11 rx_rejected=0 pull=0 busy=0 backoff_s=0
[2026-09-26T17:03:36.031Z] I (593132) RouteLoomRef: authority mesh tx_carrier=10 queued=10 shed=530 rx_carrier=6 denied=0 timeout=0
[2026-09-26T17:03:36.031Z] I (593132) RouteLoomRef: authority jobs accepted=56 failed=2 last=SESSION_UNAVAILABLE
[2026-09-26T17:03:36.032Z] I (593132) RouteLoomRef: member discovery rx=2 offer_tx=2 offer_rx=1 auth=1 kind_reject=0 capacity=0 send_fail=1
[2026-09-26T17:03:36.032Z] I (593132) RouteLoomRef: member scope raw=3 accepted=3 mac_reject=0 hint=0 generation=0 key_unavailable=0 budget=0
[2026-09-26T17:03:41.032Z] I (598132) RouteLoomRef: member state=4 links=1 ends=1 authority=1/1 confirm=1 demux_drop=8
[2026-09-26T17:03:41.032Z] I (598133) RouteLoomRef: member handshake starts=3 requests=1 rejected=0 send_fail=1 established=1 failed=0 last_error=6 active=0
[2026-09-26T17:03:41.033Z] I (598133) RouteLoomRef: member end send_fail=1 established=1 failed=4 last_error=7
[2026-09-26T17:03:41.033Z] I (598133) RouteLoomRef: authority state=2 tx_sent=10 tx_failed=0 rx_accepted=11 rx_rejected=0 pull=0 busy=0 backoff_s=0
[2026-09-26T17:03:41.036Z] I (598134) RouteLoomRef: authority mesh tx_carrier=10 queued=10 shed=530 rx_carrier=6 denied=0 timeout=0
[2026-09-26T17:03:41.036Z] I (598134) RouteLoomRef: authority jobs accepted=56 failed=2 last=SESSION_UNAVAILABLE
[2026-09-26T17:03:41.036Z] I (598134) RouteLoomRef: member discovery rx=2 offer_tx=2 offer_rx=1 auth=1 kind_reject=0 capacity=0 send_fail=1
[2026-09-26T17:03:41.036Z] I (598134) RouteLoomRef: member scope raw=3 accepted=3 mac_reject=0 hint=0 generation=0 key_unavailable=0 budget=0
[2026-09-26T17:03:46.043Z] I (603135) RouteLoomRef: member state=4 links=1 ends=1 authority=1/1 confirm=1 demux_drop=8
[2026-09-26T17:03:46.044Z] I (603136) RouteLoomRef: member handshake starts=3 requests=1 rejected=0 send_fail=1 established=1 failed=0 last_error=6 active=0
[2026-09-26T17:03:46.044Z] I (603136) RouteLoomRef: member end send_fail=1 established=1 failed=4 last_error=7
[2026-09-26T17:03:46.044Z] I (603136) RouteLoomRef: authority state=2 tx_sent=10 tx_failed=0 rx_accepted=11 rx_rejected=0 pull=0 busy=0 backoff_s=0
[2026-09-26T17:03:46.044Z] I (603137) RouteLoomRef: authority mesh tx_carrier=10 queued=10 shed=530 rx_carrier=6 denied=0 timeout=0
[2026-09-26T17:03:46.044Z] I (603137) RouteLoomRef: authority jobs accepted=56 failed=2 last=SESSION_UNAVAILABLE
[2026-09-26T17:03:46.044Z] I (603137) RouteLoomRef: member discovery rx=2 offer_tx=2 offer_rx=1 auth=1 kind_reject=0 capacity=0 send_fail=1
[2026-09-26T17:03:46.044Z] I (603137) RouteLoomRef: member scope raw=3 accepted=3 mac_reject=0 hint=0 generation=0 key_unavailable=0 budget=0
[2026-09-26T17:03:51.037Z] I (608137) RouteLoomRef: member state=4 links=1 ends=1 authority=1/1 confirm=1 demux_drop=8
[2026-09-26T17:03:51.037Z] I (608138) RouteLoomRef: member handshake starts=3 requests=1 rejected=0 send_fail=1 established=1 failed=0 last_error=6 active=0
[2026-09-26T17:03:51.038Z] I (608138) RouteLoomRef: member end send_fail=1 established=1 failed=4 last_error=7
[2026-09-26T17:03:51.038Z] I (608138) RouteLoomRef: authority state=2 tx_sent=10 tx_failed=0 rx_accepted=11 rx_rejected=0 pull=0 busy=0 backoff_s=0
[2026-09-26T17:03:51.039Z] I (608139) RouteLoomRef: authority mesh tx_carrier=10 queued=10 shed=530 rx_carrier=6 denied=0 timeout=0
[2026-09-26T17:03:51.039Z] I (608139) RouteLoomRef: authority jobs accepted=56 failed=2 last=SESSION_UNAVAILABLE
[2026-09-26T17:03:51.039Z] I (608139) RouteLoomRef: member discovery rx=2 offer_tx=2 offer_rx=1 auth=1 kind_reject=0 capacity=0 send_fail=1
[2026-09-26T17:03:51.039Z] I (608140) RouteLoomRef: member scope raw=3 accepted=3 mac_reject=0 hint=0 generation=0 key_unavailable=0 budget=0
[2026-09-26T17:03:56.040Z] I (613140) RouteLoomRef: member state=4 links=1 ends=1 authority=1/1 confirm=1 demux_drop=8
[2026-09-26T17:03:56.041Z] I (613141) RouteLoomRef: member handshake starts=3 requests=1 rejected=0 send_fail=1 established=1 failed=0 last_error=6 active=0
[2026-09-26T17:03:56.041Z] I (613141) RouteLoomRef: member end send_fail=1 established=1 failed=4 last_error=7
[2026-09-26T17:03:56.041Z] I (613141) RouteLoomRef: authority state=2 tx_sent=10 tx_failed=0 rx_accepted=11 rx_rejected=0 pull=0 busy=0 backoff_s=0
[2026-09-26T17:03:56.041Z] I (613142) RouteLoomRef: authority mesh tx_carrier=10 queued=10 shed=530 rx_carrier=6 denied=0 timeout=0
[2026-09-26T17:03:56.042Z] I (613142) RouteLoomRef: authority jobs accepted=56 failed=2 last=SESSION_UNAVAILABLE
[2026-09-26T17:03:56.042Z] I (613142) RouteLoomRef: member discovery rx=2 offer_tx=2 offer_rx=1 auth=1 kind_reject=0 capacity=0 send_fail=1
[2026-09-26T17:03:56.042Z] I (613143) RouteLoomRef: member scope raw=3 accepted=3 mac_reject=0 hint=0 generation=0 key_unavailable=0 budget=0
[2026-09-26T17:04:01.042Z] I (618142) RouteLoomRef: member state=4 links=1 ends=1 authority=1/1 confirm=1 demux_drop=8
[2026-09-26T17:04:01.043Z] I (618143) RouteLoomRef: member handshake starts=3 requests=1 rejected=0 send_fail=1 established=1 failed=0 last_error=6 active=0
[2026-09-26T17:04:01.046Z] I (618143) RouteLoomRef: member end send_fail=1 established=1 failed=4 last_error=7
[2026-09-26T17:04:01.046Z] I (618143) RouteLoomRef: authority state=2 tx_sent=10 tx_failed=0 rx_accepted=11 rx_rejected=0 pull=0 busy=0 backoff_s=0
[2026-09-26T17:04:01.046Z] I (618144) RouteLoomRef: authority mesh tx_carrier=10 queued=10 shed=530 rx_carrier=6 denied=0 timeout=0
[2026-09-26T17:04:01.046Z] I (618144) RouteLoomRef: authority jobs accepted=56 failed=2 last=SESSION_UNAVAILABLE
[2026-09-26T17:04:01.046Z] I (618144) RouteLoomRef: member discovery rx=2 offer_tx=2 offer_rx=1 auth=1 kind_reject=0 capacity=0 send_fail=1
[2026-09-26T17:04:01.046Z] I (618144) RouteLoomRef: member scope raw=3 accepted=3 mac_reject=0 hint=0 generation=0 key_unavailable=0 budget=0
[2026-09-26T17:04:06.046Z] I (623145) RouteLoomRef: member state=4 links=1 ends=1 authority=1/1 confirm=1 demux_drop=8
[2026-09-26T17:04:06.047Z] I (623146) RouteLoomRef: member handshake starts=3 requests=1 rejected=0 send_fail=1 established=1 failed=0 last_error=6 active=0
[2026-09-26T17:04:06.049Z] I (623146) RouteLoomRef: member end send_fail=1 established=1 failed=4 last_error=7
[2026-09-26T17:04:06.049Z] I (623146) RouteLoomRef: authority state=2 tx_sent=10 tx_failed=0 rx_accepted=11 rx_rejected=0 pull=0 busy=0 backoff_s=0
[2026-09-26T17:04:06.049Z] I (623147) RouteLoomRef: authority mesh tx_carrier=10 queued=10 shed=530 rx_carrier=6 denied=0 timeout=0
[2026-09-26T17:04:06.049Z] I (623147) RouteLoomRef: authority jobs accepted=56 failed=2 last=SESSION_UNAVAILABLE
[2026-09-26T17:04:06.049Z] I (623147) RouteLoomRef: member discovery rx=2 offer_tx=2 offer_rx=1 auth=1 kind_reject=0 capacity=0 send_fail=1
[2026-09-26T17:04:06.049Z] I (623147) RouteLoomRef: member scope raw=3 accepted=3 mac_reject=0 hint=0 generation=0 key_unavailable=0 budget=0
[2026-09-26T17:04:11.048Z] I (628148) RouteLoomRef: member state=4 links=1 ends=1 authority=1/1 confirm=1 demux_drop=8
[2026-09-26T17:04:11.049Z] I (628149) RouteLoomRef: member handshake starts=3 requests=1 rejected=0 send_fail=1 established=1 failed=0 last_error=6 active=0
[2026-09-26T17:04:11.049Z] I (628149) RouteLoomRef: member end send_fail=1 established=1 failed=4 last_error=7
[2026-09-26T17:04:11.052Z] I (628149) RouteLoomRef: authority state=2 tx_sent=10 tx_failed=0 rx_accepted=11 rx_rejected=0 pull=0 busy=0 backoff_s=0
[2026-09-26T17:04:11.052Z] I (628150) RouteLoomRef: authority mesh tx_carrier=10 queued=10 shed=530 rx_carrier=6 denied=0 timeout=0
[2026-09-26T17:04:11.052Z] I (628150) RouteLoomRef: authority jobs accepted=56 failed=2 last=SESSION_UNAVAILABLE
[2026-09-26T17:04:11.052Z] I (628150) RouteLoomRef: member discovery rx=2 offer_tx=2 offer_rx=1 auth=1 kind_reject=0 capacity=0 send_fail=1
[2026-09-26T17:04:11.052Z] I (628150) RouteLoomRef: member scope raw=3 accepted=3 mac_reject=0 hint=0 generation=0 key_unavailable=0 budget=0
[2026-09-26T17:04:11.198Z] I (628297) RouteLoom: stack hwm main 10136 B
[2026-09-26T17:04:11.198Z] I (628297) RouteLoom: HIL HEAP free=21868 largest=18432 min=20956 B
[2026-09-26T17:04:11.198Z] I (628298) RouteLoom: HIL DISCOVERY candidates=0 neighbors=1 capacity=0 auth=1 stale=0 probes=26 send_failures=1 kind_rejects=0
[2026-09-26T17:04:11.198Z] I (628298) RouteLoom: HIL ROUTE peer=1 phase=5 via=1 metric=1 generation=357 seq=1
[2026-09-26T17:04:11.201Z] I (628298) RouteLoom: HIL ROUTE peer=3 phase=-1 via=0 metric=0 generation=0 seq=0
[2026-09-26T17:04:16.049Z] I (633149) RouteLoomRef: member state=4 links=1 ends=1 authority=1/1 confirm=1 demux_drop=8
[2026-09-26T17:04:16.050Z] I (633150) RouteLoomRef: member handshake starts=3 requests=1 rejected=0 send_fail=1 established=1 failed=0 last_error=6 active=0
[2026-09-26T17:04:16.050Z] I (633150) RouteLoomRef: member end send_fail=1 established=1 failed=4 last_error=7
[2026-09-26T17:04:16.050Z] I (633150) RouteLoomRef: authority state=2 tx_sent=10 tx_failed=0 rx_accepted=11 rx_rejected=0 pull=0 busy=0 backoff_s=0
[2026-09-26T17:04:16.051Z] I (633151) RouteLoomRef: authority mesh tx_carrier=10 queued=10 shed=530 rx_carrier=6 denied=0 timeout=0
[2026-09-26T17:04:16.052Z] I (633151) RouteLoomRef: authority jobs accepted=56 failed=2 last=SESSION_UNAVAILABLE
[2026-09-26T17:04:16.052Z] I (633151) RouteLoomRef: member discovery rx=2 offer_tx=2 offer_rx=1 auth=1 kind_reject=0 capacity=0 send_fail=1
[2026-09-26T17:04:16.052Z] I (633151) RouteLoomRef: member scope raw=3 accepted=3 mac_reject=0 hint=0 generation=0 key_unavailable=0 budget=0
[2026-09-26T17:04:21.051Z] I (638151) RouteLoomRef: member state=4 links=1 ends=1 authority=1/1 confirm=1 demux_drop=8
[2026-09-26T17:04:21.052Z] I (638152) RouteLoomRef: member handshake starts=3 requests=1 rejected=0 send_fail=1 established=1 failed=0 last_error=6 active=0
[2026-09-26T17:04:21.052Z] I (638152) RouteLoomRef: member end send_fail=1 established=1 failed=4 last_error=7
[2026-09-26T17:04:21.052Z] I (638152) RouteLoomRef: authority state=2 tx_sent=10 tx_failed=0 rx_accepted=11 rx_rejected=0 pull=0 busy=0 backoff_s=0
[2026-09-26T17:04:21.053Z] I (638153) RouteLoomRef: authority mesh tx_carrier=10 queued=10 shed=530 rx_carrier=6 denied=0 timeout=0
[2026-09-26T17:04:21.053Z] I (638153) RouteLoomRef: authority jobs accepted=56 failed=2 last=SESSION_UNAVAILABLE
[2026-09-26T17:04:21.053Z] I (638153) RouteLoomRef: member discovery rx=2 offer_tx=2 offer_rx=1 auth=1 kind_reject=0 capacity=0 send_fail=1
[2026-09-26T17:04:21.054Z] I (638153) RouteLoomRef: member scope raw=3 accepted=3 mac_reject=0 hint=0 generation=0 key_unavailable=0 budget=0
[2026-09-26T17:04:26.055Z] I (643154) RouteLoomRef: member state=4 links=1 ends=1 authority=1/1 confirm=1 demux_drop=8
[2026-09-26T17:04:26.055Z] I (643155) RouteLoomRef: member handshake starts=3 requests=1 rejected=0 send_fail=1 established=1 failed=0 last_error=6 active=0
[2026-09-26T17:04:26.055Z] I (643155) RouteLoomRef: member end send_fail=1 established=1 failed=4 last_error=7
[2026-09-26T17:04:26.056Z] I (643155) RouteLoomRef: authority state=2 tx_sent=10 tx_failed=0 rx_accepted=11 rx_rejected=0 pull=0 busy=0 backoff_s=0
[2026-09-26T17:04:26.056Z] I (643156) RouteLoomRef: authority mesh tx_carrier=10 queued=10 shed=530 rx_carrier=6 denied=0 timeout=0
[2026-09-26T17:04:26.056Z] I (643156) RouteLoomRef: authority jobs accepted=56 failed=2 last=SESSION_UNAVAILABLE
[2026-09-26T17:04:26.056Z] I (643156) RouteLoomRef: member discovery rx=2 offer_tx=2 offer_rx=1 auth=1 kind_reject=0 capacity=0 send_fail=1
[2026-09-26T17:04:26.057Z] I (643156) RouteLoomRef: member scope raw=3 accepted=3 mac_reject=0 hint=0 generation=0 key_unavailable=0 budget=0
[2026-09-26T17:04:31.058Z] I (648157) RouteLoomRef: member state=4 links=1 ends=1 authority=1/1 confirm=1 demux_drop=8
[2026-09-26T17:04:31.058Z] I (648158) RouteLoomRef: member handshake starts=3 requests=1 rejected=0 send_fail=1 established=1 failed=0 last_error=6 active=0
[2026-09-26T17:04:31.058Z] I (648158) RouteLoomRef: member end send_fail=1 established=1 failed=4 last_error=7
[2026-09-26T17:04:31.059Z] I (648158) RouteLoomRef: authority state=2 tx_sent=10 tx_failed=0 rx_accepted=11 rx_rejected=0 pull=0 busy=0 backoff_s=0
[2026-09-26T17:04:31.059Z] I (648159) RouteLoomRef: authority mesh tx_carrier=10 queued=10 shed=530 rx_carrier=6 denied=0 timeout=0
[2026-09-26T17:04:31.059Z] I (648159) RouteLoomRef: authority jobs accepted=56 failed=2 last=SESSION_UNAVAILABLE
[2026-09-26T17:04:31.059Z] I (648159) RouteLoomRef: member discovery rx=2 offer_tx=2 offer_rx=1 auth=1 kind_reject=0 capacity=0 send_fail=1
[2026-09-26T17:04:31.060Z] I (648159) RouteLoomRef: member scope raw=3 accepted=3 mac_reject=0 hint=0 generation=0 key_unavailable=0 budget=0
[2026-09-26T17:04:36.059Z] I (653158) RouteLoomRef: member state=4 links=1 ends=1 authority=1/1 confirm=1 demux_drop=8
[2026-09-26T17:04:36.059Z] I (653159) RouteLoomRef: member handshake starts=3 requests=1 rejected=0 send_fail=1 established=1 failed=0 last_error=6 active=0
[2026-09-26T17:04:36.059Z] I (653159) RouteLoomRef: member end send_fail=1 established=1 failed=4 last_error=7
[2026-09-26T17:04:36.060Z] I (653159) RouteLoomRef: authority state=2 tx_sent=10 tx_failed=0 rx_accepted=12 rx_rejected=0 pull=0 busy=0 backoff_s=0
[2026-09-26T17:04:36.060Z] I (653160) RouteLoomRef: authority mesh tx_carrier=10 queued=10 shed=530 rx_carrier=6 denied=0 timeout=0
[2026-09-26T17:04:36.060Z] I (653160) RouteLoomRef: authority jobs accepted=64 failed=2 last=SESSION_UNAVAILABLE
[2026-09-26T17:04:36.061Z] I (653160) RouteLoomRef: member discovery rx=2 offer_tx=2 offer_rx=1 auth=1 kind_reject=0 capacity=0 send_fail=1
[2026-09-26T17:04:36.061Z] I (653160) RouteLoomRef: member scope raw=3 accepted=3 mac_reject=0 hint=0 generation=0 key_unavailable=0 budget=0
[2026-09-26T17:04:41.060Z] I (658159) RouteLoomRef: member state=4 links=1 ends=1 authority=1/1 confirm=1 demux_drop=8
[2026-09-26T17:04:41.060Z] I (658160) RouteLoomRef: member handshake starts=3 requests=1 rejected=0 send_fail=1 established=1 failed=0 last_error=6 active=0
[2026-09-26T17:04:41.060Z] I (658160) RouteLoomRef: member end send_fail=1 established=1 failed=4 last_error=7
[2026-09-26T17:04:41.061Z] I (658160) RouteLoomRef: authority state=2 tx_sent=10 tx_failed=0 rx_accepted=12 rx_rejected=0 pull=0 busy=0 backoff_s=0
[2026-09-26T17:04:41.061Z] I (658161) RouteLoomRef: authority mesh tx_carrier=10 queued=10 shed=530 rx_carrier=6 denied=0 timeout=0
[2026-09-26T17:04:41.061Z] I (658161) RouteLoomRef: authority jobs accepted=64 failed=2 last=SESSION_UNAVAILABLE
[2026-09-26T17:04:41.062Z] I (658161) RouteLoomRef: member discovery rx=2 offer_tx=2 offer_rx=1 auth=1 kind_reject=0 capacity=0 send_fail=1
[2026-09-26T17:04:41.062Z] I (658161) RouteLoomRef: member scope raw=3 accepted=3 mac_reject=0 hint=0 generation=0 key_unavailable=0 budget=0
[2026-09-26T17:04:45.497Z] !! capture closed
