[2026-09-26T16:54:19.063Z] !! capture open /dev/serial/by-id/usb-Espressif_USB_JTAG_serial_debug_unit_94:A9:90:7A:26:AC-if00 @ 115200 backend=pyserial dtr=1 rts=0
[2026-09-26T16:54:22.173Z] I (39219) RouteLoomRef: join mode=1 state=2 error=0
[2026-09-26T16:54:22.175Z] I (39221) RouteLoomRef: join mode=1 state=3 error=0
[2026-09-26T16:54:22.179Z] I (39225) RouteLoomRef: RLD1 tx kind=1 ch=1 dst=ff:ff:ff:ff:ff:ff
[2026-09-26T16:54:22.183Z] I (39228) RouteLoomRef: join mode=1 state=4 error=0
[2026-09-26T16:54:22.500Z] I (39545) RouteLoomRef: join mode=1 state=2 error=0
[2026-09-26T16:54:22.503Z] I (39547) RouteLoomRef: join mode=1 state=3 error=0
[2026-09-26T16:54:22.506Z] I (39551) RouteLoomRef: RLD1 tx kind=1 ch=6 dst=ff:ff:ff:ff:ff:ff
[2026-09-26T16:54:22.509Z] I (39554) RouteLoomRef: join mode=1 state=4 error=0
[2026-09-26T16:54:22.826Z] I (39871) RouteLoomRef: join mode=1 state=2 error=0
[2026-09-26T16:54:22.828Z] I (39873) RouteLoomRef: join mode=1 state=3 error=0
[2026-09-26T16:54:22.831Z] I (39877) RouteLoomRef: RLD1 tx kind=1 ch=11 dst=ff:ff:ff:ff:ff:ff
[2026-09-26T16:54:22.835Z] I (39880) RouteLoomRef: join mode=1 state=4 error=0
[2026-09-26T16:54:23.151Z] I (40197) RouteLoomRef: join mode=1 state=5 error=0
[2026-09-26T16:54:23.154Z] I (40199) RouteLoomRef: join mode=1 state=14 error=0
[2026-09-26T16:54:23.545Z] I (40591) RouteLoomRef: RLD1 rx kind=1 ch=11 generation=15 src=94:a9:90:7a:b5:60 dest=ff:ff:ff:ff:ff:ff
[2026-09-26T16:54:58.025Z] I (75068) RouteLoomRef: join mode=1 state=2 error=0
[2026-09-26T16:54:58.025Z] I (75070) RouteLoomRef: join mode=1 state=3 error=0
[2026-09-26T16:54:58.028Z] I (75074) RouteLoomRef: RLD1 tx kind=1 ch=1 dst=ff:ff:ff:ff:ff:ff
[2026-09-26T16:54:58.032Z] I (75077) RouteLoomRef: RLD1 rx kind=1 ch=1 generation=16 src=94:a9:90:7a:b5:60 dest=ff:ff:ff:ff:ff:ff
[2026-09-26T16:54:58.032Z] I (75078) RouteLoomRef: join mode=1 state=4 error=0
[2026-09-26T16:54:58.348Z] I (75393) RouteLoomRef: join mode=1 state=2 error=0
[2026-09-26T16:54:58.350Z] I (75395) RouteLoomRef: join mode=1 state=3 error=0
[2026-09-26T16:54:58.356Z] I (75399) RouteLoomRef: RLD1 tx kind=1 ch=6 dst=ff:ff:ff:ff:ff:ff
[2026-09-26T16:54:58.357Z] I (75402) RouteLoomRef: join mode=1 state=4 error=0
[2026-09-26T16:54:58.358Z] I (75404) RouteLoomRef: RLD1 rx kind=1 ch=6 generation=17 src=94:a9:90:7a:b5:60 dest=ff:ff:ff:ff:ff:ff
[2026-09-26T16:54:58.673Z] I (75718) RouteLoomRef: join mode=1 state=2 error=0
[2026-09-26T16:54:58.675Z] I (75720) RouteLoomRef: join mode=1 state=3 error=0
[2026-09-26T16:54:58.678Z] I (75724) RouteLoomRef: RLD1 tx kind=1 ch=11 dst=ff:ff:ff:ff:ff:ff
[2026-09-26T16:54:58.682Z] I (75727) RouteLoomRef: join mode=1 state=4 error=0
[2026-09-26T16:54:58.689Z] I (75734) RouteLoomRef: RLD1 rx kind=1 ch=11 generation=18 src=94:a9:90:7a:b5:60 dest=ff:ff:ff:ff:ff:ff
[2026-09-26T16:54:58.997Z] I (76043) RouteLoomRef: join mode=1 state=5 error=0
[2026-09-26T16:54:59.000Z] I (76045) RouteLoomRef: join mode=1 state=14 error=0
[2026-09-26T16:56:03.938Z] I (140981) RouteLoomRef: RLD1 rx kind=1 ch=11 generation=18 src=94:a9:90:7a:b5:60 dest=ff:ff:ff:ff:ff:ff
[2026-09-26T16:56:17.166Z] I (154210) RouteLoomRef: join mode=1 state=2 error=0
[2026-09-26T16:56:17.170Z] I (154212) RouteLoomRef: join mode=1 state=3 error=0
[2026-09-26T16:56:17.171Z] I (154216) RouteLoomRef: RLD1 tx kind=1 ch=1 dst=ff:ff:ff:ff:ff:ff
[2026-09-26T16:56:17.174Z] I (154219) RouteLoomRef: join mode=1 state=4 error=0
[2026-09-26T16:56:17.492Z] I (154536) RouteLoomRef: join mode=1 state=2 error=0
[2026-09-26T16:56:17.495Z] I (154538) RouteLoomRef: join mode=1 state=3 error=0
[2026-09-26T16:56:17.498Z] I (154542) RouteLoomRef: RLD1 tx kind=1 ch=6 dst=ff:ff:ff:ff:ff:ff
[2026-09-26T16:56:17.502Z] I (154545) RouteLoomRef: join mode=1 state=4 error=0
[2026-09-26T16:56:17.753Z] I (154798) RouteLoomRef: RLD1 rx kind=2 ch=6 generation=20 src=94:a9:90:7a:b5:60 dest=94:a9:90:7a:26:ac
[2026-09-26T16:56:17.753Z] I (154799) RouteLoomRef: RLD1 offer result state=4 expected_generation=20 observations=1 dropped=6
[2026-09-26T16:56:17.760Z] I (154805) RouteLoomRef: RLD1 rx kind=2 ch=6 generation=20 src=94:a9:90:6a:ee:c4 dest=94:a9:90:7a:26:ac
[2026-09-26T16:56:17.760Z] I (154805) RouteLoomRef: RLD1 offer result state=4 expected_generation=20 observations=2 dropped=6
[2026-09-26T16:56:17.818Z] I (154862) RouteLoomRef: join mode=1 state=2 error=0
[2026-09-26T16:56:17.819Z] I (154864) RouteLoomRef: join mode=1 state=3 error=0
[2026-09-26T16:56:17.823Z] I (154868) RouteLoomRef: RLD1 tx kind=1 ch=11 dst=ff:ff:ff:ff:ff:ff
[2026-09-26T16:56:17.827Z] I (154871) RouteLoomRef: join mode=1 state=4 error=0
[2026-09-26T16:56:18.143Z] I (155188) RouteLoomRef: join mode=1 state=5 error=0
[2026-09-26T16:56:18.145Z] I (155190) RouteLoomRef: join mode=1 state=3 error=0
[2026-09-26T16:56:18.150Z] I (155195) RouteLoomRef: RLD1 tx kind=1 ch=6 dst=ff:ff:ff:ff:ff:ff
[2026-09-26T16:56:18.151Z] I (155196) RouteLoomRef: join mode=1 state=6 error=0
[2026-09-26T16:56:18.260Z] I (155305) RouteLoomRef: RLD1 rx kind=2 ch=6 generation=22 src=94:a9:90:7a:b5:60 dest=94:a9:90:7a:26:ac
[2026-09-26T16:56:18.261Z] I (155306) RouteLoomRef: RLD1 offer result state=6 expected_generation=22 observations=3 dropped=6
[2026-09-26T16:56:18.602Z] I (155647) RouteLoomRef: join mode=1 state=7 error=0
[2026-09-26T16:56:18.738Z] I (155783) RouteLoomRef: join mode=1 state=8 error=0
[2026-09-26T16:56:20.905Z] I (157950) RouteLoomRef: join mode=1 state=5 error=0
[2026-09-26T16:56:20.908Z] I (157953) RouteLoomRef: join mode=1 state=14 error=0
[2026-09-26T16:56:22.144Z] I (159188) RouteLoomRef: join mode=1 state=2 error=0
[2026-09-26T16:56:22.146Z] I (159190) RouteLoomRef: join mode=1 state=3 error=0
[2026-09-26T16:56:22.149Z] I (159194) RouteLoomRef: RLD1 tx kind=1 ch=1 dst=ff:ff:ff:ff:ff:ff
[2026-09-26T16:56:22.153Z] I (159197) RouteLoomRef: join mode=1 state=4 error=0
[2026-09-26T16:56:22.470Z] I (159514) RouteLoomRef: join mode=1 state=2 error=0
[2026-09-26T16:56:22.472Z] I (159516) RouteLoomRef: join mode=1 state=3 error=0
[2026-09-26T16:56:22.476Z] I (159520) RouteLoomRef: RLD1 tx kind=1 ch=6 dst=ff:ff:ff:ff:ff:ff
[2026-09-26T16:56:22.479Z] I (159523) RouteLoomRef: join mode=1 state=4 error=0
[2026-09-26T16:56:22.645Z] I (159688) RouteLoomRef: RLD1 rx kind=2 ch=6 generation=24 src=94:a9:90:6a:ee:c4 dest=94:a9:90:7a:26:ac
[2026-09-26T16:56:22.645Z] I (159689) RouteLoomRef: RLD1 offer result state=4 expected_generation=24 observations=4 dropped=6
[2026-09-26T16:56:22.732Z] I (159777) RouteLoomRef: RLD1 rx kind=2 ch=6 generation=24 src=94:a9:90:7a:b5:60 dest=94:a9:90:7a:26:ac
[2026-09-26T16:56:22.735Z] I (159778) RouteLoomRef: RLD1 offer result state=4 expected_generation=24 observations=5 dropped=6
[2026-09-26T16:56:22.797Z] I (159840) RouteLoomRef: join mode=1 state=2 error=0
[2026-09-26T16:56:22.797Z] I (159842) RouteLoomRef: join mode=1 state=3 error=0
[2026-09-26T16:56:22.801Z] I (159846) RouteLoomRef: RLD1 tx kind=1 ch=11 dst=ff:ff:ff:ff:ff:ff
[2026-09-26T16:56:22.804Z] I (159849) RouteLoomRef: join mode=1 state=4 error=0
[2026-09-26T16:56:23.122Z] I (160166) RouteLoomRef: join mode=1 state=5 error=0
[2026-09-26T16:56:23.125Z] I (160168) RouteLoomRef: join mode=1 state=3 error=0
[2026-09-26T16:56:23.128Z] I (160173) RouteLoomRef: RLD1 tx kind=1 ch=6 dst=ff:ff:ff:ff:ff:ff
[2026-09-26T16:56:23.131Z] I (160174) RouteLoomRef: join mode=1 state=6 error=0
[2026-09-26T16:56:23.164Z] I (160209) RouteLoomRef: RLD1 rx kind=2 ch=6 generation=26 src=94:a9:90:6a:ee:c4 dest=94:a9:90:7a:26:ac
[2026-09-26T16:56:23.165Z] I (160210) RouteLoomRef: RLD1 offer result state=6 expected_generation=26 observations=6 dropped=6
[2026-09-26T16:56:23.582Z] I (160626) RouteLoomRef: join mode=1 state=7 error=0
[2026-09-26T16:56:23.717Z] I (160762) RouteLoomRef: join mode=1 state=8 error=0
[2026-09-26T16:56:25.636Z] I (162677) RouteLoomEdhoc: HIL EDHOC ECDH us=130604 ok=1
[2026-09-26T16:56:25.947Z] I (162992) RouteLoomEdhoc: HIL EDHOC VERIFY us=152699 ok=1
[2026-09-26T16:56:25.949Z] I (162994) RouteLoomRef: join mode=1 state=9 error=0
[2026-09-26T16:56:26.108Z] I (163135) RouteLoomEdhoc: HIL EDHOC SIGN us=138248 ok=1
[2026-09-26T16:56:26.108Z] I (163140) RouteLoomRef: join mode=1 state=10 error=0
[2026-09-26T16:56:29.031Z] I (166076) RouteLoomRef: join mode=1 state=11 error=0
[2026-09-26T16:56:29.198Z] I (166242) RouteLoomRef: join mode=1 state=12 error=0
[2026-09-26T16:56:29.541Z] I (166584) RouteLoomRef: member state=0 links=0 ends=0 authority=0/0 confirm=0 demux_drop=0
[2026-09-26T16:56:29.541Z] I (166585) RouteLoomRef: member handshake starts=0 requests=0 rejected=0 send_fail=0 established=0 failed=0 last_error=0 active=0
[2026-09-26T16:56:29.541Z] I (166585) RouteLoomRef: member end send_fail=0 established=0 failed=0 last_error=0
[2026-09-26T16:56:29.541Z] I (166586) RouteLoomRef: authority state=0 tx_sent=0 tx_failed=0 rx_accepted=0 rx_rejected=0 pull=0 busy=0 backoff_s=0
[2026-09-26T16:56:29.541Z] I (166586) RouteLoomRef: authority mesh tx_carrier=0 queued=0 shed=0 rx_carrier=0 denied=0 timeout=0
[2026-09-26T16:56:29.541Z] I (166586) RouteLoomRef: authority jobs accepted=0 failed=0 last=
[2026-09-26T16:56:29.546Z] W (166587) RouteLoomRef: diagnostic reason=SECURITY_PROFILE_EXPERIMENTAL peer=0 message=none
[2026-09-26T16:56:29.546Z] I (166590) RouteLoom: stack hwm main 10384 B
[2026-09-26T16:56:29.546Z] I (166590) RouteLoom: HIL HEAP free=22388 largest=19456 min=21840 B
[2026-09-26T16:56:29.553Z] I (166596) RouteLoomRef: member discovery started
[2026-09-26T16:56:29.889Z] I (166934) RouteLoomRef: RLD1 rx kind=2 ch=6 generation=26 src=94:a9:90:6a:ee:c4 dest=94:a9:90:7a:26:ac
[2026-09-26T16:56:29.891Z] I (166936) RouteLoomRef: RLD1 offer result state=0 expected_generation=26 observations=0 dropped=0
[2026-09-26T16:56:30.034Z] I (167078) RouteLoomRef: RLD1 rx kind=2 ch=6 generation=26 src=94:a9:90:7a:b5:60 dest=94:a9:90:7a:26:ac
[2026-09-26T16:56:30.034Z] I (167079) RouteLoomRef: RLD1 offer result state=0 expected_generation=26 observations=0 dropped=0
[2026-09-26T16:56:34.205Z] I (171249) RouteLoomRef: member state=4 links=0 ends=0 authority=1/0 confirm=0 demux_drop=0
[2026-09-26T16:56:34.205Z] I (171250) RouteLoomRef: member handshake starts=1 requests=1 rejected=0 send_fail=0 established=0 failed=1 last_error=9 active=0
[2026-09-26T16:56:34.205Z] I (171250) RouteLoomRef: member end send_fail=0 established=0 failed=0 last_error=0
[2026-09-26T16:56:34.205Z] I (171250) RouteLoomRef: authority state=1 tx_sent=1 tx_failed=0 rx_accepted=0 rx_rejected=0 pull=1 busy=1 backoff_s=0
[2026-09-26T16:56:34.205Z] I (171251) RouteLoomRef: authority mesh tx_carrier=1 queued=0 shed=1127 rx_carrier=0 denied=0 timeout=0
[2026-09-26T16:56:34.206Z] I (171251) RouteLoomRef: authority jobs accepted=0 failed=0 last=
[2026-09-26T16:56:34.206Z] I (171251) RouteLoomRef: member discovery rx=0 offer_tx=0 offer_rx=2 auth=0 kind_reject=0 capacity=0 send_fail=0
[2026-09-26T16:56:34.207Z] I (171252) RouteLoomRef: member scope raw=2 accepted=1 mac_reject=0 hint=0 generation=0 key_unavailable=0 budget=0
[2026-09-26T16:56:39.205Z] I (176250) RouteLoomRef: member state=4 links=0 ends=0 authority=1/0 confirm=0 demux_drop=0
[2026-09-26T16:56:39.206Z] I (176250) RouteLoomRef: member handshake starts=1 requests=1 rejected=0 send_fail=0 established=0 failed=1 last_error=9 active=0
[2026-09-26T16:56:39.206Z] I (176251) RouteLoomRef: member end send_fail=0 established=0 failed=0 last_error=0
[2026-09-26T16:56:39.206Z] I (176251) RouteLoomRef: authority state=1 tx_sent=1 tx_failed=0 rx_accepted=0 rx_rejected=0 pull=1 busy=1 backoff_s=1
[2026-09-26T16:56:39.206Z] I (176251) RouteLoomRef: authority mesh tx_carrier=1 queued=0 shed=2376 rx_carrier=0 denied=0 timeout=0
[2026-09-26T16:56:39.208Z] I (176252) RouteLoomRef: authority jobs accepted=0 failed=0 last=
[2026-09-26T16:56:39.208Z] I (176252) RouteLoomRef: member discovery rx=0 offer_tx=0 offer_rx=2 auth=0 kind_reject=0 capacity=0 send_fail=0
[2026-09-26T16:56:39.208Z] I (176252) RouteLoomRef: member scope raw=2 accepted=1 mac_reject=0 hint=0 generation=0 key_unavailable=0 budget=0
[2026-09-26T16:56:44.205Z] I (181250) RouteLoomRef: member state=4 links=0 ends=0 authority=1/0 confirm=0 demux_drop=0
[2026-09-26T16:56:44.205Z] I (181250) RouteLoomRef: member handshake starts=1 requests=1 rejected=0 send_fail=0 established=0 failed=1 last_error=9 active=0
[2026-09-26T16:56:44.207Z] I (181251) RouteLoomRef: member end send_fail=0 established=0 failed=0 last_error=0
[2026-09-26T16:56:44.207Z] I (181251) RouteLoomRef: authority state=1 tx_sent=1 tx_failed=0 rx_accepted=0 rx_rejected=0 pull=1 busy=1 backoff_s=2
[2026-09-26T16:56:44.207Z] I (181251) RouteLoomRef: authority mesh tx_carrier=1 queued=0 shed=3625 rx_carrier=0 denied=0 timeout=0
[2026-09-26T16:56:44.207Z] I (181252) RouteLoomRef: authority jobs accepted=0 failed=0 last=
[2026-09-26T16:56:44.207Z] I (181252) RouteLoomRef: member discovery rx=0 offer_tx=0 offer_rx=2 auth=0 kind_reject=0 capacity=0 send_fail=0
[2026-09-26T16:56:44.207Z] I (181252) RouteLoomRef: member scope raw=2 accepted=1 mac_reject=0 hint=0 generation=0 key_unavailable=0 budget=0
[2026-09-26T16:56:49.257Z] I (186253) RouteLoomRef: member state=4 links=0 ends=0 authority=1/0 confirm=0 demux_drop=0
[2026-09-26T16:56:49.257Z] I (186253) RouteLoomRef: member handshake starts=1 requests=1 rejected=0 send_fail=0 established=0 failed=1 last_error=9 active=0
[2026-09-26T16:56:49.257Z] I (186254) RouteLoomRef: member end send_fail=0 established=0 failed=0 last_error=0
[2026-09-26T16:56:49.257Z] I (186254) RouteLoomRef: authority state=3 tx_sent=2 tx_failed=0 rx_accepted=0 rx_rejected=0 pull=1 busy=1 backoff_s=4
[2026-09-26T16:56:49.257Z] I (186254) RouteLoomRef: authority mesh tx_carrier=2 queued=0 shed=4874 rx_carrier=0 denied=0 timeout=1
[2026-09-26T16:56:49.257Z] I (186255) RouteLoomRef: authority jobs accepted=0 failed=0 last=
[2026-09-26T16:56:49.257Z] I (186255) RouteLoomRef: member discovery rx=0 offer_tx=0 offer_rx=2 auth=0 kind_reject=0 capacity=0 send_fail=0
[2026-09-26T16:56:49.258Z] I (186255) RouteLoomRef: member scope raw=2 accepted=1 mac_reject=0 hint=0 generation=0 key_unavailable=0 budget=0
[2026-09-26T16:56:49.292Z] !! capture closed
