[2026-09-26T16:47:25.194Z] !! capture open /dev/serial/by-id/usb-Espressif_USB_JTAG_serial_debug_unit_94:A9:90:7A:B5:60-if00 @ 115200 backend=pyserial dtr=1 rts=0
[2026-09-26T16:47:26.569Z] I (111) esp_image: segment 1: paddr=0003046c vaddr=3fc91e00 sizeI (7481) RouteLoomRef: RLD1 rx kind=1 ch=6 generation=0 src=94:a9:90:6a:ee:c4 dest=ff:ff:ff:ff:ff:ff
[2026-09-26T16:47:29.441Z] I (10353) RouteLoomRef: member state=4 links=0 ends=0 authority=1/0 confirm=0 demux_drop=0
[2026-09-26T16:47:29.441Z] I (10353) RouteLoomRef: member handshake starts=0 requests=0 rejected=0 send_fail=0 established=0 failed=0 last_error=0 active=0
[2026-09-26T16:47:29.441Z] I (10354) RouteLoomRef: member end send_fail=0 established=0 failed=0 last_error=0
[2026-09-26T16:47:29.442Z] I (10354) RouteLoomRef: authority state=1 tx_sent=1 tx_failed=0 rx_accepted=0 rx_rejected=0 pull=1 busy=1 backoff_s=1
[2026-09-26T16:47:29.442Z] I (10354) RouteLoomRef: authority mesh tx_carrier=1 queued=0 shed=1959 rx_carrier=0 denied=0 timeout=0
[2026-09-26T16:47:29.442Z] I (10355) RouteLoomRef: authority jobs accepted=0 failed=0 last=
[2026-09-26T16:47:29.443Z] I (10355) RouteLoomRef: member discovery rx=0 offer_tx=0 offer_rx=0 auth=0 kind_reject=0 capacity=0 send_fail=0
[2026-09-26T16:47:29.443Z] I (10355) RouteLoomRef: member scope raw=0 accepted=0 mac_reject=0 hint=0 generation=0 key_unavailable=0 budget=0
[2026-09-26T16:47:34.443Z] I (15355) RouteLoomRef: member state=4 links=0 ends=0 authority=1/0 confirm=0 demux_drop=0
[2026-09-26T16:47:34.443Z] I (15355) RouteLoomRef: member handshake starts=0 requests=0 rejected=0 send_fail=0 established=0 failed=0 last_error=0 active=0
[2026-09-26T16:47:34.443Z] I (15356) RouteLoomRef: member end send_fail=0 established=0 failed=0 last_error=0
[2026-09-26T16:47:34.444Z] I (15356) RouteLoomRef: authority state=3 tx_sent=1 tx_failed=0 rx_accepted=0 rx_rejected=0 pull=1 busy=1 backoff_s=2
[2026-09-26T16:47:34.444Z] I (15356) RouteLoomRef: authority mesh tx_carrier=1 queued=0 shed=3208 rx_carrier=0 denied=0 timeout=0
[2026-09-26T16:47:34.444Z] I (15357) RouteLoomRef: authority jobs accepted=0 failed=0 last=
[2026-09-26T16:47:34.444Z] I (15357) RouteLoomRef: member discovery rx=0 offer_tx=0 offer_rx=0 auth=0 kind_reject=0 capacity=0 send_fail=0
[2026-09-26T16:47:34.445Z] I (15357) RouteLoomRef: member scope raw=0 accepted=0 mac_reject=0 hint=0 generation=0 key_unavailable=0 budget=0
[2026-09-26T16:47:39.443Z] I (20355) RouteLoomRef: member state=4 links=0 ends=0 authority=1/0 confirm=0 demux_drop=0
[2026-09-26T16:47:39.443Z] I (20355) RouteLoomRef: member handshake starts=0 requests=0 rejected=0 send_fail=0 established=0 failed=0 last_error=0 active=0
[2026-09-26T16:47:39.443Z] I (20356) RouteLoomRef: member end send_fail=0 established=0 failed=0 last_error=0
[2026-09-26T16:47:39.444Z] I (20356) RouteLoomRef: authority state=1 tx_sent=2 tx_failed=0 rx_accepted=0 rx_rejected=0 pull=1 busy=1 backoff_s=2
[2026-09-26T16:47:39.444Z] I (20356) RouteLoomRef: authority mesh tx_carrier=2 queued=0 shed=4456 rx_carrier=0 denied=0 timeout=1
[2026-09-26T16:47:39.444Z] I (20357) RouteLoomRef: authority jobs accepted=0 failed=0 last=
[2026-09-26T16:47:39.445Z] I (20357) RouteLoomRef: member discovery rx=0 offer_tx=0 offer_rx=0 auth=0 kind_reject=0 capacity=0 send_fail=0
[2026-09-26T16:47:39.445Z] I (20357) RouteLoomRef: member scope raw=0 accepted=0 mac_reject=0 hint=0 generation=0 key_unavailable=0 budget=0
[2026-09-26T16:47:42.154Z] I (23067) RouteLoomRef: discovery event=DISCOVERY_FAILED peer=0
[2026-09-26T16:47:42.158Z] W (23067) RouteLoomRef: diagnostic reason=DISCOVERY_FAILED peer=0 message=none
[2026-09-26T16:47:42.280Z] I (23192) RouteLoomRef: RLD1 rx kind=1 ch=6 generation=0 src=94:a9:90:6a:ee:c4 dest=ff:ff:ff:ff:ff:ff
[2026-09-26T16:47:43.685Z] I (24597) RouteLoomRef: RLD1 rx kind=1 ch=6 generation=0 src=94:a9:90:6a:ee:c4 dest=ff:ff:ff:ff:ff:ff
[2026-09-26T16:47:44.445Z] I (25357) RouteLoomRef: member state=4 links=0 ends=0 authority=1/0 confirm=0 demux_drop=0
[2026-09-26T16:47:44.445Z] I (25357) RouteLoomRef: member handshake starts=0 requests=0 rejected=0 send_fail=0 established=0 failed=0 last_error=0 active=0
[2026-09-26T16:47:44.445Z] I (25358) RouteLoomRef: member end send_fail=0 established=0 failed=0 last_error=0
[2026-09-26T16:47:44.446Z] I (25358) RouteLoomRef: authority state=1 tx_sent=2 tx_failed=0 rx_accepted=0 rx_rejected=0 pull=1 busy=1 backoff_s=4
[2026-09-26T16:47:44.446Z] I (25358) RouteLoomRef: authority mesh tx_carrier=2 queued=0 shed=5704 rx_carrier=0 denied=0 timeout=1
[2026-09-26T16:47:44.446Z] I (25359) RouteLoomRef: authority jobs accepted=0 failed=0 last=
[2026-09-26T16:47:44.449Z] I (25359) RouteLoomRef: member discovery rx=2 offer_tx=0 offer_rx=0 auth=0 kind_reject=0 capacity=0 send_fail=0
[2026-09-26T16:47:44.449Z] I (25359) RouteLoomRef: member scope raw=2 accepted=0 mac_reject=0 hint=0 generation=2 key_unavailable=0 budget=0
[2026-09-26T16:47:46.342Z] I (27250) RouteLoomRef: RLD1 rx kind=1 ch=6 generation=0 src=94:a9:90:6a:ee:c4 dest=ff:ff:ff:ff:ff:ff
[2026-09-26T16:47:46.343Z] I (27255) RouteLoomRef: join mode=1 state=1 error=0
[2026-09-26T16:47:47.201Z] I (28113) RouteLoomRef: join mode=1 state=2 error=0
[2026-09-26T16:47:47.204Z] I (28116) RouteLoomRef: join mode=1 state=3 error=0
[2026-09-26T16:47:47.210Z] I (28120) RouteLoomRef: RLD1 tx kind=1 ch=1 dst=ff:ff:ff:ff:ff:ff
[2026-09-26T16:47:47.212Z] I (28125) RouteLoomRef: join mode=1 state=4 error=0
[2026-09-26T16:47:47.530Z] I (28443) RouteLoomRef: join mode=1 state=2 error=0
[2026-09-26T16:47:47.533Z] I (28446) RouteLoomRef: join mode=1 state=3 error=0
[2026-09-26T16:47:47.539Z] I (28450) RouteLoomRef: RLD1 tx kind=1 ch=6 dst=ff:ff:ff:ff:ff:ff
[2026-09-26T16:47:47.543Z] I (28455) RouteLoomRef: join mode=1 state=4 error=0
[2026-09-26T16:47:47.560Z] I (28472) RouteLoomRef: RLD1 rx kind=2 ch=6 generation=2 src=94:a9:90:6a:ee:c4 dest=94:a9:90:7a:b5:60
[2026-09-26T16:47:47.560Z] I (28473) RouteLoomRef: RLD1 offer result state=4 expected_generation=2 observations=1 dropped=0
[2026-09-26T16:47:47.859Z] I (28771) RouteLoomRef: join mode=1 state=2 error=0
[2026-09-26T16:47:47.861Z] I (28774) RouteLoomRef: join mode=1 state=3 error=0
[2026-09-26T16:47:47.867Z] I (28778) RouteLoomRef: RLD1 tx kind=1 ch=11 dst=ff:ff:ff:ff:ff:ff
[2026-09-26T16:47:47.871Z] I (28783) RouteLoomRef: join mode=1 state=4 error=0
[2026-09-26T16:47:48.185Z] I (29098) RouteLoomRef: join mode=1 state=5 error=0
[2026-09-26T16:47:48.189Z] I (29101) RouteLoomRef: join mode=1 state=14 error=0
[2026-09-26T16:47:50.439Z] I (31351) RouteLoomRef: join mode=1 state=2 error=0
[2026-09-26T16:47:50.441Z] I (31354) RouteLoomRef: join mode=1 state=3 error=0
[2026-09-26T16:47:50.446Z] I (31358) RouteLoomRef: RLD1 tx kind=1 ch=1 dst=ff:ff:ff:ff:ff:ff
[2026-09-26T16:47:50.450Z] I (31363) RouteLoomRef: join mode=1 state=4 error=0
[2026-09-26T16:47:50.765Z] I (31678) RouteLoomRef: join mode=1 state=2 error=0
[2026-09-26T16:47:50.769Z] I (31681) RouteLoomRef: join mode=1 state=3 error=0
[2026-09-26T16:47:50.773Z] I (31685) RouteLoomRef: RLD1 tx kind=1 ch=6 dst=ff:ff:ff:ff:ff:ff
[2026-09-26T16:47:50.777Z] I (31690) RouteLoomRef: join mode=1 state=4 error=0
[2026-09-26T16:47:50.824Z] I (31736) RouteLoomRef: RLD1 rx kind=2 ch=6 generation=5 src=94:a9:90:6a:ee:c4 dest=94:a9:90:7a:b5:60
[2026-09-26T16:47:50.825Z] I (31737) RouteLoomRef: RLD1 offer result state=4 expected_generation=5 observations=2 dropped=0
[2026-09-26T16:47:51.092Z] I (32005) RouteLoomRef: join mode=1 state=2 error=0
[2026-09-26T16:47:51.095Z] I (32008) RouteLoomRef: join mode=1 state=3 error=0
[2026-09-26T16:47:51.100Z] I (32012) RouteLoomRef: RLD1 tx kind=1 ch=11 dst=ff:ff:ff:ff:ff:ff
[2026-09-26T16:47:51.104Z] I (32017) RouteLoomRef: join mode=1 state=4 error=0
[2026-09-26T16:47:51.419Z] I (32332) RouteLoomRef: join mode=1 state=5 error=0
[2026-09-26T16:47:51.423Z] I (32335) RouteLoomRef: join mode=1 state=3 error=0
[2026-09-26T16:47:51.430Z] I (32342) RouteLoomRef: RLD1 tx kind=1 ch=6 dst=ff:ff:ff:ff:ff:ff
[2026-09-26T16:47:51.431Z] I (32343) RouteLoomRef: join mode=1 state=6 error=0
[2026-09-26T16:47:51.475Z] I (32387) RouteLoomRef: RLD1 rx kind=1 ch=6 generation=7 src=94:a9:90:6a:ee:c4 dest=ff:ff:ff:ff:ff:ff
[2026-09-26T16:47:51.698Z] I (32610) RouteLoomRef: RLD1 rx kind=2 ch=6 generation=7 src=94:a9:90:6a:ee:c4 dest=94:a9:90:7a:b5:60
[2026-09-26T16:47:51.698Z] I (32611) RouteLoomRef: RLD1 offer result state=6 expected_generation=7 observations=3 dropped=0
[2026-09-26T16:47:51.883Z] I (32795) RouteLoomRef: join mode=1 state=7 error=0
[2026-09-26T16:47:52.019Z] I (32931) RouteLoomRef: join mode=1 state=8 error=0
[2026-09-26T16:47:53.712Z] I (34624) RouteLoomEdhoc: HIL EDHOC ECDH us=130712 ok=1
[2026-09-26T16:47:54.031Z] I (34944) RouteLoomEdhoc: HIL EDHOC VERIFY us=157410 ok=1
[2026-09-26T16:47:54.033Z] I (34945) RouteLoomRef: join mode=1 state=9 error=0
[2026-09-26T16:47:54.176Z] I (35088) RouteLoomEdhoc: HIL EDHOC SIGN us=138465 ok=1
[2026-09-26T16:47:54.180Z] I (35092) RouteLoomRef: join mode=1 state=10 error=0
[2026-09-26T16:47:56.813Z] I (37725) RouteLoomRef: join mode=1 state=11 error=0
[2026-09-26T16:47:56.976Z] I (37888) RouteLoomRef: join mode=1 state=12 error=0
[2026-09-26T16:47:57.339Z] I (38251) RouteLoomRef: member state=4 links=0 ends=0 authority=0/0 confirm=0 demux_drop=1
[2026-09-26T16:47:57.339Z] I (38251) RouteLoomRef: member handshake starts=0 requests=0 rejected=0 send_fail=0 established=0 failed=0 last_error=0 active=0
[2026-09-26T16:47:57.341Z] I (38252) RouteLoomRef: member end send_fail=0 established=0 failed=0 last_error=0
[2026-09-26T16:47:57.341Z] I (38252) RouteLoomRef: authority state=0 tx_sent=0 tx_failed=0 rx_accepted=0 rx_rejected=0 pull=0 busy=0 backoff_s=0
[2026-09-26T16:47:57.341Z] I (38252) RouteLoomRef: authority mesh tx_carrier=2 queued=0 shed=7636 rx_carrier=0 denied=0 timeout=2
[2026-09-26T16:47:57.341Z] I (38253) RouteLoomRef: authority jobs accepted=0 failed=0 last=
[2026-09-26T16:47:57.341Z] I (38253) RouteLoomRef: member discovery rx=3 offer_tx=0 offer_rx=0 auth=0 kind_reject=0 capacity=0 send_fail=0
[2026-09-26T16:47:57.341Z] I (38253) RouteLoomRef: member scope raw=3 accepted=0 mac_reject=0 hint=0 generation=3 key_unavailable=0 budget=0
[2026-09-26T16:47:57.341Z] E (38254) RouteLoomRef: member node adopt failed: member config arrived after node start
[2026-09-26T16:47:57.352Z] E (38264) RouteLoomRef: membership recovery required (reason 8): see maintenance
[2026-09-26T16:48:01.592Z] I (42505) RouteLoomRef: RLD1 rx kind=1 ch=6 generation=7 src=94:a9:90:6a:ee:c4 dest=ff:ff:ff:ff:ff:ff
[2026-09-26T16:48:02.654Z] I (43566) RouteLoomRef: RLD1 rx kind=1 ch=6 generation=7 src=94:a9:90:6a:ee:c4 dest=ff:ff:ff:ff:ff:ff
[2026-09-26T16:48:04.343Z] I (45255) RouteLoomRef: RLD1 rx kind=1 ch=6 generation=7 src=94:a9:90:6a:ee:c4 dest=ff:ff:ff:ff:ff:ff
[2026-09-26T16:48:07.558Z] I (48470) RouteLoomRef: RLD1 rx kind=1 ch=6 generation=7 src=94:a9:90:6a:ee:c4 dest=ff:ff:ff:ff:ff:ff
[2026-09-26T16:48:13.826Z] I (54738) RouteLoomRef: RLD1 rx kind=1 ch=6 generation=7 src=94:a9:90:6a:ee:c4 dest=ff:ff:ff:ff:ff:ff
[2026-09-26T16:48:19.436Z] I (60348) RouteLoom: stack hwm main 10384 B
[2026-09-26T16:48:19.436Z] I (60348) RouteLoom: HIL HEAP free=22164 largest=19456 min=21568 B
[2026-09-26T16:48:19.437Z] I (60349) RouteLoom: HIL DISCOVERY candidates=0 neighbors=0 capacity=0 auth=0 stale=0 probes=0 send_failures=0 kind_rejects=0
[2026-09-26T16:48:19.437Z] I (60349) RouteLoom: HIL ROUTE peer=1 phase=-1 via=0 metric=0 generation=0 seq=0
[2026-09-26T16:48:19.437Z] I (60349) RouteLoom: HIL ROUTE peer=3 phase=-1 via=0 metric=0 generation=0 seq=0
[2026-09-26T16:48:26.197Z] I (67109) RouteLoomRef: RLD1 rx kind=1 ch=6 generation=7 src=94:a9:90:6a:ee:c4 dest=ff:ff:ff:ff:ff:ff
[2026-09-26T16:48:27.138Z] I (68050) RouteLoomRef: RLD1 rx kind=1 ch=6 generation=7 src=94:a9:90:6a:ee:c4 dest=ff:ff:ff:ff:ff:ff
[2026-09-26T16:48:28.935Z] I (69847) RouteLoomRef: RLD1 rx kind=1 ch=6 generation=7 src=94:a9:90:6a:ee:c4 dest=ff:ff:ff:ff:ff:ff
[2026-09-26T16:48:32.363Z] I (73275) RouteLoomRef: RLD1 rx kind=1 ch=6 generation=7 src=94:a9:90:6a:ee:c4 dest=ff:ff:ff:ff:ff:ff
[2026-09-26T16:48:39.065Z] I (79977) RouteLoomRef: RLD1 rx kind=1 ch=6 generation=7 src=94:a9:90:6a:ee:c4 dest=ff:ff:ff:ff:ff:ff
[2026-09-26T16:48:52.299Z] I (93211) RouteLoomRef: RLD1 rx kind=1 ch=6 generation=7 src=94:a9:90:6a:ee:c4 dest=ff:ff:ff:ff:ff:ff
[2026-09-26T16:48:52.626Z] I (93538) RouteLoomRef: RLD1 rx kind=1 ch=6 generation=7 src=94:a9:90:6a:ee:c4 dest=ff:ff:ff:ff:ff:ff
[2026-09-26T16:48:53.469Z] I (94381) RouteLoomRef: RLD1 rx kind=1 ch=6 generation=7 src=94:a9:90:6a:ee:c4 dest=ff:ff:ff:ff:ff:ff
[2026-09-26T16:48:54.994Z] I (95906) RouteLoomRef: RLD1 rx kind=1 ch=6 generation=7 src=94:a9:90:6a:ee:c4 dest=ff:ff:ff:ff:ff:ff
[2026-09-26T16:48:57.875Z] I (98787) RouteLoomRef: RLD1 rx kind=1 ch=6 generation=7 src=94:a9:90:6a:ee:c4 dest=ff:ff:ff:ff:ff:ff
[2026-09-26T16:49:03.472Z] I (104384) RouteLoomRef: RLD1 rx kind=1 ch=6 generation=7 src=94:a9:90:6a:ee:c4 dest=ff:ff:ff:ff:ff:ff
[2026-09-26T16:49:19.436Z] I (120348) RouteLoom: stack hwm main 10384 B
[2026-09-26T16:49:19.436Z] I (120348) RouteLoom: HIL HEAP free=22164 largest=19456 min=21568 B
[2026-09-26T16:49:19.437Z] I (120349) RouteLoom: HIL DISCOVERY candidates=0 neighbors=0 capacity=0 auth=0 stale=0 probes=0 send_failures=0 kind_rejects=0
[2026-09-26T16:49:19.437Z] I (120349) RouteLoom: HIL ROUTE peer=1 phase=-1 via=0 metric=0 generation=0 seq=0
[2026-09-26T16:49:19.437Z] I (120349) RouteLoom: HIL ROUTE peer=3 phase=-1 via=0 metric=0 generation=0 seq=0
[2026-09-26T16:49:23.739Z] I (124651) RouteLoomRef: RLD1 rx kind=1 ch=6 generation=7 src=94:a9:90:6a:ee:c4 dest=ff:ff:ff:ff:ff:ff
[2026-09-26T16:49:25.343Z] !! capture closed
