[2026-09-26T16:59:35.678Z] !! capture open /dev/serial/by-id/usb-Espressif_USB_JTAG_serial_debug_unit_94:A9:90:7A:26:AC-if00 @ 115200 backend=pyserial dtr=1 rts=0
[2026-09-26T16:59:39.342Z] I (130341) RouteLoomRef: message origin=1 session=2518660971 seqI (155455) RouteLoomRef: member state=4 links=1 ends=1 authority=1/1 confirm=1 demux_drop=0
[2026-09-26T16:59:39.344Z] I (155456) RouteLoomRef: member handshake starts=1 requests=1 rejected=0 send_fail=1 established=1 failed=0 last_error=6 active=0
[2026-09-26T16:59:39.344Z] I (155456) RouteLoomRef: member end send_fail=1 established=1 failed=4 last_error=7
[2026-09-26T16:59:39.344Z] I (155456) RouteLoomRef: authority state=2 tx_sent=12 tx_failed=0 rx_accepted=6 rx_rejected=0 pull=0 busy=0 backoff_s=0
[2026-09-26T16:59:39.344Z] I (155457) RouteLoomRef: authority mesh tx_carrier=12 queued=12 shed=500 rx_carrier=6 denied=0 timeout=0
[2026-09-26T16:59:39.344Z] I (155457) RouteLoomRef: authority jobs accepted=13 failed=2 last=SESSION_UNAVAILABLE
[2026-09-26T16:59:39.345Z] I (155457) RouteLoomRef: member discovery rx=0 offer_tx=0 offer_rx=2 auth=1 kind_reject=0 capacity=0 send_fail=0
[2026-09-26T16:59:39.345Z] I (155458) RouteLoomRef: member scope raw=2 accepted=1 mac_reject=0 hint=0 generation=0 key_unavailable=0 budget=0
[2026-09-26T16:59:40.557Z] I (156670) RouteLoomRef: message origin=1 session=2518660971 sequence=9223372036854775811 bytes=8
[2026-09-26T16:59:44.344Z] I (160457) RouteLoomRef: member state=4 links=1 ends=1 authority=1/1 confirm=1 demux_drop=0
[2026-09-26T16:59:44.344Z] I (160458) RouteLoomRef: member handshake starts=1 requests=1 rejected=0 send_fail=1 established=1 failed=0 last_error=6 active=0
[2026-09-26T16:59:44.345Z] I (160458) RouteLoomRef: member end send_fail=1 established=1 failed=4 last_error=7
[2026-09-26T16:59:44.345Z] I (160458) RouteLoomRef: authority state=2 tx_sent=12 tx_failed=0 rx_accepted=6 rx_rejected=0 pull=0 busy=0 backoff_s=0
[2026-09-26T16:59:44.346Z] I (160459) RouteLoomRef: authority mesh tx_carrier=12 queued=12 shed=500 rx_carrier=6 denied=0 timeout=0
[2026-09-26T16:59:44.346Z] I (160459) RouteLoomRef: authority jobs accepted=13 failed=2 last=SESSION_UNAVAILABLE
[2026-09-26T16:59:44.346Z] I (160459) RouteLoomRef: member discovery rx=0 offer_tx=0 offer_rx=2 auth=1 kind_reject=0 capacity=0 send_fail=0
[2026-09-26T16:59:44.346Z] I (160460) RouteLoomRef: member scope raw=2 accepted=1 mac_reject=0 hint=0 generation=0 key_unavailable=0 budget=0
[2026-09-26T16:59:49.344Z] I (165457) RouteLoomRef: member state=4 links=1 ends=1 authority=1/1 confirm=1 demux_drop=0
[2026-09-26T16:59:49.346Z] I (165458) RouteLoomRef: member handshake starts=1 requests=1 rejected=0 send_fail=1 established=1 failed=0 last_error=6 active=0
[2026-09-26T16:59:49.346Z] I (165458) RouteLoomRef: member end send_fail=1 established=1 failed=4 last_error=7
[2026-09-26T16:59:49.346Z] I (165458) RouteLoomRef: authority state=2 tx_sent=12 tx_failed=0 rx_accepted=6 rx_rejected=0 pull=0 busy=0 backoff_s=0
[2026-09-26T16:59:49.346Z] I (165459) RouteLoomRef: authority mesh tx_carrier=12 queued=12 shed=500 rx_carrier=6 denied=0 timeout=0
[2026-09-26T16:59:49.346Z] I (165459) RouteLoomRef: authority jobs accepted=13 failed=2 last=SESSION_UNAVAILABLE
[2026-09-26T16:59:49.346Z] I (165459) RouteLoomRef: member discovery rx=0 offer_tx=0 offer_rx=2 auth=1 kind_reject=0 capacity=0 send_fail=0
[2026-09-26T16:59:49.350Z] I (165460) RouteLoomRef: member scope raw=2 accepted=1 mac_reject=0 hint=0 generation=0 key_unavailable=0 budget=0
[2026-09-26T16:59:54.346Z] I (170459) RouteLoomRef: member state=4 links=1 ends=1 authority=1/1 confirm=1 demux_drop=0
[2026-09-26T16:59:54.347Z] I (170460) RouteLoomRef: member handshake starts=1 requests=1 rejected=0 send_fail=1 established=1 failed=0 last_error=6 active=0
[2026-09-26T16:59:54.349Z] I (170460) RouteLoomRef: member end send_fail=1 established=1 failed=4 last_error=7
[2026-09-26T16:59:54.349Z] I (170460) RouteLoomRef: authority state=2 tx_sent=12 tx_failed=0 rx_accepted=6 rx_rejected=0 pull=0 busy=0 backoff_s=0
[2026-09-26T16:59:54.349Z] I (170461) RouteLoomRef: authority mesh tx_carrier=12 queued=12 shed=500 rx_carrier=6 denied=0 timeout=0
[2026-09-26T16:59:54.349Z] I (170461) RouteLoomRef: authority jobs accepted=13 failed=2 last=SESSION_UNAVAILABLE
[2026-09-26T16:59:54.349Z] I (170461) RouteLoomRef: member discovery rx=0 offer_tx=0 offer_rx=2 auth=1 kind_reject=0 capacity=0 send_fail=0
[2026-09-26T16:59:54.349Z] I (170462) RouteLoomRef: member scope raw=2 accepted=1 mac_reject=0 hint=0 generation=0 key_unavailable=0 budget=0
[2026-09-26T16:59:59.349Z] I (175462) RouteLoomRef: member state=4 links=1 ends=1 authority=1/1 confirm=1 demux_drop=0
[2026-09-26T16:59:59.350Z] I (175463) RouteLoomRef: member handshake starts=1 requests=1 rejected=0 send_fail=1 established=1 failed=0 last_error=6 active=0
[2026-09-26T16:59:59.353Z] I (175463) RouteLoomRef: member end send_fail=1 established=1 failed=4 last_error=7
[2026-09-26T16:59:59.353Z] I (175463) RouteLoomRef: authority state=2 tx_sent=12 tx_failed=0 rx_accepted=6 rx_rejected=0 pull=0 busy=0 backoff_s=0
[2026-09-26T16:59:59.353Z] I (175464) RouteLoomRef: authority mesh tx_carrier=12 queued=12 shed=500 rx_carrier=6 denied=0 timeout=0
[2026-09-26T16:59:59.353Z] I (175464) RouteLoomRef: authority jobs accepted=13 failed=2 last=SESSION_UNAVAILABLE
[2026-09-26T16:59:59.353Z] I (175464) RouteLoomRef: member discovery rx=0 offer_tx=0 offer_rx=2 auth=1 kind_reject=0 capacity=0 send_fail=0
[2026-09-26T16:59:59.353Z] I (175465) RouteLoomRef: member scope raw=2 accepted=1 mac_reject=0 hint=0 generation=0 key_unavailable=0 budget=0
[2026-09-26T17:00:01.291Z] I (177403) RouteLoomRef: message origin=1 session=2518660971 sequence=81 bytes=9
[2026-09-26T17:00:01.409Z] I (177521) RouteLoomRef: message origin=1 session=2518660971 sequence=83 bytes=9
[2026-09-26T17:00:01.525Z] I (177636) RouteLoomRef: message origin=1 session=2518660971 sequence=85 bytes=9
[2026-09-26T17:00:04.248Z] I (180361) RouteLoom: stack hwm main 10152 B
[2026-09-26T17:00:04.249Z] I (180361) RouteLoom: HIL HEAP free=21800 largest=18432 min=21152 B
[2026-09-26T17:00:04.249Z] I (180362) RouteLoom: HIL DISCOVERY candidates=0 neighbors=1 capacity=0 auth=1 stale=0 probes=10 send_failures=0 kind_rejects=0
[2026-09-26T17:00:04.249Z] I (180362) RouteLoom: HIL ROUTE peer=1 phase=5 via=1 metric=1 generation=357 seq=1
[2026-09-26T17:00:04.249Z] I (180362) RouteLoom: HIL ROUTE peer=2 phase=-1 via=0 metric=0 generation=0 seq=0
[2026-09-26T17:00:04.250Z] I (180363) RouteLoom: HIL ROUTE peer=3 phase=-1 via=0 metric=0 generation=0 seq=0
[2026-09-26T17:00:04.349Z] I (180462) RouteLoomRef: member state=4 links=1 ends=1 authority=1/1 confirm=1 demux_drop=0
[2026-09-26T17:00:04.350Z] I (180463) RouteLoomRef: member handshake starts=1 requests=1 rejected=0 send_fail=1 established=1 failed=0 last_error=6 active=0
[2026-09-26T17:00:04.350Z] I (180463) RouteLoomRef: member end send_fail=1 established=1 failed=4 last_error=7
[2026-09-26T17:00:04.350Z] I (180463) RouteLoomRef: authority state=2 tx_sent=12 tx_failed=0 rx_accepted=6 rx_rejected=0 pull=0 busy=0 backoff_s=0
[2026-09-26T17:00:04.351Z] I (180464) RouteLoomRef: authority mesh tx_carrier=12 queued=12 shed=500 rx_carrier=6 denied=0 timeout=0
[2026-09-26T17:00:04.351Z] I (180464) RouteLoomRef: authority jobs accepted=13 failed=2 last=SESSION_UNAVAILABLE
[2026-09-26T17:00:04.351Z] I (180464) RouteLoomRef: member discovery rx=0 offer_tx=0 offer_rx=2 auth=1 kind_reject=0 capacity=0 send_fail=0
[2026-09-26T17:00:04.352Z] I (180465) RouteLoomRef: member scope raw=2 accepted=1 mac_reject=0 hint=0 generation=0 key_unavailable=0 budget=0
[2026-09-26T17:00:09.353Z] I (185465) RouteLoomRef: member state=4 links=1 ends=1 authority=1/1 confirm=1 demux_drop=0
[2026-09-26T17:00:09.353Z] I (185466) RouteLoomRef: member handshake starts=1 requests=1 rejected=0 send_fail=1 established=1 failed=0 last_error=6 active=0
[2026-09-26T17:00:09.353Z] I (185466) RouteLoomRef: member end send_fail=1 established=1 failed=4 last_error=7
[2026-09-26T17:00:09.355Z] I (185466) RouteLoomRef: authority state=2 tx_sent=12 tx_failed=0 rx_accepted=6 rx_rejected=0 pull=0 busy=0 backoff_s=0
[2026-09-26T17:00:09.355Z] I (185467) RouteLoomRef: authority mesh tx_carrier=12 queued=12 shed=500 rx_carrier=6 denied=0 timeout=0
[2026-09-26T17:00:09.355Z] I (185467) RouteLoomRef: authority jobs accepted=13 failed=2 last=SESSION_UNAVAILABLE
[2026-09-26T17:00:09.356Z] I (185467) RouteLoomRef: member discovery rx=0 offer_tx=0 offer_rx=2 auth=1 kind_reject=0 capacity=0 send_fail=0
[2026-09-26T17:00:09.356Z] I (185468) RouteLoomRef: member scope raw=2 accepted=1 mac_reject=0 hint=0 generation=0 key_unavailable=0 budget=0
[2026-09-26T17:00:14.356Z] I (190467) RouteLoomRef: member state=4 links=1 ends=1 authority=1/1 confirm=1 demux_drop=0
[2026-09-26T17:00:14.356Z] I (190468) RouteLoomRef: member handshake starts=1 requests=1 rejected=0 send_fail=1 established=1 failed=0 last_error=6 active=0
[2026-09-26T17:00:14.356Z] I (190468) RouteLoomRef: member end send_fail=1 established=1 failed=4 last_error=7
[2026-09-26T17:00:14.356Z] I (190468) RouteLoomRef: authority state=2 tx_sent=12 tx_failed=0 rx_accepted=6 rx_rejected=0 pull=0 busy=0 backoff_s=0
[2026-09-26T17:00:14.356Z] I (190469) RouteLoomRef: authority mesh tx_carrier=12 queued=12 shed=500 rx_carrier=6 denied=0 timeout=0
[2026-09-26T17:00:14.356Z] I (190469) RouteLoomRef: authority jobs accepted=13 failed=2 last=SESSION_UNAVAILABLE
[2026-09-26T17:00:14.356Z] I (190469) RouteLoomRef: member discovery rx=0 offer_tx=0 offer_rx=2 auth=1 kind_reject=0 capacity=0 send_fail=0
[2026-09-26T17:00:14.357Z] I (190470) RouteLoomRef: member scope raw=2 accepted=1 mac_reject=0 hint=0 generation=0 key_unavailable=0 budget=0
[2026-09-26T17:00:19.355Z] I (195467) RouteLoomRef: member state=4 links=1 ends=1 authority=1/1 confirm=1 demux_drop=0
[2026-09-26T17:00:19.355Z] I (195468) RouteLoomRef: member handshake starts=1 requests=1 rejected=0 send_fail=1 established=1 failed=0 last_error=6 active=0
[2026-09-26T17:00:19.355Z] I (195468) RouteLoomRef: member end send_fail=1 established=1 failed=4 last_error=7
[2026-09-26T17:00:19.356Z] I (195468) RouteLoomRef: authority state=2 tx_sent=12 tx_failed=0 rx_accepted=6 rx_rejected=0 pull=0 busy=0 backoff_s=0
[2026-09-26T17:00:19.356Z] I (195469) RouteLoomRef: authority mesh tx_carrier=12 queued=12 shed=500 rx_carrier=6 denied=0 timeout=0
[2026-09-26T17:00:19.356Z] I (195469) RouteLoomRef: authority jobs accepted=13 failed=2 last=SESSION_UNAVAILABLE
[2026-09-26T17:00:19.356Z] I (195469) RouteLoomRef: member discovery rx=0 offer_tx=0 offer_rx=2 auth=1 kind_reject=0 capacity=0 send_fail=0
[2026-09-26T17:00:19.357Z] I (195470) RouteLoomRef: member scope raw=2 accepted=1 mac_reject=0 hint=0 generation=0 key_unavailable=0 budget=0
[2026-09-26T17:00:20.798Z] !! capture closed
