[2026-09-26T16:37:15.067Z] !! capture open /dev/serial/by-id/usb-Espressif_USB_JTAG_serial_debug_unit_94:A9:90:7A:26:AC-if00 @ 115200 backend=pyserial dtr=1 rts=0
[2026-09-26T16:37:18.465Z] I (20426) RouteLoomRef: member state=4 links=1 ends=1 authority=1/1 confirm=1 demux_drop=0
[2026-09-26T16:37:18.466Z] I (20427) RouteLoomRef: member handshake starts=1 requests=1 rejected=0 send_fail=0 established=1 failed=0 last_error=0 active=0
[2026-09-26T16:37:18.466Z] I (20427) RouteLoomRef: member end send_fail=0 established=1 failed=0 last_error=0
[2026-09-26T16:37:18.467Z] I (20427) RouteLoomRef: authority state=2 tx_sent=6 tx_failed=0 rx_accepted=2 rx_rejected=0 pull=0 busy=0 backoff_s=0
[2026-09-26T16:37:18.467Z] I (20428) RouteLoomRef: authority mesh tx_carrier=6 queued=6 shed=585 rx_carrier=2 denied=0 timeout=0
[2026-09-26T16:37:18.467Z] I (20428) RouteLoomRef: authority jobs accepted=9 failed=0 last=
[2026-09-26T16:37:18.467Z] I (20428) RouteLoomRef: member discovery rx=0 offer_tx=0 offer_rx=2 auth=1 kind_reject=0 capacity=0 send_fail=1
[2026-09-26T16:37:18.468Z] I (20428) RouteLoomRef: member scope raw=2 accepted=1 mac_reject=0 hint=0 generation=0 key_unavailable=0 budget=0
[2026-09-26T16:37:23.468Z] I (25429) RouteLoomRef: member state=4 links=1 ends=1 authority=1/1 confirm=1 demux_drop=0
[2026-09-26T16:37:23.469Z] I (25430) RouteLoomRef: member handshake starts=1 requests=1 rejected=0 send_fail=0 established=1 failed=0 last_error=0 active=0
[2026-09-26T16:37:23.469Z] I (25430) RouteLoomRef: member end send_fail=0 established=1 failed=0 last_error=0
[2026-09-26T16:37:23.469Z] I (25430) RouteLoomRef: authority state=2 tx_sent=6 tx_failed=0 rx_accepted=2 rx_rejected=0 pull=0 busy=0 backoff_s=0
[2026-09-26T16:37:23.470Z] I (25431) RouteLoomRef: authority mesh tx_carrier=6 queued=6 shed=585 rx_carrier=2 denied=0 timeout=0
[2026-09-26T16:37:23.470Z] I (25431) RouteLoomRef: authority jobs accepted=9 failed=0 last=
[2026-09-26T16:37:23.470Z] I (25431) RouteLoomRef: member discovery rx=0 offer_tx=0 offer_rx=2 auth=1 kind_reject=0 capacity=0 send_fail=1
[2026-09-26T16:37:23.471Z] I (25431) RouteLoomRef: member scope raw=2 accepted=1 mac_reject=0 hint=0 generation=0 key_unavailable=0 budget=0
[2026-09-26T16:37:28.469Z] I (30429) RouteLoomRef: member state=4 links=1 ends=1 authority=1/1 confirm=1 demux_drop=0
[2026-09-26T16:37:28.472Z] I (30430) RouteLoomRef: member handshake starts=1 requests=1 rejected=0 send_fail=0 established=1 failed=0 last_error=0 active=0
[2026-09-26T16:37:28.472Z] I (30430) RouteLoomRef: member end send_fail=0 established=1 failed=0 last_error=0
[2026-09-26T16:37:28.472Z] I (30430) RouteLoomRef: authority state=2 tx_sent=6 tx_failed=0 rx_accepted=2 rx_rejected=0 pull=0 busy=0 backoff_s=0
[2026-09-26T16:37:28.472Z] I (30431) RouteLoomRef: authority mesh tx_carrier=6 queued=6 shed=585 rx_carrier=2 denied=0 timeout=0
[2026-09-26T16:37:28.472Z] I (30431) RouteLoomRef: authority jobs accepted=9 failed=0 last=
[2026-09-26T16:37:28.472Z] I (30431) RouteLoomRef: member discovery rx=0 offer_tx=0 offer_rx=2 auth=1 kind_reject=0 capacity=0 send_fail=1
[2026-09-26T16:37:28.472Z] I (30432) RouteLoomRef: member scope raw=2 accepted=1 mac_reject=0 hint=0 generation=0 key_unavailable=0 budget=0
[2026-09-26T16:37:33.471Z] I (35431) RouteLoomRef: member state=4 links=1 ends=1 authority=1/1 confirm=1 demux_drop=0
[2026-09-26T16:37:33.472Z] I (35432) RouteLoomRef: member handshake starts=1 requests=1 rejected=0 send_fail=0 established=1 failed=0 last_error=0 active=0
[2026-09-26T16:37:33.472Z] I (35432) RouteLoomRef: member end send_fail=0 established=1 failed=0 last_error=0
[2026-09-26T16:37:33.472Z] I (35432) RouteLoomRef: authority state=2 tx_sent=6 tx_failed=0 rx_accepted=2 rx_rejected=0 pull=0 busy=0 backoff_s=0
[2026-09-26T16:37:33.472Z] I (35433) RouteLoomRef: authority mesh tx_carrier=6 queued=6 shed=585 rx_carrier=2 denied=0 timeout=0
[2026-09-26T16:37:33.472Z] I (35433) RouteLoomRef: authority jobs accepted=9 failed=0 last=
[2026-09-26T16:37:33.476Z] I (35433) RouteLoomRef: member discovery rx=0 offer_tx=0 offer_rx=2 auth=1 kind_reject=0 capacity=0 send_fail=1
[2026-09-26T16:37:33.476Z] I (35434) RouteLoomRef: member scope raw=2 accepted=1 mac_reject=0 hint=0 generation=0 key_unavailable=0 budget=0
[2026-09-26T16:37:38.474Z] I (40434) RouteLoomRef: member state=4 links=1 ends=1 authority=1/1 confirm=1 demux_drop=0
[2026-09-26T16:37:38.474Z] I (40435) RouteLoomRef: member handshake starts=1 requests=1 rejected=0 send_fail=0 established=1 failed=0 last_error=0 active=0
[2026-09-26T16:37:38.474Z] I (40435) RouteLoomRef: member end send_fail=0 established=1 failed=0 last_error=0
[2026-09-26T16:37:38.475Z] I (40435) RouteLoomRef: authority state=2 tx_sent=6 tx_failed=0 rx_accepted=2 rx_rejected=0 pull=0 busy=0 backoff_s=0
[2026-09-26T16:37:38.475Z] I (40436) RouteLoomRef: authority mesh tx_carrier=6 queued=6 shed=585 rx_carrier=2 denied=0 timeout=0
[2026-09-26T16:37:38.475Z] I (40436) RouteLoomRef: authority jobs accepted=9 failed=0 last=
[2026-09-26T16:37:38.475Z] I (40436) RouteLoomRef: member discovery rx=0 offer_tx=0 offer_rx=2 auth=1 kind_reject=0 capacity=0 send_fail=1
[2026-09-26T16:37:38.476Z] I (40436) RouteLoomRef: member scope raw=2 accepted=1 mac_reject=0 hint=0 generation=0 key_unavailable=0 budget=0
[2026-09-26T16:37:43.476Z] I (45436) RouteLoomRef: member state=4 links=1 ends=1 authority=1/1 confirm=1 demux_drop=0
[2026-09-26T16:37:43.476Z] I (45437) RouteLoomRef: member handshake starts=1 requests=1 rejected=0 send_fail=0 established=1 failed=0 last_error=0 active=0
[2026-09-26T16:37:43.476Z] I (45437) RouteLoomRef: member end send_fail=0 established=1 failed=0 last_error=0
[2026-09-26T16:37:43.477Z] I (45437) RouteLoomRef: authority state=2 tx_sent=6 tx_failed=0 rx_accepted=2 rx_rejected=0 pull=0 busy=0 backoff_s=0
[2026-09-26T16:37:43.477Z] I (45438) RouteLoomRef: authority mesh tx_carrier=6 queued=6 shed=585 rx_carrier=2 denied=0 timeout=0
[2026-09-26T16:37:43.477Z] I (45438) RouteLoomRef: authority jobs accepted=9 failed=0 last=
[2026-09-26T16:37:43.477Z] I (45438) RouteLoomRef: member discovery rx=0 offer_tx=0 offer_rx=2 auth=1 kind_reject=0 capacity=0 send_fail=1
[2026-09-26T16:37:43.478Z] I (45438) RouteLoomRef: member scope raw=2 accepted=1 mac_reject=0 hint=0 generation=0 key_unavailable=0 budget=0
[2026-09-26T16:37:48.479Z] I (50439) RouteLoomRef: member state=4 links=1 ends=1 authority=1/1 confirm=1 demux_drop=0
[2026-09-26T16:37:48.479Z] I (50440) RouteLoomRef: member handshake starts=1 requests=1 rejected=0 send_fail=0 established=1 failed=0 last_error=0 active=0
[2026-09-26T16:37:48.479Z] I (50440) RouteLoomRef: member end send_fail=0 established=1 failed=0 last_error=0
[2026-09-26T16:37:48.480Z] I (50440) RouteLoomRef: authority state=2 tx_sent=6 tx_failed=0 rx_accepted=2 rx_rejected=0 pull=0 busy=0 backoff_s=0
[2026-09-26T16:37:48.480Z] I (50441) RouteLoomRef: authority mesh tx_carrier=6 queued=6 shed=585 rx_carrier=2 denied=0 timeout=0
[2026-09-26T16:37:48.480Z] I (50441) RouteLoomRef: authority jobs accepted=9 failed=0 last=
[2026-09-26T16:37:48.480Z] I (50441) RouteLoomRef: member discovery rx=0 offer_tx=0 offer_rx=2 auth=1 kind_reject=0 capacity=0 send_fail=1
[2026-09-26T16:37:48.481Z] I (50442) RouteLoomRef: member scope raw=2 accepted=1 mac_reject=0 hint=0 generation=0 key_unavailable=0 budget=0
[2026-09-26T16:37:53.481Z] I (55441) RouteLoomRef: member state=4 links=1 ends=1 authority=1/1 confirm=1 demux_drop=0
[2026-09-26T16:37:53.481Z] I (55442) RouteLoomRef: member handshake starts=1 requests=1 rejected=0 send_fail=0 established=1 failed=0 last_error=0 active=0
[2026-09-26T16:37:53.481Z] I (55442) RouteLoomRef: member end send_fail=0 established=1 failed=0 last_error=0
[2026-09-26T16:37:53.482Z] I (55442) RouteLoomRef: authority state=2 tx_sent=6 tx_failed=0 rx_accepted=2 rx_rejected=0 pull=0 busy=0 backoff_s=0
[2026-09-26T16:37:53.482Z] I (55443) RouteLoomRef: authority mesh tx_carrier=6 queued=6 shed=585 rx_carrier=2 denied=0 timeout=0
[2026-09-26T16:37:53.482Z] I (55443) RouteLoomRef: authority jobs accepted=9 failed=0 last=
[2026-09-26T16:37:53.483Z] I (55443) RouteLoomRef: member discovery rx=0 offer_tx=0 offer_rx=2 auth=1 kind_reject=0 capacity=0 send_fail=1
[2026-09-26T16:37:53.483Z] I (55443) RouteLoomRef: member scope raw=2 accepted=1 mac_reject=0 hint=0 generation=0 key_unavailable=0 budget=0
[2026-09-26T16:37:58.395Z] I (60355) RouteLoom: stack hwm main 10280 B
[2026-09-26T16:37:58.395Z] I (60355) RouteLoom: HIL HEAP free=21900 largest=19456 min=20984 B
[2026-09-26T16:37:58.395Z] I (60356) RouteLoom: HIL DISCOVERY candidates=0 neighbors=1 capacity=0 auth=1 stale=0 probes=4 send_failures=1 kind_rejects=0
[2026-09-26T16:37:58.396Z] I (60356) RouteLoom: HIL ROUTE peer=1 phase=5 via=1 metric=1 generation=345 seq=3
[2026-09-26T16:37:58.396Z] I (60356) RouteLoom: HIL ROUTE peer=2 phase=-1 via=0 metric=0 generation=0 seq=0
[2026-09-26T16:37:58.483Z] I (60443) RouteLoomRef: member state=4 links=1 ends=1 authority=1/1 confirm=1 demux_drop=0
[2026-09-26T16:37:58.483Z] I (60444) RouteLoomRef: member handshake starts=1 requests=1 rejected=0 send_fail=0 established=1 failed=0 last_error=0 active=0
[2026-09-26T16:37:58.484Z] I (60444) RouteLoomRef: member end send_fail=0 established=1 failed=0 last_error=0
[2026-09-26T16:37:58.484Z] I (60444) RouteLoomRef: authority state=2 tx_sent=6 tx_failed=0 rx_accepted=2 rx_rejected=0 pull=0 busy=0 backoff_s=0
[2026-09-26T16:37:58.484Z] I (60445) RouteLoomRef: authority mesh tx_carrier=6 queued=6 shed=585 rx_carrier=2 denied=0 timeout=0
[2026-09-26T16:37:58.484Z] I (60445) RouteLoomRef: authority jobs accepted=9 failed=0 last=
[2026-09-26T16:37:58.485Z] I (60445) RouteLoomRef: member discovery rx=0 offer_tx=0 offer_rx=2 auth=1 kind_reject=0 capacity=0 send_fail=1
[2026-09-26T16:37:58.485Z] I (60445) RouteLoomRef: member scope raw=2 accepted=1 mac_reject=0 hint=0 generation=0 key_unavailable=0 budget=0
[2026-09-26T16:38:03.485Z] I (65445) RouteLoomRef: member state=4 links=1 ends=1 authority=1/1 confirm=1 demux_drop=0
[2026-09-26T16:38:03.486Z] I (65446) RouteLoomRef: member handshake starts=1 requests=1 rejected=0 send_fail=0 established=1 failed=0 last_error=0 active=0
[2026-09-26T16:38:03.486Z] I (65446) RouteLoomRef: member end send_fail=0 established=1 failed=0 last_error=0
[2026-09-26T16:38:03.486Z] I (65446) RouteLoomRef: authority state=2 tx_sent=6 tx_failed=0 rx_accepted=2 rx_rejected=0 pull=0 busy=0 backoff_s=0
[2026-09-26T16:38:03.486Z] I (65447) RouteLoomRef: authority mesh tx_carrier=6 queued=6 shed=585 rx_carrier=2 denied=0 timeout=0
[2026-09-26T16:38:03.487Z] I (65447) RouteLoomRef: authority jobs accepted=9 failed=0 last=
[2026-09-26T16:38:03.487Z] I (65447) RouteLoomRef: member discovery rx=0 offer_tx=0 offer_rx=2 auth=1 kind_reject=0 capacity=0 send_fail=1
[2026-09-26T16:38:03.487Z] I (65447) RouteLoomRef: member scope raw=2 accepted=1 mac_reject=0 hint=0 generation=0 key_unavailable=0 budget=0
[2026-09-26T16:38:08.488Z] I (70448) RouteLoomRef: member state=4 links=1 ends=1 authority=1/1 confirm=1 demux_drop=0
[2026-09-26T16:38:08.488Z] I (70449) RouteLoomRef: member handshake starts=1 requests=1 rejected=0 send_fail=0 established=1 failed=0 last_error=0 active=0
[2026-09-26T16:38:08.489Z] I (70449) RouteLoomRef: member end send_fail=0 established=1 failed=0 last_error=0
[2026-09-26T16:38:08.490Z] I (70449) RouteLoomRef: authority state=2 tx_sent=6 tx_failed=0 rx_accepted=2 rx_rejected=0 pull=0 busy=0 backoff_s=0
[2026-09-26T16:38:08.490Z] I (70450) RouteLoomRef: authority mesh tx_carrier=6 queued=6 shed=585 rx_carrier=2 denied=0 timeout=0
[2026-09-26T16:38:08.490Z] I (70450) RouteLoomRef: authority jobs accepted=9 failed=0 last=
[2026-09-26T16:38:08.491Z] I (70450) RouteLoomRef: member discovery rx=0 offer_tx=0 offer_rx=2 auth=1 kind_reject=0 capacity=0 send_fail=1
[2026-09-26T16:38:08.491Z] I (70450) RouteLoomRef: member scope raw=2 accepted=1 mac_reject=0 hint=0 generation=0 key_unavailable=0 budget=0
[2026-09-26T16:38:13.490Z] I (75450) RouteLoomRef: member state=4 links=1 ends=1 authority=1/1 confirm=1 demux_drop=0
[2026-09-26T16:38:13.491Z] I (75451) RouteLoomRef: member handshake starts=1 requests=1 rejected=0 send_fail=0 established=1 failed=0 last_error=0 active=0
[2026-09-26T16:38:13.491Z] I (75451) RouteLoomRef: member end send_fail=0 established=1 failed=0 last_error=0
[2026-09-26T16:38:13.491Z] I (75451) RouteLoomRef: authority state=2 tx_sent=6 tx_failed=0 rx_accepted=2 rx_rejected=0 pull=0 busy=0 backoff_s=0
[2026-09-26T16:38:13.491Z] I (75452) RouteLoomRef: authority mesh tx_carrier=6 queued=6 shed=585 rx_carrier=2 denied=0 timeout=0
[2026-09-26T16:38:13.492Z] I (75452) RouteLoomRef: authority jobs accepted=9 failed=0 last=
[2026-09-26T16:38:13.492Z] I (75452) RouteLoomRef: member discovery rx=0 offer_tx=0 offer_rx=2 auth=1 kind_reject=0 capacity=0 send_fail=1
[2026-09-26T16:38:13.492Z] I (75453) RouteLoomRef: member scope raw=2 accepted=1 mac_reject=0 hint=0 generation=0 key_unavailable=0 budget=0
[2026-09-26T16:38:18.493Z] I (80453) RouteLoomRef: member state=4 links=1 ends=1 authority=1/1 confirm=1 demux_drop=0
[2026-09-26T16:38:18.496Z] I (80454) RouteLoomRef: member handshake starts=1 requests=1 rejected=0 send_fail=0 established=1 failed=0 last_error=0 active=0
[2026-09-26T16:38:18.497Z] I (80454) RouteLoomRef: member end send_fail=0 established=1 failed=0 last_error=0
[2026-09-26T16:38:18.497Z] I (80454) RouteLoomRef: authority state=2 tx_sent=6 tx_failed=0 rx_accepted=2 rx_rejected=0 pull=0 busy=0 backoff_s=0
[2026-09-26T16:38:18.497Z] I (80455) RouteLoomRef: authority mesh tx_carrier=6 queued=6 shed=585 rx_carrier=2 denied=0 timeout=0
[2026-09-26T16:38:18.497Z] I (80455) RouteLoomRef: authority jobs accepted=9 failed=0 last=
[2026-09-26T16:38:18.497Z] I (80455) RouteLoomRef: member discovery rx=0 offer_tx=0 offer_rx=2 auth=1 kind_reject=0 capacity=0 send_fail=1
[2026-09-26T16:38:18.497Z] I (80456) RouteLoomRef: member scope raw=2 accepted=1 mac_reject=0 hint=0 generation=0 key_unavailable=0 budget=0
[2026-09-26T16:38:23.495Z] I (85455) RouteLoomRef: member state=4 links=1 ends=1 authority=1/1 confirm=1 demux_drop=0
[2026-09-26T16:38:23.496Z] I (85456) RouteLoomRef: member handshake starts=1 requests=1 rejected=0 send_fail=0 established=1 failed=0 last_error=0 active=0
[2026-09-26T16:38:23.496Z] I (85456) RouteLoomRef: member end send_fail=0 established=1 failed=0 last_error=0
[2026-09-26T16:38:23.496Z] I (85456) RouteLoomRef: authority state=2 tx_sent=6 tx_failed=0 rx_accepted=2 rx_rejected=0 pull=0 busy=0 backoff_s=0
[2026-09-26T16:38:23.497Z] I (85457) RouteLoomRef: authority mesh tx_carrier=6 queued=6 shed=585 rx_carrier=2 denied=0 timeout=0
[2026-09-26T16:38:23.497Z] I (85457) RouteLoomRef: authority jobs accepted=9 failed=0 last=
[2026-09-26T16:38:23.497Z] I (85457) RouteLoomRef: member discovery rx=0 offer_tx=0 offer_rx=2 auth=1 kind_reject=0 capacity=0 send_fail=1
[2026-09-26T16:38:23.498Z] I (85458) RouteLoomRef: member scope raw=2 accepted=1 mac_reject=0 hint=0 generation=0 key_unavailable=0 budget=0
[2026-09-26T16:38:28.496Z] I (90455) RouteLoomRef: member state=4 links=1 ends=1 authority=1/1 confirm=1 demux_drop=0
[2026-09-26T16:38:28.496Z] I (90456) RouteLoomRef: member handshake starts=1 requests=1 rejected=0 send_fail=0 established=1 failed=0 last_error=0 active=0
[2026-09-26T16:38:28.496Z] I (90456) RouteLoomRef: member end send_fail=0 established=1 failed=0 last_error=0
[2026-09-26T16:38:28.496Z] I (90456) RouteLoomRef: authority state=2 tx_sent=6 tx_failed=0 rx_accepted=2 rx_rejected=0 pull=0 busy=0 backoff_s=0
[2026-09-26T16:38:28.497Z] I (90457) RouteLoomRef: authority mesh tx_carrier=6 queued=6 shed=585 rx_carrier=2 denied=0 timeout=0
[2026-09-26T16:38:28.497Z] I (90457) RouteLoomRef: authority jobs accepted=9 failed=0 last=
[2026-09-26T16:38:28.497Z] I (90457) RouteLoomRef: member discovery rx=0 offer_tx=0 offer_rx=2 auth=1 kind_reject=0 capacity=0 send_fail=1
[2026-09-26T16:38:28.499Z] I (90457) RouteLoomRef: member scope raw=2 accepted=1 mac_reject=0 hint=0 generation=0 key_unavailable=0 budget=0
[2026-09-26T16:38:33.498Z] I (95458) RouteLoomRef: member state=4 links=1 ends=1 authority=1/1 confirm=1 demux_drop=0
[2026-09-26T16:38:33.499Z] I (95459) RouteLoomRef: member handshake starts=1 requests=1 rejected=0 send_fail=0 established=1 failed=0 last_error=0 active=0
[2026-09-26T16:38:33.500Z] I (95459) RouteLoomRef: member end send_fail=0 established=1 failed=0 last_error=0
[2026-09-26T16:38:33.500Z] I (95459) RouteLoomRef: authority state=2 tx_sent=6 tx_failed=0 rx_accepted=2 rx_rejected=0 pull=0 busy=0 backoff_s=0
[2026-09-26T16:38:33.500Z] I (95460) RouteLoomRef: authority mesh tx_carrier=6 queued=6 shed=585 rx_carrier=2 denied=0 timeout=0
[2026-09-26T16:38:33.502Z] I (95460) RouteLoomRef: authority jobs accepted=9 failed=0 last=
[2026-09-26T16:38:33.502Z] I (95460) RouteLoomRef: member discovery rx=0 offer_tx=0 offer_rx=2 auth=1 kind_reject=0 capacity=0 send_fail=1
[2026-09-26T16:38:33.502Z] I (95461) RouteLoomRef: member scope raw=2 accepted=1 mac_reject=0 hint=0 generation=0 key_unavailable=0 budget=0
[2026-09-26T16:38:38.502Z] I (100461) RouteLoomRef: member state=4 links=1 ends=1 authority=1/1 confirm=1 demux_drop=0
[2026-09-26T16:38:38.502Z] I (100462) RouteLoomRef: member handshake starts=1 requests=1 rejected=0 send_fail=0 established=1 failed=0 last_error=0 active=0
[2026-09-26T16:38:38.502Z] I (100462) RouteLoomRef: member end send_fail=0 established=1 failed=0 last_error=0
[2026-09-26T16:38:38.503Z] I (100462) RouteLoomRef: authority state=2 tx_sent=6 tx_failed=0 rx_accepted=2 rx_rejected=0 pull=0 busy=0 backoff_s=0
[2026-09-26T16:38:38.503Z] I (100463) RouteLoomRef: authority mesh tx_carrier=6 queued=6 shed=585 rx_carrier=2 denied=0 timeout=0
[2026-09-26T16:38:38.503Z] I (100463) RouteLoomRef: authority jobs accepted=9 failed=0 last=
[2026-09-26T16:38:38.504Z] I (100463) RouteLoomRef: member discovery rx=0 offer_tx=0 offer_rx=2 auth=1 kind_reject=0 capacity=0 send_fail=1
[2026-09-26T16:38:38.504Z] I (100464) RouteLoomRef: member scope raw=2 accepted=1 mac_reject=0 hint=0 generation=0 key_unavailable=0 budget=0
[2026-09-26T16:38:43.503Z] I (105463) RouteLoomRef: member state=4 links=1 ends=1 authority=1/1 confirm=1 demux_drop=0
[2026-09-26T16:38:43.505Z] I (105464) RouteLoomRef: member handshake starts=1 requests=1 rejected=0 send_fail=0 established=1 failed=0 last_error=0 active=0
[2026-09-26T16:38:43.505Z] I (105464) RouteLoomRef: member end send_fail=0 established=1 failed=0 last_error=0
[2026-09-26T16:38:43.505Z] I (105464) RouteLoomRef: authority state=2 tx_sent=6 tx_failed=0 rx_accepted=2 rx_rejected=0 pull=0 busy=0 backoff_s=0
[2026-09-26T16:38:43.505Z] I (105465) RouteLoomRef: authority mesh tx_carrier=6 queued=6 shed=585 rx_carrier=2 denied=0 timeout=0
[2026-09-26T16:38:43.505Z] I (105465) RouteLoomRef: authority jobs accepted=9 failed=0 last=
[2026-09-26T16:38:43.505Z] I (105465) RouteLoomRef: member discovery rx=0 offer_tx=0 offer_rx=2 auth=1 kind_reject=0 capacity=0 send_fail=1
[2026-09-26T16:38:43.506Z] I (105466) RouteLoomRef: member scope raw=2 accepted=1 mac_reject=0 hint=0 generation=0 key_unavailable=0 budget=0
[2026-09-26T16:38:48.507Z] I (110466) RouteLoomRef: member state=4 links=1 ends=1 authority=1/1 confirm=1 demux_drop=0
[2026-09-26T16:38:48.507Z] I (110467) RouteLoomRef: member handshake starts=1 requests=1 rejected=0 send_fail=0 established=1 failed=0 last_error=0 active=0
[2026-09-26T16:38:48.507Z] I (110467) RouteLoomRef: member end send_fail=0 established=1 failed=0 last_error=0
[2026-09-26T16:38:48.508Z] I (110467) RouteLoomRef: authority state=2 tx_sent=6 tx_failed=0 rx_accepted=2 rx_rejected=0 pull=0 busy=0 backoff_s=0
[2026-09-26T16:38:48.508Z] I (110468) RouteLoomRef: authority mesh tx_carrier=6 queued=6 shed=585 rx_carrier=2 denied=0 timeout=0
[2026-09-26T16:38:48.508Z] I (110468) RouteLoomRef: authority jobs accepted=9 failed=0 last=
[2026-09-26T16:38:48.508Z] I (110468) RouteLoomRef: member discovery rx=0 offer_tx=0 offer_rx=2 auth=1 kind_reject=0 capacity=0 send_fail=1
[2026-09-26T16:38:48.509Z] I (110469) RouteLoomRef: member scope raw=2 accepted=1 mac_reject=0 hint=0 generation=0 key_unavailable=0 budget=0
[2026-09-26T16:38:53.509Z] I (115468) RouteLoomRef: member state=4 links=1 ends=1 authority=1/1 confirm=1 demux_drop=0
[2026-09-26T16:38:53.509Z] I (115469) RouteLoomRef: member handshake starts=1 requests=1 rejected=0 send_fail=0 established=1 failed=0 last_error=0 active=0
[2026-09-26T16:38:53.509Z] I (115469) RouteLoomRef: member end send_fail=0 established=1 failed=0 last_error=0
[2026-09-26T16:38:53.510Z] I (115469) RouteLoomRef: authority state=2 tx_sent=6 tx_failed=0 rx_accepted=2 rx_rejected=0 pull=0 busy=0 backoff_s=0
[2026-09-26T16:38:53.510Z] I (115470) RouteLoomRef: authority mesh tx_carrier=6 queued=6 shed=585 rx_carrier=2 denied=0 timeout=0
[2026-09-26T16:38:53.510Z] I (115470) RouteLoomRef: authority jobs accepted=9 failed=0 last=
[2026-09-26T16:38:53.510Z] I (115470) RouteLoomRef: member discovery rx=0 offer_tx=0 offer_rx=2 auth=1 kind_reject=0 capacity=0 send_fail=1
[2026-09-26T16:38:53.511Z] I (115470) RouteLoomRef: member scope raw=2 accepted=1 mac_reject=0 hint=0 generation=0 key_unavailable=0 budget=0
[2026-09-26T16:38:58.399Z] I (120358) RouteLoom: stack hwm main 10280 B
[2026-09-26T16:38:58.399Z] I (120358) RouteLoom: HIL HEAP free=21900 largest=19456 min=20984 B
[2026-09-26T16:38:58.400Z] I (120359) RouteLoom: HIL DISCOVERY candidates=0 neighbors=1 capacity=0 auth=1 stale=0 probes=7 send_failures=1 kind_rejects=0
[2026-09-26T16:38:58.400Z] I (120359) RouteLoom: HIL ROUTE peer=1 phase=5 via=1 metric=1 generation=345 seq=3
[2026-09-26T16:38:58.400Z] I (120359) RouteLoom: HIL ROUTE peer=2 phase=-1 via=0 metric=0 generation=0 seq=0
[2026-09-26T16:38:58.511Z] I (120470) RouteLoomRef: member state=4 links=1 ends=1 authority=1/1 confirm=1 demux_drop=0
[2026-09-26T16:38:58.511Z] I (120471) RouteLoomRef: member handshake starts=1 requests=1 rejected=0 send_fail=0 established=1 failed=0 last_error=0 active=0
[2026-09-26T16:38:58.511Z] I (120471) RouteLoomRef: member end send_fail=0 established=1 failed=0 last_error=0
[2026-09-26T16:38:58.512Z] I (120471) RouteLoomRef: authority state=2 tx_sent=6 tx_failed=0 rx_accepted=2 rx_rejected=0 pull=0 busy=0 backoff_s=0
[2026-09-26T16:38:58.512Z] I (120472) RouteLoomRef: authority mesh tx_carrier=6 queued=6 shed=585 rx_carrier=2 denied=0 timeout=0
[2026-09-26T16:38:58.512Z] I (120472) RouteLoomRef: authority jobs accepted=9 failed=0 last=
[2026-09-26T16:38:58.513Z] I (120472) RouteLoomRef: member discovery rx=0 offer_tx=0 offer_rx=2 auth=1 kind_reject=0 capacity=0 send_fail=1
[2026-09-26T16:38:58.513Z] I (120472) RouteLoomRef: member scope raw=2 accepted=1 mac_reject=0 hint=0 generation=0 key_unavailable=0 budget=0
[2026-09-26T16:39:03.513Z] I (125472) RouteLoomRef: member state=4 links=1 ends=1 authority=1/1 confirm=1 demux_drop=0
[2026-09-26T16:39:03.513Z] I (125473) RouteLoomRef: member handshake starts=1 requests=1 rejected=0 send_fail=0 established=1 failed=0 last_error=0 active=0
[2026-09-26T16:39:03.516Z] I (125473) RouteLoomRef: member end send_fail=0 established=1 failed=0 last_error=0
[2026-09-26T16:39:03.516Z] I (125473) RouteLoomRef: authority state=2 tx_sent=6 tx_failed=0 rx_accepted=2 rx_rejected=0 pull=0 busy=0 backoff_s=0
[2026-09-26T16:39:03.516Z] I (125474) RouteLoomRef: authority mesh tx_carrier=6 queued=6 shed=585 rx_carrier=2 denied=0 timeout=0
[2026-09-26T16:39:03.516Z] I (125474) RouteLoomRef: authority jobs accepted=9 failed=0 last=
[2026-09-26T16:39:03.516Z] I (125474) RouteLoomRef: member discovery rx=0 offer_tx=0 offer_rx=2 auth=1 kind_reject=0 capacity=0 send_fail=1
[2026-09-26T16:39:03.516Z] I (125474) RouteLoomRef: member scope raw=2 accepted=1 mac_reject=0 hint=0 generation=0 key_unavailable=0 budget=0
[2026-09-26T16:39:08.516Z] I (130475) RouteLoomRef: member state=4 links=1 ends=1 authority=1/1 confirm=1 demux_drop=0
[2026-09-26T16:39:08.516Z] I (130476) RouteLoomRef: member handshake starts=1 requests=1 rejected=0 send_fail=0 established=1 failed=0 last_error=0 active=0
[2026-09-26T16:39:08.517Z] I (130476) RouteLoomRef: member end send_fail=0 established=1 failed=0 last_error=0
[2026-09-26T16:39:08.517Z] I (130476) RouteLoomRef: authority state=2 tx_sent=6 tx_failed=0 rx_accepted=2 rx_rejected=0 pull=0 busy=0 backoff_s=0
[2026-09-26T16:39:08.517Z] I (130477) RouteLoomRef: authority mesh tx_carrier=6 queued=6 shed=585 rx_carrier=2 denied=0 timeout=0
[2026-09-26T16:39:08.517Z] I (130477) RouteLoomRef: authority jobs accepted=9 failed=0 last=
[2026-09-26T16:39:08.518Z] I (130477) RouteLoomRef: member discovery rx=0 offer_tx=0 offer_rx=2 auth=1 kind_reject=0 capacity=0 send_fail=1
[2026-09-26T16:39:08.518Z] I (130477) RouteLoomRef: member scope raw=2 accepted=1 mac_reject=0 hint=0 generation=0 key_unavailable=0 budget=0
[2026-09-26T16:39:13.518Z] I (135477) RouteLoomRef: member state=4 links=1 ends=1 authority=1/1 confirm=1 demux_drop=0
[2026-09-26T16:39:13.518Z] I (135478) RouteLoomRef: member handshake starts=1 requests=1 rejected=0 send_fail=0 established=1 failed=0 last_error=0 active=0
[2026-09-26T16:39:13.519Z] I (135478) RouteLoomRef: member end send_fail=0 established=1 failed=0 last_error=0
[2026-09-26T16:39:13.519Z] I (135478) RouteLoomRef: authority state=2 tx_sent=6 tx_failed=0 rx_accepted=2 rx_rejected=0 pull=0 busy=0 backoff_s=0
[2026-09-26T16:39:13.519Z] I (135479) RouteLoomRef: authority mesh tx_carrier=6 queued=6 shed=585 rx_carrier=2 denied=0 timeout=0
[2026-09-26T16:39:13.519Z] I (135479) RouteLoomRef: authority jobs accepted=9 failed=0 last=
[2026-09-26T16:39:13.520Z] I (135479) RouteLoomRef: member discovery rx=0 offer_tx=0 offer_rx=2 auth=1 kind_reject=0 capacity=0 send_fail=1
[2026-09-26T16:39:13.520Z] I (135480) RouteLoomRef: member scope raw=2 accepted=1 mac_reject=0 hint=0 generation=0 key_unavailable=0 budget=0
[2026-09-26T16:39:18.521Z] I (140480) RouteLoomRef: member state=4 links=1 ends=1 authority=1/1 confirm=1 demux_drop=0
[2026-09-26T16:39:18.521Z] I (140481) RouteLoomRef: member handshake starts=1 requests=1 rejected=0 send_fail=0 established=1 failed=0 last_error=0 active=0
[2026-09-26T16:39:18.522Z] I (140481) RouteLoomRef: member end send_fail=0 established=1 failed=0 last_error=0
[2026-09-26T16:39:18.522Z] I (140481) RouteLoomRef: authority state=2 tx_sent=6 tx_failed=0 rx_accepted=2 rx_rejected=0 pull=0 busy=0 backoff_s=0
[2026-09-26T16:39:18.522Z] I (140482) RouteLoomRef: authority mesh tx_carrier=6 queued=6 shed=585 rx_carrier=2 denied=0 timeout=0
[2026-09-26T16:39:18.522Z] I (140482) RouteLoomRef: authority jobs accepted=9 failed=0 last=
[2026-09-26T16:39:18.523Z] I (140482) RouteLoomRef: member discovery rx=0 offer_tx=0 offer_rx=2 auth=1 kind_reject=0 capacity=0 send_fail=1
[2026-09-26T16:39:18.523Z] I (140482) RouteLoomRef: member scope raw=2 accepted=1 mac_reject=0 hint=0 generation=0 key_unavailable=0 budget=0
[2026-09-26T16:39:23.523Z] I (145482) RouteLoomRef: member state=4 links=1 ends=1 authority=1/1 confirm=1 demux_drop=0
[2026-09-26T16:39:23.523Z] I (145483) RouteLoomRef: member handshake starts=1 requests=1 rejected=0 send_fail=0 established=1 failed=0 last_error=0 active=0
[2026-09-26T16:39:23.524Z] I (145483) RouteLoomRef: member end send_fail=0 established=1 failed=0 last_error=0
[2026-09-26T16:39:23.524Z] I (145483) RouteLoomRef: authority state=2 tx_sent=6 tx_failed=0 rx_accepted=2 rx_rejected=0 pull=0 busy=0 backoff_s=0
[2026-09-26T16:39:23.526Z] I (145484) RouteLoomRef: authority mesh tx_carrier=6 queued=6 shed=585 rx_carrier=2 denied=0 timeout=0
[2026-09-26T16:39:23.526Z] I (145484) RouteLoomRef: authority jobs accepted=9 failed=0 last=
[2026-09-26T16:39:23.526Z] I (145484) RouteLoomRef: member discovery rx=0 offer_tx=0 offer_rx=2 auth=1 kind_reject=0 capacity=0 send_fail=1
[2026-09-26T16:39:23.526Z] I (145484) RouteLoomRef: member scope raw=2 accepted=1 mac_reject=0 hint=0 generation=0 key_unavailable=0 budget=0
[2026-09-26T16:39:28.523Z] I (150482) RouteLoomRef: member state=4 links=1 ends=1 authority=1/1 confirm=1 demux_drop=0
[2026-09-26T16:39:28.525Z] I (150483) RouteLoomRef: member handshake starts=1 requests=1 rejected=0 send_fail=0 established=1 failed=0 last_error=0 active=0
[2026-09-26T16:39:28.525Z] I (150483) RouteLoomRef: member end send_fail=0 established=1 failed=0 last_error=0
[2026-09-26T16:39:28.525Z] I (150483) RouteLoomRef: authority state=2 tx_sent=6 tx_failed=0 rx_accepted=2 rx_rejected=0 pull=0 busy=0 backoff_s=0
[2026-09-26T16:39:28.525Z] I (150484) RouteLoomRef: authority mesh tx_carrier=6 queued=6 shed=585 rx_carrier=2 denied=0 timeout=0
[2026-09-26T16:39:28.525Z] I (150484) RouteLoomRef: authority jobs accepted=9 failed=0 last=
[2026-09-26T16:39:28.525Z] I (150484) RouteLoomRef: member discovery rx=0 offer_tx=0 offer_rx=2 auth=1 kind_reject=0 capacity=0 send_fail=1
[2026-09-26T16:39:28.525Z] I (150485) RouteLoomRef: member scope raw=2 accepted=1 mac_reject=0 hint=0 generation=0 key_unavailable=0 budget=0
[2026-09-26T16:39:33.525Z] I (155484) RouteLoomRef: member state=4 links=1 ends=1 authority=1/1 confirm=1 demux_drop=0
[2026-09-26T16:39:33.527Z] I (155485) RouteLoomRef: member handshake starts=1 requests=1 rejected=0 send_fail=0 established=1 failed=0 last_error=0 active=0
[2026-09-26T16:39:33.527Z] I (155485) RouteLoomRef: member end send_fail=0 established=1 failed=0 last_error=0
[2026-09-26T16:39:33.527Z] I (155485) RouteLoomRef: authority state=2 tx_sent=6 tx_failed=0 rx_accepted=2 rx_rejected=0 pull=0 busy=0 backoff_s=0
[2026-09-26T16:39:33.527Z] I (155486) RouteLoomRef: authority mesh tx_carrier=6 queued=6 shed=585 rx_carrier=2 denied=0 timeout=0
[2026-09-26T16:39:33.527Z] I (155486) RouteLoomRef: authority jobs accepted=9 failed=0 last=
[2026-09-26T16:39:33.527Z] I (155486) RouteLoomRef: member discovery rx=0 offer_tx=0 offer_rx=2 auth=1 kind_reject=0 capacity=0 send_fail=1
[2026-09-26T16:39:33.528Z] I (155487) RouteLoomRef: member scope raw=2 accepted=1 mac_reject=0 hint=0 generation=0 key_unavailable=0 budget=0
[2026-09-26T16:39:38.528Z] I (160487) RouteLoomRef: member state=4 links=1 ends=1 authority=1/1 confirm=1 demux_drop=0
[2026-09-26T16:39:38.529Z] I (160488) RouteLoomRef: member handshake starts=1 requests=1 rejected=0 send_fail=0 established=1 failed=0 last_error=0 active=0
[2026-09-26T16:39:38.529Z] I (160488) RouteLoomRef: member end send_fail=0 established=1 failed=0 last_error=0
[2026-09-26T16:39:38.529Z] I (160488) RouteLoomRef: authority state=2 tx_sent=6 tx_failed=0 rx_accepted=2 rx_rejected=0 pull=0 busy=0 backoff_s=0
[2026-09-26T16:39:38.530Z] I (160489) RouteLoomRef: authority mesh tx_carrier=6 queued=6 shed=585 rx_carrier=2 denied=0 timeout=0
[2026-09-26T16:39:38.530Z] I (160489) RouteLoomRef: authority jobs accepted=9 failed=0 last=
[2026-09-26T16:39:38.530Z] I (160489) RouteLoomRef: member discovery rx=0 offer_tx=0 offer_rx=2 auth=1 kind_reject=0 capacity=0 send_fail=1
[2026-09-26T16:39:38.530Z] I (160490) RouteLoomRef: member scope raw=2 accepted=1 mac_reject=0 hint=0 generation=0 key_unavailable=0 budget=0
[2026-09-26T16:39:43.531Z] I (165489) RouteLoomRef: member state=4 links=1 ends=1 authority=1/1 confirm=1 demux_drop=0
[2026-09-26T16:39:43.531Z] I (165490) RouteLoomRef: member handshake starts=1 requests=1 rejected=0 send_fail=0 established=1 failed=0 last_error=0 active=0
[2026-09-26T16:39:43.531Z] I (165490) RouteLoomRef: member end send_fail=0 established=1 failed=0 last_error=0
[2026-09-26T16:39:43.531Z] I (165490) RouteLoomRef: authority state=2 tx_sent=6 tx_failed=0 rx_accepted=2 rx_rejected=0 pull=0 busy=0 backoff_s=0
[2026-09-26T16:39:43.532Z] I (165491) RouteLoomRef: authority mesh tx_carrier=6 queued=6 shed=585 rx_carrier=2 denied=0 timeout=0
[2026-09-26T16:39:43.532Z] I (165491) RouteLoomRef: authority jobs accepted=9 failed=0 last=
[2026-09-26T16:39:43.532Z] I (165491) RouteLoomRef: member discovery rx=0 offer_tx=0 offer_rx=2 auth=1 kind_reject=0 capacity=0 send_fail=1
[2026-09-26T16:39:43.533Z] I (165491) RouteLoomRef: member scope raw=2 accepted=1 mac_reject=0 hint=0 generation=0 key_unavailable=0 budget=0
[2026-09-26T16:39:45.170Z] !! capture closed
