[2026-09-26T17:18:07.001Z] !! capture open /dev/serial/by-id/usb-Espressif_USB_JTAG_serial_debug_unit_94:A9:90:6A:EE:C4-if00 @ 115200 backend=pyserial dtr=0 rts=0
[2026-09-26T17:18:07.005Z] ESP-ROM:esp32c3-api1-20210207
[2026-09-26T17:18:07.005Z] Build:Feb  7 2021
[2026-09-26T17:18:07.005Z] rst:0x15 (USB_UART_CHIP_RESET),boot:0x8 (SPI_FAST_FLASH_BOOT)
[2026-09-26T17:18:07.005Z] Saved PC:0x40049730
[2026-09-26T17:18:07.005Z] SPIWP:0xee
[2026-09-26T17:18:07.006Z] mode:DIO, clock div:1
[2026-09-26T17:18:07.007Z] load:0x3fcd5830,len:0x15a4
[2026-09-26T17:18:07.012Z] load:0x403cbf10,len:0xce0
[2026-09-26T17:18:07.012Z] load:0x403ce710,len:0x303c
[2026-09-26T17:18:07.019Z] entry 0x403cbf1a
[2026-09-26T17:18:07.026Z] I (24) boot: ESP-IDF v6.0.3 2nd stage bootloader
[2026-09-26T17:18:07.026Z] I (24) boot: compile time Sep 26 2026 09:37:13
[2026-09-26T17:18:07.026Z] I (25) boot: chip revision: v0.4
[2026-09-26T17:18:07.029Z] I (25) boot: efuse block revision: v1.3
[2026-09-26T17:18:07.033Z] I (28) boot.esp32c3: SPI Speed      : 80MHz
[2026-09-26T17:18:07.037Z] I (32) boot.esp32c3: SPI Mode       : DIO
[2026-09-26T17:18:07.041Z] I (36) boot.esp32c3: SPI Flash Size : 2MB
[2026-09-26T17:18:07.045Z] I (39) boot: Enabling RNG early entropy source...
[2026-09-26T17:18:07.048Z] I (44) boot: Partition Table:
[2026-09-26T17:18:07.054Z] I (46) boot: ## Label            Usage          Type ST Offset   Length
[2026-09-26T17:18:07.061Z] I (53) boot:  0 nvs              WiFi data        01 02 00009000 00006000
[2026-09-26T17:18:07.067Z] I (59) boot:  1 phy_init         RF data          01 01 0000f000 00001000
[2026-09-26T17:18:07.074Z] I (66) boot:  2 factory          factory app      00 00 00010000 00180000
[2026-09-26T17:18:07.080Z] I (72) boot:  3 rlsec            WiFi data        01 02 00190000 00020000
[2026-09-26T17:18:07.083Z] I (79) boot: End of partition table
[2026-09-26T17:18:07.094Z] I (82) esp_image: segment 0: paddr=00010020 vaddr=3c110020 size=21ca4h (138404) map
[2026-09-26T17:18:07.114Z] I (112) esp_image: segment 1: paddr=00031ccc vaddr=3fc8e000 size=03404h ( 13316) load
[2026-09-26T17:18:07.117Z] I (115) esp_image: segment 2: paddr=000350d8 vaddr=40380000 size=0af40h ( 44864) load
[2026-09-26T17:18:07.127Z] I (125) esp_image: segment 3: paddr=00040020 vaddr=42000020 size=10d444h (1102916) map
[2026-09-26T17:18:07.306Z] I (304) esp_image: segment 4: paddr=0014d46c vaddr=4038af40 size=03004h ( 12292) load
[2026-09-26T17:18:07.311Z] I (307) esp_image: segment 5: paddr=00150478 vaddr=50000000 size=0001ch (    28) load
[2026-09-26T17:18:07.317Z] I (308) esp_image: segment 6: paddr=0015049c vaddr=50000020 size=016b8h (  5816) load
[2026-09-26T17:18:07.329Z] I (317) esp_image: segment 7: paddr=00151b5c vaddr=500016e0 size=00024h (    36) load
[2026-09-26T17:18:07.330Z] I (328) boot: Loaded app from partition at offset 0x10000
[2026-09-26T17:18:07.334Z] I (328) boot: Disabling RNG early entropy source...
[2026-09-26T17:18:07.347Z] I (345) cpu_start: Unicore app
[2026-09-26T17:18:07.355Z] I (354) cpu_start: GPIO 20 and 21 are used as console UART I/O pins
[2026-09-26T17:18:07.355Z] I (354) cpu_start: Pro cpu start user code
[2026-09-26T17:18:07.357Z] I (354) cpu_start: cpu freq: 160000000 Hz
[2026-09-26T17:18:07.361Z] I (356) app_init: Application information:
[2026-09-26T17:18:07.366Z] I (360) app_init: Project name:     routeloom_bridge_node
[2026-09-26T17:18:07.370Z] I (365) app_init: App version:      1
[2026-09-26T17:18:07.375Z] I (368) app_init: Compile time:     Sep 26 2026 16:51:27
[2026-09-26T17:18:07.379Z] I (373) app_init: ELF file SHA256:  a093e0b77...
[2026-09-26T17:18:07.383Z] I (378) app_init: ESP-IDF:          v6.0.3
[2026-09-26T17:18:07.387Z] I (381) efuse_init: Min chip rev:     v0.3
[2026-09-26T17:18:07.391Z] I (385) efuse_init: Max chip rev:     v1.99 
[2026-09-26T17:18:07.395Z] I (389) efuse_init: Chip rev:         v0.4
[2026-09-26T17:18:07.401Z] I (393) heap_init: Initializing. RAM available for dynamic allocation:
[2026-09-26T17:18:07.407Z] I (399) heap_init: At 3FCC79C0 len 00014D50 (83 KiB): Retention RAM
[2026-09-26T17:18:07.412Z] I (405) heap_init: At 3FCDC710 len 00002950 (10 KiB): Retention RAM
[2026-09-26T17:18:07.418Z] I (411) heap_init: At 50001704 len 000008E4 (2 KiB): RTCRAM
[2026-09-26T17:18:07.422Z] I (417) spi_flash: detected chip: generic
[2026-09-26T17:18:07.426Z] I (420) spi_flash: flash io: dio
[2026-09-26T17:18:07.437Z] W (423) spi_flash: Detected size(4096k) larger than the size in the binary image header(2048k). Using the size in the binary image header.
[2026-09-26T17:18:07.443Z] I (436) sleep_gpio: Configure to isolate all GPIO pins in sleep state
[2026-09-26T17:18:07.449Z] I (442) sleep_gpio: Enable automatic switching of GPIO sleep configuration
[2026-09-26T17:18:08.521Z] ESP-ROM:esp32c3-api1-20210207
[2026-09-26T17:18:08.521Z] Build:Feb  7 2021
[2026-09-26T17:18:08.522Z] rst:0xc (RTC_SW_CPU_RST),boot:0x8 (SPI_FAST_FLASH_BOOT)
[2026-09-26T17:18:08.522Z] Saved PC:0x40388246
[2026-09-26T17:18:08.523Z] SPIWP:0xee
[2026-09-26T17:18:08.524Z] mode:DIO, clock div:1
[2026-09-26T17:18:08.526Z] load:0x3fcd5830,len:0x15a4
[2026-09-26T17:18:08.529Z] load:0x403cbf10,len:0xce0
[2026-09-26T17:18:08.532Z] load:0x403ce710,len:0x303c
[2026-09-26T17:18:08.538Z] entry 0x403cbf1a
[2026-09-26T17:18:08.545Z] I (24) boot: ESP-IDF v6.0.3 2nd stage bootloader
[2026-09-26T17:18:08.545Z] I (24) boot: compile time Sep 26 2026 09:37:13
[2026-09-26T17:18:08.545Z] I (24) boot: chip revision: v0.4
[2026-09-26T17:18:08.548Z] I (24) boot: efuse block revision: v1.3
[2026-09-26T17:18:08.552Z] I (27) boot.esp32c3: SPI Speed      : 80MHz
[2026-09-26T17:18:08.556Z] I (31) boot.esp32c3: SPI Mode       : DIO
[2026-09-26T17:18:08.560Z] I (35) boot.esp32c3: SPI Flash Size : 2MB
[2026-09-26T17:18:08.564Z] I (39) boot: Enabling RNG early entropy source...
[2026-09-26T17:18:08.567Z] I (43) boot: Partition Table:
[2026-09-26T17:18:08.573Z] I (46) boot: ## Label            Usage          Type ST Offset   Length
[2026-09-26T17:18:08.579Z] I (52) boot:  0 nvs              WiFi data        01 02 00009000 00006000
[2026-09-26T17:18:08.586Z] I (59) boot:  1 phy_init         RF data          01 01 0000f000 00001000
[2026-09-26T17:18:08.592Z] I (65) boot:  2 factory          factory app      00 00 00010000 00180000
[2026-09-26T17:18:08.599Z] I (72) boot:  3 rlsec            WiFi data        01 02 00190000 00020000
[2026-09-26T17:18:08.602Z] I (78) boot: End of partition table
[2026-09-26T17:18:08.610Z] I (82) esp_image: segment 0: paddr=00010020 vaddr=3c110020 size=21ca4h (138404) map
[2026-09-26T17:18:08.633Z] I (112) esp_image: segment 1: paddr=00031ccc vaddr=3fc8e000 size=03404h ( 13316) load
[2026-09-26T17:18:08.636Z] I (114) esp_image: segment 2: paddr=000350d8 vaddr=40380000 size=0af40h ( 44864) load
[2026-09-26T17:18:08.645Z] I (124) esp_image: segment 3: paddr=00040020 vaddr=42000020 size=10d444h (1102916) map
[2026-09-26T17:18:08.826Z] I (303) esp_image: segment 4: paddr=0014d46c vaddr=4038af40 size=03004h ( 12292) load
[2026-09-26T17:18:08.828Z] I (306) esp_image: segment 5: paddr=00150478 vaddr=50000000 size=0001ch (    28) load
[2026-09-26T17:18:08.836Z] I (307) esp_image: segment 6: paddr=0015049c vaddr=50000020 size=016b8h (  5816) load
[2026-09-26T17:18:08.843Z] I (316) esp_image: segment 7: paddr=00151b5c vaddr=500016e0 size=00024h (    36) load
[2026-09-26T17:18:08.849Z] I (328) boot: Loaded app from partition at offset 0x10000
[2026-09-26T17:18:08.853Z] I (328) boot: Disabling RNG early entropy source...
[2026-09-26T17:18:08.866Z] I (345) cpu_start: Unicore app
[2026-09-26T17:18:08.874Z] I (353) cpu_start: GPIO 20 and 21 are used as console UART I/O pins
[2026-09-26T17:18:08.874Z] I (354) cpu_start: Pro cpu start user code
[2026-09-26T17:18:08.876Z] I (354) cpu_start: cpu freq: 160000000 Hz
[2026-09-26T17:18:08.880Z] I (355) app_init: Application information:
[2026-09-26T17:18:08.885Z] I (359) app_init: Project name:     routeloom_bridge_node
[2026-09-26T17:18:08.889Z] I (364) app_init: App version:      1
[2026-09-26T17:18:08.894Z] I (368) app_init: Compile time:     Sep 26 2026 16:51:27
[2026-09-26T17:18:08.898Z] I (373) app_init: ELF file SHA256:  a093e0b77...
[2026-09-26T17:18:08.902Z] I (377) app_init: ESP-IDF:          v6.0.3
[2026-09-26T17:18:08.905Z] I (381) efuse_init: Min chip rev:     v0.3
[2026-09-26T17:18:08.910Z] I (385) efuse_init: Max chip rev:     v1.99 
[2026-09-26T17:18:08.914Z] I (389) efuse_init: Chip rev:         v0.4
[2026-09-26T17:18:08.920Z] I (393) heap_init: Initializing. RAM available for dynamic allocation:
[2026-09-26T17:18:08.926Z] I (399) heap_init: At 3FCC79C0 len 00014D50 (83 KiB): Retention RAM
[2026-09-26T17:18:08.932Z] I (405) heap_init: At 3FCDC710 len 00002950 (10 KiB): Retention RAM
[2026-09-26T17:18:08.937Z] I (411) heap_init: At 50001704 len 000008E4 (2 KiB): RTCRAM
[2026-09-26T17:18:08.941Z] I (417) spi_flash: detected chip: generic
[2026-09-26T17:18:08.944Z] I (420) spi_flash: flash io: dio
[2026-09-26T17:18:08.956Z] W (423) spi_flash: Detected size(4096k) larger than the size in the binary image header(2048k). Using the size in the binary image header.
[2026-09-26T17:18:08.962Z] I (436) sleep_gpio: Configure to isolate all GPIO pins in sleep state
[2026-09-26T17:18:08.968Z] I (441) sleep_gpio: Enable automatic switching of GPIO sleep configuration
[2026-09-26T17:18:10.141Z] ESP-ROM:esp32c3-api1-20210207
[2026-09-26T17:18:10.141Z] Build:Feb  7 2021
[2026-09-26T17:18:10.142Z] rst:0xc (RTC_SW_CPU_RST),boot:0x8 (SPI_FAST_FLASH_BOOT)
[2026-09-26T17:18:10.142Z] Saved PC:0x40388246
[2026-09-26T17:18:10.143Z] SPIWP:0xee
[2026-09-26T17:18:10.144Z] mode:DIO, clock div:1
[2026-09-26T17:18:10.146Z] load:0x3fcd5830,len:0x15a4
[2026-09-26T17:18:10.149Z] load:0x403cbf10,len:0xce0
[2026-09-26T17:18:10.152Z] load:0x403ce710,len:0x303c
[2026-09-26T17:18:10.158Z] entry 0x403cbf1a
[2026-09-26T17:18:10.166Z] I (24) boot: ESP-IDF v6.0.3 2nd stage bootloader
[2026-09-26T17:18:10.166Z] I (24) boot: compile time Sep 26 2026 09:37:13
[2026-09-26T17:18:10.166Z] I (24) boot: chip revision: v0.4
[2026-09-26T17:18:10.170Z] I (24) boot: efuse block revision: v1.3
[2026-09-26T17:18:10.173Z] I (27) boot.esp32c3: SPI Speed      : 80MHz
[2026-09-26T17:18:10.176Z] I (31) boot.esp32c3: SPI Mode       : DIO
[2026-09-26T17:18:10.179Z] I (35) boot.esp32c3: SPI Flash Size : 2MB
[2026-09-26T17:18:10.184Z] I (39) boot: Enabling RNG early entropy source...
[2026-09-26T17:18:10.187Z] I (43) boot: Partition Table:
[2026-09-26T17:18:10.193Z] I (46) boot: ## Label            Usage          Type ST Offset   Length
[2026-09-26T17:18:10.199Z] I (52) boot:  0 nvs              WiFi data        01 02 00009000 00006000
[2026-09-26T17:18:10.206Z] I (59) boot:  1 phy_init         RF data          01 01 0000f000 00001000
[2026-09-26T17:18:10.212Z] I (65) boot:  2 factory          factory app      00 00 00010000 00180000
[2026-09-26T17:18:10.219Z] I (72) boot:  3 rlsec            WiFi data        01 02 00190000 00020000
[2026-09-26T17:18:10.222Z] I (78) boot: End of partition table
[2026-09-26T17:18:10.232Z] I (82) esp_image: segment 0: paddr=00010020 vaddr=3c110020 size=21ca4h (138404) map
[2026-09-26T17:18:10.253Z] I (112) esp_image: segment 1: paddr=00031ccc vaddr=3fc8e000 size=03404h ( 13316) load
[2026-09-26T17:18:10.256Z] I (114) esp_image: segment 2: paddr=000350d8 vaddr=40380000 size=0af40h ( 44864) load
[2026-09-26T17:18:10.265Z] I (124) esp_image: segment 3: paddr=00040020 vaddr=42000020 size=10d444h (1102916) map
[2026-09-26T17:18:10.445Z] I (304) esp_image: segment 4: paddr=0014d46c vaddr=4038af40 size=03004h ( 12292) load
[2026-09-26T17:18:10.448Z] I (306) esp_image: segment 5: paddr=00150478 vaddr=50000000 size=0001ch (    28) load
[2026-09-26T17:18:10.456Z] I (307) esp_image: segment 6: paddr=0015049c vaddr=50000020 size=016b8h (  5816) load
[2026-09-26T17:18:10.463Z] I (316) esp_image: segment 7: paddr=00151b5c vaddr=500016e0 size=00024h (    36) load
[2026-09-26T17:18:10.469Z] I (328) boot: Loaded app from partition at offset 0x10000
[2026-09-26T17:18:10.473Z] I (328) boot: Disabling RNG early entropy source...
[2026-09-26T17:18:10.486Z] I (345) cpu_start: Unicore app
[2026-09-26T17:18:10.494Z] I (353) cpu_start: GPIO 20 and 21 are used as console UART I/O pins
[2026-09-26T17:18:10.494Z] I (354) cpu_start: Pro cpu start user code
[2026-09-26T17:18:10.497Z] I (354) cpu_start: cpu freq: 160000000 Hz
[2026-09-26T17:18:10.500Z] I (355) app_init: Application information:
[2026-09-26T17:18:10.505Z] I (359) app_init: Project name:     routeloom_bridge_node
[2026-09-26T17:18:10.508Z] I (364) app_init: App version:      1
[2026-09-26T17:18:10.513Z] I (368) app_init: Compile time:     Sep 26 2026 16:51:27
[2026-09-26T17:18:10.518Z] I (373) app_init: ELF file SHA256:  a093e0b77...
[2026-09-26T17:18:10.522Z] I (377) app_init: ESP-IDF:          v6.0.3
[2026-09-26T17:18:10.525Z] I (381) efuse_init: Min chip rev:     v0.3
[2026-09-26T17:18:10.529Z] I (385) efuse_init: Max chip rev:     v1.99 
[2026-09-26T17:18:10.533Z] I (389) efuse_init: Chip rev:         v0.4
[2026-09-26T17:18:10.539Z] I (393) heap_init: Initializing. RAM available for dynamic allocation:
[2026-09-26T17:18:10.545Z] I (399) heap_init: At 3FCC79C0 len 00014D50 (83 KiB): Retention RAM
[2026-09-26T17:18:10.552Z] I (405) heap_init: At 3FCDC710 len 00002950 (10 KiB): Retention RAM
[2026-09-26T17:18:10.557Z] I (411) heap_init: At 50001704 len 000008E4 (2 KiB): RTCRAM
[2026-09-26T17:18:10.562Z] I (417) spi_flash: detected chip: generic
[2026-09-26T17:18:10.564Z] I (420) spi_flash: flash io: dio
[2026-09-26T17:18:10.576Z] W (423) spi_flash: Detected size(4096k) larger than the size in the binary image header(2048k). Using the size in the binary image header.
[2026-09-26T17:18:10.582Z] I (436) sleep_gpio: Configure to isolate all GPIO pins in sleep state
[2026-09-26T17:18:10.594Z] I (441) sleep_gpio: Enable automatic switching of GPIO sleep configuration
[2026-09-26T17:18:11.660Z] ESP-ROM:esp32c3-api1-20210207
[2026-09-26T17:18:11.660Z] Build:Feb  7 2021
[2026-09-26T17:18:11.661Z] rst:0xc (RTC_SW_CPU_RST),boot:0x8 (SPI_FAST_FLASH_BOOT)
[2026-09-26T17:18:11.663Z] Saved PC:0x40388246
[2026-09-26T17:18:11.663Z] SPIWP:0xee
[2026-09-26T17:18:11.663Z] mode:DIO, clock div:1
[2026-09-26T17:18:11.665Z] load:0x3fcd5830,len:0x15a4
[2026-09-26T17:18:11.668Z] load:0x403cbf10,len:0xce0
[2026-09-26T17:18:11.671Z] load:0x403ce710,len:0x303c
[2026-09-26T17:18:11.677Z] entry 0x403cbf1a
[2026-09-26T17:18:11.683Z] I (24) boot: ESP-IDF v6.0.3 2nd stage bootloader
[2026-09-26T17:18:11.684Z] I (24) boot: compile time Sep 26 2026 09:37:13
[2026-09-26T17:18:11.684Z] I (24) boot: chip revision: v0.4
[2026-09-26T17:18:11.687Z] I (24) boot: efuse block revision: v1.3
[2026-09-26T17:18:11.691Z] I (27) boot.esp32c3: SPI Speed      : 80MHz
[2026-09-26T17:18:11.695Z] I (31) boot.esp32c3: SPI Mode       : DIO
[2026-09-26T17:18:11.700Z] I (35) boot.esp32c3: SPI Flash Size : 2MB
[2026-09-26T17:18:11.703Z] I (39) boot: Enabling RNG early entropy source...
[2026-09-26T17:18:11.706Z] I (43) boot: Partition Table:
[2026-09-26T17:18:11.712Z] I (46) boot: ## Label            Usage          Type ST Offset   Length
[2026-09-26T17:18:11.718Z] I (52) boot:  0 nvs              WiFi data        01 02 00009000 00006000
[2026-09-26T17:18:11.725Z] I (59) boot:  1 phy_init         RF data          01 01 0000f000 00001000
[2026-09-26T17:18:11.731Z] I (65) boot:  2 factory          factory app      00 00 00010000 00180000
[2026-09-26T17:18:11.738Z] I (72) boot:  3 rlsec            WiFi data        01 02 00190000 00020000
[2026-09-26T17:18:11.741Z] I (78) boot: End of partition table
[2026-09-26T17:18:11.749Z] I (82) esp_image: segment 0: paddr=00010020 vaddr=3c110020 size=21ca4h (138404) map
[2026-09-26T17:18:11.772Z] I (112) esp_image: segment 1: paddr=00031ccc vaddr=3fc8e000 size=03404h ( 13316) load
[2026-09-26T17:18:11.775Z] I (114) esp_image: segment 2: paddr=000350d8 vaddr=40380000 size=0af40h ( 44864) load
[2026-09-26T17:18:11.784Z] I (124) esp_image: segment 3: paddr=00040020 vaddr=42000020 size=10d444h (1102916) map
[2026-09-26T17:18:11.964Z] I (304) esp_image: segment 4: paddr=0014d46c vaddr=4038af40 size=03004h ( 12292) load
[2026-09-26T17:18:11.967Z] I (306) esp_image: segment 5: paddr=00150478 vaddr=50000000 size=0001ch (    28) load
[2026-09-26T17:18:11.975Z] I (307) esp_image: segment 6: paddr=0015049c vaddr=50000020 size=016b8h (  5816) load
[2026-09-26T17:18:11.982Z] I (316) esp_image: segment 7: paddr=00151b5c vaddr=500016e0 size=00024h (    36) load
[2026-09-26T17:18:11.987Z] I (328) boot: Loaded app from partition at offset 0x10000
[2026-09-26T17:18:11.998Z] I (328) boot: Disabling RNG early entropy source...
[2026-09-26T17:18:12.005Z] I (345) cpu_start: Unicore app
[2026-09-26T17:18:12.013Z] I (353) cpu_start: GPIO 20 and 21 are used as console UART I/O pins
[2026-09-26T17:18:12.013Z] I (354) cpu_start: Pro cpu start user code
[2026-09-26T17:18:12.015Z] I (354) cpu_start: cpu freq: 160000000 Hz
[2026-09-26T17:18:12.019Z] I (355) app_init: Application information:
[2026-09-26T17:18:12.024Z] I (359) app_init: Project name:     routeloom_bridge_node
[2026-09-26T17:18:12.027Z] I (364) app_init: App version:      1
[2026-09-26T17:18:12.036Z] I (368) app_init: Compile time:     Sep 26 2026 16:51:27
[2026-09-26T17:18:12.037Z] I (373) app_init: ELF file SHA256:  a093e0b77...
[2026-09-26T17:18:12.041Z] I (377) app_init: ESP-IDF:          v6.0.3
[2026-09-26T17:18:12.044Z] I (381) efuse_init: Min chip rev:     v0.3
[2026-09-26T17:18:12.048Z] I (385) efuse_init: Max chip rev:     v1.99 
[2026-09-26T17:18:12.052Z] I (389) efuse_init: Chip rev:         v0.4
[2026-09-26T17:18:12.058Z] I (393) heap_init: Initializing. RAM available for dynamic allocation:
[2026-09-26T17:18:12.065Z] I (399) heap_init: At 3FCC79C0 len 00014D50 (83 KiB): Retention RAM
[2026-09-26T17:18:12.071Z] I (405) heap_init: At 3FCDC710 len 00002950 (10 KiB): Retention RAM
[2026-09-26T17:18:12.076Z] I (411) heap_init: At 50001704 len 000008E4 (2 KiB): RTCRAM
[2026-09-26T17:18:12.080Z] I (417) spi_flash: detected chip: generic
[2026-09-26T17:18:12.082Z] I (420) spi_flash: flash io: dio
[2026-09-26T17:18:12.095Z] W (423) spi_flash: Detected size(4096k) larger than the size in the binary image header(2048k). Using the size in the binary image header.
[2026-09-26T17:18:12.101Z] I (436) sleep_gpio: Configure to isolate all GPIO pins in sleep state
[2026-09-26T17:18:12.107Z] I (441) sleep_gpio: Enable automatic switching of GPIO sleep configuration
[2026-09-26T17:18:13.178Z] ESP-ROM:esp32c3-api1-20210207
[2026-09-26T17:18:13.178Z] Build:Feb  7 2021
[2026-09-26T17:18:13.179Z] rst:0xc (RTC_SW_CPU_RST),boot:0x8 (SPI_FAST_FLASH_BOOT)
[2026-09-26T17:18:13.179Z] Saved PC:0x40388246
[2026-09-26T17:18:13.180Z] SPIWP:0xee
[2026-09-26T17:18:13.181Z] mode:DIO, clock div:1
[2026-09-26T17:18:13.183Z] load:0x3fcd5830,len:0x15a4
[2026-09-26T17:18:13.186Z] load:0x403cbf10,len:0xce0
[2026-09-26T17:18:13.189Z] load:0x403ce710,len:0x303c
[2026-09-26T17:18:13.195Z] entry 0x403cbf1a
[2026-09-26T17:18:13.201Z] I (24) boot: ESP-IDF v6.0.3 2nd stage bootloader
[2026-09-26T17:18:13.202Z] I (24) boot: compile time Sep 26 2026 09:37:13
[2026-09-26T17:18:13.205Z] I (24) boot: chip revision: v0.4
[2026-09-26T17:18:13.205Z] I (24) boot: efuse block revision: v1.3
[2026-09-26T17:18:13.209Z] I (27) boot.esp32c3: SPI Speed      : 80MHz
[2026-09-26T17:18:13.213Z] I (31) boot.esp32c3: SPI Mode       : DIO
[2026-09-26T17:18:13.216Z] I (35) boot.esp32c3: SPI Flash Size : 2MB
[2026-09-26T17:18:13.221Z] I (39) boot: Enabling RNG early entropy source...
[2026-09-26T17:18:13.224Z] I (43) boot: Partition Table:
[2026-09-26T17:18:13.230Z] I (46) boot: ## Label            Usage          Type ST Offset   Length
[2026-09-26T17:18:13.236Z] I (52) boot:  0 nvs              WiFi data        01 02 00009000 00006000
[2026-09-26T17:18:13.243Z] I (59) boot:  1 phy_init         RF data          01 01 0000f000 00001000
[2026-09-26T17:18:13.250Z] I (65) boot:  2 factory          factory app      00 00 00010000 00180000
[2026-09-26T17:18:13.257Z] I (72) boot:  3 rlsec            WiFi data        01 02 00190000 00020000
[2026-09-26T17:18:13.259Z] I (78) boot: End of partition table
[2026-09-26T17:18:13.266Z] I (82) esp_image: segment 0: paddr=00010020 vaddr=3c110020 size=21ca4h (138404) map
[2026-09-26T17:18:13.290Z] I (112) esp_image: segment 1: paddr=00031ccc vaddr=3fc8e000 size=03404h ( 13316) load
[2026-09-26T17:18:13.293Z] I (114) esp_image: segment 2: paddr=000350d8 vaddr=40380000 size=0af40h ( 44864) load
[2026-09-26T17:18:13.302Z] I (124) esp_image: segment 3: paddr=00040020 vaddr=42000020 size=10d444h (1102916) map
[2026-09-26T17:18:13.490Z] I (303) esp_image: segment 4: paddr=0014d46c vaddr=4038af40 size=03004h ( 12292) load
[2026-09-26T17:18:13.490Z] I (306) esp_image: segment 5: paddr=00150478 vaddr=50000000 size=0001ch (    28) load
[2026-09-26T17:18:13.492Z] I (307) esp_image: segment 6: paddr=0015049c vaddr=50000020 size=016b8h (  5816) load
[2026-09-26T17:18:13.500Z] I (316) esp_image: segment 7: paddr=00151b5c vaddr=500016e0 size=00024h (    36) load
[2026-09-26T17:18:13.505Z] I (328) boot: Loaded app from partition at offset 0x10000
[2026-09-26T17:18:13.510Z] I (328) boot: Disabling RNG early entropy source...
[2026-09-26T17:18:13.523Z] I (345) cpu_start: Unicore app
[2026-09-26T17:18:13.531Z] I (353) cpu_start: GPIO 20 and 21 are used as console UART I/O pins
[2026-09-26T17:18:13.531Z] I (354) cpu_start: Pro cpu start user code
[2026-09-26T17:18:13.533Z] I (354) cpu_start: cpu freq: 160000000 Hz
[2026-09-26T17:18:13.537Z] I (355) app_init: Application information:
[2026-09-26T17:18:13.542Z] I (359) app_init: Project name:     routeloom_bridge_node
[2026-09-26T17:18:13.550Z] I (364) app_init: App version:      1
[2026-09-26T17:18:13.553Z] I (368) app_init: Compile time:     Sep 26 2026 16:51:27
[2026-09-26T17:18:13.555Z] I (373) app_init: ELF file SHA256:  a093e0b77...
[2026-09-26T17:18:13.559Z] I (377) app_init: ESP-IDF:          v6.0.3
[2026-09-26T17:18:13.562Z] I (381) efuse_init: Min chip rev:     v0.3
[2026-09-26T17:18:13.568Z] I (385) efuse_init: Max chip rev:     v1.99 
[2026-09-26T17:18:13.571Z] I (389) efuse_init: Chip rev:         v0.4
[2026-09-26T17:18:13.576Z] I (393) heap_init: Initializing. RAM available for dynamic allocation:
[2026-09-26T17:18:13.583Z] I (399) heap_init: At 3FCC79C0 len 00014D50 (83 KiB): Retention RAM
[2026-09-26T17:18:13.588Z] I (405) heap_init: At 3FCDC710 len 00002950 (10 KiB): Retention RAM
[2026-09-26T17:18:13.595Z] I (411) heap_init: At 50001704 len 000008E4 (2 KiB): RTCRAM
[2026-09-26T17:18:13.599Z] I (417) spi_flash: detected chip: generic
[2026-09-26T17:18:13.602Z] I (420) spi_flash: flash io: dio
[2026-09-26T17:18:13.613Z] W (423) spi_flash: Detected size(4096k) larger than the size in the binary image header(2048k). Using the size in the binary image header.
[2026-09-26T17:18:13.622Z] I (436) sleep_gpio: Configure to isolate all GPIO pins in sleep state
[2026-09-26T17:18:13.627Z] I (441) sleep_gpio: Enable automatic switching of GPIO sleep configuration
[2026-09-26T17:18:14.703Z] ESP-ROM:esp32c3-api1-20210207
[2026-09-26T17:18:14.703Z] Build:Feb  7 2021
[2026-09-26T17:18:14.703Z] rst:0xc (RTC_SW_CPU_RST),boot:0x8 (SPI_FAST_FLASH_BOOT)
[2026-09-26T17:18:14.703Z] Saved PC:0x40388246
[2026-09-26T17:18:14.703Z] SPIWP:0xee
[2026-09-26T17:18:14.703Z] mode:DIO, clock div:1
[2026-09-26T17:18:14.703Z] load:0x3fcd5830,len:0x15a4
[2026-09-26T17:18:14.704Z] load:0x403cbf10,len:0xce0
[2026-09-26T17:18:14.706Z] load:0x403ce710,len:0x303c
[2026-09-26T17:18:14.713Z] entry 0x403cbf1a
[2026-09-26T17:18:14.719Z] I (24) boot: ESP-IDF v6.0.3 2nd stage bootloader
[2026-09-26T17:18:14.720Z] I (24) boot: compile time Sep 26 2026 09:37:13
[2026-09-26T17:18:14.720Z] I (24) boot: chip revision: v0.4
[2026-09-26T17:18:14.723Z] I (24) boot: efuse block revision: v1.3
[2026-09-26T17:18:14.727Z] I (27) boot.esp32c3: SPI Speed      : 80MHz
[2026-09-26T17:18:14.731Z] I (31) boot.esp32c3: SPI Mode       : DIO
[2026-09-26T17:18:14.734Z] I (35) boot.esp32c3: SPI Flash Size : 2MB
[2026-09-26T17:18:14.739Z] I (39) boot: Enabling RNG early entropy source...
[2026-09-26T17:18:14.743Z] I (43) boot: Partition Table:
[2026-09-26T17:18:14.748Z] I (46) boot: ## Label            Usage          Type ST Offset   Length
[2026-09-26T17:18:14.755Z] I (52) boot:  0 nvs              WiFi data        01 02 00009000 00006000
[2026-09-26T17:18:14.761Z] I (59) boot:  1 phy_init         RF data          01 01 0000f000 00001000
[2026-09-26T17:18:14.768Z] I (65) boot:  2 factory          factory app      00 00 00010000 00180000
[2026-09-26T17:18:14.774Z] I (72) boot:  3 rlsec            WiFi data        01 02 00190000 00020000
[2026-09-26T17:18:14.778Z] I (78) boot: End of partition table
[2026-09-26T17:18:14.793Z] I (82) esp_image: segment 0: paddr=00010020 vaddr=3c110020 size=21ca4h (138404) map
[2026-09-26T17:18:14.808Z] I (112) esp_image: segment 1: paddr=00031ccc vaddr=3fc8e000 size=03404h ( 13316) load
[2026-09-26T17:18:14.811Z] I (114) esp_image: segment 2: paddr=000350d8 vaddr=40380000 size=0af40h ( 44864) load
[2026-09-26T17:18:14.820Z] I (124) esp_image: segment 3: paddr=00040020 vaddr=42000020 size=10d444h (1102916) map
[2026-09-26T17:18:15.000Z] I (303) esp_image: segment 4: paddr=0014d46c vaddr=4038af40 size=03004h ( 12292) load
[2026-09-26T17:18:15.003Z] I (306) esp_image: segment 5: paddr=00150478 vaddr=50000000 size=0001ch (    28) load
[2026-09-26T17:18:15.011Z] I (307) esp_image: segment 6: paddr=0015049c vaddr=50000020 size=016b8h (  5816) load
[2026-09-26T17:18:15.018Z] I (316) esp_image: segment 7: paddr=00151b5c vaddr=500016e0 size=00024h (    36) load
[2026-09-26T17:18:15.023Z] I (328) boot: Loaded app from partition at offset 0x10000
[2026-09-26T17:18:15.028Z] I (328) boot: Disabling RNG early entropy source...
[2026-09-26T17:18:15.043Z] I (345) cpu_start: Unicore app
[2026-09-26T17:18:15.052Z] I (353) cpu_start: GPIO 20 and 21 are used as console UART I/O pins
[2026-09-26T17:18:15.052Z] I (354) cpu_start: Pro cpu start user code
[2026-09-26T17:18:15.052Z] I (354) cpu_start: cpu freq: 160000000 Hz
[2026-09-26T17:18:15.055Z] I (355) app_init: Application information:
[2026-09-26T17:18:15.060Z] I (359) app_init: Project name:     routeloom_bridge_node
[2026-09-26T17:18:15.064Z] I (364) app_init: App version:      1
[2026-09-26T17:18:15.068Z] I (368) app_init: Compile time:     Sep 26 2026 16:51:27
[2026-09-26T17:18:15.073Z] I (373) app_init: ELF file SHA256:  a093e0b77...
[2026-09-26T17:18:15.077Z] I (377) app_init: ESP-IDF:          v6.0.3
[2026-09-26T17:18:15.080Z] I (381) efuse_init: Min chip rev:     v0.3
[2026-09-26T17:18:15.084Z] I (385) efuse_init: Max chip rev:     v1.99 
[2026-09-26T17:18:15.088Z] I (389) efuse_init: Chip rev:         v0.4
[2026-09-26T17:18:15.094Z] I (393) heap_init: Initializing. RAM available for dynamic allocation:
[2026-09-26T17:18:15.100Z] I (399) heap_init: At 3FCC79C0 len 00014D50 (83 KiB): Retention RAM
[2026-09-26T17:18:15.106Z] I (405) heap_init: At 3FCDC710 len 00002950 (10 KiB): Retention RAM
[2026-09-26T17:18:15.112Z] I (411) heap_init: At 50001704 len 000008E4 (2 KiB): RTCRAM
[2026-09-26T17:18:15.115Z] I (417) spi_flash: detected chip: generic
[2026-09-26T17:18:15.118Z] I (420) spi_flash: flash io: dio
[2026-09-26T17:18:15.131Z] W (423) spi_flash: Detected size(4096k) larger than the size in the binary image header(2048k). Using the size in the binary image header.
[2026-09-26T17:18:15.137Z] I (436) sleep_gpio: Configure to isolate all GPIO pins in sleep state
[2026-09-26T17:18:15.143Z] I (441) sleep_gpio: Enable automatic switching of GPIO sleep configuration
[2026-09-26T17:18:16.215Z] ESP-ROM:esp32c3-api1-20210207
[2026-09-26T17:18:16.215Z] Build:Feb  7 2021
[2026-09-26T17:18:16.216Z] rst:0xc (RTC_SW_CPU_RST),boot:0x8 (SPI_FAST_FLASH_BOOT)
[2026-09-26T17:18:16.216Z] Saved PC:0x40388246
[2026-09-26T17:18:16.217Z] SPIWP:0xee
[2026-09-26T17:18:16.217Z] mode:DIO, clock div:1
[2026-09-26T17:18:16.220Z] load:0x3fcd5830,len:0x15a4
[2026-09-26T17:18:16.223Z] load:0x403cbf10,len:0xce0
[2026-09-26T17:18:16.226Z] load:0x403ce710,len:0x303c
[2026-09-26T17:18:16.233Z] entry 0x403cbf1a
[2026-09-26T17:18:16.239Z] I (24) boot: ESP-IDF v6.0.3 2nd stage bootloader
[2026-09-26T17:18:16.239Z] I (24) boot: compile time Sep 26 2026 09:37:13
[2026-09-26T17:18:16.239Z] I (24) boot: chip revision: v0.4
[2026-09-26T17:18:16.242Z] I (24) boot: efuse block revision: v1.3
[2026-09-26T17:18:16.246Z] I (27) boot.esp32c3: SPI Speed      : 80MHz
[2026-09-26T17:18:16.250Z] I (31) boot.esp32c3: SPI Mode       : DIO
[2026-09-26T17:18:16.254Z] I (35) boot.esp32c3: SPI Flash Size : 2MB
[2026-09-26T17:18:16.258Z] I (39) boot: Enabling RNG early entropy source...
[2026-09-26T17:18:16.260Z] I (43) boot: Partition Table:
[2026-09-26T17:18:16.267Z] I (46) boot: ## Label            Usage          Type ST Offset   Length
[2026-09-26T17:18:16.275Z] I (52) boot:  0 nvs              WiFi data        01 02 00009000 00006000
[2026-09-26T17:18:16.283Z] I (59) boot:  1 phy_init         RF data          01 01 0000f000 00001000
[2026-09-26T17:18:16.286Z] I (65) boot:  2 factory          factory app      00 00 00010000 00180000
[2026-09-26T17:18:16.293Z] I (72) boot:  3 rlsec            WiFi data        01 02 00190000 00020000
[2026-09-26T17:18:16.297Z] I (78) boot: End of partition table
[2026-09-26T17:18:16.304Z] I (82) esp_image: segment 0: paddr=00010020 vaddr=3c110020 size=21ca4h (138404) map
[2026-09-26T17:18:16.327Z] I (112) esp_image: segment 1: paddr=00031ccc vaddr=3fc8e000 size=03404h ( 13316) load
[2026-09-26T17:18:16.330Z] I (114) esp_image: segment 2: paddr=000350d8 vaddr=40380000 size=0af40h ( 44864) load
[2026-09-26T17:18:16.339Z] I (124) esp_image: segment 3: paddr=00040020 vaddr=42000020 size=10d444h (1102916) map
[2026-09-26T17:18:16.518Z] I (303) esp_image: segment 4: paddr=0014d46c vaddr=4038af40 size=03004h ( 12292) load
[2026-09-26T17:18:16.522Z] I (306) esp_image: segment 5: paddr=00150478 vaddr=50000000 size=0001ch (    28) load
[2026-09-26T17:18:16.529Z] I (307) esp_image: segment 6: paddr=0015049c vaddr=50000020 size=016b8h (  5816) load
[2026-09-26T17:18:16.537Z] I (316) esp_image: segment 7: paddr=00151b5c vaddr=500016e0 size=00024h (    36) load
[2026-09-26T17:18:16.542Z] I (328) boot: Loaded app from partition at offset 0x10000
[2026-09-26T17:18:16.547Z] I (328) boot: Disabling RNG early entropy source...
[2026-09-26T17:18:16.560Z] I (345) cpu_start: Unicore app
[2026-09-26T17:18:16.568Z] I (353) cpu_start: GPIO 20 and 21 are used as console UART I/O pins
[2026-09-26T17:18:16.570Z] I (354) cpu_start: Pro cpu start user code
[2026-09-26T17:18:16.570Z] I (354) cpu_start: cpu freq: 160000000 Hz
[2026-09-26T17:18:16.574Z] I (355) app_init: Application information:
[2026-09-26T17:18:16.579Z] I (359) app_init: Project name:     routeloom_bridge_node
[2026-09-26T17:18:16.582Z] I (364) app_init: App version:      1
[2026-09-26T17:18:16.587Z] I (368) app_init: Compile time:     Sep 26 2026 16:51:27
[2026-09-26T17:18:16.592Z] I (373) app_init: ELF file SHA256:  a093e0b77...
[2026-09-26T17:18:16.595Z] I (377) app_init: ESP-IDF:          v6.0.3
[2026-09-26T17:18:16.599Z] I (381) efuse_init: Min chip rev:     v0.3
[2026-09-26T17:18:16.603Z] I (385) efuse_init: Max chip rev:     v1.99 
[2026-09-26T17:18:16.607Z] I (389) efuse_init: Chip rev:         v0.4
[2026-09-26T17:18:16.613Z] I (393) heap_init: Initializing. RAM available for dynamic allocation:
[2026-09-26T17:18:16.619Z] I (399) heap_init: At 3FCC79C0 len 00014D50 (83 KiB): Retention RAM
[2026-09-26T17:18:16.625Z] I (405) heap_init: At 3FCDC710 len 00002950 (10 KiB): Retention RAM
[2026-09-26T17:18:16.631Z] I (411) heap_init: At 50001704 len 000008E4 (2 KiB): RTCRAM
[2026-09-26T17:18:16.634Z] I (417) spi_flash: detected chip: generic
[2026-09-26T17:18:16.637Z] I (420) spi_flash: flash io: dio
[2026-09-26T17:18:16.650Z] W (423) spi_flash: Detected size(4096k) larger than the size in the binary image header(2048k). Using the size in the binary image header.
[2026-09-26T17:18:16.656Z] I (436) sleep_gpio: Configure to isolate all GPIO pins in sleep state
[2026-09-26T17:18:16.662Z] I (441) sleep_gpio: Enable automatic switching of GPIO sleep configuration
[2026-09-26T17:18:17.734Z] ESP-ROM:esp32c3-api1-20210207
[2026-09-26T17:18:17.734Z] Build:Feb  7 2021
[2026-09-26T17:18:17.735Z] rst:0xc (RTC_SW_CPU_RST),boot:0x8 (SPI_FAST_FLASH_BOOT)
[2026-09-26T17:18:17.735Z] Saved PC:0x40388246
[2026-09-26T17:18:17.736Z] SPIWP:0xee
[2026-09-26T17:18:17.736Z] mode:DIO, clock div:1
[2026-09-26T17:18:17.739Z] load:0x3fcd5830,len:0x15a4
[2026-09-26T17:18:17.742Z] load:0x403cbf10,len:0xce0
[2026-09-26T17:18:17.744Z] load:0x403ce710,len:0x303c
[2026-09-26T17:18:17.751Z] entry 0x403cbf1a
[2026-09-26T17:18:17.757Z] I (24) boot: ESP-IDF v6.0.3 2nd stage bootloader
[2026-09-26T17:18:17.757Z] I (24) boot: compile time Sep 26 2026 09:37:13
[2026-09-26T17:18:17.758Z] I (24) boot: chip revision: v0.4
[2026-09-26T17:18:17.761Z] I (24) boot: efuse block revision: v1.3
[2026-09-26T17:18:17.765Z] I (27) boot.esp32c3: SPI Speed      : 80MHz
[2026-09-26T17:18:17.769Z] I (31) boot.esp32c3: SPI Mode       : DIO
[2026-09-26T17:18:17.772Z] I (35) boot.esp32c3: SPI Flash Size : 2MB
[2026-09-26T17:18:17.777Z] I (39) boot: Enabling RNG early entropy source...
[2026-09-26T17:18:17.780Z] I (43) boot: Partition Table:
[2026-09-26T17:18:17.786Z] I (46) boot: ## Label            Usage          Type ST Offset   Length
[2026-09-26T17:18:17.792Z] I (52) boot:  0 nvs              WiFi data        01 02 00009000 00006000
[2026-09-26T17:18:17.799Z] I (59) boot:  1 phy_init         RF data          01 01 0000f000 00001000
[2026-09-26T17:18:17.805Z] I (65) boot:  2 factory          factory app      00 00 00010000 00180000
[2026-09-26T17:18:17.812Z] I (72) boot:  3 rlsec            WiFi data        01 02 00190000 00020000
[2026-09-26T17:18:17.815Z] I (78) boot: End of partition table
[2026-09-26T17:18:17.822Z] I (82) esp_image: segment 0: paddr=00010020 vaddr=3c110020 size=21ca4h (138404) map
[2026-09-26T17:18:17.846Z] I (112) esp_image: segment 1: paddr=00031ccc vaddr=3fc8e000 size=03404h ( 13316) load
[2026-09-26T17:18:17.849Z] I (114) esp_image: segment 2: paddr=000350d8 vaddr=40380000 size=0af40h ( 44864) load
[2026-09-26T17:18:17.858Z] I (124) esp_image: segment 3: paddr=00040020 vaddr=42000020 size=10d444h (1102916) map
[2026-09-26T17:18:18.037Z] I (303) esp_image: segment 4: paddr=0014d46c vaddr=4038af40 size=03004h ( 12292) load
[2026-09-26T17:18:18.041Z] I (306) esp_image: segment 5: paddr=00150478 vaddr=50000000 size=0001ch (    28) load
[2026-09-26T17:18:18.048Z] I (307) esp_image: segment 6: paddr=0015049c vaddr=50000020 size=016b8h (  5816) load
[2026-09-26T17:18:18.056Z] I (316) esp_image: segment 7: paddr=00151b5c vaddr=500016e0 size=00024h (    36) load
[2026-09-26T17:18:18.061Z] I (328) boot: Loaded app from partition at offset 0x10000
[2026-09-26T17:18:18.066Z] I (328) boot: Disabling RNG early entropy source...
[2026-09-26T17:18:18.079Z] I (345) cpu_start: Unicore app
[2026-09-26T17:18:18.087Z] I (353) cpu_start: GPIO 20 and 21 are used as console UART I/O pins
[2026-09-26T17:18:18.089Z] I (354) cpu_start: Pro cpu start user code
[2026-09-26T17:18:18.089Z] I (354) cpu_start: cpu freq: 160000000 Hz
[2026-09-26T17:18:18.093Z] I (355) app_init: Application information:
[2026-09-26T17:18:18.098Z] I (359) app_init: Project name:     routeloom_bridge_node
[2026-09-26T17:18:18.101Z] I (364) app_init: App version:      1
[2026-09-26T17:18:18.106Z] I (368) app_init: Compile time:     Sep 26 2026 16:51:27
[2026-09-26T17:18:18.111Z] I (373) app_init: ELF file SHA256:  a093e0b77...
[2026-09-26T17:18:18.114Z] I (377) app_init: ESP-IDF:          v6.0.3
[2026-09-26T17:18:18.118Z] I (381) efuse_init: Min chip rev:     v0.3
[2026-09-26T17:18:18.122Z] I (385) efuse_init: Max chip rev:     v1.99 
[2026-09-26T17:18:18.126Z] I (389) efuse_init: Chip rev:         v0.4
[2026-09-26T17:18:18.132Z] I (393) heap_init: Initializing. RAM available for dynamic allocation:
[2026-09-26T17:18:18.138Z] I (399) heap_init: At 3FCC79C0 len 00014D50 (83 KiB): Retention RAM
[2026-09-26T17:18:18.144Z] I (405) heap_init: At 3FCDC710 len 00002950 (10 KiB): Retention RAM
[2026-09-26T17:18:18.150Z] I (411) heap_init: At 50001704 len 000008E4 (2 KiB): RTCRAM
[2026-09-26T17:18:18.153Z] I (417) spi_flash: detected chip: generic
[2026-09-26T17:18:18.156Z] I (420) spi_flash: flash io: dio
[2026-09-26T17:18:18.168Z] W (423) spi_flash: Detected size(4096k) larger than the size in the binary image header(2048k). Using the size in the binary image header.
[2026-09-26T17:18:18.174Z] I (436) sleep_gpio: Configure to isolate all GPIO pins in sleep state
[2026-09-26T17:18:18.181Z] I (441) sleep_gpio: Enable automatic switching of GPIO sleep configuration
[2026-09-26T17:18:19.252Z] ESP-ROM:esp32c3-api1-20210207
[2026-09-26T17:18:19.252Z] Build:Feb  7 2021
[2026-09-26T17:18:19.253Z] rst:0xc (RTC_SW_CPU_RST),boot:0x8 (SPI_FAST_FLASH_BOOT)
[2026-09-26T17:18:19.253Z] Saved PC:0x40388246
[2026-09-26T17:18:19.254Z] SPIWP:0xee
[2026-09-26T17:18:19.255Z] mode:DIO, clock div:1
[2026-09-26T17:18:19.257Z] load:0x3fcd5830,len:0x15a4
[2026-09-26T17:18:19.260Z] load:0x403cbf10,len:0xce0
[2026-09-26T17:18:19.264Z] load:0x403ce710,len:0x303c
[2026-09-26T17:18:19.269Z] entry 0x403cbf1a
[2026-09-26T17:18:19.275Z] I (24) boot: ESP-IDF v6.0.3 2nd stage bootloader
[2026-09-26T17:18:19.275Z] I (24) boot: compile time Sep 26 2026 09:37:13
[2026-09-26T17:18:19.275Z] I (24) boot: chip revision: v0.4
[2026-09-26T17:18:19.279Z] I (24) boot: efuse block revision: v1.3
[2026-09-26T17:18:19.283Z] I (27) boot.esp32c3: SPI Speed      : 80MHz
[2026-09-26T17:18:19.286Z] I (31) boot.esp32c3: SPI Mode       : DIO
[2026-09-26T17:18:19.290Z] I (35) boot.esp32c3: SPI Flash Size : 2MB
[2026-09-26T17:18:19.295Z] I (39) boot: Enabling RNG early entropy source...
[2026-09-26T17:18:19.298Z] I (43) boot: Partition Table:
[2026-09-26T17:18:19.304Z] I (46) boot: ## Label            Usage          Type ST Offset   Length
[2026-09-26T17:18:19.311Z] I (52) boot:  0 nvs              WiFi data        01 02 00009000 00006000
[2026-09-26T17:18:19.317Z] I (59) boot:  1 phy_init         RF data          01 01 0000f000 00001000
[2026-09-26T17:18:19.323Z] I (65) boot:  2 factory          factory app      00 00 00010000 00180000
[2026-09-26T17:18:19.330Z] I (72) boot:  3 rlsec            WiFi data        01 02 00190000 00020000
[2026-09-26T17:18:19.333Z] I (78) boot: End of partition table
[2026-09-26T17:18:19.341Z] I (82) esp_image: segment 0: paddr=00010020 vaddr=3c110020 size=21ca4h (138404) map
[2026-09-26T17:18:19.363Z] I (112) esp_image: segment 1: paddr=00031ccc vaddr=3fc8e000 size=03404h ( 13316) load
[2026-09-26T17:18:19.367Z] I (114) esp_image: segment 2: paddr=000350d8 vaddr=40380000 size=0af40h ( 44864) load
[2026-09-26T17:18:19.376Z] I (124) esp_image: segment 3: paddr=00040020 vaddr=42000020 size=10d444h (1102916) map
[2026-09-26T17:18:19.555Z] I (304) esp_image: segment 4: paddr=0014d46c vaddr=4038af40 size=03004h ( 12292) load
[2026-09-26T17:18:19.559Z] I (306) esp_image: segment 5: paddr=00150478 vaddr=50000000 size=0001ch (    28) load
[2026-09-26T17:18:19.566Z] I (307) esp_image: segment 6: paddr=0015049c vaddr=50000020 size=016b8h (  5816) load
[2026-09-26T17:18:19.576Z] I (316) esp_image: segment 7: paddr=00151b5c vaddr=500016e0 size=00024h (    36) load
[2026-09-26T17:18:19.579Z] I (328) boot: Loaded app from partition at offset 0x10000
[2026-09-26T17:18:19.584Z] I (328) boot: Disabling RNG early entropy source...
[2026-09-26T17:18:19.597Z] I (345) cpu_start: Unicore app
[2026-09-26T17:18:19.606Z] I (353) cpu_start: GPIO 20 and 21 are used as console UART I/O pins
[2026-09-26T17:18:19.606Z] I (354) cpu_start: Pro cpu start user code
[2026-09-26T17:18:19.607Z] I (354) cpu_start: cpu freq: 160000000 Hz
[2026-09-26T17:18:19.611Z] I (355) app_init: Application information:
[2026-09-26T17:18:19.616Z] I (359) app_init: Project name:     routeloom_bridge_node
[2026-09-26T17:18:19.619Z] I (364) app_init: App version:      1
[2026-09-26T17:18:19.624Z] I (368) app_init: Compile time:     Sep 26 2026 16:51:27
[2026-09-26T17:18:19.633Z] I (373) app_init: ELF file SHA256:  a093e0b77...
[2026-09-26T17:18:19.633Z] I (377) app_init: ESP-IDF:          v6.0.3
[2026-09-26T17:18:19.636Z] I (381) efuse_init: Min chip rev:     v0.3
[2026-09-26T17:18:19.641Z] I (385) efuse_init: Max chip rev:     v1.99 
[2026-09-26T17:18:19.644Z] I (389) efuse_init: Chip rev:         v0.4
[2026-09-26T17:18:19.650Z] I (393) heap_init: Initializing. RAM available for dynamic allocation:
[2026-09-26T17:18:19.656Z] I (399) heap_init: At 3FCC79C0 len 00014D50 (83 KiB): Retention RAM
[2026-09-26T17:18:19.662Z] I (405) heap_init: At 3FCDC710 len 00002950 (10 KiB): Retention RAM
[2026-09-26T17:18:19.668Z] I (411) heap_init: At 50001704 len 000008E4 (2 KiB): RTCRAM
[2026-09-26T17:18:19.671Z] I (417) spi_flash: detected chip: generic
[2026-09-26T17:18:19.674Z] I (420) spi_flash: flash io: dio
[2026-09-26T17:18:19.687Z] W (423) spi_flash: Detected size(4096k) larger than the size in the binary image header(2048k). Using the size in the binary image header.
[2026-09-26T17:18:19.693Z] I (436) sleep_gpio: Configure to isolate all GPIO pins in sleep state
[2026-09-26T17:18:19.699Z] I (441) sleep_gpio: Enable automatic switching of GPIO sleep configuration
[2026-09-26T17:18:20.771Z] ESP-ROM:esp32c3-api1-20210207
[2026-09-26T17:18:20.771Z] Build:Feb  7 2021
[2026-09-26T17:18:20.772Z] rst:0xc (RTC_SW_CPU_RST),boot:0x8 (SPI_FAST_FLASH_BOOT)
[2026-09-26T17:18:20.772Z] Saved PC:0x40388246
[2026-09-26T17:18:20.773Z] SPIWP:0xee
[2026-09-26T17:18:20.773Z] mode:DIO, clock div:1
[2026-09-26T17:18:20.776Z] load:0x3fcd5830,len:0x15a4
[2026-09-26T17:18:20.779Z] load:0x403cbf10,len:0xce0
[2026-09-26T17:18:20.781Z] load:0x403ce710,len:0x303c
[2026-09-26T17:18:20.788Z] entry 0x403cbf1a
[2026-09-26T17:18:20.794Z] I (24) boot: ESP-IDF v6.0.3 2nd stage bootloader
[2026-09-26T17:18:20.794Z] I (24) boot: compile time Sep 26 2026 09:37:13
[2026-09-26T17:18:20.794Z] I (24) boot: chip revision: v0.4
[2026-09-26T17:18:20.798Z] I (24) boot: efuse block revision: v1.3
[2026-09-26T17:18:20.802Z] I (27) boot.esp32c3: SPI Speed      : 80MHz
[2026-09-26T17:18:20.805Z] I (31) boot.esp32c3: SPI Mode       : DIO
[2026-09-26T17:18:20.809Z] I (35) boot.esp32c3: SPI Flash Size : 2MB
[2026-09-26T17:18:20.814Z] I (39) boot: Enabling RNG early entropy source...
[2026-09-26T17:18:20.816Z] I (43) boot: Partition Table:
[2026-09-26T17:18:20.823Z] I (46) boot: ## Label            Usage          Type ST Offset   Length
[2026-09-26T17:18:20.829Z] I (52) boot:  0 nvs              WiFi data        01 02 00009000 00006000
[2026-09-26T17:18:20.836Z] I (59) boot:  1 phy_init         RF data          01 01 0000f000 00001000
[2026-09-26T17:18:20.842Z] I (65) boot:  2 factory          factory app      00 00 00010000 00180000
[2026-09-26T17:18:20.849Z] I (72) boot:  3 rlsec            WiFi data        01 02 00190000 00020000
[2026-09-26T17:18:20.852Z] I (78) boot: End of partition table
[2026-09-26T17:18:20.859Z] I (82) esp_image: segment 0: paddr=00010020 vaddr=3c110020 size=21ca4h (138404) map
[2026-09-26T17:18:20.882Z] I (112) esp_image: segment 1: paddr=00031ccc vaddr=3fc8e000 size=03404h ( 13316) load
[2026-09-26T17:18:20.886Z] I (114) esp_image: segment 2: paddr=000350d8 vaddr=40380000 size=0af40h ( 44864) load
[2026-09-26T17:18:20.895Z] I (124) esp_image: segment 3: paddr=00040020 vaddr=42000020 size=10d444h (1102916) map
[2026-09-26T17:18:21.074Z] I (303) esp_image: segment 4: paddr=0014d46c vaddr=4038af40 size=03004h ( 12292) load
[2026-09-26T17:18:21.078Z] I (306) esp_image: segment 5: paddr=00150478 vaddr=50000000 size=0001ch (    28) load
[2026-09-26T17:18:21.085Z] I (307) esp_image: segment 6: paddr=0015049c vaddr=50000020 size=016b8h (  5816) load
[2026-09-26T17:18:21.093Z] I (316) esp_image: segment 7: paddr=00151b5c vaddr=500016e0 size=00024h (    36) load
[2026-09-26T17:18:21.098Z] I (328) boot: Loaded app from partition at offset 0x10000
[2026-09-26T17:18:21.103Z] I (328) boot: Disabling RNG early entropy source...
[2026-09-26T17:18:21.115Z] I (345) cpu_start: Unicore app
[2026-09-26T17:18:21.124Z] I (353) cpu_start: GPIO 20 and 21 are used as console UART I/O pins
[2026-09-26T17:18:21.126Z] I (354) cpu_start: Pro cpu start user code
[2026-09-26T17:18:21.126Z] I (354) cpu_start: cpu freq: 160000000 Hz
[2026-09-26T17:18:21.130Z] I (355) app_init: Application information:
[2026-09-26T17:18:21.135Z] I (359) app_init: Project name:     routeloom_bridge_node
[2026-09-26T17:18:21.138Z] I (364) app_init: App version:      1
[2026-09-26T17:18:21.143Z] I (368) app_init: Compile time:     Sep 26 2026 16:51:27
[2026-09-26T17:18:21.148Z] I (373) app_init: ELF file SHA256:  a093e0b77...
[2026-09-26T17:18:21.152Z] I (377) app_init: ESP-IDF:          v6.0.3
[2026-09-26T17:18:21.157Z] I (381) efuse_init: Min chip rev:     v0.3
[2026-09-26T17:18:21.160Z] I (385) efuse_init: Max chip rev:     v1.99 
[2026-09-26T17:18:21.163Z] I (389) efuse_init: Chip rev:         v0.4
[2026-09-26T17:18:21.169Z] I (393) heap_init: Initializing. RAM available for dynamic allocation:
[2026-09-26T17:18:21.175Z] I (399) heap_init: At 3FCC79C0 len 00014D50 (83 KiB): Retention RAM
[2026-09-26T17:18:21.181Z] I (405) heap_init: At 3FCDC710 len 00002950 (10 KiB): Retention RAM
[2026-09-26T17:18:21.187Z] I (411) heap_init: At 50001704 len 000008E4 (2 KiB): RTCRAM
[2026-09-26T17:18:21.191Z] I (417) spi_flash: detected chip: generic
[2026-09-26T17:18:21.193Z] I (420) spi_flash: flash io: dio
[2026-09-26T17:18:21.206Z] W (423) spi_flash: Detected size(4096k) larger than the size in the binary image header(2048k). Using the size in the binary image header.
[2026-09-26T17:18:21.211Z] I (436) sleep_gpio: Configure to isolate all GPIO pins in sleep state
[2026-09-26T17:18:21.218Z] I (441) sleep_gpio: Enable automatic switching of GPIO sleep configuration
[2026-09-26T17:18:22.055Z] !! capture closed
