[2026-09-26T17:17:34.521Z] !! capture open /dev/serial/by-id/usb-Espressif_USB_JTAG_serial_debug_unit_94:A9:90:6A:EE:C4-if00 @ 115200 backend=pyserial dtr=1 rts=0
[2026-09-26T17:17:34.722Z] ESP-ROM:esp32c3-api1-20210207
[2026-09-26T17:17:34.722Z] Build:Feb  7 2021
[2026-09-26T17:17:34.722Z] rst:0xc (RTC_SW_CPU_RST),boot:0x8 (SPI_FAST_FLASH_BOOT)
[2026-09-26T17:17:34.723Z] Saved PC:0x40388246
[2026-09-26T17:17:34.724Z] SPIWP:0xee
[2026-09-26T17:17:34.725Z] mode:DIO, clock div:1
[2026-09-26T17:17:34.727Z] load:0x3fcd5830,len:0x15a4
[2026-09-26T17:17:34.730Z] load:0x403cbf10,len:0xce0
[2026-09-26T17:17:34.732Z] load:0x403ce710,len:0x303c
[2026-09-26T17:17:34.739Z] entry 0x403cbf1a
[2026-09-26T17:17:34.745Z] I (24) boot: ESP-IDF v6.0.3 2nd stage bootloader
[2026-09-26T17:17:34.745Z] I (24) boot: compile time Sep 26 2026 09:37:13
[2026-09-26T17:17:34.746Z] I (24) boot: chip revision: v0.4
[2026-09-26T17:17:34.751Z] I (24) boot: efuse block revision: v1.3
[2026-09-26T17:17:34.754Z] I (27) boot.esp32c3: SPI Speed      : 80MHz
[2026-09-26T17:17:34.756Z] I (31) boot.esp32c3: SPI Mode       : DIO
[2026-09-26T17:17:34.760Z] I (35) boot.esp32c3: SPI Flash Size : 2MB
[2026-09-26T17:17:34.764Z] I (39) boot: Enabling RNG early entropy source...
[2026-09-26T17:17:34.767Z] I (43) boot: Partition Table:
[2026-09-26T17:17:34.773Z] I (46) boot: ## Label            Usage          Type ST Offset   Length
[2026-09-26T17:17:34.780Z] I (52) boot:  0 nvs              WiFi data        01 02 00009000 00006000
[2026-09-26T17:17:34.787Z] I (59) boot:  1 phy_init         RF data          01 01 0000f000 00001000
[2026-09-26T17:17:34.793Z] I (65) boot:  2 factory          factory app      00 00 00010000 00180000
[2026-09-26T17:17:34.800Z] I (72) boot:  3 rlsec            WiFi data        01 02 00190000 00020000
[2026-09-26T17:17:34.803Z] I (78) boot: End of partition table
[2026-09-26T17:17:34.810Z] I (82) esp_image: segment 0: paddr=00010020 vaddr=3c110020 size=21ca4h (138404) map
[2026-09-26T17:17:34.833Z] I (112) esp_image: segment 1: paddr=00031ccc vaddr=3fc8e000 size=03404h ( 13316) load
[2026-09-26T17:17:34.837Z] I (114) esp_image: segment 2: paddr=000350d8 vaddr=40380000 size=0af40h ( 44864) load
[2026-09-26T17:17:34.846Z] I (124) esp_image: segment 3: paddr=00040020 vaddr=42000020 size=10d444h (1102916) map
[2026-09-26T17:17:35.025Z] I (303) esp_image: segment 4: paddr=0014d46c vaddr=4038af40 size=03004h ( 12292) load
[2026-09-26T17:17:35.029Z] I (306) esp_image: segment 5: paddr=00150478 vaddr=50000000 size=0001ch (    28) load
[2026-09-26T17:17:35.036Z] I (307) esp_image: segment 6: paddr=0015049c vaddr=50000020 size=016b8h (  5816) load
[2026-09-26T17:17:35.044Z] I (316) esp_image: segment 7: paddr=00151b5c vaddr=500016e0 size=00024h (    36) load
[2026-09-26T17:17:35.049Z] I (328) boot: Loaded app from partition at offset 0x10000
[2026-09-26T17:17:35.053Z] I (328) boot: Disabling RNG early entropy source...
[2026-09-26T17:17:35.066Z] I (345) cpu_start: Unicore app
[2026-09-26T17:17:35.075Z] I (353) cpu_start: GPIO 20 and 21 are used as console UART I/O pins
[2026-09-26T17:17:35.078Z] I (354) cpu_start: Pro cpu start user code
[2026-09-26T17:17:35.078Z] I (354) cpu_start: cpu freq: 160000000 Hz
[2026-09-26T17:17:35.081Z] I (355) app_init: Application information:
[2026-09-26T17:17:35.086Z] I (359) app_init: Project name:     routeloom_bridge_node
[2026-09-26T17:17:35.089Z] I (364) app_init: App version:      1
[2026-09-26T17:17:35.094Z] I (368) app_init: Compile time:     Sep 26 2026 16:51:27
[2026-09-26T17:17:35.098Z] I (373) app_init: ELF file SHA256:  a093e0b77...
[2026-09-26T17:17:35.102Z] I (377) app_init: ESP-IDF:          v6.0.3
[2026-09-26T17:17:35.106Z] I (381) efuse_init: Min chip rev:     v0.3
[2026-09-26T17:17:35.110Z] I (385) efuse_init: Max chip rev:     v1.99 
[2026-09-26T17:17:35.114Z] I (389) efuse_init: Chip rev:         v0.4
[2026-09-26T17:17:35.120Z] I (393) heap_init: Initializing. RAM available for dynamic allocation:
[2026-09-26T17:17:35.126Z] I (399) heap_init: At 3FCC79C0 len 00014D50 (83 KiB): Retention RAM
[2026-09-26T17:17:35.132Z] I (405) heap_init: At 3FCDC710 len 00002950 (10 KiB): Retention RAM
[2026-09-26T17:17:35.137Z] I (411) heap_init: At 50001704 len 000008E4 (2 KiB): RTCRAM
[2026-09-26T17:17:35.141Z] I (417) spi_flash: detected chip: generic
[2026-09-26T17:17:35.144Z] I (420) spi_flash: flash io: dio
[2026-09-26T17:17:35.156Z] W (423) spi_flash: Detected size(4096k) larger than the size in the binary image header(2048k). Using the size in the binary image header.
[2026-09-26T17:17:35.162Z] I (436) sleep_gpio: Configure to isolate all GPIO pins in sleep state
[2026-09-26T17:17:35.169Z] I (441) sleep_gpio: Enable automatic switching of GPIO sleep configuration
[2026-09-26T17:17:36.243Z] ESP-ROM:esp32c3-api1-20210207
[2026-09-26T17:17:36.244Z] Build:Feb  7 2021
[2026-09-26T17:17:36.244Z] rst:0xc (RTC_SW_CPU_RST),boot:0x8 (SPI_FAST_FLASH_BOOT)
[2026-09-26T17:17:36.244Z] Saved PC:0x40388246
[2026-09-26T17:17:36.245Z] SPIWP:0xee
[2026-09-26T17:17:36.245Z] mode:DIO, clock div:1
[2026-09-26T17:17:36.248Z] load:0x3fcd5830,len:0x15a4
[2026-09-26T17:17:36.251Z] load:0x403cbf10,len:0xce0
[2026-09-26T17:17:36.253Z] load:0x403ce710,len:0x303c
[2026-09-26T17:17:36.260Z] entry 0x403cbf1a
[2026-09-26T17:17:36.266Z] I (24) boot: ESP-IDF v6.0.3 2nd stage bootloader
[2026-09-26T17:17:36.266Z] I (24) boot: compile time Sep 26 2026 09:37:13
[2026-09-26T17:17:36.268Z] I (24) boot: chip revision: v0.4
[2026-09-26T17:17:36.272Z] I (24) boot: efuse block revision: v1.3
[2026-09-26T17:17:36.274Z] I (27) boot.esp32c3: SPI Speed      : 80MHz
[2026-09-26T17:17:36.277Z] I (31) boot.esp32c3: SPI Mode       : DIO
[2026-09-26T17:17:36.281Z] I (35) boot.esp32c3: SPI Flash Size : 2MB
[2026-09-26T17:17:36.285Z] I (39) boot: Enabling RNG early entropy source...
[2026-09-26T17:17:36.288Z] I (43) boot: Partition Table:
[2026-09-26T17:17:36.294Z] I (46) boot: ## Label            Usage          Type ST Offset   Length
[2026-09-26T17:17:36.301Z] I (52) boot:  0 nvs              WiFi data        01 02 00009000 00006000
[2026-09-26T17:17:36.307Z] I (59) boot:  1 phy_init         RF data          01 01 0000f000 00001000
[2026-09-26T17:17:36.314Z] I (65) boot:  2 factory          factory app      00 00 00010000 00180000
[2026-09-26T17:17:36.321Z] I (72) boot:  3 rlsec            WiFi data        01 02 00190000 00020000
[2026-09-26T17:17:36.324Z] I (78) boot: End of partition table
[2026-09-26T17:17:36.331Z] I (82) esp_image: segment 0: paddr=00010020 vaddr=3c110020 size=21ca4h (138404) map
[2026-09-26T17:17:36.355Z] I (112) esp_image: segment 1: paddr=00031ccc vaddr=3fc8e000 size=03404h ( 13316) load
[2026-09-26T17:17:36.358Z] I (114) esp_image: segment 2: paddr=000350d8 vaddr=40380000 size=0af40h ( 44864) load
[2026-09-26T17:17:36.367Z] I (124) esp_image: segment 3: paddr=00040020 vaddr=42000020 size=10d444h (1102916) map
[2026-09-26T17:17:36.546Z] I (303) esp_image: segment 4: paddr=0014d46c vaddr=4038af40 size=03004h ( 12292) load
[2026-09-26T17:17:36.550Z] I (306) esp_image: segment 5: paddr=00150478 vaddr=50000000 size=0001ch (    28) load
[2026-09-26T17:17:36.557Z] I (307) esp_image: segment 6: paddr=0015049c vaddr=50000020 size=016b8h (  5816) load
[2026-09-26T17:17:36.565Z] I (316) esp_image: segment 7: paddr=00151b5c vaddr=500016e0 size=00024h (    36) load
[2026-09-26T17:17:36.570Z] I (328) boot: Loaded app from partition at offset 0x10000
[2026-09-26T17:17:36.574Z] I (328) boot: Disabling RNG early entropy source...
[2026-09-26T17:17:36.587Z] I (345) cpu_start: Unicore app
[2026-09-26T17:17:36.596Z] I (353) cpu_start: GPIO 20 and 21 are used as console UART I/O pins
[2026-09-26T17:17:36.597Z] I (354) cpu_start: Pro cpu start user code
[2026-09-26T17:17:36.600Z] I (354) cpu_start: cpu freq: 160000000 Hz
[2026-09-26T17:17:36.603Z] I (355) app_init: Application information:
[2026-09-26T17:17:36.607Z] I (359) app_init: Project name:     routeloom_bridge_node
[2026-09-26T17:17:36.610Z] I (364) app_init: App version:      1
[2026-09-26T17:17:36.615Z] I (368) app_init: Compile time:     Sep 26 2026 16:51:27
[2026-09-26T17:17:36.619Z] I (373) app_init: ELF file SHA256:  a093e0b77...
[2026-09-26T17:17:36.623Z] I (377) app_init: ESP-IDF:          v6.0.3
[2026-09-26T17:17:36.627Z] I (381) efuse_init: Min chip rev:     v0.3
[2026-09-26T17:17:36.631Z] I (385) efuse_init: Max chip rev:     v1.99 
[2026-09-26T17:17:36.635Z] I (389) efuse_init: Chip rev:         v0.4
[2026-09-26T17:17:36.641Z] I (393) heap_init: Initializing. RAM available for dynamic allocation:
[2026-09-26T17:17:36.647Z] I (399) heap_init: At 3FCC79C0 len 00014D50 (83 KiB): Retention RAM
[2026-09-26T17:17:36.653Z] I (405) heap_init: At 3FCDC710 len 00002950 (10 KiB): Retention RAM
[2026-09-26T17:17:36.658Z] I (411) heap_init: At 50001704 len 000008E4 (2 KiB): RTCRAM
[2026-09-26T17:17:36.662Z] I (417) spi_flash: detected chip: generic
[2026-09-26T17:17:36.665Z] I (420) spi_flash: flash io: dio
[2026-09-26T17:17:36.679Z] W (423) spi_flash: Detected size(4096k) larger than the size in the binary image header(2048k). Using the size in the binary image header.
[2026-09-26T17:17:36.683Z] I (436) sleep_gpio: Configure to isolate all GPIO pins in sleep state
[2026-09-26T17:17:36.690Z] I (441) sleep_gpio: Enable automatic switching of GPIO sleep configuration
[2026-09-26T17:17:37.761Z] ESP-ROM:esp32c3-api1-20210207
[2026-09-26T17:17:37.761Z] Build:Feb  7 2021
[2026-09-26T17:17:37.761Z] rst:0xc (RTC_SW_CPU_RST),boot:0x8 (SPI_FAST_FLASH_BOOT)
[2026-09-26T17:17:37.762Z] Saved PC:0x40388246
[2026-09-26T17:17:37.764Z] SPIWP:0xee
[2026-09-26T17:17:37.764Z] mode:DIO, clock div:1
[2026-09-26T17:17:37.767Z] load:0x3fcd5830,len:0x15a4
[2026-09-26T17:17:37.769Z] load:0x403cbf10,len:0xce0
[2026-09-26T17:17:37.771Z] load:0x403ce710,len:0x303c
[2026-09-26T17:17:37.778Z] entry 0x403cbf1a
[2026-09-26T17:17:37.784Z] I (24) boot: ESP-IDF v6.0.3 2nd stage bootloader
[2026-09-26T17:17:37.784Z] I (24) boot: compile time Sep 26 2026 09:37:13
[2026-09-26T17:17:37.784Z] I (24) boot: chip revision: v0.4
[2026-09-26T17:17:37.788Z] I (24) boot: efuse block revision: v1.3
[2026-09-26T17:17:37.791Z] I (27) boot.esp32c3: SPI Speed      : 80MHz
[2026-09-26T17:17:37.795Z] I (31) boot.esp32c3: SPI Mode       : DIO
[2026-09-26T17:17:37.799Z] I (35) boot.esp32c3: SPI Flash Size : 2MB
[2026-09-26T17:17:37.803Z] I (39) boot: Enabling RNG early entropy source...
[2026-09-26T17:17:37.806Z] I (43) boot: Partition Table:
[2026-09-26T17:17:37.812Z] I (46) boot: ## Label            Usage          Type ST Offset   Length
[2026-09-26T17:17:37.819Z] I (52) boot:  0 nvs              WiFi data        01 02 00009000 00006000
[2026-09-26T17:17:37.825Z] I (59) boot:  1 phy_init         RF data          01 01 0000f000 00001000
[2026-09-26T17:17:37.832Z] I (65) boot:  2 factory          factory app      00 00 00010000 00180000
[2026-09-26T17:17:37.838Z] I (72) boot:  3 rlsec            WiFi data        01 02 00190000 00020000
[2026-09-26T17:17:37.842Z] I (78) boot: End of partition table
[2026-09-26T17:17:37.849Z] I (82) esp_image: segment 0: paddr=00010020 vaddr=3c110020 size=21ca4h (138404) map
[2026-09-26T17:17:37.872Z] I (112) esp_image: segment 1: paddr=00031ccc vaddr=3fc8e000 size=03404h ( 13316) load
[2026-09-26T17:17:37.876Z] I (114) esp_image: segment 2: paddr=000350d8 vaddr=40380000 size=0af40h ( 44864) load
[2026-09-26T17:17:37.885Z] I (124) esp_image: segment 3: paddr=00040020 vaddr=42000020 size=10d444h (1102916) map
[2026-09-26T17:17:38.064Z] I (303) esp_image: segment 4: paddr=0014d46c vaddr=4038af40 size=03004h ( 12292) load
[2026-09-26T17:17:38.068Z] I (306) esp_image: segment 5: paddr=00150478 vaddr=50000000 size=0001ch (    28) load
[2026-09-26T17:17:38.075Z] I (307) esp_image: segment 6: paddr=0015049c vaddr=50000020 size=016b8h (  5816) load
[2026-09-26T17:17:38.083Z] I (316) esp_image: segment 7: paddr=00151b5c vaddr=500016e0 size=00024h (    36) load
[2026-09-26T17:17:38.088Z] I (328) boot: Loaded app from partition at offset 0x10000
[2026-09-26T17:17:38.092Z] I (328) boot: Disabling RNG early entropy source...
[2026-09-26T17:17:38.105Z] I (345) cpu_start: Unicore app
[2026-09-26T17:17:38.114Z] I (353) cpu_start: GPIO 20 and 21 are used as console UART I/O pins
[2026-09-26T17:17:38.114Z] I (354) cpu_start: Pro cpu start user code
[2026-09-26T17:17:38.116Z] I (354) cpu_start: cpu freq: 160000000 Hz
[2026-09-26T17:17:38.119Z] I (355) app_init: Application information:
[2026-09-26T17:17:38.124Z] I (359) app_init: Project name:     routeloom_bridge_node
[2026-09-26T17:17:38.128Z] I (364) app_init: App version:      1
[2026-09-26T17:17:38.133Z] I (368) app_init: Compile time:     Sep 26 2026 16:51:27
[2026-09-26T17:17:38.137Z] I (373) app_init: ELF file SHA256:  a093e0b77...
[2026-09-26T17:17:38.141Z] I (377) app_init: ESP-IDF:          v6.0.3
[2026-09-26T17:17:38.145Z] I (381) efuse_init: Min chip rev:     v0.3
[2026-09-26T17:17:38.149Z] I (385) efuse_init: Max chip rev:     v1.99 
[2026-09-26T17:17:38.153Z] I (389) efuse_init: Chip rev:         v0.4
[2026-09-26T17:17:38.159Z] I (393) heap_init: Initializing. RAM available for dynamic allocation:
[2026-09-26T17:17:38.165Z] I (399) heap_init: At 3FCC79C0 len 00014D50 (83 KiB): Retention RAM
[2026-09-26T17:17:38.171Z] I (405) heap_init: At 3FCDC710 len 00002950 (10 KiB): Retention RAM
[2026-09-26T17:17:38.181Z] I (411) heap_init: At 50001704 len 000008E4 (2 KiB): RTCRAM
[2026-09-26T17:17:38.181Z] I (417) spi_flash: detected chip: generic
[2026-09-26T17:17:38.183Z] I (420) spi_flash: flash io: dio
[2026-09-26T17:17:38.197Z] W (423) spi_flash: Detected size(4096k) larger than the size in the binary image header(2048k). Using the size in the binary image header.
[2026-09-26T17:17:38.201Z] I (436) sleep_gpio: Configure to isolate all GPIO pins in sleep state
[2026-09-26T17:17:38.208Z] I (441) sleep_gpio: Enable automatic switching of GPIO sleep configuration
[2026-09-26T17:17:39.281Z] ESP-ROM:esp32c3-api1-20210207
[2026-09-26T17:17:39.281Z] Build:Feb  7 2021
[2026-09-26T17:17:39.282Z] rst:0xc (RTC_SW_CPU_RST),boot:0x8 (SPI_FAST_FLASH_BOOT)
[2026-09-26T17:17:39.282Z] Saved PC:0x40388246
[2026-09-26T17:17:39.284Z] SPIWP:0xee
[2026-09-26T17:17:39.284Z] mode:DIO, clock div:1
[2026-09-26T17:17:39.285Z] load:0x3fcd5830,len:0x15a4
[2026-09-26T17:17:39.289Z] load:0x403cbf10,len:0xce0
[2026-09-26T17:17:39.292Z] load:0x403ce710,len:0x303c
[2026-09-26T17:17:39.298Z] entry 0x403cbf1a
[2026-09-26T17:17:39.304Z] I (24) boot: ESP-IDF v6.0.3 2nd stage bootloader
[2026-09-26T17:17:39.304Z] I (24) boot: compile time Sep 26 2026 09:37:13
[2026-09-26T17:17:39.304Z] I (24) boot: chip revision: v0.4
[2026-09-26T17:17:39.308Z] I (24) boot: efuse block revision: v1.3
[2026-09-26T17:17:39.312Z] I (27) boot.esp32c3: SPI Speed      : 80MHz
[2026-09-26T17:17:39.315Z] I (31) boot.esp32c3: SPI Mode       : DIO
[2026-09-26T17:17:39.319Z] I (35) boot.esp32c3: SPI Flash Size : 2MB
[2026-09-26T17:17:39.326Z] I (39) boot: Enabling RNG early entropy source...
[2026-09-26T17:17:39.326Z] I (43) boot: Partition Table:
[2026-09-26T17:17:39.333Z] I (46) boot: ## Label            Usage          Type ST Offset   Length
[2026-09-26T17:17:39.339Z] I (52) boot:  0 nvs              WiFi data        01 02 00009000 00006000
[2026-09-26T17:17:39.345Z] I (59) boot:  1 phy_init         RF data          01 01 0000f000 00001000
[2026-09-26T17:17:39.352Z] I (65) boot:  2 factory          factory app      00 00 00010000 00180000
[2026-09-26T17:17:39.359Z] I (72) boot:  3 rlsec            WiFi data        01 02 00190000 00020000
[2026-09-26T17:17:39.362Z] I (78) boot: End of partition table
[2026-09-26T17:17:39.369Z] I (82) esp_image: segment 0: paddr=00010020 vaddr=3c110020 size=21ca4h (138404) map
[2026-09-26T17:17:39.392Z] I (112) esp_image: segment 1: paddr=00031ccc vaddr=3fc8e000 size=03404h ( 13316) load
[2026-09-26T17:17:39.396Z] I (114) esp_image: segment 2: paddr=000350d8 vaddr=40380000 size=0af40h ( 44864) load
[2026-09-26T17:17:39.405Z] I (124) esp_image: segment 3: paddr=00040020 vaddr=42000020 size=10d444h (1102916) map
[2026-09-26T17:17:39.584Z] I (303) esp_image: segment 4: paddr=0014d46c vaddr=4038af40 size=03004h ( 12292) load
[2026-09-26T17:17:39.588Z] I (306) esp_image: segment 5: paddr=00150478 vaddr=50000000 size=0001ch (    28) load
[2026-09-26T17:17:39.595Z] I (307) esp_image: segment 6: paddr=0015049c vaddr=50000020 size=016b8h (  5816) load
[2026-09-26T17:17:39.603Z] I (316) esp_image: segment 7: paddr=00151b5c vaddr=500016e0 size=00024h (    36) load
[2026-09-26T17:17:39.608Z] I (328) boot: Loaded app from partition at offset 0x10000
[2026-09-26T17:17:39.612Z] I (328) boot: Disabling RNG early entropy source...
[2026-09-26T17:17:39.626Z] I (345) cpu_start: Unicore app
[2026-09-26T17:17:39.634Z] I (353) cpu_start: GPIO 20 and 21 are used as console UART I/O pins
[2026-09-26T17:17:39.636Z] I (354) cpu_start: Pro cpu start user code
[2026-09-26T17:17:39.636Z] I (354) cpu_start: cpu freq: 160000000 Hz
[2026-09-26T17:17:39.640Z] I (355) app_init: Application information:
[2026-09-26T17:17:39.646Z] I (359) app_init: Project name:     routeloom_bridge_node
[2026-09-26T17:17:39.648Z] I (364) app_init: App version:      1
[2026-09-26T17:17:39.653Z] I (368) app_init: Compile time:     Sep 26 2026 16:51:27
[2026-09-26T17:17:39.657Z] I (373) app_init: ELF file SHA256:  a093e0b77...
[2026-09-26T17:17:39.661Z] I (377) app_init: ESP-IDF:          v6.0.3
[2026-09-26T17:17:39.665Z] I (381) efuse_init: Min chip rev:     v0.3
[2026-09-26T17:17:39.669Z] I (385) efuse_init: Max chip rev:     v1.99 
[2026-09-26T17:17:39.673Z] I (389) efuse_init: Chip rev:         v0.4
[2026-09-26T17:17:39.679Z] I (393) heap_init: Initializing. RAM available for dynamic allocation:
[2026-09-26T17:17:39.685Z] I (399) heap_init: At 3FCC79C0 len 00014D50 (83 KiB): Retention RAM
[2026-09-26T17:17:39.691Z] I (405) heap_init: At 3FCDC710 len 00002950 (10 KiB): Retention RAM
[2026-09-26T17:17:39.696Z] I (411) heap_init: At 50001704 len 000008E4 (2 KiB): RTCRAM
[2026-09-26T17:17:39.700Z] I (417) spi_flash: detected chip: generic
[2026-09-26T17:17:39.703Z] I (420) spi_flash: flash io: dio
[2026-09-26T17:17:39.715Z] W (423) spi_flash: Detected size(4096k) larger than the size in the binary image header(2048k). Using the size in the binary image header.
[2026-09-26T17:17:39.721Z] I (436) sleep_gpio: Configure to isolate all GPIO pins in sleep state
[2026-09-26T17:17:39.728Z] I (441) sleep_gpio: Enable automatic switching of GPIO sleep configuration
[2026-09-26T17:17:40.799Z] ESP-ROM:esp32c3-api1-20210207
[2026-09-26T17:17:40.800Z] Build:Feb  7 2021
[2026-09-26T17:17:40.800Z] rst:0xc (RTC_SW_CPU_RST),boot:0x8 (SPI_FAST_FLASH_BOOT)
[2026-09-26T17:17:40.801Z] Saved PC:0x40388246
[2026-09-26T17:17:40.801Z] SPIWP:0xee
[2026-09-26T17:17:40.802Z] mode:DIO, clock div:1
[2026-09-26T17:17:40.804Z] load:0x3fcd5830,len:0x15a4
[2026-09-26T17:17:40.808Z] load:0x403cbf10,len:0xce0
[2026-09-26T17:17:40.810Z] load:0x403ce710,len:0x303c
[2026-09-26T17:17:40.817Z] entry 0x403cbf1a
[2026-09-26T17:17:40.823Z] I (24) boot: ESP-IDF v6.0.3 2nd stage bootloader
[2026-09-26T17:17:40.823Z] I (24) boot: compile time Sep 26 2026 09:37:13
[2026-09-26T17:17:40.823Z] I (24) boot: chip revision: v0.4
[2026-09-26T17:17:40.826Z] I (24) boot: efuse block revision: v1.3
[2026-09-26T17:17:40.830Z] I (27) boot.esp32c3: SPI Speed      : 80MHz
[2026-09-26T17:17:40.834Z] I (31) boot.esp32c3: SPI Mode       : DIO
[2026-09-26T17:17:40.838Z] I (35) boot.esp32c3: SPI Flash Size : 2MB
[2026-09-26T17:17:40.842Z] I (39) boot: Enabling RNG early entropy source...
[2026-09-26T17:17:40.845Z] I (43) boot: Partition Table:
[2026-09-26T17:17:40.851Z] I (46) boot: ## Label            Usage          Type ST Offset   Length
[2026-09-26T17:17:40.858Z] I (52) boot:  0 nvs              WiFi data        01 02 00009000 00006000
[2026-09-26T17:17:40.864Z] I (59) boot:  1 phy_init         RF data          01 01 0000f000 00001000
[2026-09-26T17:17:40.871Z] I (65) boot:  2 factory          factory app      00 00 00010000 00180000
[2026-09-26T17:17:40.877Z] I (72) boot:  3 rlsec            WiFi data        01 02 00190000 00020000
[2026-09-26T17:17:40.881Z] I (78) boot: End of partition table
[2026-09-26T17:17:40.888Z] I (82) esp_image: segment 0: paddr=00010020 vaddr=3c110020 size=21ca4h (138404) map
[2026-09-26T17:17:40.911Z] I (112) esp_image: segment 1: paddr=00031ccc vaddr=3fc8e000 size=03404h ( 13316) load
[2026-09-26T17:17:40.914Z] I (114) esp_image: segment 2: paddr=000350d8 vaddr=40380000 size=0af40h ( 44864) load
[2026-09-26T17:17:40.924Z] I (124) esp_image: segment 3: paddr=00040020 vaddr=42000020 size=10d444h (1102916) map
[2026-09-26T17:17:41.103Z] I (303) esp_image: segment 4: paddr=0014d46c vaddr=4038af40 size=03004h ( 12292) load
[2026-09-26T17:17:41.106Z] I (306) esp_image: segment 5: paddr=00150478 vaddr=50000000 size=0001ch (    28) load
[2026-09-26T17:17:41.114Z] I (307) esp_image: segment 6: paddr=0015049c vaddr=50000020 size=016b8h (  5816) load
[2026-09-26T17:17:41.122Z] I (316) esp_image: segment 7: paddr=00151b5c vaddr=500016e0 size=00024h (    36) load
[2026-09-26T17:17:41.127Z] I (328) boot: Loaded app from partition at offset 0x10000
[2026-09-26T17:17:41.131Z] I (328) boot: Disabling RNG early entropy source...
[2026-09-26T17:17:41.144Z] I (345) cpu_start: Unicore app
[2026-09-26T17:17:41.152Z] I (353) cpu_start: GPIO 20 and 21 are used as console UART I/O pins
[2026-09-26T17:17:41.153Z] I (354) cpu_start: Pro cpu start user code
[2026-09-26T17:17:41.154Z] I (354) cpu_start: cpu freq: 160000000 Hz
[2026-09-26T17:17:41.158Z] I (355) app_init: Application information:
[2026-09-26T17:17:41.163Z] I (359) app_init: Project name:     routeloom_bridge_node
[2026-09-26T17:17:41.167Z] I (364) app_init: App version:      1
[2026-09-26T17:17:41.172Z] I (368) app_init: Compile time:     Sep 26 2026 16:51:27
[2026-09-26T17:17:41.176Z] I (373) app_init: ELF file SHA256:  a093e0b77...
[2026-09-26T17:17:41.180Z] I (377) app_init: ESP-IDF:          v6.0.3
[2026-09-26T17:17:41.184Z] I (381) efuse_init: Min chip rev:     v0.3
[2026-09-26T17:17:41.188Z] I (385) efuse_init: Max chip rev:     v1.99 
[2026-09-26T17:17:41.192Z] I (389) efuse_init: Chip rev:         v0.4
[2026-09-26T17:17:41.198Z] I (393) heap_init: Initializing. RAM available for dynamic allocation:
[2026-09-26T17:17:41.204Z] I (399) heap_init: At 3FCC79C0 len 00014D50 (83 KiB): Retention RAM
[2026-09-26T17:17:41.210Z] I (405) heap_init: At 3FCDC710 len 00002950 (10 KiB): Retention RAM
[2026-09-26T17:17:41.215Z] I (411) heap_init: At 50001704 len 000008E4 (2 KiB): RTCRAM
[2026-09-26T17:17:41.219Z] I (417) spi_flash: detected chip: generic
[2026-09-26T17:17:41.222Z] I (420) spi_flash: flash io: dio
[2026-09-26T17:17:41.234Z] W (423) spi_flash: Detected size(4096k) larger than the size in the binary image header(2048k). Using the size in the binary image header.
[2026-09-26T17:17:41.240Z] I (436) sleep_gpio: Configure to isolate all GPIO pins in sleep state
[2026-09-26T17:17:41.247Z] I (441) sleep_gpio: Enable automatic switching of GPIO sleep configuration
[2026-09-26T17:17:42.323Z] ESP-ROM:esp32c3-api1-20210207
[2026-09-26T17:17:42.324Z] Build:Feb  7 2021
[2026-09-26T17:17:42.324Z] rst:0xc (RTC_SW_CPU_RST),boot:0x8 (SPI_FAST_FLASH_BOOT)
[2026-09-26T17:17:42.325Z] Saved PC:0x40388246
[2026-09-26T17:17:42.325Z] SPIWP:0xee
[2026-09-26T17:17:42.326Z] mode:DIO, clock div:1
[2026-09-26T17:17:42.328Z] load:0x3fcd5830,len:0x15a4
[2026-09-26T17:17:42.332Z] load:0x403cbf10,len:0xce0
[2026-09-26T17:17:42.334Z] load:0x403ce710,len:0x303c
[2026-09-26T17:17:42.341Z] entry 0x403cbf1a
[2026-09-26T17:17:42.347Z] I (24) boot: ESP-IDF v6.0.3 2nd stage bootloader
[2026-09-26T17:17:42.347Z] I (24) boot: compile time Sep 26 2026 09:37:13
[2026-09-26T17:17:42.347Z] I (24) boot: chip revision: v0.4
[2026-09-26T17:17:42.351Z] I (24) boot: efuse block revision: v1.3
[2026-09-26T17:17:42.354Z] I (27) boot.esp32c3: SPI Speed      : 80MHz
[2026-09-26T17:17:42.358Z] I (31) boot.esp32c3: SPI Mode       : DIO
[2026-09-26T17:17:42.362Z] I (35) boot.esp32c3: SPI Flash Size : 2MB
[2026-09-26T17:17:42.366Z] I (39) boot: Enabling RNG early entropy source...
[2026-09-26T17:17:42.369Z] I (43) boot: Partition Table:
[2026-09-26T17:17:42.375Z] I (46) boot: ## Label            Usage          Type ST Offset   Length
[2026-09-26T17:17:42.382Z] I (52) boot:  0 nvs              WiFi data        01 02 00009000 00006000
[2026-09-26T17:17:42.388Z] I (59) boot:  1 phy_init         RF data          01 01 0000f000 00001000
[2026-09-26T17:17:42.395Z] I (65) boot:  2 factory          factory app      00 00 00010000 00180000
[2026-09-26T17:17:42.401Z] I (72) boot:  3 rlsec            WiFi data        01 02 00190000 00020000
[2026-09-26T17:17:42.405Z] I (78) boot: End of partition table
[2026-09-26T17:17:42.412Z] I (82) esp_image: segment 0: paddr=00010020 vaddr=3c110020 size=21ca4h (138404) map
[2026-09-26T17:17:42.435Z] I (112) esp_image: segment 1: paddr=00031ccc vaddr=3fc8e000 size=03404h ( 13316) load
[2026-09-26T17:17:42.439Z] I (114) esp_image: segment 2: paddr=000350d8 vaddr=40380000 size=0af40h ( 44864) load
[2026-09-26T17:17:42.448Z] I (124) esp_image: segment 3: paddr=00040020 vaddr=42000020 size=10d444h (1102916) map
[2026-09-26T17:17:42.627Z] I (304) esp_image: segment 4: paddr=0014d46c vaddr=4038af40 size=03004h ( 12292) load
[2026-09-26T17:17:42.631Z] I (306) esp_image: segment 5: paddr=00150478 vaddr=50000000 size=0001ch (    28) load
[2026-09-26T17:17:42.638Z] I (307) esp_image: segment 6: paddr=0015049c vaddr=50000020 size=016b8h (  5816) load
[2026-09-26T17:17:42.646Z] I (316) esp_image: segment 7: paddr=00151b5c vaddr=500016e0 size=00024h (    36) load
[2026-09-26T17:17:42.651Z] I (328) boot: Loaded app from partition at offset 0x10000
[2026-09-26T17:17:42.655Z] I (328) boot: Disabling RNG early entropy source...
[2026-09-26T17:17:42.668Z] I (345) cpu_start: Unicore app
[2026-09-26T17:17:42.676Z] I (353) cpu_start: GPIO 20 and 21 are used as console UART I/O pins
[2026-09-26T17:17:42.677Z] I (354) cpu_start: Pro cpu start user code
[2026-09-26T17:17:42.678Z] I (354) cpu_start: cpu freq: 160000000 Hz
[2026-09-26T17:17:42.682Z] I (355) app_init: Application information:
[2026-09-26T17:17:42.687Z] I (359) app_init: Project name:     routeloom_bridge_node
[2026-09-26T17:17:42.691Z] I (364) app_init: App version:      1
[2026-09-26T17:17:42.696Z] I (368) app_init: Compile time:     Sep 26 2026 16:51:27
[2026-09-26T17:17:42.700Z] I (373) app_init: ELF file SHA256:  a093e0b77...
[2026-09-26T17:17:42.704Z] I (377) app_init: ESP-IDF:          v6.0.3
[2026-09-26T17:17:42.708Z] I (381) efuse_init: Min chip rev:     v0.3
[2026-09-26T17:17:42.712Z] I (385) efuse_init: Max chip rev:     v1.99 
[2026-09-26T17:17:42.716Z] I (389) efuse_init: Chip rev:         v0.4
[2026-09-26T17:17:42.722Z] I (393) heap_init: Initializing. RAM available for dynamic allocation:
[2026-09-26T17:17:42.728Z] I (399) heap_init: At 3FCC79C0 len 00014D50 (83 KiB): Retention RAM
[2026-09-26T17:17:42.734Z] I (405) heap_init: At 3FCDC710 len 00002950 (10 KiB): Retention RAM
[2026-09-26T17:17:42.739Z] I (411) heap_init: At 50001704 len 000008E4 (2 KiB): RTCRAM
[2026-09-26T17:17:42.743Z] I (417) spi_flash: detected chip: generic
[2026-09-26T17:17:42.746Z] I (420) spi_flash: flash io: dio
[2026-09-26T17:17:42.758Z] W (423) spi_flash: Detected size(4096k) larger than the size in the binary image header(2048k). Using the size in the binary image header.
[2026-09-26T17:17:42.764Z] I (436) sleep_gpio: Configure to isolate all GPIO pins in sleep state
[2026-09-26T17:17:42.771Z] I (441) sleep_gpio: Enable automatic switching of GPIO sleep configuration
[2026-09-26T17:17:43.842Z] ESP-ROM:esp32c3-api1-20210207
[2026-09-26T17:17:43.843Z] Build:Feb  7 2021
[2026-09-26T17:17:43.843Z] rst:0xc (RTC_SW_CPU_RST),boot:0x8 (SPI_FAST_FLASH_BOOT)
[2026-09-26T17:17:43.843Z] Saved PC:0x40388246
[2026-09-26T17:17:43.844Z] SPIWP:0xee
[2026-09-26T17:17:43.845Z] mode:DIO, clock div:1
[2026-09-26T17:17:43.847Z] load:0x3fcd5830,len:0x15a4
[2026-09-26T17:17:43.851Z] load:0x403cbf10,len:0xce0
[2026-09-26T17:17:43.853Z] load:0x403ce710,len:0x303c
[2026-09-26T17:17:43.859Z] entry 0x403cbf1a
[2026-09-26T17:17:43.866Z] I (24) boot: ESP-IDF v6.0.3 2nd stage bootloader
[2026-09-26T17:17:43.866Z] I (24) boot: compile time Sep 26 2026 09:37:13
[2026-09-26T17:17:43.866Z] I (24) boot: chip revision: v0.4
[2026-09-26T17:17:43.869Z] I (24) boot: efuse block revision: v1.3
[2026-09-26T17:17:43.873Z] I (27) boot.esp32c3: SPI Speed      : 80MHz
[2026-09-26T17:17:43.877Z] I (31) boot.esp32c3: SPI Mode       : DIO
[2026-09-26T17:17:43.881Z] I (35) boot.esp32c3: SPI Flash Size : 2MB
[2026-09-26T17:17:43.885Z] I (39) boot: Enabling RNG early entropy source...
[2026-09-26T17:17:43.888Z] I (43) boot: Partition Table:
[2026-09-26T17:17:43.894Z] I (46) boot: ## Label            Usage          Type ST Offset   Length
[2026-09-26T17:17:43.901Z] I (52) boot:  0 nvs              WiFi data        01 02 00009000 00006000
[2026-09-26T17:17:43.907Z] I (59) boot:  1 phy_init         RF data          01 01 0000f000 00001000
[2026-09-26T17:17:43.914Z] I (65) boot:  2 factory          factory app      00 00 00010000 00180000
[2026-09-26T17:17:43.920Z] I (72) boot:  3 rlsec            WiFi data        01 02 00190000 00020000
[2026-09-26T17:17:43.923Z] I (78) boot: End of partition table
[2026-09-26T17:17:43.931Z] I (82) esp_image: segment 0: paddr=00010020 vaddr=3c110020 size=21ca4h (138404) map
[2026-09-26T17:17:43.954Z] I (112) esp_image: segment 1: paddr=00031ccc vaddr=3fc8e000 size=03404h ( 13316) load
[2026-09-26T17:17:43.957Z] I (114) esp_image: segment 2: paddr=000350d8 vaddr=40380000 size=0af40h ( 44864) load
[2026-09-26T17:17:43.966Z] I (124) esp_image: segment 3: paddr=00040020 vaddr=42000020 size=10d444h (1102916) map
[2026-09-26T17:17:44.146Z] I (304) esp_image: segment 4: paddr=0014d46c vaddr=4038af40 size=03004h ( 12292) load
[2026-09-26T17:17:44.149Z] I (306) esp_image: segment 5: paddr=00150478 vaddr=50000000 size=0001ch (    28) load
[2026-09-26T17:17:44.157Z] I (307) esp_image: segment 6: paddr=0015049c vaddr=50000020 size=016b8h (  5816) load
[2026-09-26T17:17:44.164Z] I (316) esp_image: segment 7: paddr=00151b5c vaddr=500016e0 size=00024h (    36) load
[2026-09-26T17:17:44.170Z] I (328) boot: Loaded app from partition at offset 0x10000
[2026-09-26T17:17:44.174Z] I (328) boot: Disabling RNG early entropy source...
[2026-09-26T17:17:44.187Z] I (345) cpu_start: Unicore app
[2026-09-26T17:17:44.195Z] I (353) cpu_start: GPIO 20 and 21 are used as console UART I/O pins
[2026-09-26T17:17:44.196Z] I (354) cpu_start: Pro cpu start user code
[2026-09-26T17:17:44.197Z] I (354) cpu_start: cpu freq: 160000000 Hz
[2026-09-26T17:17:44.201Z] I (355) app_init: Application information:
[2026-09-26T17:17:44.206Z] I (359) app_init: Project name:     routeloom_bridge_node
[2026-09-26T17:17:44.210Z] I (364) app_init: App version:      1
[2026-09-26T17:17:44.215Z] I (368) app_init: Compile time:     Sep 26 2026 16:51:27
[2026-09-26T17:17:44.219Z] I (373) app_init: ELF file SHA256:  a093e0b77...
[2026-09-26T17:17:44.223Z] I (377) app_init: ESP-IDF:          v6.0.3
[2026-09-26T17:17:44.227Z] I (381) efuse_init: Min chip rev:     v0.3
[2026-09-26T17:17:44.231Z] I (385) efuse_init: Max chip rev:     v1.99 
[2026-09-26T17:17:44.235Z] I (389) efuse_init: Chip rev:         v0.4
[2026-09-26T17:17:44.241Z] I (393) heap_init: Initializing. RAM available for dynamic allocation:
[2026-09-26T17:17:44.247Z] I (399) heap_init: At 3FCC79C0 len 00014D50 (83 KiB): Retention RAM
[2026-09-26T17:17:44.253Z] I (405) heap_init: At 3FCDC710 len 00002950 (10 KiB): Retention RAM
[2026-09-26T17:17:44.258Z] I (411) heap_init: At 50001704 len 000008E4 (2 KiB): RTCRAM
[2026-09-26T17:17:44.262Z] I (417) spi_flash: detected chip: generic
[2026-09-26T17:17:44.265Z] I (420) spi_flash: flash io: dio
[2026-09-26T17:17:44.277Z] W (423) spi_flash: Detected size(4096k) larger than the size in the binary image header(2048k). Using the size in the binary image header.
[2026-09-26T17:17:44.283Z] I (436) sleep_gpio: Configure to isolate all GPIO pins in sleep state
[2026-09-26T17:17:44.290Z] I (441) sleep_gpio: Enable automatic switching of GPIO sleep configuration
[2026-09-26T17:17:45.360Z] ESP-ROM:esp32c3-api1-20210207
[2026-09-26T17:17:45.360Z] Build:Feb  7 2021
[2026-09-26T17:17:45.360Z] rst:0xc (RTC_SW_CPU_RST),boot:0x8 (SPI_FAST_FLASH_BOOT)
[2026-09-26T17:17:45.360Z] Saved PC:0x40388246
[2026-09-26T17:17:45.361Z] SPIWP:0xee
[2026-09-26T17:17:45.362Z] mode:DIO, clock div:1
[2026-09-26T17:17:45.364Z] load:0x3fcd5830,len:0x15a4
[2026-09-26T17:17:45.368Z] load:0x403cbf10,len:0xce0
[2026-09-26T17:17:45.370Z] load:0x403ce710,len:0x303c
[2026-09-26T17:17:45.377Z] entry 0x403cbf1a
[2026-09-26T17:17:45.383Z] I (24) boot: ESP-IDF v6.0.3 2nd stage bootloader
[2026-09-26T17:17:45.383Z] I (24) boot: compile time Sep 26 2026 09:37:13
[2026-09-26T17:17:45.383Z] I (24) boot: chip revision: v0.4
[2026-09-26T17:17:45.386Z] I (24) boot: efuse block revision: v1.3
[2026-09-26T17:17:45.390Z] I (27) boot.esp32c3: SPI Speed      : 80MHz
[2026-09-26T17:17:45.394Z] I (31) boot.esp32c3: SPI Mode       : DIO
[2026-09-26T17:17:45.398Z] I (35) boot.esp32c3: SPI Flash Size : 2MB
[2026-09-26T17:17:45.402Z] I (39) boot: Enabling RNG early entropy source...
[2026-09-26T17:17:45.405Z] I (43) boot: Partition Table:
[2026-09-26T17:17:45.411Z] I (46) boot: ## Label            Usage          Type ST Offset   Length
[2026-09-26T17:17:45.418Z] I (52) boot:  0 nvs              WiFi data        01 02 00009000 00006000
[2026-09-26T17:17:45.424Z] I (59) boot:  1 phy_init         RF data          01 01 0000f000 00001000
[2026-09-26T17:17:45.431Z] I (65) boot:  2 factory          factory app      00 00 00010000 00180000
[2026-09-26T17:17:45.437Z] I (72) boot:  3 rlsec            WiFi data        01 02 00190000 00020000
[2026-09-26T17:17:45.440Z] I (78) boot: End of partition table
[2026-09-26T17:17:45.448Z] I (82) esp_image: segment 0: paddr=00010020 vaddr=3c110020 size=21ca4h (138404) map
[2026-09-26T17:17:45.471Z] I (112) esp_image: segment 1: paddr=00031ccc vaddr=3fc8e000 size=03404h ( 13316) load
[2026-09-26T17:17:45.474Z] I (114) esp_image: segment 2: paddr=000350d8 vaddr=40380000 size=0af40h ( 44864) load
[2026-09-26T17:17:45.484Z] I (124) esp_image: segment 3: paddr=00040020 vaddr=42000020 size=10d444h (1102916) map
[2026-09-26T17:17:45.663Z] I (303) esp_image: segment 4: paddr=0014d46c vaddr=4038af40 size=03004h ( 12292) load
[2026-09-26T17:17:45.666Z] I (306) esp_image: segment 5: paddr=00150478 vaddr=50000000 size=0001ch (    28) load
[2026-09-26T17:17:45.674Z] I (307) esp_image: segment 6: paddr=0015049c vaddr=50000020 size=016b8h (  5816) load
[2026-09-26T17:17:45.681Z] I (316) esp_image: segment 7: paddr=00151b5c vaddr=500016e0 size=00024h (    36) load
[2026-09-26T17:17:45.687Z] I (328) boot: Loaded app from partition at offset 0x10000
[2026-09-26T17:17:45.691Z] I (328) boot: Disabling RNG early entropy source...
[2026-09-26T17:17:45.704Z] I (345) cpu_start: Unicore app
[2026-09-26T17:17:45.712Z] I (353) cpu_start: GPIO 20 and 21 are used as console UART I/O pins
[2026-09-26T17:17:45.713Z] I (354) cpu_start: Pro cpu start user code
[2026-09-26T17:17:45.714Z] I (354) cpu_start: cpu freq: 160000000 Hz
[2026-09-26T17:17:45.718Z] I (355) app_init: Application information:
[2026-09-26T17:17:45.723Z] I (359) app_init: Project name:     routeloom_bridge_node
[2026-09-26T17:17:45.727Z] I (364) app_init: App version:      1
[2026-09-26T17:17:45.732Z] I (368) app_init: Compile time:     Sep 26 2026 16:51:27
[2026-09-26T17:17:45.736Z] I (373) app_init: ELF file SHA256:  a093e0b77...
[2026-09-26T17:17:45.740Z] I (377) app_init: ESP-IDF:          v6.0.3
[2026-09-26T17:17:45.744Z] I (381) efuse_init: Min chip rev:     v0.3
[2026-09-26T17:17:45.748Z] I (385) efuse_init: Max chip rev:     v1.99 
[2026-09-26T17:17:45.752Z] I (389) efuse_init: Chip rev:         v0.4
[2026-09-26T17:17:45.758Z] I (393) heap_init: Initializing. RAM available for dynamic allocation:
[2026-09-26T17:17:45.764Z] I (399) heap_init: At 3FCC79C0 len 00014D50 (83 KiB): Retention RAM
[2026-09-26T17:17:45.770Z] I (405) heap_init: At 3FCDC710 len 00002950 (10 KiB): Retention RAM
[2026-09-26T17:17:45.775Z] I (411) heap_init: At 50001704 len 000008E4 (2 KiB): RTCRAM
[2026-09-26T17:17:45.779Z] I (417) spi_flash: detected chip: generic
[2026-09-26T17:17:45.782Z] I (420) spi_flash: flash io: dio
[2026-09-26T17:17:45.794Z] W (423) spi_flash: Detected size(4096k) larger than the size in the binary image header(2048k). Using the size in the binary image header.
[2026-09-26T17:17:45.800Z] I (436) sleep_gpio: Configure to isolate all GPIO pins in sleep state
[2026-09-26T17:17:45.807Z] I (441) sleep_gpio: Enable automatic switching of GPIO sleep configuration
[2026-09-26T17:17:46.878Z] ESP-ROM:esp32c3-api1-20210207
[2026-09-26T17:17:46.879Z] Build:Feb  7 2021
[2026-09-26T17:17:46.879Z] rst:0xc (RTC_SW_CPU_RST),boot:0x8 (SPI_FAST_FLASH_BOOT)
[2026-09-26T17:17:46.879Z] Saved PC:0x40388246
[2026-09-26T17:17:46.880Z] SPIWP:0xee
[2026-09-26T17:17:46.881Z] mode:DIO, clock div:1
[2026-09-26T17:17:46.883Z] load:0x3fcd5830,len:0x15a4
[2026-09-26T17:17:46.886Z] load:0x403cbf10,len:0xce0
[2026-09-26T17:17:46.889Z] load:0x403ce710,len:0x303c
[2026-09-26T17:17:46.895Z] entry 0x403cbf1a
[2026-09-26T17:17:46.902Z] I (24) boot: ESP-IDF v6.0.3 2nd stage bootloader
[2026-09-26T17:17:46.902Z] I (24) boot: compile time Sep 26 2026 09:37:13
[2026-09-26T17:17:46.902Z] I (24) boot: chip revision: v0.4
[2026-09-26T17:17:46.905Z] I (24) boot: efuse block revision: v1.3
[2026-09-26T17:17:46.909Z] I (27) boot.esp32c3: SPI Speed      : 80MHz
[2026-09-26T17:17:46.913Z] I (31) boot.esp32c3: SPI Mode       : DIO
[2026-09-26T17:17:46.917Z] I (35) boot.esp32c3: SPI Flash Size : 2MB
[2026-09-26T17:17:46.921Z] I (39) boot: Enabling RNG early entropy source...
[2026-09-26T17:17:46.924Z] I (43) boot: Partition Table:
[2026-09-26T17:17:46.930Z] I (46) boot: ## Label            Usage          Type ST Offset   Length
[2026-09-26T17:17:46.937Z] I (52) boot:  0 nvs              WiFi data        01 02 00009000 00006000
[2026-09-26T17:17:46.943Z] I (59) boot:  1 phy_init         RF data          01 01 0000f000 00001000
[2026-09-26T17:17:46.950Z] I (65) boot:  2 factory          factory app      00 00 00010000 00180000
[2026-09-26T17:17:46.956Z] I (72) boot:  3 rlsec            WiFi data        01 02 00190000 00020000
[2026-09-26T17:17:46.960Z] I (78) boot: End of partition table
[2026-09-26T17:17:46.967Z] I (82) esp_image: segment 0: paddr=00010020 vaddr=3c110020 size=21ca4h (138404) map
[2026-09-26T17:17:46.990Z] I (112) esp_image: segment 1: paddr=00031ccc vaddr=3fc8e000 size=03404h ( 13316) load
[2026-09-26T17:17:46.993Z] I (114) esp_image: segment 2: paddr=000350d8 vaddr=40380000 size=0af40h ( 44864) load
[2026-09-26T17:17:47.002Z] I (124) esp_image: segment 3: paddr=00040020 vaddr=42000020 size=10d444h (1102916) map
[2026-09-26T17:17:47.182Z] I (304) esp_image: segment 4: paddr=0014d46c vaddr=4038af40 size=03004h ( 12292) load
[2026-09-26T17:17:47.185Z] I (306) esp_image: segment 5: paddr=00150478 vaddr=50000000 size=0001ch (    28) load
[2026-09-26T17:17:47.193Z] I (307) esp_image: segment 6: paddr=0015049c vaddr=50000020 size=016b8h (  5816) load
[2026-09-26T17:17:47.200Z] I (316) esp_image: segment 7: paddr=00151b5c vaddr=500016e0 size=00024h (    36) load
[2026-09-26T17:17:47.206Z] I (328) boot: Loaded app from partition at offset 0x10000
[2026-09-26T17:17:47.210Z] I (328) boot: Disabling RNG early entropy source...
[2026-09-26T17:17:47.223Z] I (345) cpu_start: Unicore app
[2026-09-26T17:17:47.231Z] I (353) cpu_start: GPIO 20 and 21 are used as console UART I/O pins
[2026-09-26T17:17:47.232Z] I (354) cpu_start: Pro cpu start user code
[2026-09-26T17:17:47.233Z] I (354) cpu_start: cpu freq: 160000000 Hz
[2026-09-26T17:17:47.237Z] I (355) app_init: Application information:
[2026-09-26T17:17:47.242Z] I (359) app_init: Project name:     routeloom_bridge_node
[2026-09-26T17:17:47.246Z] I (364) app_init: App version:      1
[2026-09-26T17:17:47.251Z] I (368) app_init: Compile time:     Sep 26 2026 16:51:27
[2026-09-26T17:17:47.255Z] I (373) app_init: ELF file SHA256:  a093e0b77...
[2026-09-26T17:17:47.259Z] I (377) app_init: ESP-IDF:          v6.0.3
[2026-09-26T17:17:47.263Z] I (381) efuse_init: Min chip rev:     v0.3
[2026-09-26T17:17:47.267Z] I (385) efuse_init: Max chip rev:     v1.99 
[2026-09-26T17:17:47.270Z] I (389) efuse_init: Chip rev:         v0.4
[2026-09-26T17:17:47.277Z] I (393) heap_init: Initializing. RAM available for dynamic allocation:
[2026-09-26T17:17:47.283Z] I (399) heap_init: At 3FCC79C0 len 00014D50 (83 KiB): Retention RAM
[2026-09-26T17:17:47.289Z] I (405) heap_init: At 3FCDC710 len 00002950 (10 KiB): Retention RAM
[2026-09-26T17:17:47.294Z] I (411) heap_init: At 50001704 len 000008E4 (2 KiB): RTCRAM
[2026-09-26T17:17:47.298Z] I (417) spi_flash: detected chip: generic
[2026-09-26T17:17:47.301Z] I (420) spi_flash: flash io: dio
[2026-09-26T17:17:47.313Z] W (423) spi_flash: Detected size(4096k) larger than the size in the binary image header(2048k). Using the size in the binary image header.
[2026-09-26T17:17:47.319Z] I (436) sleep_gpio: Configure to isolate all GPIO pins in sleep state
[2026-09-26T17:17:47.326Z] I (441) sleep_gpio: Enable automatic switching of GPIO sleep configuration
[2026-09-26T17:17:48.397Z] ESP-ROM:esp32c3-api1-20210207
[2026-09-26T17:17:48.397Z] Build:Feb  7 2021
[2026-09-26T17:17:48.398Z] rst:0xc (RTC_SW_CPU_RST),boot:0x8 (SPI_FAST_FLASH_BOOT)
[2026-09-26T17:17:48.398Z] Saved PC:0x40388246
[2026-09-26T17:17:48.399Z] SPIWP:0xee
[2026-09-26T17:17:48.400Z] mode:DIO, clock div:1
[2026-09-26T17:17:48.402Z] load:0x3fcd5830,len:0x15a4
[2026-09-26T17:17:48.405Z] load:0x403cbf10,len:0xce0
[2026-09-26T17:17:48.408Z] load:0x403ce710,len:0x303c
[2026-09-26T17:17:48.414Z] entry 0x403cbf1a
[2026-09-26T17:17:48.421Z] I (24) boot: ESP-IDF v6.0.3 2nd stage bootloader
[2026-09-26T17:17:48.421Z] I (24) boot: compile time Sep 26 2026 09:37:13
[2026-09-26T17:17:48.421Z] I (24) boot: chip revision: v0.4
[2026-09-26T17:17:48.424Z] I (24) boot: efuse block revision: v1.3
[2026-09-26T17:17:48.428Z] I (27) boot.esp32c3: SPI Speed      : 80MHz
[2026-09-26T17:17:48.432Z] I (31) boot.esp32c3: SPI Mode       : DIO
[2026-09-26T17:17:48.436Z] I (35) boot.esp32c3: SPI Flash Size : 2MB
[2026-09-26T17:17:48.440Z] I (39) boot: Enabling RNG early entropy source...
[2026-09-26T17:17:48.443Z] I (43) boot: Partition Table:
[2026-09-26T17:17:48.449Z] I (46) boot: ## Label            Usage          Type ST Offset   Length
[2026-09-26T17:17:48.456Z] I (52) boot:  0 nvs              WiFi data        01 02 00009000 00006000
[2026-09-26T17:17:48.462Z] I (59) boot:  1 phy_init         RF data          01 01 0000f000 00001000
[2026-09-26T17:17:48.469Z] I (65) boot:  2 factory          factory app      00 00 00010000 00180000
[2026-09-26T17:17:48.475Z] I (72) boot:  3 rlsec            WiFi data        01 02 00190000 00020000
[2026-09-26T17:17:48.478Z] I (78) boot: End of partition table
[2026-09-26T17:17:48.486Z] I (82) esp_image: segment 0: paddr=00010020 vaddr=3c110020 size=21ca4h (138404) map
[2026-09-26T17:17:48.509Z] I (112) esp_image: segment 1: paddr=00031ccc vaddr=3fc8e000 size=03404h ( 13316) load
[2026-09-26T17:17:48.512Z] I (114) esp_image: segment 2: paddr=000350d8 vaddr=40380000 size=0af40h ( 44864) load
[2026-09-26T17:17:48.521Z] I (124) esp_image: segment 3: paddr=00040020 vaddr=42000020 size=10d444h (1102916) map
[2026-09-26T17:17:48.701Z] I (303) esp_image: segment 4: paddr=0014d46c vaddr=4038af40 size=03004h ( 12292) load
[2026-09-26T17:17:48.704Z] I (306) esp_image: segment 5: paddr=00150478 vaddr=50000000 size=0001ch (    28) load
[2026-09-26T17:17:48.712Z] I (307) esp_image: segment 6: paddr=0015049c vaddr=50000020 size=016b8h (  5816) load
[2026-09-26T17:17:48.719Z] I (316) esp_image: segment 7: paddr=00151b5c vaddr=500016e0 size=00024h (    36) load
[2026-09-26T17:17:48.725Z] I (328) boot: Loaded app from partition at offset 0x10000
[2026-09-26T17:17:48.729Z] I (328) boot: Disabling RNG early entropy source...
[2026-09-26T17:17:48.742Z] I (345) cpu_start: Unicore app
[2026-09-26T17:17:48.750Z] I (353) cpu_start: GPIO 20 and 21 are used as console UART I/O pins
[2026-09-26T17:17:48.751Z] I (354) cpu_start: Pro cpu start user code
[2026-09-26T17:17:48.752Z] I (354) cpu_start: cpu freq: 160000000 Hz
[2026-09-26T17:17:48.756Z] I (355) app_init: Application information:
[2026-09-26T17:17:48.761Z] I (359) app_init: Project name:     routeloom_bridge_node
[2026-09-26T17:17:48.765Z] I (364) app_init: App version:      1
[2026-09-26T17:17:48.770Z] I (368) app_init: Compile time:     Sep 26 2026 16:51:27
[2026-09-26T17:17:48.774Z] I (373) app_init: ELF file SHA256:  a093e0b77...
[2026-09-26T17:17:48.778Z] I (377) app_init: ESP-IDF:          v6.0.3
[2026-09-26T17:17:48.782Z] I (381) efuse_init: Min chip rev:     v0.3
[2026-09-26T17:17:48.786Z] I (385) efuse_init: Max chip rev:     v1.99 
[2026-09-26T17:17:48.789Z] I (389) efuse_init: Chip rev:         v0.4
[2026-09-26T17:17:48.796Z] I (393) heap_init: Initializing. RAM available for dynamic allocation:
[2026-09-26T17:17:48.802Z] I (399) heap_init: At 3FCC79C0 len 00014D50 (83 KiB): Retention RAM
[2026-09-26T17:17:48.808Z] I (405) heap_init: At 3FCDC710 len 00002950 (10 KiB): Retention RAM
[2026-09-26T17:17:48.813Z] I (411) heap_init: At 50001704 len 000008E4 (2 KiB): RTCRAM
[2026-09-26T17:17:48.817Z] I (417) spi_flash: detected chip: generic
[2026-09-26T17:17:48.820Z] I (420) spi_flash: flash io: dio
[2026-09-26T17:17:48.832Z] W (423) spi_flash: Detected size(4096k) larger than the size in the binary image header(2048k). Using the size in the binary image header.
[2026-09-26T17:17:48.838Z] I (436) sleep_gpio: Configure to isolate all GPIO pins in sleep state
[2026-09-26T17:17:48.845Z] I (441) sleep_gpio: Enable automatic switching of GPIO sleep configuration
[2026-09-26T17:17:49.915Z] ESP-ROM:esp32c3-api1-20210207
[2026-09-26T17:17:49.915Z] Build:Feb  7 2021
[2026-09-26T17:17:49.916Z] rst:0xc (RTC_SW_CPU_RST),boot:0x8 (SPI_FAST_FLASH_BOOT)
[2026-09-26T17:17:49.916Z] Saved PC:0x40388246
[2026-09-26T17:17:49.917Z] SPIWP:0xee
[2026-09-26T17:17:49.918Z] mode:DIO, clock div:1
[2026-09-26T17:17:49.920Z] load:0x3fcd5830,len:0x15a4
[2026-09-26T17:17:49.923Z] load:0x403cbf10,len:0xce0
[2026-09-26T17:17:49.926Z] load:0x403ce710,len:0x303c
[2026-09-26T17:17:49.932Z] entry 0x403cbf1a
[2026-09-26T17:17:49.939Z] I (24) boot: ESP-IDF v6.0.3 2nd stage bootloader
[2026-09-26T17:17:49.939Z] I (24) boot: compile time Sep 26 2026 09:37:13
[2026-09-26T17:17:49.939Z] I (24) boot: chip revision: v0.4
[2026-09-26T17:17:49.942Z] I (24) boot: efuse block revision: v1.3
[2026-09-26T17:17:49.946Z] I (27) boot.esp32c3: SPI Speed      : 80MHz
[2026-09-26T17:17:49.950Z] I (31) boot.esp32c3: SPI Mode       : DIO
[2026-09-26T17:17:49.954Z] I (35) boot.esp32c3: SPI Flash Size : 2MB
[2026-09-26T17:17:49.958Z] I (39) boot: Enabling RNG early entropy source...
[2026-09-26T17:17:49.961Z] I (43) boot: Partition Table:
[2026-09-26T17:17:49.967Z] I (46) boot: ## Label            Usage          Type ST Offset   Length
[2026-09-26T17:17:49.974Z] I (52) boot:  0 nvs              WiFi data        01 02 00009000 00006000
[2026-09-26T17:17:49.980Z] I (59) boot:  1 phy_init         RF data          01 01 0000f000 00001000
[2026-09-26T17:17:49.987Z] I (65) boot:  2 factory          factory app      00 00 00010000 00180000
[2026-09-26T17:17:49.993Z] I (72) boot:  3 rlsec            WiFi data        01 02 00190000 00020000
[2026-09-26T17:17:49.996Z] I (78) boot: End of partition table
[2026-09-26T17:17:50.004Z] I (82) esp_image: segment 0: paddr=00010020 vaddr=3c110020 size=21ca4h (138404) map
[2026-09-26T17:17:50.027Z] I (112) esp_image: segment 1: paddr=00031ccc vaddr=3fc8e000 size=03404h ( 13316) load
[2026-09-26T17:17:50.030Z] I (114) esp_image: segment 2: paddr=000350d8 vaddr=40380000 size=0af40h ( 44864) load
[2026-09-26T17:17:50.039Z] I (124) esp_image: segment 3: paddr=00040020 vaddr=42000020 size=10d444h (1102916) map
[2026-09-26T17:17:50.219Z] I (303) esp_image: segment 4: paddr=0014d46c vaddr=4038af40 size=03004h ( 12292) load
[2026-09-26T17:17:50.222Z] I (306) esp_image: segment 5: paddr=00150478 vaddr=50000000 size=0001ch (    28) load
[2026-09-26T17:17:50.230Z] I (307) esp_image: segment 6: paddr=0015049c vaddr=50000020 size=016b8h (  5816) load
[2026-09-26T17:17:50.237Z] I (316) esp_image: segment 7: paddr=00151b5c vaddr=500016e0 size=00024h (    36) load
[2026-09-26T17:17:50.243Z] I (328) boot: Loaded app from partition at offset 0x10000
[2026-09-26T17:17:50.247Z] I (328) boot: Disabling RNG early entropy source...
[2026-09-26T17:17:50.260Z] I (345) cpu_start: Unicore app
[2026-09-26T17:17:50.268Z] I (353) cpu_start: GPIO 20 and 21 are used as console UART I/O pins
[2026-09-26T17:17:50.268Z] I (354) cpu_start: Pro cpu start user code
[2026-09-26T17:17:50.270Z] I (354) cpu_start: cpu freq: 160000000 Hz
[2026-09-26T17:17:50.274Z] I (355) app_init: Application information:
[2026-09-26T17:17:50.279Z] I (359) app_init: Project name:     routeloom_bridge_node
[2026-09-26T17:17:50.283Z] I (364) app_init: App version:      1
[2026-09-26T17:17:50.288Z] I (368) app_init: Compile time:     Sep 26 2026 16:51:27
[2026-09-26T17:17:50.292Z] I (373) app_init: ELF file SHA256:  a093e0b77...
[2026-09-26T17:17:50.296Z] I (377) app_init: ESP-IDF:          v6.0.3
[2026-09-26T17:17:50.300Z] I (381) efuse_init: Min chip rev:     v0.3
[2026-09-26T17:17:50.304Z] I (385) efuse_init: Max chip rev:     v1.99 
[2026-09-26T17:17:50.307Z] I (389) efuse_init: Chip rev:         v0.4
[2026-09-26T17:17:50.314Z] I (393) heap_init: Initializing. RAM available for dynamic allocation:
[2026-09-26T17:17:50.320Z] I (399) heap_init: At 3FCC79C0 len 00014D50 (83 KiB): Retention RAM
[2026-09-26T17:17:50.326Z] I (405) heap_init: At 3FCDC710 len 00002950 (10 KiB): Retention RAM
[2026-09-26T17:17:50.331Z] I (411) heap_init: At 50001704 len 000008E4 (2 KiB): RTCRAM
[2026-09-26T17:17:50.335Z] I (417) spi_flash: detected chip: generic
[2026-09-26T17:17:50.338Z] I (420) spi_flash: flash io: dio
[2026-09-26T17:17:50.350Z] W (423) spi_flash: Detected size(4096k) larger than the size in the binary image header(2048k). Using the size in the binary image header.
[2026-09-26T17:17:50.356Z] I (436) sleep_gpio: Configure to isolate all GPIO pins in sleep state
[2026-09-26T17:17:50.363Z] I (441) sleep_gpio: Enable automatic switching of GPIO sleep configuration
[2026-09-26T17:17:51.434Z] ESP-ROM:esp32c3-api1-20210207
[2026-09-26T17:17:51.434Z] Build:Feb  7 2021
[2026-09-26T17:17:51.435Z] rst:0xc (RTC_SW_CPU_RST),boot:0x8 (SPI_FAST_FLASH_BOOT)
[2026-09-26T17:17:51.435Z] Saved PC:0x40388246
[2026-09-26T17:17:51.436Z] SPIWP:0xee
[2026-09-26T17:17:51.437Z] mode:DIO, clock div:1
[2026-09-26T17:17:51.439Z] load:0x3fcd5830,len:0x15a4
[2026-09-26T17:17:51.442Z] load:0x403cbf10,len:0xce0
[2026-09-26T17:17:51.445Z] load:0x403ce710,len:0x303c
[2026-09-26T17:17:51.451Z] entry 0x403cbf1a
[2026-09-26T17:17:51.458Z] I (24) boot: ESP-IDF v6.0.3 2nd stage bootloader
[2026-09-26T17:17:51.458Z] I (24) boot: compile time Sep 26 2026 09:37:13
[2026-09-26T17:17:51.458Z] I (24) boot: chip revision: v0.4
[2026-09-26T17:17:51.461Z] I (24) boot: efuse block revision: v1.3
[2026-09-26T17:17:51.465Z] I (27) boot.esp32c3: SPI Speed      : 80MHz
[2026-09-26T17:17:51.469Z] I (31) boot.esp32c3: SPI Mode       : DIO
[2026-09-26T17:17:51.473Z] I (35) boot.esp32c3: SPI Flash Size : 2MB
[2026-09-26T17:17:51.477Z] I (39) boot: Enabling RNG early entropy source...
[2026-09-26T17:17:51.480Z] I (43) boot: Partition Table:
[2026-09-26T17:17:51.486Z] I (46) boot: ## Label            Usage          Type ST Offset   Length
[2026-09-26T17:17:51.493Z] I (52) boot:  0 nvs              WiFi data        01 02 00009000 00006000
[2026-09-26T17:17:51.499Z] I (59) boot:  1 phy_init         RF data          01 01 0000f000 00001000
[2026-09-26T17:17:51.506Z] I (65) boot:  2 factory          factory app      00 00 00010000 00180000
[2026-09-26T17:17:51.512Z] I (72) boot:  3 rlsec            WiFi data        01 02 00190000 00020000
[2026-09-26T17:17:51.515Z] I (78) boot: End of partition table
[2026-09-26T17:17:51.523Z] I (82) esp_image: segment 0: paddr=00010020 vaddr=3c110020 size=21ca4h (138404) map
[2026-09-26T17:17:51.546Z] I (112) esp_image: segment 1: paddr=00031ccc vaddr=3fc8e000 size=03404h ( 13316) load
[2026-09-26T17:17:51.549Z] I (114) esp_image: segment 2: paddr=000350d8 vaddr=40380000 size=0af40h ( 44864) load
[2026-09-26T17:17:51.558Z] I (124) esp_image: segment 3: paddr=00040020 vaddr=42000020 size=10d444h (1102916) map
[2026-09-26T17:17:51.738Z] I (303) esp_image: segment 4: paddr=0014d46c vaddr=4038af40 size=03004h ( 12292) load
[2026-09-26T17:17:51.741Z] I (306) esp_image: segment 5: paddr=00150478 vaddr=50000000 size=0001ch (    28) load
[2026-09-26T17:17:51.749Z] I (307) esp_image: segment 6: paddr=0015049c vaddr=50000020 size=016b8h (  5816) load
[2026-09-26T17:17:51.756Z] I (316) esp_image: segment 7: paddr=00151b5c vaddr=500016e0 size=00024h (    36) load
[2026-09-26T17:17:51.762Z] I (328) boot: Loaded app from partition at offset 0x10000
[2026-09-26T17:17:51.766Z] I (328) boot: Disabling RNG early entropy source...
[2026-09-26T17:17:51.779Z] I (345) cpu_start: Unicore app
[2026-09-26T17:17:51.787Z] I (353) cpu_start: GPIO 20 and 21 are used as console UART I/O pins
[2026-09-26T17:17:51.787Z] I (354) cpu_start: Pro cpu start user code
[2026-09-26T17:17:51.789Z] I (354) cpu_start: cpu freq: 160000000 Hz
[2026-09-26T17:17:51.793Z] I (355) app_init: Application information:
[2026-09-26T17:17:51.798Z] I (359) app_init: Project name:     routeloom_bridge_node
[2026-09-26T17:17:51.802Z] I (364) app_init: App version:      1
[2026-09-26T17:17:51.807Z] I (368) app_init: Compile time:     Sep 26 2026 16:51:27
[2026-09-26T17:17:51.811Z] I (373) app_init: ELF file SHA256:  a093e0b77...
[2026-09-26T17:17:51.815Z] I (377) app_init: ESP-IDF:          v6.0.3
[2026-09-26T17:17:51.819Z] I (381) efuse_init: Min chip rev:     v0.3
[2026-09-26T17:17:51.823Z] I (385) efuse_init: Max chip rev:     v1.99 
[2026-09-26T17:17:51.826Z] I (389) efuse_init: Chip rev:         v0.4
[2026-09-26T17:17:51.833Z] I (393) heap_init: Initializing. RAM available for dynamic allocation:
[2026-09-26T17:17:51.839Z] I (399) heap_init: At 3FCC79C0 len 00014D50 (83 KiB): Retention RAM
[2026-09-26T17:17:51.845Z] I (405) heap_init: At 3FCDC710 len 00002950 (10 KiB): Retention RAM
[2026-09-26T17:17:51.850Z] I (411) heap_init: At 50001704 len 000008E4 (2 KiB): RTCRAM
[2026-09-26T17:17:51.854Z] I (417) spi_flash: detected chip: generic
[2026-09-26T17:17:51.857Z] I (420) spi_flash: flash io: dio
[2026-09-26T17:17:51.869Z] W (423) spi_flash: Detected size(4096k) larger than the size in the binary image header(2048k). Using the size in the binary image header.
[2026-09-26T17:17:51.875Z] I (436) sleep_gpio: Configure to isolate all GPIO pins in sleep state
[2026-09-26T17:17:51.881Z] I (441) sleep_gpio: Enable automatic switching of GPIO sleep configuration
[2026-09-26T17:17:52.953Z] ESP-ROM:esp32c3-api1-20210207
[2026-09-26T17:17:52.953Z] Build:Feb  7 2021
[2026-09-26T17:17:52.954Z] rst:0xc (RTC_SW_CPU_RST),boot:0x8 (SPI_FAST_FLASH_BOOT)
[2026-09-26T17:17:52.954Z] Saved PC:0x40388246
[2026-09-26T17:17:52.955Z] SPIWP:0xee
[2026-09-26T17:17:52.956Z] mode:DIO, clock div:1
[2026-09-26T17:17:52.958Z] load:0x3fcd5830,len:0x15a4
[2026-09-26T17:17:52.961Z] load:0x403cbf10,len:0xce0
[2026-09-26T17:17:52.963Z] load:0x403ce710,len:0x303c
[2026-09-26T17:17:52.970Z] entry 0x403cbf1a
[2026-09-26T17:17:52.977Z] I (24) boot: ESP-IDF v6.0.3 2nd stage bootloader
[2026-09-26T17:17:52.977Z] I (24) boot: compile time Sep 26 2026 09:37:13
[2026-09-26T17:17:52.977Z] I (24) boot: chip revision: v0.4
[2026-09-26T17:17:52.980Z] I (24) boot: efuse block revision: v1.3
[2026-09-26T17:17:52.984Z] I (27) boot.esp32c3: SPI Speed      : 80MHz
[2026-09-26T17:17:52.988Z] I (31) boot.esp32c3: SPI Mode       : DIO
[2026-09-26T17:17:52.992Z] I (35) boot.esp32c3: SPI Flash Size : 2MB
[2026-09-26T17:17:52.996Z] I (39) boot: Enabling RNG early entropy source...
[2026-09-26T17:17:52.999Z] I (43) boot: Partition Table:
[2026-09-26T17:17:53.005Z] I (46) boot: ## Label            Usage          Type ST Offset   Length
[2026-09-26T17:17:53.012Z] I (52) boot:  0 nvs              WiFi data        01 02 00009000 00006000
[2026-09-26T17:17:53.018Z] I (59) boot:  1 phy_init         RF data          01 01 0000f000 00001000
[2026-09-26T17:17:53.025Z] I (65) boot:  2 factory          factory app      00 00 00010000 00180000
[2026-09-26T17:17:53.031Z] I (72) boot:  3 rlsec            WiFi data        01 02 00190000 00020000
[2026-09-26T17:17:53.034Z] I (78) boot: End of partition table
[2026-09-26T17:17:53.042Z] I (82) esp_image: segment 0: paddr=00010020 vaddr=3c110020 size=21ca4h (138404) map
[2026-09-26T17:17:53.065Z] I (112) esp_image: segment 1: paddr=00031ccc vaddr=3fc8e000 size=03404h ( 13316) load
[2026-09-26T17:17:53.068Z] I (114) esp_image: segment 2: paddr=000350d8 vaddr=40380000 size=0af40h ( 44864) load
[2026-09-26T17:17:53.077Z] I (124) esp_image: segment 3: paddr=00040020 vaddr=42000020 size=10d444h (1102916) map
[2026-09-26T17:17:53.257Z] I (303) esp_image: segment 4: paddr=0014d46c vaddr=4038af40 size=03004h ( 12292) load
[2026-09-26T17:17:53.260Z] I (306) esp_image: segment 5: paddr=00150478 vaddr=50000000 size=0001ch (    28) load
[2026-09-26T17:17:53.268Z] I (307) esp_image: segment 6: paddr=0015049c vaddr=50000020 size=016b8h (  5816) load
[2026-09-26T17:17:53.275Z] I (316) esp_image: segment 7: paddr=00151b5c vaddr=500016e0 size=00024h (    36) load
[2026-09-26T17:17:53.281Z] I (328) boot: Loaded app from partition at offset 0x10000
[2026-09-26T17:17:53.285Z] I (328) boot: Disabling RNG early entropy source...
[2026-09-26T17:17:53.298Z] I (345) cpu_start: Unicore app
[2026-09-26T17:17:53.306Z] I (353) cpu_start: GPIO 20 and 21 are used as console UART I/O pins
[2026-09-26T17:17:53.306Z] I (354) cpu_start: Pro cpu start user code
[2026-09-26T17:17:53.308Z] I (354) cpu_start: cpu freq: 160000000 Hz
[2026-09-26T17:17:53.312Z] I (355) app_init: Application information:
[2026-09-26T17:17:53.317Z] I (359) app_init: Project name:     routeloom_bridge_node
[2026-09-26T17:17:53.320Z] I (364) app_init: App version:      1
[2026-09-26T17:17:53.326Z] I (368) app_init: Compile time:     Sep 26 2026 16:51:27
[2026-09-26T17:17:53.330Z] I (373) app_init: ELF file SHA256:  a093e0b77...
[2026-09-26T17:17:53.334Z] I (377) app_init: ESP-IDF:          v6.0.3
[2026-09-26T17:17:53.338Z] I (381) efuse_init: Min chip rev:     v0.3
[2026-09-26T17:17:53.341Z] I (385) efuse_init: Max chip rev:     v1.99 
[2026-09-26T17:17:53.345Z] I (389) efuse_init: Chip rev:         v0.4
[2026-09-26T17:17:53.352Z] I (393) heap_init: Initializing. RAM available for dynamic allocation:
[2026-09-26T17:17:53.358Z] I (399) heap_init: At 3FCC79C0 len 00014D50 (83 KiB): Retention RAM
[2026-09-26T17:17:53.364Z] I (405) heap_init: At 3FCDC710 len 00002950 (10 KiB): Retention RAM
[2026-09-26T17:17:53.369Z] I (411) heap_init: At 50001704 len 000008E4 (2 KiB): RTCRAM
[2026-09-26T17:17:53.373Z] I (417) spi_flash: detected chip: generic
[2026-09-26T17:17:53.376Z] I (420) spi_flash: flash io: dio
[2026-09-26T17:17:53.388Z] W (423) spi_flash: Detected size(4096k) larger than the size in the binary image header(2048k). Using the size in the binary image header.
[2026-09-26T17:17:53.394Z] I (436) sleep_gpio: Configure to isolate all GPIO pins in sleep state
[2026-09-26T17:17:53.400Z] I (441) sleep_gpio: Enable automatic switching of GPIO sleep configuration
[2026-09-26T17:17:54.471Z] ESP-ROM:esp32c3-api1-20210207
[2026-09-26T17:17:54.471Z] Build:Feb  7 2021
[2026-09-26T17:17:54.472Z] rst:0xc (RTC_SW_CPU_RST),boot:0x8 (SPI_FAST_FLASH_BOOT)
[2026-09-26T17:17:54.472Z] Saved PC:0x40388246
[2026-09-26T17:17:54.473Z] SPIWP:0xee
[2026-09-26T17:17:54.474Z] mode:DIO, clock div:1
[2026-09-26T17:17:54.476Z] load:0x3fcd5830,len:0x15a4
[2026-09-26T17:17:54.479Z] load:0x403cbf10,len:0xce0
[2026-09-26T17:17:54.481Z] load:0x403ce710,len:0x303c
[2026-09-26T17:17:54.488Z] entry 0x403cbf1a
[2026-09-26T17:17:54.495Z] I (24) boot: ESP-IDF v6.0.3 2nd stage bootloader
[2026-09-26T17:17:54.495Z] I (24) boot: compile time Sep 26 2026 09:37:13
[2026-09-26T17:17:54.495Z] I (24) boot: chip revision: v0.4
[2026-09-26T17:17:54.498Z] I (24) boot: efuse block revision: v1.3
[2026-09-26T17:17:54.502Z] I (27) boot.esp32c3: SPI Speed      : 80MHz
[2026-09-26T17:17:54.506Z] I (31) boot.esp32c3: SPI Mode       : DIO
[2026-09-26T17:17:54.509Z] I (35) boot.esp32c3: SPI Flash Size : 2MB
[2026-09-26T17:17:54.514Z] I (39) boot: Enabling RNG early entropy source...
[2026-09-26T17:17:54.517Z] I (43) boot: Partition Table:
[2026-09-26T17:17:54.523Z] I (46) boot: ## Label            Usage          Type ST Offset   Length
[2026-09-26T17:17:54.529Z] I (52) boot:  0 nvs              WiFi data        01 02 00009000 00006000
[2026-09-26T17:17:54.536Z] I (59) boot:  1 phy_init         RF data          01 01 0000f000 00001000
[2026-09-26T17:17:54.542Z] I (65) boot:  2 factory          factory app      00 00 00010000 00180000
[2026-09-26T17:17:54.549Z] I (72) boot:  3 rlsec            WiFi data        01 02 00190000 00020000
[2026-09-26T17:17:54.552Z] I (78) boot: End of partition table
[2026-09-26T17:17:54.560Z] I (82) esp_image: segment 0: paddr=00010020 vaddr=3c110020 size=21ca4h (138404) map
[2026-09-26T17:17:54.583Z] I (112) esp_image: segment 1: paddr=00031ccc vaddr=3fc8e000 size=03404h ( 13316) load
[2026-09-26T17:17:54.586Z] I (114) esp_image: segment 2: paddr=000350d8 vaddr=40380000 size=0af40h ( 44864) load
[2026-09-26T17:17:54.595Z] I (124) esp_image: segment 3: paddr=00040020 vaddr=42000020 size=10d444h (1102916) map
[2026-09-26T17:17:54.775Z] I (303) esp_image: segment 4: paddr=0014d46c vaddr=4038af40 size=03004h ( 12292) load
[2026-09-26T17:17:54.778Z] I (306) esp_image: segment 5: paddr=00150478 vaddr=50000000 size=0001ch (    28) load
[2026-09-26T17:17:54.786Z] I (307) esp_image: segment 6: paddr=0015049c vaddr=50000020 size=016b8h (  5816) load
[2026-09-26T17:17:54.793Z] I (316) esp_image: segment 7: paddr=00151b5c vaddr=500016e0 size=00024h (    36) load
[2026-09-26T17:17:54.798Z] I (328) boot: Loaded app from partition at offset 0x10000
[2026-09-26T17:17:54.803Z] I (328) boot: Disabling RNG early entropy source...
[2026-09-26T17:17:54.816Z] I (345) cpu_start: Unicore app
[2026-09-26T17:17:54.824Z] I (353) cpu_start: GPIO 20 and 21 are used as console UART I/O pins
[2026-09-26T17:17:54.824Z] I (354) cpu_start: Pro cpu start user code
[2026-09-26T17:17:54.826Z] I (354) cpu_start: cpu freq: 160000000 Hz
[2026-09-26T17:17:54.830Z] I (355) app_init: Application information:
[2026-09-26T17:17:54.835Z] I (359) app_init: Project name:     routeloom_bridge_node
[2026-09-26T17:17:54.838Z] I (364) app_init: App version:      1
[2026-09-26T17:17:54.843Z] I (368) app_init: Compile time:     Sep 26 2026 16:51:27
[2026-09-26T17:17:54.848Z] I (373) app_init: ELF file SHA256:  a093e0b77...
[2026-09-26T17:17:54.852Z] I (377) app_init: ESP-IDF:          v6.0.3
[2026-09-26T17:17:54.855Z] I (381) efuse_init: Min chip rev:     v0.3
[2026-09-26T17:17:54.859Z] I (385) efuse_init: Max chip rev:     v1.99 
[2026-09-26T17:17:54.863Z] I (389) efuse_init: Chip rev:         v0.4
[2026-09-26T17:17:54.869Z] I (393) heap_init: Initializing. RAM available for dynamic allocation:
[2026-09-26T17:17:54.875Z] I (399) heap_init: At 3FCC79C0 len 00014D50 (83 KiB): Retention RAM
[2026-09-26T17:17:54.881Z] I (405) heap_init: At 3FCDC710 len 00002950 (10 KiB): Retention RAM
[2026-09-26T17:17:54.887Z] I (411) heap_init: At 50001704 len 000008E4 (2 KiB): RTCRAM
[2026-09-26T17:17:54.890Z] I (417) spi_flash: detected chip: generic
[2026-09-26T17:17:54.893Z] I (420) spi_flash: flash io: dio
[2026-09-26T17:17:54.906Z] W (423) spi_flash: Detected size(4096k) larger than the size in the binary image header(2048k). Using the size in the binary image header.
[2026-09-26T17:17:54.912Z] I (436) sleep_gpio: Configure to isolate all GPIO pins in sleep state
[2026-09-26T17:17:54.918Z] I (441) sleep_gpio: Enable automatic switching of GPIO sleep configuration
[2026-09-26T17:17:56.022Z] ESP-ROM:esp32c3-api1-20210207
[2026-09-26T17:17:56.022Z] Build:Feb  7 2021
[2026-09-26T17:17:56.023Z] rst:0xc (RTC_SW_CPU_RST),boot:0x8 (SPI_FAST_FLASH_BOOT)
[2026-09-26T17:17:56.023Z] Saved PC:0x40388246
[2026-09-26T17:17:56.024Z] SPIWP:0xee
[2026-09-26T17:17:56.025Z] mode:DIO, clock div:1
[2026-09-26T17:17:56.027Z] load:0x3fcd5830,len:0x15a4
[2026-09-26T17:17:56.030Z] load:0x403cbf10,len:0xce0
[2026-09-26T17:17:56.032Z] load:0x403ce710,len:0x303c
[2026-09-26T17:17:56.039Z] entry 0x403cbf1a
[2026-09-26T17:17:56.046Z] I (24) boot: ESP-IDF v6.0.3 2nd stage bootloader
[2026-09-26T17:17:56.046Z] I (24) boot: compile time Sep 26 2026 09:37:13
[2026-09-26T17:17:56.046Z] I (24) boot: chip revision: v0.4
[2026-09-26T17:17:56.049Z] I (24) boot: efuse block revision: v1.3
[2026-09-26T17:17:56.053Z] I (27) boot.esp32c3: SPI Speed      : 80MHz
[2026-09-26T17:17:56.057Z] I (31) boot.esp32c3: SPI Mode       : DIO
[2026-09-26T17:17:56.060Z] I (35) boot.esp32c3: SPI Flash Size : 2MB
[2026-09-26T17:17:56.065Z] I (39) boot: Enabling RNG early entropy source...
[2026-09-26T17:17:56.068Z] I (43) boot: Partition Table:
[2026-09-26T17:17:56.074Z] I (46) boot: ## Label            Usage          Type ST Offset   Length
[2026-09-26T17:17:56.080Z] I (52) boot:  0 nvs              WiFi data        01 02 00009000 00006000
[2026-09-26T17:17:56.087Z] I (59) boot:  1 phy_init         RF data          01 01 0000f000 00001000
[2026-09-26T17:17:56.093Z] I (65) boot:  2 factory          factory app      00 00 00010000 00180000
[2026-09-26T17:17:56.100Z] I (72) boot:  3 rlsec            WiFi data        01 02 00190000 00020000
[2026-09-26T17:17:56.103Z] I (78) boot: End of partition table
[2026-09-26T17:17:56.111Z] I (82) esp_image: segment 0: paddr=00010020 vaddr=3c110020 size=21ca4h (138404) map
[2026-09-26T17:17:56.134Z] I (112) esp_image: segment 1: paddr=00031ccc vaddr=3fc8e000 size=03404h ( 13316) load
[2026-09-26T17:17:56.137Z] I (114) esp_image: segment 2: paddr=000350d8 vaddr=40380000 size=0af40h ( 44864) load
[2026-09-26T17:17:56.146Z] I (124) esp_image: segment 3: paddr=00040020 vaddr=42000020 size=10d444h (1102916) map
[2026-09-26T17:17:56.326Z] I (303) esp_image: segment 4: paddr=0014d46c vaddr=4038af40 size=03004h ( 12292) load
[2026-09-26T17:17:56.329Z] I (306) esp_image: segment 5: paddr=00150478 vaddr=50000000 size=0001ch (    28) load
[2026-09-26T17:17:56.337Z] I (307) esp_image: segment 6: paddr=0015049c vaddr=50000020 size=016b8h (  5816) load
[2026-09-26T17:17:56.344Z] I (316) esp_image: segment 7: paddr=00151b5c vaddr=500016e0 size=00024h (    36) load
[2026-09-26T17:17:56.349Z] I (328) boot: Loaded app from partition at offset 0x10000
[2026-09-26T17:17:56.354Z] I (328) boot: Disabling RNG early entropy source...
[2026-09-26T17:17:56.367Z] I (345) cpu_start: Unicore app
[2026-09-26T17:17:56.375Z] I (353) cpu_start: GPIO 20 and 21 are used as console UART I/O pins
[2026-09-26T17:17:56.375Z] I (354) cpu_start: Pro cpu start user code
[2026-09-26T17:17:56.377Z] I (354) cpu_start: cpu freq: 160000000 Hz
[2026-09-26T17:17:56.381Z] I (355) app_init: Application information:
[2026-09-26T17:17:56.386Z] I (359) app_init: Project name:     routeloom_bridge_node
[2026-09-26T17:17:56.389Z] I (364) app_init: App version:      1
[2026-09-26T17:17:56.394Z] I (368) app_init: Compile time:     Sep 26 2026 16:51:27
[2026-09-26T17:17:56.399Z] I (373) app_init: ELF file SHA256:  a093e0b77...
[2026-09-26T17:17:56.403Z] I (377) app_init: ESP-IDF:          v6.0.3
[2026-09-26T17:17:56.406Z] I (381) efuse_init: Min chip rev:     v0.3
[2026-09-26T17:17:56.410Z] I (385) efuse_init: Max chip rev:     v1.99 
[2026-09-26T17:17:56.414Z] I (389) efuse_init: Chip rev:         v0.4
[2026-09-26T17:17:56.421Z] I (393) heap_init: Initializing. RAM available for dynamic allocation:
[2026-09-26T17:17:56.426Z] I (399) heap_init: At 3FCC79C0 len 00014D50 (83 KiB): Retention RAM
[2026-09-26T17:17:56.432Z] I (405) heap_init: At 3FCDC710 len 00002950 (10 KiB): Retention RAM
[2026-09-26T17:17:56.438Z] I (411) heap_init: At 50001704 len 000008E4 (2 KiB): RTCRAM
[2026-09-26T17:17:56.441Z] I (417) spi_flash: detected chip: generic
[2026-09-26T17:17:56.444Z] I (420) spi_flash: flash io: dio
[2026-09-26T17:17:56.456Z] W (423) spi_flash: Detected size(4096k) larger than the size in the binary image header(2048k). Using the size in the binary image header.
[2026-09-26T17:17:56.463Z] I (436) sleep_gpio: Configure to isolate all GPIO pins in sleep state
[2026-09-26T17:17:56.469Z] I (441) sleep_gpio: Enable automatic switching of GPIO sleep configuration
[2026-09-26T17:17:57.543Z] ESP-ROM:esp32c3-api1-20210207
[2026-09-26T17:17:57.543Z] Build:Feb  7 2021
[2026-09-26T17:17:57.544Z] rst:0xc (RTC_SW_CPU_RST),boot:0x8 (SPI_FAST_FLASH_BOOT)
[2026-09-26T17:17:57.544Z] Saved PC:0x40388246
[2026-09-26T17:17:57.545Z] SPIWP:0xee
[2026-09-26T17:17:57.546Z] mode:DIO, clock div:1
[2026-09-26T17:17:57.548Z] load:0x3fcd5830,len:0x15a4
[2026-09-26T17:17:57.551Z] load:0x403cbf10,len:0xce0
[2026-09-26T17:17:57.553Z] load:0x403ce710,len:0x303c
[2026-09-26T17:17:57.560Z] entry 0x403cbf1a
[2026-09-26T17:17:57.566Z] I (24) boot: ESP-IDF v6.0.3 2nd stage bootloader
[2026-09-26T17:17:57.567Z] I (24) boot: compile time Sep 26 2026 09:37:13
[2026-09-26T17:17:57.567Z] I (24) boot: chip revision: v0.4
[2026-09-26T17:17:57.570Z] I (24) boot: efuse block revision: v1.3
[2026-09-26T17:17:57.574Z] I (27) boot.esp32c3: SPI Speed      : 80MHz
[2026-09-26T17:17:57.578Z] I (31) boot.esp32c3: SPI Mode       : DIO
[2026-09-26T17:17:57.581Z] I (35) boot.esp32c3: SPI Flash Size : 2MB
[2026-09-26T17:17:57.586Z] I (39) boot: Enabling RNG early entropy source...
[2026-09-26T17:17:57.589Z] I (43) boot: Partition Table:
[2026-09-26T17:17:57.595Z] I (46) boot: ## Label            Usage          Type ST Offset   Length
[2026-09-26T17:17:57.601Z] I (52) boot:  0 nvs              WiFi data        01 02 00009000 00006000
[2026-09-26T17:17:57.608Z] I (59) boot:  1 phy_init         RF data          01 01 0000f000 00001000
[2026-09-26T17:17:57.614Z] I (65) boot:  2 factory          factory app      00 00 00010000 00180000
[2026-09-26T17:17:57.621Z] I (72) boot:  3 rlsec            WiFi data        01 02 00190000 00020000
[2026-09-26T17:17:57.624Z] I (78) boot: End of partition table
[2026-09-26T17:17:57.631Z] I (82) esp_image: segment 0: paddr=00010020 vaddr=3c110020 size=21ca4h (138404) map
[2026-09-26T17:17:57.655Z] I (112) esp_image: segment 1: paddr=00031ccc vaddr=3fc8e000 size=03404h ( 13316) load
[2026-09-26T17:17:57.658Z] I (114) esp_image: segment 2: paddr=000350d8 vaddr=40380000 size=0af40h ( 44864) load
[2026-09-26T17:17:57.667Z] I (124) esp_image: segment 3: paddr=00040020 vaddr=42000020 size=10d444h (1102916) map
[2026-09-26T17:17:57.849Z] I (304) esp_image: segment 4: paddr=0014d46c vaddr=4038af40 size=03004h ( 12292) load
[2026-09-26T17:17:57.852Z] I (306) esp_image: segment 5: paddr=00150478 vaddr=50000000 size=0001ch (    28) load
[2026-09-26T17:17:57.858Z] I (307) esp_image: segment 6: paddr=0015049c vaddr=50000020 size=016b8h (  5816) load
[2026-09-26T17:17:57.866Z] I (316) esp_image: segment 7: paddr=00151b5c vaddr=500016e0 size=00024h (    36) load
[2026-09-26T17:17:57.872Z] I (328) boot: Loaded app from partition at offset 0x10000
[2026-09-26T17:17:57.875Z] I (328) boot: Disabling RNG early entropy source...
[2026-09-26T17:17:57.888Z] I (345) cpu_start: Unicore app
[2026-09-26T17:17:57.896Z] I (353) cpu_start: GPIO 20 and 21 are used as console UART I/O pins
[2026-09-26T17:17:57.896Z] I (354) cpu_start: Pro cpu start user code
[2026-09-26T17:17:57.898Z] I (354) cpu_start: cpu freq: 160000000 Hz
[2026-09-26T17:17:57.904Z] I (355) app_init: Application information:
[2026-09-26T17:17:57.907Z] I (359) app_init: Project name:     routeloom_bridge_node
[2026-09-26T17:17:57.910Z] I (364) app_init: App version:      1
[2026-09-26T17:17:57.915Z] I (368) app_init: Compile time:     Sep 26 2026 16:51:27
[2026-09-26T17:17:57.920Z] I (373) app_init: ELF file SHA256:  a093e0b77...
[2026-09-26T17:17:57.924Z] I (377) app_init: ESP-IDF:          v6.0.3
[2026-09-26T17:17:57.927Z] I (381) efuse_init: Min chip rev:     v0.3
[2026-09-26T17:17:57.931Z] I (385) efuse_init: Max chip rev:     v1.99 
[2026-09-26T17:17:57.935Z] I (389) efuse_init: Chip rev:         v0.4
[2026-09-26T17:17:57.941Z] I (393) heap_init: Initializing. RAM available for dynamic allocation:
[2026-09-26T17:17:57.947Z] I (399) heap_init: At 3FCC79C0 len 00014D50 (83 KiB): Retention RAM
[2026-09-26T17:17:57.953Z] I (405) heap_init: At 3FCDC710 len 00002950 (10 KiB): Retention RAM
[2026-09-26T17:17:57.959Z] I (411) heap_init: At 50001704 len 000008E4 (2 KiB): RTCRAM
[2026-09-26T17:17:57.962Z] I (417) spi_flash: detected chip: generic
[2026-09-26T17:17:57.965Z] I (420) spi_flash: flash io: dio
[2026-09-26T17:17:57.978Z] W (423) spi_flash: Detected size(4096k) larger than the size in the binary image header(2048k). Using the size in the binary image header.
[2026-09-26T17:17:57.984Z] I (436) sleep_gpio: Configure to isolate all GPIO pins in sleep state
[2026-09-26T17:17:57.991Z] I (441) sleep_gpio: Enable automatic switching of GPIO sleep configuration
[2026-09-26T17:17:59.062Z] ESP-ROM:esp32c3-api1-20210207
[2026-09-26T17:17:59.062Z] Build:Feb  7 2021
[2026-09-26T17:17:59.062Z] rst:0xc (RTC_SW_CPU_RST),boot:0x8 (SPI_FAST_FLASH_BOOT)
[2026-09-26T17:17:59.062Z] Saved PC:0x40388246
[2026-09-26T17:17:59.063Z] SPIWP:0xee
[2026-09-26T17:17:59.064Z] mode:DIO, clock div:1
[2026-09-26T17:17:59.066Z] load:0x3fcd5830,len:0x15a4
[2026-09-26T17:17:59.069Z] load:0x403cbf10,len:0xce0
[2026-09-26T17:17:59.071Z] load:0x403ce710,len:0x303c
[2026-09-26T17:17:59.078Z] entry 0x403cbf1a
[2026-09-26T17:17:59.085Z] I (24) boot: ESP-IDF v6.0.3 2nd stage bootloader
[2026-09-26T17:17:59.085Z] I (24) boot: compile time Sep 26 2026 09:37:13
[2026-09-26T17:17:59.085Z] I (24) boot: chip revision: v0.4
[2026-09-26T17:17:59.088Z] I (24) boot: efuse block revision: v1.3
[2026-09-26T17:17:59.092Z] I (27) boot.esp32c3: SPI Speed      : 80MHz
[2026-09-26T17:17:59.096Z] I (31) boot.esp32c3: SPI Mode       : DIO
[2026-09-26T17:17:59.099Z] I (35) boot.esp32c3: SPI Flash Size : 2MB
[2026-09-26T17:17:59.104Z] I (39) boot: Enabling RNG early entropy source...
[2026-09-26T17:17:59.107Z] I (43) boot: Partition Table:
[2026-09-26T17:17:59.113Z] I (46) boot: ## Label            Usage          Type ST Offset   Length
[2026-09-26T17:17:59.119Z] I (52) boot:  0 nvs              WiFi data        01 02 00009000 00006000
[2026-09-26T17:17:59.126Z] I (59) boot:  1 phy_init         RF data          01 01 0000f000 00001000
[2026-09-26T17:17:59.132Z] I (65) boot:  2 factory          factory app      00 00 00010000 00180000
[2026-09-26T17:17:59.139Z] I (72) boot:  3 rlsec            WiFi data        01 02 00190000 00020000
[2026-09-26T17:17:59.142Z] I (78) boot: End of partition table
[2026-09-26T17:17:59.150Z] I (82) esp_image: segment 0: paddr=00010020 vaddr=3c110020 size=21ca4h (138404) map
[2026-09-26T17:17:59.173Z] I (112) esp_image: segment 1: paddr=00031ccc vaddr=3fc8e000 size=03404h ( 13316) load
[2026-09-26T17:17:59.176Z] I (114) esp_image: segment 2: paddr=000350d8 vaddr=40380000 size=0af40h ( 44864) load
[2026-09-26T17:17:59.185Z] I (124) esp_image: segment 3: paddr=00040020 vaddr=42000020 size=10d444h (1102916) map
[2026-09-26T17:17:59.365Z] I (304) esp_image: segment 4: paddr=0014d46c vaddr=4038af40 size=03004h ( 12292) load
[2026-09-26T17:17:59.368Z] I (306) esp_image: segment 5: paddr=00150478 vaddr=50000000 size=0001ch (    28) load
[2026-09-26T17:17:59.376Z] I (307) esp_image: segment 6: paddr=0015049c vaddr=50000020 size=016b8h (  5816) load
[2026-09-26T17:17:59.383Z] I (316) esp_image: segment 7: paddr=00151b5c vaddr=500016e0 size=00024h (    36) load
[2026-09-26T17:17:59.390Z] I (328) boot: Loaded app from partition at offset 0x10000
[2026-09-26T17:17:59.393Z] I (328) boot: Disabling RNG early entropy source...
[2026-09-26T17:17:59.406Z] I (345) cpu_start: Unicore app
[2026-09-26T17:17:59.414Z] I (353) cpu_start: GPIO 20 and 21 are used as console UART I/O pins
[2026-09-26T17:17:59.415Z] I (354) cpu_start: Pro cpu start user code
[2026-09-26T17:17:59.416Z] I (354) cpu_start: cpu freq: 160000000 Hz
[2026-09-26T17:17:59.420Z] I (355) app_init: Application information:
[2026-09-26T17:17:59.425Z] I (359) app_init: Project name:     routeloom_bridge_node
[2026-09-26T17:17:59.429Z] I (364) app_init: App version:      1
[2026-09-26T17:17:59.434Z] I (368) app_init: Compile time:     Sep 26 2026 16:51:27
[2026-09-26T17:17:59.438Z] I (373) app_init: ELF file SHA256:  a093e0b77...
[2026-09-26T17:17:59.442Z] I (377) app_init: ESP-IDF:          v6.0.3
[2026-09-26T17:17:59.447Z] I (381) efuse_init: Min chip rev:     v0.3
[2026-09-26T17:17:59.451Z] I (385) efuse_init: Max chip rev:     v1.99 
[2026-09-26T17:17:59.453Z] I (389) efuse_init: Chip rev:         v0.4
[2026-09-26T17:17:59.459Z] I (393) heap_init: Initializing. RAM available for dynamic allocation:
[2026-09-26T17:17:59.465Z] I (399) heap_init: At 3FCC79C0 len 00014D50 (83 KiB): Retention RAM
[2026-09-26T17:17:59.471Z] I (405) heap_init: At 3FCDC710 len 00002950 (10 KiB): Retention RAM
[2026-09-26T17:17:59.477Z] I (411) heap_init: At 50001704 len 000008E4 (2 KiB): RTCRAM
[2026-09-26T17:17:59.480Z] I (417) spi_flash: detected chip: generic
[2026-09-26T17:17:59.483Z] I (420) spi_flash: flash io: dio
[2026-09-26T17:17:59.496Z] W (423) spi_flash: Detected size(4096k) larger than the size in the binary image header(2048k). Using the size in the binary image header.
[2026-09-26T17:17:59.502Z] I (436) sleep_gpio: Configure to isolate all GPIO pins in sleep state
[2026-09-26T17:17:59.508Z] I (441) sleep_gpio: Enable automatic switching of GPIO sleep configuration
[2026-09-26T17:18:00.580Z] ESP-ROM:esp32c3-api1-20210207
[2026-09-26T17:18:00.580Z] Build:Feb  7 2021
[2026-09-26T17:18:00.581Z] rst:0xc (RTC_SW_CPU_RST),boot:0x8 (SPI_FAST_FLASH_BOOT)
[2026-09-26T17:18:00.581Z] Saved PC:0x40388246
[2026-09-26T17:18:00.582Z] SPIWP:0xee
[2026-09-26T17:18:00.583Z] mode:DIO, clock div:1
[2026-09-26T17:18:00.585Z] load:0x3fcd5830,len:0x15a4
[2026-09-26T17:18:00.588Z] load:0x403cbf10,len:0xce0
[2026-09-26T17:18:00.590Z] load:0x403ce710,len:0x303c
[2026-09-26T17:18:00.597Z] entry 0x403cbf1a
[2026-09-26T17:18:00.603Z] I (24) boot: ESP-IDF v6.0.3 2nd stage bootloader
[2026-09-26T17:18:00.604Z] I (24) boot: compile time Sep 26 2026 09:37:13
[2026-09-26T17:18:00.604Z] I (24) boot: chip revision: v0.4
[2026-09-26T17:18:00.607Z] I (24) boot: efuse block revision: v1.3
[2026-09-26T17:18:00.611Z] I (27) boot.esp32c3: SPI Speed      : 80MHz
[2026-09-26T17:18:00.615Z] I (31) boot.esp32c3: SPI Mode       : DIO
[2026-09-26T17:18:00.618Z] I (35) boot.esp32c3: SPI Flash Size : 2MB
[2026-09-26T17:18:00.623Z] I (39) boot: Enabling RNG early entropy source...
[2026-09-26T17:18:00.626Z] I (43) boot: Partition Table:
[2026-09-26T17:18:00.632Z] I (46) boot: ## Label            Usage          Type ST Offset   Length
[2026-09-26T17:18:00.638Z] I (52) boot:  0 nvs              WiFi data        01 02 00009000 00006000
[2026-09-26T17:18:00.645Z] I (59) boot:  1 phy_init         RF data          01 01 0000f000 00001000
[2026-09-26T17:18:00.651Z] I (65) boot:  2 factory          factory app      00 00 00010000 00180000
[2026-09-26T17:18:00.658Z] I (72) boot:  3 rlsec            WiFi data        01 02 00190000 00020000
[2026-09-26T17:18:00.661Z] I (78) boot: End of partition table
[2026-09-26T17:18:00.669Z] I (82) esp_image: segment 0: paddr=00010020 vaddr=3c110020 size=21ca4h (138404) map
[2026-09-26T17:18:00.692Z] I (112) esp_image: segment 1: paddr=00031ccc vaddr=3fc8e000 size=03404h ( 13316) load
[2026-09-26T17:18:00.695Z] I (114) esp_image: segment 2: paddr=000350d8 vaddr=40380000 size=0af40h ( 44864) load
[2026-09-26T17:18:00.704Z] I (124) esp_image: segment 3: paddr=00040020 vaddr=42000020 size=10d444h (1102916) map
[2026-09-26T17:18:00.884Z] I (304) esp_image: segment 4: paddr=0014d46c vaddr=4038af40 size=03004h ( 12292) load
[2026-09-26T17:18:00.916Z] !! capture closed
