[2026-09-26T16:33:08.591Z] !! capture open /dev/serial/by-id/usb-Espressif_USB_JTAG_serial_debug_unit_94:A9:90:7A:B5:60-if00 @ 115200 backend=pyserial dtr=1 rts=0
[2026-09-26T16:33:12.904Z] I (571446) RouteLoomRef: member state=4 links=1 ends=1 authorityI (586449) RouteLoomRef: member state=4 links=1 ends=1 authority=1/1 confirm=1 demux_drop=4
[2026-09-26T16:33:12.904Z] I (586450) RouteLoomRef: member handshake starts=5 requests=2 rejected=0 send_fail=2 established=3 failed=0 last_error=6 active=0
[2026-09-26T16:33:12.904Z] I (586450) RouteLoomRef: member end send_fail=1 established=2 failed=13 last_error=7
[2026-09-26T16:33:12.904Z] I (586450) RouteLoomRef: authority state=2 tx_sent=9 tx_failed=0 rx_accepted=1 rx_rejected=0 pull=0 busy=0 backoff_s=0
[2026-09-26T16:33:12.905Z] I (586451) RouteLoomRef: authority mesh tx_carrier=9 queued=9 shed=454 rx_carrier=2 denied=0 timeout=0
[2026-09-26T16:33:12.905Z] I (586451) RouteLoomRef: authority jobs accepted=4 failed=5 last=SESSION_UNAVAILABLE
[2026-09-26T16:33:12.906Z] I (586451) RouteLoomRef: member discovery rx=3 offer_tx=3 offer_rx=3 auth=3 kind_reject=2 capacity=0 send_fail=2
[2026-09-26T16:33:12.906Z] I (586451) RouteLoomRef: member scope raw=6 accepted=5 mac_reject=0 hint=0 generation=0 key_unavailable=0 budget=0
[2026-09-26T16:33:17.907Z] I (591452) RouteLoomRef: member state=4 links=1 ends=1 authority=1/1 confirm=1 demux_drop=4
[2026-09-26T16:33:17.907Z] I (591453) RouteLoomRef: member handshake starts=5 requests=2 rejected=0 send_fail=2 established=3 failed=0 last_error=6 active=0
[2026-09-26T16:33:17.907Z] I (591453) RouteLoomRef: member end send_fail=1 established=2 failed=13 last_error=7
[2026-09-26T16:33:17.908Z] I (591453) RouteLoomRef: authority state=2 tx_sent=9 tx_failed=0 rx_accepted=1 rx_rejected=0 pull=0 busy=0 backoff_s=0
[2026-09-26T16:33:17.908Z] I (591454) RouteLoomRef: authority mesh tx_carrier=9 queued=9 shed=454 rx_carrier=2 denied=0 timeout=0
[2026-09-26T16:33:17.908Z] I (591454) RouteLoomRef: authority jobs accepted=4 failed=5 last=SESSION_UNAVAILABLE
[2026-09-26T16:33:17.910Z] I (591454) RouteLoomRef: member discovery rx=3 offer_tx=3 offer_rx=3 auth=3 kind_reject=2 capacity=0 send_fail=2
[2026-09-26T16:33:17.910Z] I (591454) RouteLoomRef: member scope raw=6 accepted=5 mac_reject=0 hint=0 generation=0 key_unavailable=0 budget=0
[2026-09-26T16:33:22.910Z] I (596455) RouteLoomRef: member state=4 links=1 ends=1 authority=1/1 confirm=1 demux_drop=4
[2026-09-26T16:33:22.910Z] I (596456) RouteLoomRef: member handshake starts=5 requests=2 rejected=0 send_fail=2 established=3 failed=0 last_error=6 active=0
[2026-09-26T16:33:22.910Z] I (596456) RouteLoomRef: member end send_fail=1 established=2 failed=13 last_error=7
[2026-09-26T16:33:22.912Z] I (596456) RouteLoomRef: authority state=2 tx_sent=9 tx_failed=0 rx_accepted=1 rx_rejected=0 pull=0 busy=0 backoff_s=0
[2026-09-26T16:33:22.912Z] I (596457) RouteLoomRef: authority mesh tx_carrier=9 queued=9 shed=454 rx_carrier=2 denied=0 timeout=0
[2026-09-26T16:33:22.912Z] I (596457) RouteLoomRef: authority jobs accepted=4 failed=5 last=SESSION_UNAVAILABLE
[2026-09-26T16:33:22.912Z] I (596457) RouteLoomRef: member discovery rx=3 offer_tx=3 offer_rx=3 auth=3 kind_reject=2 capacity=0 send_fail=2
[2026-09-26T16:33:22.912Z] I (596457) RouteLoomRef: member scope raw=6 accepted=5 mac_reject=0 hint=0 generation=0 key_unavailable=0 budget=0
[2026-09-26T16:33:27.917Z] I (601457) RouteLoomRef: member state=4 links=1 ends=1 authority=1/1 confirm=1 demux_drop=4
[2026-09-26T16:33:27.917Z] I (601458) RouteLoomRef: member handshake starts=5 requests=2 rejected=0 send_fail=2 established=3 failed=0 last_error=6 active=0
[2026-09-26T16:33:27.917Z] I (601458) RouteLoomRef: member end send_fail=1 established=2 failed=13 last_error=7
[2026-09-26T16:33:27.917Z] I (601458) RouteLoomRef: authority state=2 tx_sent=9 tx_failed=0 rx_accepted=1 rx_rejected=0 pull=0 busy=0 backoff_s=0
[2026-09-26T16:33:27.917Z] I (601459) RouteLoomRef: authority mesh tx_carrier=9 queued=9 shed=454 rx_carrier=2 denied=0 timeout=0
[2026-09-26T16:33:27.917Z] I (601459) RouteLoomRef: authority jobs accepted=4 failed=5 last=SESSION_UNAVAILABLE
[2026-09-26T16:33:27.917Z] I (601459) RouteLoomRef: member discovery rx=3 offer_tx=3 offer_rx=3 auth=3 kind_reject=2 capacity=0 send_fail=2
[2026-09-26T16:33:27.917Z] I (601459) RouteLoomRef: member scope raw=6 accepted=5 mac_reject=0 hint=0 generation=0 key_unavailable=0 budget=0
[2026-09-26T16:33:32.915Z] I (606460) RouteLoomRef: member state=4 links=1 ends=1 authority=1/1 confirm=1 demux_drop=4
[2026-09-26T16:33:32.915Z] I (606461) RouteLoomRef: member handshake starts=5 requests=2 rejected=0 send_fail=2 established=3 failed=0 last_error=6 active=0
[2026-09-26T16:33:32.915Z] I (606461) RouteLoomRef: member end send_fail=1 established=2 failed=13 last_error=7
[2026-09-26T16:33:32.916Z] I (606461) RouteLoomRef: authority state=2 tx_sent=9 tx_failed=0 rx_accepted=1 rx_rejected=0 pull=0 busy=0 backoff_s=0
[2026-09-26T16:33:32.916Z] I (606462) RouteLoomRef: authority mesh tx_carrier=9 queued=9 shed=454 rx_carrier=2 denied=0 timeout=0
[2026-09-26T16:33:32.917Z] I (606462) RouteLoomRef: authority jobs accepted=4 failed=5 last=SESSION_UNAVAILABLE
[2026-09-26T16:33:32.917Z] I (606462) RouteLoomRef: member discovery rx=3 offer_tx=3 offer_rx=3 auth=3 kind_reject=2 capacity=0 send_fail=2
[2026-09-26T16:33:32.917Z] I (606462) RouteLoomRef: member scope raw=6 accepted=5 mac_reject=0 hint=0 generation=0 key_unavailable=0 budget=0
[2026-09-26T16:33:37.917Z] I (611462) RouteLoomRef: member state=4 links=1 ends=1 authority=1/1 confirm=1 demux_drop=4
[2026-09-26T16:33:37.917Z] I (611463) RouteLoomRef: member handshake starts=5 requests=2 rejected=0 send_fail=2 established=3 failed=0 last_error=6 active=0
[2026-09-26T16:33:37.918Z] I (611463) RouteLoomRef: member end send_fail=1 established=2 failed=13 last_error=7
[2026-09-26T16:33:37.918Z] I (611463) RouteLoomRef: authority state=2 tx_sent=9 tx_failed=0 rx_accepted=1 rx_rejected=0 pull=0 busy=0 backoff_s=0
[2026-09-26T16:33:37.918Z] I (611464) RouteLoomRef: authority mesh tx_carrier=9 queued=9 shed=454 rx_carrier=2 denied=0 timeout=0
[2026-09-26T16:33:37.919Z] I (611464) RouteLoomRef: authority jobs accepted=4 failed=5 last=SESSION_UNAVAILABLE
[2026-09-26T16:33:37.919Z] I (611464) RouteLoomRef: member discovery rx=3 offer_tx=3 offer_rx=3 auth=3 kind_reject=2 capacity=0 send_fail=2
[2026-09-26T16:33:37.919Z] I (611464) RouteLoomRef: member scope raw=6 accepted=5 mac_reject=0 hint=0 generation=0 key_unavailable=0 budget=0
[2026-09-26T16:33:38.086Z] I (611631) RouteLoom: stack hwm main 10152 B
[2026-09-26T16:33:38.086Z] I (611631) RouteLoom: HIL HEAP free=22140 largest=19456 min=21360 B
[2026-09-26T16:33:38.087Z] I (611632) RouteLoom: HIL DISCOVERY candidates=0 neighbors=1 capacity=0 auth=3 stale=1 probes=43 send_failures=2 kind_rejects=2
[2026-09-26T16:33:38.087Z] I (611632) RouteLoom: HIL ROUTE peer=1 phase=5 via=1 metric=1 generation=345 seq=1
[2026-09-26T16:33:38.087Z] I (611633) RouteLoom: HIL ROUTE peer=3 phase=-1 via=0 metric=0 generation=0 seq=0
[2026-09-26T16:33:42.918Z] I (616463) RouteLoomRef: member state=4 links=1 ends=1 authority=1/1 confirm=1 demux_drop=4
[2026-09-26T16:33:42.918Z] I (616464) RouteLoomRef: member handshake starts=5 requests=2 rejected=0 send_fail=2 established=3 failed=0 last_error=6 active=0
[2026-09-26T16:33:42.919Z] I (616464) RouteLoomRef: member end send_fail=1 established=2 failed=13 last_error=7
[2026-09-26T16:33:42.919Z] I (616464) RouteLoomRef: authority state=2 tx_sent=9 tx_failed=0 rx_accepted=1 rx_rejected=0 pull=0 busy=0 backoff_s=0
[2026-09-26T16:33:42.919Z] I (616465) RouteLoomRef: authority mesh tx_carrier=9 queued=9 shed=454 rx_carrier=2 denied=0 timeout=0
[2026-09-26T16:33:42.920Z] I (616465) RouteLoomRef: authority jobs accepted=4 failed=5 last=SESSION_UNAVAILABLE
[2026-09-26T16:33:42.920Z] I (616465) RouteLoomRef: member discovery rx=3 offer_tx=3 offer_rx=3 auth=3 kind_reject=2 capacity=0 send_fail=2
[2026-09-26T16:33:42.920Z] I (616465) RouteLoomRef: member scope raw=6 accepted=5 mac_reject=0 hint=0 generation=0 key_unavailable=0 budget=0
[2026-09-26T16:33:47.921Z] I (621466) RouteLoomRef: member state=4 links=1 ends=1 authority=1/1 confirm=1 demux_drop=4
[2026-09-26T16:33:47.922Z] I (621467) RouteLoomRef: member handshake starts=5 requests=2 rejected=0 send_fail=2 established=3 failed=0 last_error=6 active=0
[2026-09-26T16:33:47.923Z] I (621467) RouteLoomRef: member end send_fail=1 established=2 failed=13 last_error=7
[2026-09-26T16:33:47.923Z] I (621467) RouteLoomRef: authority state=2 tx_sent=9 tx_failed=0 rx_accepted=1 rx_rejected=0 pull=0 busy=0 backoff_s=0
[2026-09-26T16:33:47.923Z] I (621468) RouteLoomRef: authority mesh tx_carrier=9 queued=9 shed=454 rx_carrier=2 denied=0 timeout=0
[2026-09-26T16:33:47.923Z] I (621468) RouteLoomRef: authority jobs accepted=4 failed=5 last=SESSION_UNAVAILABLE
[2026-09-26T16:33:47.923Z] I (621468) RouteLoomRef: member discovery rx=3 offer_tx=3 offer_rx=3 auth=3 kind_reject=2 capacity=0 send_fail=2
[2026-09-26T16:33:47.923Z] I (621468) RouteLoomRef: member scope raw=6 accepted=5 mac_reject=0 hint=0 generation=0 key_unavailable=0 budget=0
[2026-09-26T16:33:52.924Z] I (626469) RouteLoomRef: member state=4 links=1 ends=1 authority=1/1 confirm=1 demux_drop=4
[2026-09-26T16:33:52.925Z] I (626470) RouteLoomRef: member handshake starts=5 requests=2 rejected=0 send_fail=2 established=3 failed=0 last_error=6 active=0
[2026-09-26T16:33:52.925Z] I (626470) RouteLoomRef: member end send_fail=1 established=2 failed=13 last_error=7
[2026-09-26T16:33:52.925Z] I (626470) RouteLoomRef: authority state=2 tx_sent=9 tx_failed=0 rx_accepted=1 rx_rejected=0 pull=0 busy=0 backoff_s=0
[2026-09-26T16:33:52.925Z] I (626471) RouteLoomRef: authority mesh tx_carrier=9 queued=9 shed=454 rx_carrier=2 denied=0 timeout=0
[2026-09-26T16:33:52.927Z] I (626471) RouteLoomRef: authority jobs accepted=4 failed=5 last=SESSION_UNAVAILABLE
[2026-09-26T16:33:52.927Z] I (626471) RouteLoomRef: member discovery rx=3 offer_tx=3 offer_rx=3 auth=3 kind_reject=2 capacity=0 send_fail=2
[2026-09-26T16:33:52.927Z] I (626471) RouteLoomRef: member scope raw=6 accepted=5 mac_reject=0 hint=0 generation=0 key_unavailable=0 budget=0
[2026-09-26T16:33:57.926Z] I (631471) RouteLoomRef: member state=4 links=1 ends=1 authority=1/1 confirm=1 demux_drop=4
[2026-09-26T16:33:57.927Z] I (631472) RouteLoomRef: member handshake starts=5 requests=2 rejected=0 send_fail=2 established=3 failed=0 last_error=6 active=0
[2026-09-26T16:33:57.927Z] I (631472) RouteLoomRef: member end send_fail=1 established=2 failed=13 last_error=7
[2026-09-26T16:33:57.927Z] I (631472) RouteLoomRef: authority state=2 tx_sent=9 tx_failed=0 rx_accepted=1 rx_rejected=0 pull=0 busy=0 backoff_s=0
[2026-09-26T16:33:57.928Z] I (631473) RouteLoomRef: authority mesh tx_carrier=9 queued=9 shed=454 rx_carrier=2 denied=0 timeout=0
[2026-09-26T16:33:57.929Z] I (631473) RouteLoomRef: authority jobs accepted=4 failed=5 last=SESSION_UNAVAILABLE
[2026-09-26T16:33:57.929Z] I (631473) RouteLoomRef: member discovery rx=3 offer_tx=3 offer_rx=3 auth=3 kind_reject=2 capacity=0 send_fail=2
[2026-09-26T16:33:57.929Z] I (631473) RouteLoomRef: member scope raw=6 accepted=5 mac_reject=0 hint=0 generation=0 key_unavailable=0 budget=0
[2026-09-26T16:34:02.929Z] I (636474) RouteLoomRef: member state=4 links=1 ends=1 authority=1/1 confirm=1 demux_drop=4
[2026-09-26T16:34:02.931Z] I (636475) RouteLoomRef: member handshake starts=5 requests=2 rejected=0 send_fail=2 established=3 failed=0 last_error=6 active=0
[2026-09-26T16:34:02.931Z] I (636475) RouteLoomRef: member end send_fail=1 established=2 failed=13 last_error=7
[2026-09-26T16:34:02.931Z] I (636475) RouteLoomRef: authority state=2 tx_sent=9 tx_failed=0 rx_accepted=1 rx_rejected=0 pull=0 busy=0 backoff_s=0
[2026-09-26T16:34:02.931Z] I (636476) RouteLoomRef: authority mesh tx_carrier=9 queued=9 shed=454 rx_carrier=2 denied=0 timeout=0
[2026-09-26T16:34:02.931Z] I (636476) RouteLoomRef: authority jobs accepted=4 failed=5 last=SESSION_UNAVAILABLE
[2026-09-26T16:34:02.931Z] I (636476) RouteLoomRef: member discovery rx=3 offer_tx=3 offer_rx=3 auth=3 kind_reject=2 capacity=0 send_fail=2
[2026-09-26T16:34:02.932Z] I (636476) RouteLoomRef: member scope raw=6 accepted=5 mac_reject=0 hint=0 generation=0 key_unavailable=0 budget=0
[2026-09-26T16:34:07.932Z] I (641476) RouteLoomRef: member state=4 links=1 ends=1 authority=1/1 confirm=1 demux_drop=4
[2026-09-26T16:34:07.932Z] I (641477) RouteLoomRef: member handshake starts=5 requests=2 rejected=0 send_fail=2 established=3 failed=0 last_error=6 active=0
[2026-09-26T16:34:07.932Z] I (641477) RouteLoomRef: member end send_fail=1 established=2 failed=13 last_error=7
[2026-09-26T16:34:07.932Z] I (641477) RouteLoomRef: authority state=2 tx_sent=9 tx_failed=0 rx_accepted=1 rx_rejected=0 pull=0 busy=0 backoff_s=0
[2026-09-26T16:34:07.933Z] I (641478) RouteLoomRef: authority mesh tx_carrier=9 queued=9 shed=454 rx_carrier=2 denied=0 timeout=0
[2026-09-26T16:34:07.933Z] I (641478) RouteLoomRef: authority jobs accepted=4 failed=5 last=SESSION_UNAVAILABLE
[2026-09-26T16:34:07.933Z] I (641478) RouteLoomRef: member discovery rx=3 offer_tx=3 offer_rx=3 auth=3 kind_reject=2 capacity=0 send_fail=2
[2026-09-26T16:34:07.934Z] I (641478) RouteLoomRef: member scope raw=6 accepted=5 mac_reject=0 hint=0 generation=0 key_unavailable=0 budget=0
[2026-09-26T16:34:12.933Z] I (646477) RouteLoomRef: member state=4 links=1 ends=1 authority=1/1 confirm=1 demux_drop=4
[2026-09-26T16:34:12.933Z] I (646478) RouteLoomRef: member handshake starts=5 requests=2 rejected=0 send_fail=2 established=3 failed=0 last_error=6 active=0
[2026-09-26T16:34:12.933Z] I (646478) RouteLoomRef: member end send_fail=1 established=2 failed=13 last_error=7
[2026-09-26T16:34:12.933Z] I (646478) RouteLoomRef: authority state=2 tx_sent=9 tx_failed=0 rx_accepted=1 rx_rejected=0 pull=0 busy=0 backoff_s=0
[2026-09-26T16:34:12.934Z] I (646479) RouteLoomRef: authority mesh tx_carrier=9 queued=9 shed=454 rx_carrier=2 denied=0 timeout=0
[2026-09-26T16:34:12.934Z] I (646479) RouteLoomRef: authority jobs accepted=4 failed=5 last=SESSION_UNAVAILABLE
[2026-09-26T16:34:12.934Z] I (646479) RouteLoomRef: member discovery rx=3 offer_tx=3 offer_rx=3 auth=3 kind_reject=2 capacity=0 send_fail=2
[2026-09-26T16:34:12.935Z] I (646479) RouteLoomRef: member scope raw=6 accepted=5 mac_reject=0 hint=0 generation=0 key_unavailable=0 budget=0
[2026-09-26T16:34:17.933Z] I (651477) RouteLoomRef: member state=4 links=1 ends=1 authority=1/1 confirm=1 demux_drop=4
[2026-09-26T16:34:17.933Z] I (651478) RouteLoomRef: member handshake starts=5 requests=2 rejected=0 send_fail=2 established=3 failed=0 last_error=6 active=0
[2026-09-26T16:34:17.933Z] I (651478) RouteLoomRef: member end send_fail=1 established=2 failed=13 last_error=7
[2026-09-26T16:34:17.934Z] I (651478) RouteLoomRef: authority state=2 tx_sent=9 tx_failed=0 rx_accepted=1 rx_rejected=0 pull=0 busy=0 backoff_s=0
[2026-09-26T16:34:17.934Z] I (651479) RouteLoomRef: authority mesh tx_carrier=9 queued=9 shed=454 rx_carrier=2 denied=0 timeout=0
[2026-09-26T16:34:17.934Z] I (651479) RouteLoomRef: authority jobs accepted=4 failed=5 last=SESSION_UNAVAILABLE
[2026-09-26T16:34:17.934Z] I (651479) RouteLoomRef: member discovery rx=3 offer_tx=3 offer_rx=3 auth=3 kind_reject=2 capacity=0 send_fail=2
[2026-09-26T16:34:17.935Z] I (651479) RouteLoomRef: member scope raw=6 accepted=5 mac_reject=0 hint=0 generation=0 key_unavailable=0 budget=0
[2026-09-26T16:34:22.936Z] I (656480) RouteLoomRef: member state=4 links=1 ends=1 authority=1/1 confirm=1 demux_drop=4
[2026-09-26T16:34:22.936Z] I (656481) RouteLoomRef: member handshake starts=5 requests=2 rejected=0 send_fail=2 established=3 failed=0 last_error=6 active=0
[2026-09-26T16:34:22.936Z] I (656481) RouteLoomRef: member end send_fail=1 established=2 failed=13 last_error=7
[2026-09-26T16:34:22.937Z] I (656481) RouteLoomRef: authority state=2 tx_sent=9 tx_failed=0 rx_accepted=1 rx_rejected=0 pull=0 busy=0 backoff_s=0
[2026-09-26T16:34:22.937Z] I (656482) RouteLoomRef: authority mesh tx_carrier=9 queued=9 shed=454 rx_carrier=2 denied=0 timeout=0
[2026-09-26T16:34:22.937Z] I (656482) RouteLoomRef: authority jobs accepted=4 failed=5 last=SESSION_UNAVAILABLE
[2026-09-26T16:34:22.938Z] I (656482) RouteLoomRef: member discovery rx=3 offer_tx=3 offer_rx=3 auth=3 kind_reject=2 capacity=0 send_fail=2
[2026-09-26T16:34:22.938Z] I (656483) RouteLoomRef: member scope raw=6 accepted=5 mac_reject=0 hint=0 generation=0 key_unavailable=0 budget=0
[2026-09-26T16:34:27.938Z] I (661482) RouteLoomRef: member state=4 links=1 ends=1 authority=1/1 confirm=1 demux_drop=4
[2026-09-26T16:34:27.938Z] I (661483) RouteLoomRef: member handshake starts=5 requests=2 rejected=0 send_fail=2 established=3 failed=0 last_error=6 active=0
[2026-09-26T16:34:27.939Z] I (661483) RouteLoomRef: member end send_fail=1 established=2 failed=13 last_error=7
[2026-09-26T16:34:27.939Z] I (661483) RouteLoomRef: authority state=2 tx_sent=9 tx_failed=0 rx_accepted=1 rx_rejected=0 pull=0 busy=0 backoff_s=0
[2026-09-26T16:34:27.939Z] I (661484) RouteLoomRef: authority mesh tx_carrier=9 queued=9 shed=454 rx_carrier=2 denied=0 timeout=0
[2026-09-26T16:34:27.941Z] I (661484) RouteLoomRef: authority jobs accepted=4 failed=5 last=SESSION_UNAVAILABLE
[2026-09-26T16:34:27.941Z] I (661484) RouteLoomRef: member discovery rx=3 offer_tx=3 offer_rx=3 auth=3 kind_reject=2 capacity=0 send_fail=2
[2026-09-26T16:34:27.941Z] I (661485) RouteLoomRef: member scope raw=6 accepted=5 mac_reject=0 hint=0 generation=0 key_unavailable=0 budget=0
[2026-09-26T16:34:32.941Z] I (666485) RouteLoomRef: member state=4 links=1 ends=1 authority=1/1 confirm=1 demux_drop=4
[2026-09-26T16:34:32.941Z] I (666486) RouteLoomRef: member handshake starts=5 requests=2 rejected=0 send_fail=2 established=3 failed=0 last_error=6 active=0
[2026-09-26T16:34:32.942Z] I (666486) RouteLoomRef: member end send_fail=1 established=2 failed=13 last_error=7
[2026-09-26T16:34:32.942Z] I (666486) RouteLoomRef: authority state=2 tx_sent=9 tx_failed=0 rx_accepted=1 rx_rejected=0 pull=0 busy=0 backoff_s=0
[2026-09-26T16:34:32.942Z] I (666487) RouteLoomRef: authority mesh tx_carrier=9 queued=9 shed=454 rx_carrier=2 denied=0 timeout=0
[2026-09-26T16:34:32.943Z] I (666487) RouteLoomRef: authority jobs accepted=4 failed=5 last=SESSION_UNAVAILABLE
[2026-09-26T16:34:32.943Z] I (666487) RouteLoomRef: member discovery rx=3 offer_tx=3 offer_rx=3 auth=3 kind_reject=2 capacity=0 send_fail=2
[2026-09-26T16:34:32.943Z] I (666487) RouteLoomRef: member scope raw=6 accepted=5 mac_reject=0 hint=0 generation=0 key_unavailable=0 budget=0
[2026-09-26T16:34:37.943Z] I (671487) RouteLoomRef: member state=4 links=1 ends=1 authority=1/1 confirm=1 demux_drop=4
[2026-09-26T16:34:37.943Z] I (671488) RouteLoomRef: member handshake starts=5 requests=2 rejected=0 send_fail=2 established=3 failed=0 last_error=6 active=0
[2026-09-26T16:34:37.946Z] I (671488) RouteLoomRef: member end send_fail=1 established=2 failed=13 last_error=7
[2026-09-26T16:34:37.946Z] I (671488) RouteLoomRef: authority state=2 tx_sent=9 tx_failed=0 rx_accepted=1 rx_rejected=0 pull=0 busy=0 backoff_s=0
[2026-09-26T16:34:37.946Z] I (671489) RouteLoomRef: authority mesh tx_carrier=9 queued=9 shed=454 rx_carrier=2 denied=0 timeout=0
[2026-09-26T16:34:37.946Z] I (671489) RouteLoomRef: authority jobs accepted=4 failed=5 last=SESSION_UNAVAILABLE
[2026-09-26T16:34:37.946Z] I (671489) RouteLoomRef: member discovery rx=3 offer_tx=3 offer_rx=3 auth=3 kind_reject=2 capacity=0 send_fail=2
[2026-09-26T16:34:37.946Z] I (671489) RouteLoomRef: member scope raw=6 accepted=5 mac_reject=0 hint=0 generation=0 key_unavailable=0 budget=0
[2026-09-26T16:34:38.088Z] I (671632) RouteLoom: stack hwm main 10152 B
[2026-09-26T16:34:38.088Z] I (671632) RouteLoom: HIL HEAP free=22140 largest=19456 min=21360 B
[2026-09-26T16:34:38.090Z] I (671633) RouteLoom: HIL DISCOVERY candidates=0 neighbors=1 capacity=0 auth=3 stale=1 probes=46 send_failures=2 kind_rejects=2
[2026-09-26T16:34:38.090Z] I (671633) RouteLoom: HIL ROUTE peer=1 phase=5 via=1 metric=1 generation=345 seq=1
[2026-09-26T16:34:38.090Z] I (671633) RouteLoom: HIL ROUTE peer=3 phase=-1 via=0 metric=0 generation=0 seq=0
[2026-09-26T16:34:42.946Z] I (676488) RouteLoomRef: member state=4 links=1 ends=1 authority=1/1 confirm=1 demux_drop=4
[2026-09-26T16:34:42.946Z] I (676489) RouteLoomRef: member handshake starts=5 requests=2 rejected=0 send_fail=2 established=3 failed=0 last_error=6 active=0
[2026-09-26T16:34:42.946Z] I (676489) RouteLoomRef: member end send_fail=1 established=2 failed=13 last_error=7
[2026-09-26T16:34:42.946Z] I (676489) RouteLoomRef: authority state=2 tx_sent=9 tx_failed=0 rx_accepted=1 rx_rejected=0 pull=0 busy=0 backoff_s=0
[2026-09-26T16:34:42.946Z] I (676490) RouteLoomRef: authority mesh tx_carrier=9 queued=9 shed=454 rx_carrier=2 denied=0 timeout=0
[2026-09-26T16:34:42.946Z] I (676490) RouteLoomRef: authority jobs accepted=4 failed=5 last=SESSION_UNAVAILABLE
[2026-09-26T16:34:42.946Z] I (676490) RouteLoomRef: member discovery rx=3 offer_tx=3 offer_rx=3 auth=3 kind_reject=2 capacity=0 send_fail=2
[2026-09-26T16:34:42.949Z] I (676490) RouteLoomRef: member scope raw=6 accepted=5 mac_reject=0 hint=0 generation=0 key_unavailable=0 budget=0
[2026-09-26T16:34:47.947Z] I (681491) RouteLoomRef: member state=4 links=1 ends=1 authority=1/1 confirm=1 demux_drop=4
[2026-09-26T16:34:47.948Z] I (681492) RouteLoomRef: member handshake starts=5 requests=2 rejected=0 send_fail=2 established=3 failed=0 last_error=6 active=0
[2026-09-26T16:34:47.949Z] I (681492) RouteLoomRef: member end send_fail=1 established=2 failed=13 last_error=7
[2026-09-26T16:34:47.949Z] I (681492) RouteLoomRef: authority state=2 tx_sent=9 tx_failed=0 rx_accepted=1 rx_rejected=0 pull=0 busy=0 backoff_s=0
[2026-09-26T16:34:47.949Z] I (681493) RouteLoomRef: authority mesh tx_carrier=9 queued=9 shed=454 rx_carrier=2 denied=0 timeout=0
[2026-09-26T16:34:47.949Z] I (681493) RouteLoomRef: authority jobs accepted=4 failed=5 last=SESSION_UNAVAILABLE
[2026-09-26T16:34:47.949Z] I (681493) RouteLoomRef: member discovery rx=3 offer_tx=3 offer_rx=3 auth=3 kind_reject=2 capacity=0 send_fail=2
[2026-09-26T16:34:47.950Z] I (681493) RouteLoomRef: member scope raw=6 accepted=5 mac_reject=0 hint=0 generation=0 key_unavailable=0 budget=0
[2026-09-26T16:34:52.950Z] I (686494) RouteLoomRef: member state=4 links=1 ends=1 authority=1/1 confirm=1 demux_drop=4
[2026-09-26T16:34:52.952Z] I (686495) RouteLoomRef: member handshake starts=5 requests=2 rejected=0 send_fail=2 established=3 failed=0 last_error=6 active=0
[2026-09-26T16:34:52.952Z] I (686495) RouteLoomRef: member end send_fail=1 established=2 failed=13 last_error=7
[2026-09-26T16:34:52.952Z] I (686495) RouteLoomRef: authority state=2 tx_sent=9 tx_failed=0 rx_accepted=1 rx_rejected=0 pull=0 busy=0 backoff_s=0
[2026-09-26T16:34:52.952Z] I (686496) RouteLoomRef: authority mesh tx_carrier=9 queued=9 shed=454 rx_carrier=2 denied=0 timeout=0
[2026-09-26T16:34:52.952Z] I (686496) RouteLoomRef: authority jobs accepted=4 failed=5 last=SESSION_UNAVAILABLE
[2026-09-26T16:34:52.952Z] I (686496) RouteLoomRef: member discovery rx=3 offer_tx=3 offer_rx=3 auth=3 kind_reject=2 capacity=0 send_fail=2
[2026-09-26T16:34:52.955Z] I (686496) RouteLoomRef: member scope raw=6 accepted=5 mac_reject=0 hint=0 generation=0 key_unavailable=0 budget=0
[2026-09-26T16:34:57.953Z] I (691496) RouteLoomRef: member state=4 links=1 ends=1 authority=1/1 confirm=1 demux_drop=4
[2026-09-26T16:34:57.953Z] I (691497) RouteLoomRef: member handshake starts=5 requests=2 rejected=0 send_fail=2 established=3 failed=0 last_error=6 active=0
[2026-09-26T16:34:57.953Z] I (691497) RouteLoomRef: member end send_fail=1 established=2 failed=13 last_error=7
[2026-09-26T16:34:57.954Z] I (691497) RouteLoomRef: authority state=2 tx_sent=9 tx_failed=0 rx_accepted=1 rx_rejected=0 pull=0 busy=0 backoff_s=0
[2026-09-26T16:34:57.954Z] I (691498) RouteLoomRef: authority mesh tx_carrier=9 queued=9 shed=454 rx_carrier=2 denied=0 timeout=0
[2026-09-26T16:34:57.954Z] I (691498) RouteLoomRef: authority jobs accepted=4 failed=5 last=SESSION_UNAVAILABLE
[2026-09-26T16:34:57.955Z] I (691498) RouteLoomRef: member discovery rx=3 offer_tx=3 offer_rx=3 auth=3 kind_reject=2 capacity=0 send_fail=2
[2026-09-26T16:34:57.955Z] I (691498) RouteLoomRef: member scope raw=6 accepted=5 mac_reject=0 hint=0 generation=0 key_unavailable=0 budget=0
[2026-09-26T16:35:02.956Z] I (696499) RouteLoomRef: member state=4 links=1 ends=1 authority=1/1 confirm=1 demux_drop=4
[2026-09-26T16:35:02.957Z] I (696500) RouteLoomRef: member handshake starts=5 requests=2 rejected=0 send_fail=2 established=3 failed=0 last_error=6 active=0
[2026-09-26T16:35:02.957Z] I (696500) RouteLoomRef: member end send_fail=1 established=2 failed=13 last_error=7
[2026-09-26T16:35:02.957Z] I (696500) RouteLoomRef: authority state=2 tx_sent=9 tx_failed=0 rx_accepted=1 rx_rejected=0 pull=0 busy=0 backoff_s=0
[2026-09-26T16:35:02.957Z] I (696501) RouteLoomRef: authority mesh tx_carrier=9 queued=9 shed=454 rx_carrier=2 denied=0 timeout=0
[2026-09-26T16:35:02.957Z] I (696501) RouteLoomRef: authority jobs accepted=4 failed=5 last=SESSION_UNAVAILABLE
[2026-09-26T16:35:02.960Z] I (696501) RouteLoomRef: member discovery rx=3 offer_tx=3 offer_rx=3 auth=3 kind_reject=2 capacity=0 send_fail=2
[2026-09-26T16:35:02.960Z] I (696501) RouteLoomRef: member scope raw=6 accepted=5 mac_reject=0 hint=0 generation=0 key_unavailable=0 budget=0
[2026-09-26T16:35:07.958Z] I (701501) RouteLoomRef: member state=4 links=1 ends=1 authority=1/1 confirm=1 demux_drop=4
[2026-09-26T16:35:07.960Z] I (701502) RouteLoomRef: member handshake starts=5 requests=2 rejected=0 send_fail=2 established=3 failed=0 last_error=6 active=0
[2026-09-26T16:35:07.960Z] I (701502) RouteLoomRef: member end send_fail=1 established=2 failed=13 last_error=7
[2026-09-26T16:35:07.960Z] I (701502) RouteLoomRef: authority state=2 tx_sent=9 tx_failed=0 rx_accepted=1 rx_rejected=0 pull=0 busy=0 backoff_s=0
[2026-09-26T16:35:07.960Z] I (701503) RouteLoomRef: authority mesh tx_carrier=9 queued=9 shed=454 rx_carrier=2 denied=0 timeout=0
[2026-09-26T16:35:07.960Z] I (701503) RouteLoomRef: authority jobs accepted=4 failed=5 last=SESSION_UNAVAILABLE
[2026-09-26T16:35:07.960Z] I (701503) RouteLoomRef: member discovery rx=3 offer_tx=3 offer_rx=3 auth=3 kind_reject=2 capacity=0 send_fail=2
[2026-09-26T16:35:07.960Z] I (701503) RouteLoomRef: member scope raw=6 accepted=5 mac_reject=0 hint=0 generation=0 key_unavailable=0 budget=0
[2026-09-26T16:35:12.961Z] I (706504) RouteLoomRef: member state=4 links=1 ends=1 authority=1/1 confirm=1 demux_drop=4
[2026-09-26T16:35:12.961Z] I (706505) RouteLoomRef: member handshake starts=5 requests=2 rejected=0 send_fail=2 established=3 failed=0 last_error=6 active=0
[2026-09-26T16:35:12.964Z] I (706505) RouteLoomRef: member end send_fail=1 established=2 failed=13 last_error=7
[2026-09-26T16:35:12.964Z] I (706505) RouteLoomRef: authority state=2 tx_sent=9 tx_failed=0 rx_accepted=1 rx_rejected=0 pull=0 busy=0 backoff_s=0
[2026-09-26T16:35:12.964Z] I (706506) RouteLoomRef: authority mesh tx_carrier=9 queued=9 shed=454 rx_carrier=2 denied=0 timeout=0
[2026-09-26T16:35:12.964Z] I (706506) RouteLoomRef: authority jobs accepted=4 failed=5 last=SESSION_UNAVAILABLE
[2026-09-26T16:35:12.964Z] I (706506) RouteLoomRef: member discovery rx=3 offer_tx=3 offer_rx=3 auth=3 kind_reject=2 capacity=0 send_fail=2
[2026-09-26T16:35:12.964Z] I (706507) RouteLoomRef: member scope raw=6 accepted=5 mac_reject=0 hint=0 generation=0 key_unavailable=0 budget=0
[2026-09-26T16:35:17.961Z] I (711504) RouteLoomRef: member state=4 links=1 ends=1 authority=1/1 confirm=1 demux_drop=4
[2026-09-26T16:35:17.961Z] I (711505) RouteLoomRef: member handshake starts=5 requests=2 rejected=0 send_fail=2 established=3 failed=0 last_error=6 active=0
[2026-09-26T16:35:17.961Z] I (711505) RouteLoomRef: member end send_fail=1 established=2 failed=13 last_error=7
[2026-09-26T16:35:17.962Z] I (711505) RouteLoomRef: authority state=2 tx_sent=9 tx_failed=0 rx_accepted=1 rx_rejected=0 pull=0 busy=0 backoff_s=0
[2026-09-26T16:35:17.962Z] I (711506) RouteLoomRef: authority mesh tx_carrier=9 queued=9 shed=454 rx_carrier=2 denied=0 timeout=0
[2026-09-26T16:35:17.963Z] I (711506) RouteLoomRef: authority jobs accepted=4 failed=5 last=SESSION_UNAVAILABLE
[2026-09-26T16:35:17.963Z] I (711506) RouteLoomRef: member discovery rx=3 offer_tx=3 offer_rx=3 auth=3 kind_reject=2 capacity=0 send_fail=2
[2026-09-26T16:35:17.963Z] I (711506) RouteLoomRef: member scope raw=6 accepted=5 mac_reject=0 hint=0 generation=0 key_unavailable=0 budget=0
[2026-09-26T16:35:22.964Z] I (716507) RouteLoomRef: member state=4 links=1 ends=1 authority=1/1 confirm=1 demux_drop=4
[2026-09-26T16:35:22.964Z] I (716508) RouteLoomRef: member handshake starts=5 requests=2 rejected=0 send_fail=2 established=3 failed=0 last_error=6 active=0
[2026-09-26T16:35:22.965Z] I (716508) RouteLoomRef: member end send_fail=1 established=2 failed=13 last_error=7
[2026-09-26T16:35:22.965Z] I (716508) RouteLoomRef: authority state=2 tx_sent=9 tx_failed=0 rx_accepted=1 rx_rejected=0 pull=0 busy=0 backoff_s=0
[2026-09-26T16:35:22.967Z] I (716509) RouteLoomRef: authority mesh tx_carrier=9 queued=9 shed=454 rx_carrier=2 denied=0 timeout=0
[2026-09-26T16:35:22.967Z] I (716509) RouteLoomRef: authority jobs accepted=4 failed=5 last=SESSION_UNAVAILABLE
[2026-09-26T16:35:22.967Z] I (716509) RouteLoomRef: member discovery rx=3 offer_tx=3 offer_rx=3 auth=3 kind_reject=2 capacity=0 send_fail=2
[2026-09-26T16:35:22.967Z] I (716509) RouteLoomRef: member scope raw=6 accepted=5 mac_reject=0 hint=0 generation=0 key_unavailable=0 budget=0
[2026-09-26T16:35:27.966Z] I (721509) RouteLoomRef: member state=4 links=1 ends=1 authority=1/1 confirm=1 demux_drop=4
[2026-09-26T16:35:27.966Z] I (721510) RouteLoomRef: member handshake starts=5 requests=2 rejected=0 send_fail=2 established=3 failed=0 last_error=6 active=0
[2026-09-26T16:35:27.967Z] I (721510) RouteLoomRef: member end send_fail=1 established=2 failed=13 last_error=7
[2026-09-26T16:35:27.967Z] I (721510) RouteLoomRef: authority state=2 tx_sent=9 tx_failed=0 rx_accepted=1 rx_rejected=0 pull=0 busy=0 backoff_s=0
[2026-09-26T16:35:27.969Z] I (721511) RouteLoomRef: authority mesh tx_carrier=9 queued=9 shed=454 rx_carrier=2 denied=0 timeout=0
[2026-09-26T16:35:27.969Z] I (721511) RouteLoomRef: authority jobs accepted=4 failed=5 last=SESSION_UNAVAILABLE
[2026-09-26T16:35:27.969Z] I (721511) RouteLoomRef: member discovery rx=3 offer_tx=3 offer_rx=3 auth=3 kind_reject=2 capacity=0 send_fail=2
[2026-09-26T16:35:27.969Z] I (721511) RouteLoomRef: member scope raw=6 accepted=5 mac_reject=0 hint=0 generation=0 key_unavailable=0 budget=0
[2026-09-26T16:35:32.969Z] I (726512) RouteLoomRef: member state=4 links=1 ends=1 authority=1/1 confirm=1 demux_drop=4
[2026-09-26T16:35:32.969Z] I (726513) RouteLoomRef: member handshake starts=5 requests=2 rejected=0 send_fail=2 established=3 failed=0 last_error=6 active=0
[2026-09-26T16:35:32.970Z] I (726513) RouteLoomRef: member end send_fail=1 established=2 failed=13 last_error=7
[2026-09-26T16:35:32.970Z] I (726513) RouteLoomRef: authority state=2 tx_sent=9 tx_failed=0 rx_accepted=1 rx_rejected=0 pull=0 busy=0 backoff_s=0
[2026-09-26T16:35:32.970Z] I (726514) RouteLoomRef: authority mesh tx_carrier=9 queued=9 shed=454 rx_carrier=2 denied=0 timeout=0
[2026-09-26T16:35:32.971Z] I (726514) RouteLoomRef: authority jobs accepted=4 failed=5 last=SESSION_UNAVAILABLE
[2026-09-26T16:35:32.971Z] I (726514) RouteLoomRef: member discovery rx=3 offer_tx=3 offer_rx=3 auth=3 kind_reject=2 capacity=0 send_fail=2
[2026-09-26T16:35:32.971Z] I (726514) RouteLoomRef: member scope raw=6 accepted=5 mac_reject=0 hint=0 generation=0 key_unavailable=0 budget=0
[2026-09-26T16:35:37.971Z] I (731514) RouteLoomRef: member state=4 links=1 ends=1 authority=1/0 confirm=1 demux_drop=4
[2026-09-26T16:35:37.972Z] I (731515) RouteLoomRef: member handshake starts=5 requests=2 rejected=0 send_fail=2 established=3 failed=0 last_error=6 active=0
[2026-09-26T16:35:37.973Z] I (731515) RouteLoomRef: member end send_fail=1 established=2 failed=13 last_error=7
[2026-09-26T16:35:37.973Z] I (731515) RouteLoomRef: authority state=0 tx_sent=9 tx_failed=0 rx_accepted=1 rx_rejected=0 pull=0 busy=0 backoff_s=0
[2026-09-26T16:35:37.973Z] I (731516) RouteLoomRef: authority mesh tx_carrier=9 queued=9 shed=454 rx_carrier=2 denied=0 timeout=0
[2026-09-26T16:35:37.973Z] I (731516) RouteLoomRef: authority jobs accepted=4 failed=5 last=SESSION_UNAVAILABLE
[2026-09-26T16:35:37.973Z] I (731516) RouteLoomRef: member discovery rx=3 offer_tx=3 offer_rx=3 auth=3 kind_reject=2 capacity=0 send_fail=2
[2026-09-26T16:35:37.976Z] I (731516) RouteLoomRef: member scope raw=6 accepted=5 mac_reject=0 hint=0 generation=0 key_unavailable=0 budget=0
[2026-09-26T16:35:38.092Z] I (731635) RouteLoom: stack hwm main 10152 B
[2026-09-26T16:35:38.094Z] I (731635) RouteLoom: HIL HEAP free=22140 largest=19456 min=21360 B
[2026-09-26T16:35:38.094Z] I (731636) RouteLoom: HIL DISCOVERY candidates=0 neighbors=1 capacity=0 auth=3 stale=1 probes=49 send_failures=2 kind_rejects=2
[2026-09-26T16:35:38.094Z] I (731636) RouteLoom: HIL ROUTE peer=1 phase=5 via=1 metric=1 generation=345 seq=1
[2026-09-26T16:35:38.094Z] I (731636) RouteLoom: HIL ROUTE peer=3 phase=-1 via=0 metric=0 generation=0 seq=0
[2026-09-26T16:35:42.972Z] I (736515) RouteLoomRef: member state=4 links=1 ends=1 authority=1/0 confirm=1 demux_drop=4
[2026-09-26T16:35:42.973Z] I (736516) RouteLoomRef: member handshake starts=5 requests=2 rejected=0 send_fail=2 established=3 failed=0 last_error=6 active=0
[2026-09-26T16:35:42.973Z] I (736516) RouteLoomRef: member end send_fail=1 established=2 failed=13 last_error=7
[2026-09-26T16:35:42.973Z] I (736516) RouteLoomRef: authority state=0 tx_sent=9 tx_failed=0 rx_accepted=1 rx_rejected=0 pull=0 busy=0 backoff_s=0
[2026-09-26T16:35:42.974Z] I (736517) RouteLoomRef: authority mesh tx_carrier=9 queued=9 shed=454 rx_carrier=2 denied=0 timeout=0
[2026-09-26T16:35:42.974Z] I (736517) RouteLoomRef: authority jobs accepted=4 failed=5 last=SESSION_UNAVAILABLE
[2026-09-26T16:35:42.974Z] I (736517) RouteLoomRef: member discovery rx=3 offer_tx=3 offer_rx=3 auth=3 kind_reject=2 capacity=0 send_fail=2
[2026-09-26T16:35:42.974Z] I (736517) RouteLoomRef: member scope raw=6 accepted=5 mac_reject=0 hint=0 generation=0 key_unavailable=0 budget=0
[2026-09-26T16:35:47.975Z] I (741518) RouteLoomRef: member state=4 links=1 ends=1 authority=1/0 confirm=1 demux_drop=4
[2026-09-26T16:35:47.976Z] I (741519) RouteLoomRef: member handshake starts=5 requests=2 rejected=0 send_fail=2 established=3 failed=0 last_error=6 active=0
[2026-09-26T16:35:47.976Z] I (741519) RouteLoomRef: member end send_fail=1 established=2 failed=13 last_error=7
[2026-09-26T16:35:47.976Z] I (741519) RouteLoomRef: authority state=0 tx_sent=9 tx_failed=0 rx_accepted=1 rx_rejected=0 pull=0 busy=0 backoff_s=0
[2026-09-26T16:35:47.977Z] I (741520) RouteLoomRef: authority mesh tx_carrier=9 queued=9 shed=454 rx_carrier=2 denied=0 timeout=0
[2026-09-26T16:35:47.977Z] I (741520) RouteLoomRef: authority jobs accepted=4 failed=5 last=SESSION_UNAVAILABLE
[2026-09-26T16:35:47.977Z] I (741520) RouteLoomRef: member discovery rx=3 offer_tx=3 offer_rx=3 auth=3 kind_reject=2 capacity=0 send_fail=2
[2026-09-26T16:35:47.977Z] I (741520) RouteLoomRef: member scope raw=6 accepted=5 mac_reject=0 hint=0 generation=0 key_unavailable=0 budget=0
[2026-09-26T16:35:52.980Z] I (746521) RouteLoomRef: member state=4 links=1 ends=1 authority=1/0 confirm=1 demux_drop=4
[2026-09-26T16:35:52.980Z] I (746522) RouteLoomRef: member handshake starts=5 requests=2 rejected=0 send_fail=2 established=3 failed=0 last_error=6 active=0
[2026-09-26T16:35:52.980Z] I (746522) RouteLoomRef: member end send_fail=1 established=2 failed=13 last_error=7
[2026-09-26T16:35:52.980Z] I (746522) RouteLoomRef: authority state=0 tx_sent=9 tx_failed=0 rx_accepted=1 rx_rejected=0 pull=0 busy=0 backoff_s=0
[2026-09-26T16:35:52.980Z] I (746523) RouteLoomRef: authority mesh tx_carrier=9 queued=9 shed=454 rx_carrier=2 denied=0 timeout=0
[2026-09-26T16:35:52.980Z] I (746523) RouteLoomRef: authority jobs accepted=4 failed=5 last=SESSION_UNAVAILABLE
[2026-09-26T16:35:52.980Z] I (746523) RouteLoomRef: member discovery rx=3 offer_tx=3 offer_rx=3 auth=3 kind_reject=2 capacity=0 send_fail=2
[2026-09-26T16:35:52.981Z] I (746523) RouteLoomRef: member scope raw=6 accepted=5 mac_reject=0 hint=0 generation=0 key_unavailable=0 budget=0
[2026-09-26T16:35:57.981Z] I (751523) RouteLoomRef: member state=4 links=1 ends=1 authority=1/0 confirm=1 demux_drop=4
[2026-09-26T16:35:57.981Z] I (751524) RouteLoomRef: member handshake starts=5 requests=2 rejected=0 send_fail=2 established=3 failed=0 last_error=6 active=0
[2026-09-26T16:35:57.981Z] I (751524) RouteLoomRef: member end send_fail=1 established=2 failed=13 last_error=7
[2026-09-26T16:35:57.982Z] I (751524) RouteLoomRef: authority state=0 tx_sent=9 tx_failed=0 rx_accepted=1 rx_rejected=0 pull=0 busy=0 backoff_s=0
[2026-09-26T16:35:57.982Z] I (751525) RouteLoomRef: authority mesh tx_carrier=9 queued=9 shed=454 rx_carrier=2 denied=0 timeout=0
[2026-09-26T16:35:57.982Z] I (751525) RouteLoomRef: authority jobs accepted=4 failed=5 last=SESSION_UNAVAILABLE
[2026-09-26T16:35:57.982Z] I (751525) RouteLoomRef: member discovery rx=3 offer_tx=3 offer_rx=3 auth=3 kind_reject=2 capacity=0 send_fail=2
[2026-09-26T16:35:57.983Z] I (751525) RouteLoomRef: member scope raw=6 accepted=5 mac_reject=0 hint=0 generation=0 key_unavailable=0 budget=0
[2026-09-26T16:36:02.984Z] I (756526) RouteLoomRef: member state=4 links=1 ends=1 authority=1/0 confirm=1 demux_drop=4
[2026-09-26T16:36:02.985Z] I (756527) RouteLoomRef: member handshake starts=5 requests=2 rejected=0 send_fail=2 established=3 failed=0 last_error=6 active=0
[2026-09-26T16:36:02.985Z] I (756527) RouteLoomRef: member end send_fail=1 established=2 failed=13 last_error=7
[2026-09-26T16:36:02.985Z] I (756527) RouteLoomRef: authority state=0 tx_sent=9 tx_failed=0 rx_accepted=1 rx_rejected=0 pull=0 busy=0 backoff_s=0
[2026-09-26T16:36:02.988Z] I (756528) RouteLoomRef: authority mesh tx_carrier=9 queued=9 shed=454 rx_carrier=2 denied=0 timeout=0
[2026-09-26T16:36:02.988Z] I (756528) RouteLoomRef: authority jobs accepted=4 failed=5 last=SESSION_UNAVAILABLE
[2026-09-26T16:36:02.988Z] I (756528) RouteLoomRef: member discovery rx=3 offer_tx=3 offer_rx=3 auth=3 kind_reject=2 capacity=0 send_fail=2
[2026-09-26T16:36:02.988Z] I (756528) RouteLoomRef: member scope raw=6 accepted=5 mac_reject=0 hint=0 generation=0 key_unavailable=0 budget=0
[2026-09-26T16:36:07.986Z] I (761528) RouteLoomRef: member state=4 links=1 ends=1 authority=1/0 confirm=1 demux_drop=4
[2026-09-26T16:36:07.987Z] I (761529) RouteLoomRef: member handshake starts=5 requests=2 rejected=0 send_fail=2 established=3 failed=0 last_error=6 active=0
[2026-09-26T16:36:07.987Z] I (761529) RouteLoomRef: member end send_fail=1 established=2 failed=13 last_error=7
[2026-09-26T16:36:07.987Z] I (761529) RouteLoomRef: authority state=0 tx_sent=9 tx_failed=0 rx_accepted=1 rx_rejected=0 pull=0 busy=0 backoff_s=0
[2026-09-26T16:36:07.987Z] I (761530) RouteLoomRef: authority mesh tx_carrier=9 queued=9 shed=454 rx_carrier=2 denied=0 timeout=0
[2026-09-26T16:36:07.987Z] I (761530) RouteLoomRef: authority jobs accepted=4 failed=5 last=SESSION_UNAVAILABLE
[2026-09-26T16:36:07.990Z] I (761530) RouteLoomRef: member discovery rx=3 offer_tx=3 offer_rx=3 auth=3 kind_reject=2 capacity=0 send_fail=2
[2026-09-26T16:36:07.990Z] I (761530) RouteLoomRef: member scope raw=6 accepted=5 mac_reject=0 hint=0 generation=0 key_unavailable=0 budget=0
[2026-09-26T16:36:08.599Z] !! capture closed
