[2026-09-26T16:26:38.289Z] !! capture open /dev/serial/by-id/usb-Espressif_USB_JTAG_serial_debug_unit_94:A9:90:7A:26:AC-if00 @ 115200 backend=pyserial dtr=1 rts=0
[2026-09-26T16:26:39.718Z] I (169226) RouteLoomRef: member state=4 links=1 ends=1 authority=1/1 confirm=1 demux_drop=1
[2026-09-26T16:26:39.719Z] I (169227) RouteLoomRef: member handshake starts=3 requests=2 rejected=0 send_fail=1 established=2 failed=0 last_error=6 active=0
[2026-09-26T16:26:39.719Z] I (169227) RouteLoomRef: member end send_fail=1 established=1 failed=7 last_error=7
[2026-09-26T16:26:39.719Z] I (169227) RouteLoomRef: authority state=2 tx_sent=7 tx_failed=0 rx_accepted=1 rx_rejected=0 pull=0 busy=0 backoff_s=0
[2026-09-26T16:26:39.720Z] I (169228) RouteLoomRef: authority mesh tx_carrier=7 queued=7 shed=572 rx_carrier=2 denied=0 timeout=0
[2026-09-26T16:26:39.720Z] I (169228) RouteLoomRef: authority jobs accepted=4 failed=3 last=SESSION_UNAVAILABLE
[2026-09-26T16:26:39.720Z] I (169228) RouteLoomRef: member discovery rx=1 offer_tx=1 offer_rx=3 auth=2 kind_reject=1 capacity=0 send_fail=1
[2026-09-26T16:26:39.720Z] I (169228) RouteLoomRef: member scope raw=4 accepted=3 mac_reject=0 hint=0 generation=0 key_unavailable=0 budget=0
[2026-09-26T16:26:43.947Z] W (173455) RouteLoomRef: diagnostic reason=session unknown context peer=1 message=present
[2026-09-26T16:26:44.000Z] I (173508) RouteLoomRef: message origin=1 session=2936938223 sequence=4 bytes=9
[2026-09-26T16:26:44.209Z] I (173717) RouteLoomRef: message origin=1 session=2936938223 sequence=8 bytes=9
[2026-09-26T16:26:44.421Z] I (173929) RouteLoomRef: message origin=1 session=2936938223 sequence=11 bytes=9
[2026-09-26T16:26:44.576Z] I (174084) RouteLoomRef: message origin=1 session=2936938223 sequence=14 bytes=9
[2026-09-26T16:26:44.718Z] I (174226) RouteLoomRef: member state=4 links=1 ends=1 authority=1/1 confirm=1 demux_drop=1
[2026-09-26T16:26:44.718Z] I (174227) RouteLoomRef: member handshake starts=3 requests=2 rejected=0 send_fail=1 established=2 failed=0 last_error=6 active=0
[2026-09-26T16:26:44.719Z] I (174227) RouteLoomRef: member end send_fail=1 established=2 failed=7 last_error=7
[2026-09-26T16:26:44.719Z] I (174227) RouteLoomRef: authority state=2 tx_sent=7 tx_failed=0 rx_accepted=1 rx_rejected=0 pull=0 busy=0 backoff_s=0
[2026-09-26T16:26:44.719Z] I (174228) RouteLoomRef: authority mesh tx_carrier=7 queued=7 shed=572 rx_carrier=2 denied=0 timeout=0
[2026-09-26T16:26:44.720Z] I (174228) RouteLoomRef: authority jobs accepted=4 failed=3 last=SESSION_UNAVAILABLE
[2026-09-26T16:26:44.720Z] I (174228) RouteLoomRef: member discovery rx=1 offer_tx=1 offer_rx=3 auth=2 kind_reject=1 capacity=0 send_fail=1
[2026-09-26T16:26:44.720Z] I (174228) RouteLoomRef: member scope raw=4 accepted=3 mac_reject=0 hint=0 generation=0 key_unavailable=0 budget=0
[2026-09-26T16:26:44.744Z] I (174252) RouteLoomRef: message origin=1 session=2936938223 sequence=17 bytes=9
[2026-09-26T16:26:49.721Z] I (179228) RouteLoomRef: member state=4 links=1 ends=1 authority=1/1 confirm=1 demux_drop=1
[2026-09-26T16:26:49.721Z] I (179229) RouteLoomRef: member handshake starts=3 requests=2 rejected=0 send_fail=1 established=2 failed=0 last_error=6 active=0
[2026-09-26T16:26:49.721Z] I (179229) RouteLoomRef: member end send_fail=1 established=2 failed=7 last_error=7
[2026-09-26T16:26:49.721Z] I (179229) RouteLoomRef: authority state=2 tx_sent=7 tx_failed=0 rx_accepted=1 rx_rejected=0 pull=0 busy=0 backoff_s=0
[2026-09-26T16:26:49.722Z] I (179230) RouteLoomRef: authority mesh tx_carrier=7 queued=7 shed=572 rx_carrier=2 denied=0 timeout=0
[2026-09-26T16:26:49.722Z] I (179230) RouteLoomRef: authority jobs accepted=4 failed=3 last=SESSION_UNAVAILABLE
[2026-09-26T16:26:49.722Z] I (179230) RouteLoomRef: member discovery rx=1 offer_tx=1 offer_rx=3 auth=2 kind_reject=1 capacity=0 send_fail=1
[2026-09-26T16:26:49.723Z] I (179230) RouteLoomRef: member scope raw=4 accepted=3 mac_reject=0 hint=0 generation=0 key_unavailable=0 budget=0
[2026-09-26T16:26:50.841Z] I (180349) RouteLoom: stack hwm main 10136 B
[2026-09-26T16:26:50.841Z] I (180349) RouteLoom: HIL HEAP free=22204 largest=19456 min=21472 B
[2026-09-26T16:26:50.842Z] I (180350) RouteLoom: HIL DISCOVERY candidates=0 neighbors=1 capacity=0 auth=2 stale=1 probes=19 send_failures=1 kind_rejects=1
[2026-09-26T16:26:50.843Z] I (180350) RouteLoom: HIL ROUTE peer=1 phase=5 via=1 metric=1 generation=342 seq=1
[2026-09-26T16:26:50.843Z] I (180350) RouteLoom: HIL ROUTE peer=2 phase=-1 via=0 metric=0 generation=0 seq=0
[2026-09-26T16:26:54.721Z] I (184229) RouteLoomRef: member state=4 links=1 ends=1 authority=1/1 confirm=1 demux_drop=1
[2026-09-26T16:26:54.722Z] I (184230) RouteLoomRef: member handshake starts=3 requests=2 rejected=0 send_fail=1 established=2 failed=0 last_error=6 active=0
[2026-09-26T16:26:54.732Z] I (184230) RouteLoomRef: member end send_fail=1 established=2 failed=7 last_error=7
[2026-09-26T16:26:54.732Z] I (184230) RouteLoomRef: authority state=2 tx_sent=7 tx_failed=0 rx_accepted=1 rx_rejected=0 pull=0 busy=0 backoff_s=0
[2026-09-26T16:26:54.732Z] I (184231) RouteLoomRef: authority mesh tx_carrier=7 queued=7 shed=572 rx_carrier=2 denied=0 timeout=0
[2026-09-26T16:26:54.732Z] I (184231) RouteLoomRef: authority jobs accepted=4 failed=3 last=SESSION_UNAVAILABLE
[2026-09-26T16:26:54.732Z] I (184231) RouteLoomRef: member discovery rx=1 offer_tx=1 offer_rx=3 auth=2 kind_reject=1 capacity=0 send_fail=1
[2026-09-26T16:26:54.732Z] I (184231) RouteLoomRef: member scope raw=4 accepted=3 mac_reject=0 hint=0 generation=0 key_unavailable=0 budget=0
[2026-09-26T16:26:59.723Z] I (189231) RouteLoomRef: member state=4 links=1 ends=1 authority=1/1 confirm=1 demux_drop=1
[2026-09-26T16:26:59.727Z] I (189232) RouteLoomRef: member handshake starts=3 requests=2 rejected=0 send_fail=1 established=2 failed=0 last_error=6 active=0
[2026-09-26T16:26:59.727Z] I (189232) RouteLoomRef: member end send_fail=1 established=2 failed=7 last_error=7
[2026-09-26T16:26:59.727Z] I (189232) RouteLoomRef: authority state=2 tx_sent=7 tx_failed=0 rx_accepted=1 rx_rejected=0 pull=0 busy=0 backoff_s=0
[2026-09-26T16:26:59.727Z] I (189233) RouteLoomRef: authority mesh tx_carrier=7 queued=7 shed=572 rx_carrier=2 denied=0 timeout=0
[2026-09-26T16:26:59.727Z] I (189233) RouteLoomRef: authority jobs accepted=4 failed=3 last=SESSION_UNAVAILABLE
[2026-09-26T16:26:59.727Z] I (189233) RouteLoomRef: member discovery rx=1 offer_tx=1 offer_rx=3 auth=2 kind_reject=1 capacity=0 send_fail=1
[2026-09-26T16:26:59.728Z] I (189233) RouteLoomRef: member scope raw=4 accepted=3 mac_reject=0 hint=0 generation=0 key_unavailable=0 budget=0
[2026-09-26T16:27:04.724Z] I (194231) RouteLoomRef: member state=4 links=1 ends=1 authority=1/1 confirm=1 demux_drop=1
[2026-09-26T16:27:04.724Z] I (194232) RouteLoomRef: member handshake starts=3 requests=2 rejected=0 send_fail=1 established=2 failed=0 last_error=6 active=0
[2026-09-26T16:27:04.724Z] I (194232) RouteLoomRef: member end send_fail=1 established=2 failed=7 last_error=7
[2026-09-26T16:27:04.725Z] I (194232) RouteLoomRef: authority state=2 tx_sent=7 tx_failed=0 rx_accepted=1 rx_rejected=0 pull=0 busy=0 backoff_s=0
[2026-09-26T16:27:04.725Z] I (194233) RouteLoomRef: authority mesh tx_carrier=7 queued=7 shed=572 rx_carrier=2 denied=0 timeout=0
[2026-09-26T16:27:04.725Z] I (194233) RouteLoomRef: authority jobs accepted=4 failed=3 last=SESSION_UNAVAILABLE
[2026-09-26T16:27:04.725Z] I (194233) RouteLoomRef: member discovery rx=1 offer_tx=1 offer_rx=3 auth=2 kind_reject=1 capacity=0 send_fail=1
[2026-09-26T16:27:04.726Z] I (194234) RouteLoomRef: member scope raw=4 accepted=3 mac_reject=0 hint=0 generation=0 key_unavailable=0 budget=0
[2026-09-26T16:27:09.726Z] I (199233) RouteLoomRef: member state=4 links=1 ends=1 authority=1/1 confirm=1 demux_drop=1
[2026-09-26T16:27:09.726Z] I (199234) RouteLoomRef: member handshake starts=3 requests=2 rejected=0 send_fail=1 established=2 failed=0 last_error=6 active=0
[2026-09-26T16:27:09.726Z] I (199234) RouteLoomRef: member end send_fail=1 established=2 failed=7 last_error=7
[2026-09-26T16:27:09.727Z] I (199234) RouteLoomRef: authority state=2 tx_sent=7 tx_failed=0 rx_accepted=1 rx_rejected=0 pull=0 busy=0 backoff_s=0
[2026-09-26T16:27:09.727Z] I (199235) RouteLoomRef: authority mesh tx_carrier=7 queued=7 shed=572 rx_carrier=2 denied=0 timeout=0
[2026-09-26T16:27:09.727Z] I (199235) RouteLoomRef: authority jobs accepted=4 failed=3 last=SESSION_UNAVAILABLE
[2026-09-26T16:27:09.727Z] I (199235) RouteLoomRef: member discovery rx=1 offer_tx=1 offer_rx=3 auth=2 kind_reject=1 capacity=0 send_fail=1
[2026-09-26T16:27:09.728Z] I (199235) RouteLoomRef: member scope raw=4 accepted=3 mac_reject=0 hint=0 generation=0 key_unavailable=0 budget=0
[2026-09-26T16:27:14.729Z] I (204236) RouteLoomRef: member state=4 links=1 ends=1 authority=1/1 confirm=1 demux_drop=1
[2026-09-26T16:27:14.729Z] I (204237) RouteLoomRef: member handshake starts=3 requests=2 rejected=0 send_fail=1 established=2 failed=0 last_error=6 active=0
[2026-09-26T16:27:14.729Z] I (204237) RouteLoomRef: member end send_fail=1 established=2 failed=7 last_error=7
[2026-09-26T16:27:14.730Z] I (204237) RouteLoomRef: authority state=2 tx_sent=7 tx_failed=0 rx_accepted=1 rx_rejected=0 pull=0 busy=0 backoff_s=0
[2026-09-26T16:27:14.730Z] I (204238) RouteLoomRef: authority mesh tx_carrier=7 queued=7 shed=572 rx_carrier=2 denied=0 timeout=0
[2026-09-26T16:27:14.731Z] I (204238) RouteLoomRef: authority jobs accepted=4 failed=3 last=SESSION_UNAVAILABLE
[2026-09-26T16:27:14.731Z] I (204238) RouteLoomRef: member discovery rx=1 offer_tx=1 offer_rx=3 auth=2 kind_reject=1 capacity=0 send_fail=1
[2026-09-26T16:27:14.731Z] I (204239) RouteLoomRef: member scope raw=4 accepted=3 mac_reject=0 hint=0 generation=0 key_unavailable=0 budget=0
[2026-09-26T16:27:19.731Z] I (209238) RouteLoomRef: member state=4 links=1 ends=1 authority=1/1 confirm=1 demux_drop=1
[2026-09-26T16:27:19.731Z] I (209239) RouteLoomRef: member handshake starts=3 requests=2 rejected=0 send_fail=1 established=2 failed=0 last_error=6 active=0
[2026-09-26T16:27:19.731Z] I (209239) RouteLoomRef: member end send_fail=1 established=2 failed=7 last_error=7
[2026-09-26T16:27:19.733Z] I (209239) RouteLoomRef: authority state=2 tx_sent=7 tx_failed=0 rx_accepted=1 rx_rejected=0 pull=0 busy=0 backoff_s=0
[2026-09-26T16:27:19.733Z] I (209240) RouteLoomRef: authority mesh tx_carrier=7 queued=7 shed=572 rx_carrier=2 denied=0 timeout=0
[2026-09-26T16:27:19.733Z] I (209240) RouteLoomRef: authority jobs accepted=4 failed=3 last=SESSION_UNAVAILABLE
[2026-09-26T16:27:19.733Z] I (209240) RouteLoomRef: member discovery rx=1 offer_tx=1 offer_rx=3 auth=2 kind_reject=1 capacity=0 send_fail=1
[2026-09-26T16:27:19.733Z] I (209241) RouteLoomRef: member scope raw=4 accepted=3 mac_reject=0 hint=0 generation=0 key_unavailable=0 budget=0
[2026-09-26T16:27:24.734Z] I (214241) RouteLoomRef: member state=4 links=1 ends=1 authority=1/1 confirm=1 demux_drop=1
[2026-09-26T16:27:24.734Z] I (214242) RouteLoomRef: member handshake starts=3 requests=2 rejected=0 send_fail=1 established=2 failed=0 last_error=6 active=0
[2026-09-26T16:27:24.735Z] I (214242) RouteLoomRef: member end send_fail=1 established=2 failed=7 last_error=7
[2026-09-26T16:27:24.735Z] I (214242) RouteLoomRef: authority state=2 tx_sent=7 tx_failed=0 rx_accepted=1 rx_rejected=0 pull=0 busy=0 backoff_s=0
[2026-09-26T16:27:24.735Z] I (214243) RouteLoomRef: authority mesh tx_carrier=7 queued=7 shed=572 rx_carrier=2 denied=0 timeout=0
[2026-09-26T16:27:24.735Z] I (214243) RouteLoomRef: authority jobs accepted=4 failed=3 last=SESSION_UNAVAILABLE
[2026-09-26T16:27:24.736Z] I (214243) RouteLoomRef: member discovery rx=1 offer_tx=1 offer_rx=3 auth=2 kind_reject=1 capacity=0 send_fail=1
[2026-09-26T16:27:24.740Z] I (214244) RouteLoomRef: member scope raw=4 accepted=3 mac_reject=0 hint=0 generation=0 key_unavailable=0 budget=0
[2026-09-26T16:27:29.736Z] I (219243) RouteLoomRef: member state=4 links=1 ends=1 authority=1/1 confirm=1 demux_drop=1
[2026-09-26T16:27:29.739Z] I (219244) RouteLoomRef: member handshake starts=3 requests=2 rejected=0 send_fail=1 established=2 failed=0 last_error=6 active=0
[2026-09-26T16:27:29.739Z] I (219244) RouteLoomRef: member end send_fail=1 established=2 failed=7 last_error=7
[2026-09-26T16:27:29.739Z] I (219244) RouteLoomRef: authority state=2 tx_sent=7 tx_failed=0 rx_accepted=1 rx_rejected=0 pull=0 busy=0 backoff_s=0
[2026-09-26T16:27:29.739Z] I (219245) RouteLoomRef: authority mesh tx_carrier=7 queued=7 shed=572 rx_carrier=2 denied=0 timeout=0
[2026-09-26T16:27:29.739Z] I (219245) RouteLoomRef: authority jobs accepted=4 failed=3 last=SESSION_UNAVAILABLE
[2026-09-26T16:27:29.739Z] I (219245) RouteLoomRef: member discovery rx=1 offer_tx=1 offer_rx=3 auth=2 kind_reject=1 capacity=0 send_fail=1
[2026-09-26T16:27:29.739Z] I (219245) RouteLoomRef: member scope raw=4 accepted=3 mac_reject=0 hint=0 generation=0 key_unavailable=0 budget=0
[2026-09-26T16:27:34.736Z] I (224243) RouteLoomRef: member state=4 links=1 ends=1 authority=1/1 confirm=1 demux_drop=1
[2026-09-26T16:27:34.736Z] I (224244) RouteLoomRef: member handshake starts=3 requests=2 rejected=0 send_fail=1 established=2 failed=0 last_error=6 active=0
[2026-09-26T16:27:34.737Z] I (224244) RouteLoomRef: member end send_fail=1 established=2 failed=7 last_error=7
[2026-09-26T16:27:34.737Z] I (224244) RouteLoomRef: authority state=2 tx_sent=7 tx_failed=0 rx_accepted=1 rx_rejected=0 pull=0 busy=0 backoff_s=0
[2026-09-26T16:27:34.737Z] I (224245) RouteLoomRef: authority mesh tx_carrier=7 queued=7 shed=572 rx_carrier=2 denied=0 timeout=0
[2026-09-26T16:27:34.738Z] I (224245) RouteLoomRef: authority jobs accepted=4 failed=3 last=SESSION_UNAVAILABLE
[2026-09-26T16:27:34.738Z] I (224245) RouteLoomRef: member discovery rx=1 offer_tx=1 offer_rx=3 auth=2 kind_reject=1 capacity=0 send_fail=1
[2026-09-26T16:27:34.738Z] I (224246) RouteLoomRef: member scope raw=4 accepted=3 mac_reject=0 hint=0 generation=0 key_unavailable=0 budget=0
[2026-09-26T16:27:39.738Z] I (229245) RouteLoomRef: member state=4 links=1 ends=1 authority=1/1 confirm=1 demux_drop=1
[2026-09-26T16:27:39.738Z] I (229246) RouteLoomRef: member handshake starts=3 requests=2 rejected=0 send_fail=1 established=2 failed=0 last_error=6 active=0
[2026-09-26T16:27:39.739Z] I (229246) RouteLoomRef: member end send_fail=1 established=2 failed=7 last_error=7
[2026-09-26T16:27:39.739Z] I (229246) RouteLoomRef: authority state=2 tx_sent=7 tx_failed=0 rx_accepted=1 rx_rejected=0 pull=0 busy=0 backoff_s=0
[2026-09-26T16:27:39.739Z] I (229247) RouteLoomRef: authority mesh tx_carrier=7 queued=7 shed=572 rx_carrier=2 denied=0 timeout=0
[2026-09-26T16:27:39.739Z] I (229247) RouteLoomRef: authority jobs accepted=4 failed=3 last=SESSION_UNAVAILABLE
[2026-09-26T16:27:39.740Z] I (229247) RouteLoomRef: member discovery rx=1 offer_tx=1 offer_rx=3 auth=2 kind_reject=1 capacity=0 send_fail=1
[2026-09-26T16:27:39.740Z] I (229247) RouteLoomRef: member scope raw=4 accepted=3 mac_reject=0 hint=0 generation=0 key_unavailable=0 budget=0
[2026-09-26T16:27:44.741Z] I (234248) RouteLoomRef: member state=4 links=1 ends=1 authority=1/1 confirm=1 demux_drop=1
[2026-09-26T16:27:44.741Z] I (234249) RouteLoomRef: member handshake starts=3 requests=2 rejected=0 send_fail=1 established=2 failed=0 last_error=6 active=0
[2026-09-26T16:27:44.742Z] I (234249) RouteLoomRef: member end send_fail=1 established=2 failed=7 last_error=7
[2026-09-26T16:27:44.742Z] I (234249) RouteLoomRef: authority state=2 tx_sent=7 tx_failed=0 rx_accepted=1 rx_rejected=0 pull=0 busy=0 backoff_s=0
[2026-09-26T16:27:44.742Z] I (234250) RouteLoomRef: authority mesh tx_carrier=7 queued=7 shed=572 rx_carrier=2 denied=0 timeout=0
[2026-09-26T16:27:44.743Z] I (234250) RouteLoomRef: authority jobs accepted=4 failed=3 last=SESSION_UNAVAILABLE
[2026-09-26T16:27:44.743Z] I (234250) RouteLoomRef: member discovery rx=1 offer_tx=1 offer_rx=3 auth=2 kind_reject=1 capacity=0 send_fail=1
[2026-09-26T16:27:44.743Z] I (234250) RouteLoomRef: member scope raw=4 accepted=3 mac_reject=0 hint=0 generation=0 key_unavailable=0 budget=0
[2026-09-26T16:27:49.743Z] I (239250) RouteLoomRef: member state=4 links=1 ends=1 authority=1/1 confirm=1 demux_drop=1
[2026-09-26T16:27:49.747Z] I (239251) RouteLoomRef: member handshake starts=3 requests=2 rejected=0 send_fail=1 established=2 failed=0 last_error=6 active=0
[2026-09-26T16:27:49.747Z] I (239251) RouteLoomRef: member end send_fail=1 established=2 failed=7 last_error=7
[2026-09-26T16:27:49.747Z] I (239251) RouteLoomRef: authority state=2 tx_sent=7 tx_failed=0 rx_accepted=1 rx_rejected=0 pull=0 busy=0 backoff_s=0
[2026-09-26T16:27:49.747Z] I (239252) RouteLoomRef: authority mesh tx_carrier=7 queued=7 shed=572 rx_carrier=2 denied=0 timeout=0
[2026-09-26T16:27:49.747Z] I (239252) RouteLoomRef: authority jobs accepted=4 failed=3 last=SESSION_UNAVAILABLE
[2026-09-26T16:27:49.747Z] I (239252) RouteLoomRef: member discovery rx=1 offer_tx=1 offer_rx=3 auth=2 kind_reject=1 capacity=0 send_fail=1
[2026-09-26T16:27:49.747Z] I (239252) RouteLoomRef: member scope raw=4 accepted=3 mac_reject=0 hint=0 generation=0 key_unavailable=0 budget=0
[2026-09-26T16:27:50.844Z] I (240351) RouteLoom: stack hwm main 10136 B
[2026-09-26T16:27:50.844Z] I (240351) RouteLoom: HIL HEAP free=22204 largest=19456 min=21472 B
[2026-09-26T16:27:50.845Z] I (240352) RouteLoom: HIL DISCOVERY candidates=0 neighbors=1 capacity=0 auth=2 stale=1 probes=22 send_failures=1 kind_rejects=1
[2026-09-26T16:27:50.845Z] I (240352) RouteLoom: HIL ROUTE peer=1 phase=5 via=1 metric=1 generation=342 seq=1
[2026-09-26T16:27:50.845Z] I (240352) RouteLoom: HIL ROUTE peer=2 phase=-1 via=0 metric=0 generation=0 seq=0
[2026-09-26T16:27:54.744Z] I (244251) RouteLoomRef: member state=4 links=1 ends=1 authority=1/1 confirm=1 demux_drop=1
[2026-09-26T16:27:54.745Z] I (244252) RouteLoomRef: member handshake starts=3 requests=2 rejected=0 send_fail=1 established=2 failed=0 last_error=6 active=0
[2026-09-26T16:27:54.745Z] I (244252) RouteLoomRef: member end send_fail=1 established=2 failed=7 last_error=7
[2026-09-26T16:27:54.745Z] I (244252) RouteLoomRef: authority state=2 tx_sent=7 tx_failed=0 rx_accepted=1 rx_rejected=0 pull=0 busy=0 backoff_s=0
[2026-09-26T16:27:54.746Z] I (244253) RouteLoomRef: authority mesh tx_carrier=7 queued=7 shed=572 rx_carrier=2 denied=0 timeout=0
[2026-09-26T16:27:54.746Z] I (244253) RouteLoomRef: authority jobs accepted=4 failed=3 last=SESSION_UNAVAILABLE
[2026-09-26T16:27:54.746Z] I (244253) RouteLoomRef: member discovery rx=1 offer_tx=1 offer_rx=3 auth=2 kind_reject=1 capacity=0 send_fail=1
[2026-09-26T16:27:54.747Z] I (244253) RouteLoomRef: member scope raw=4 accepted=3 mac_reject=0 hint=0 generation=0 key_unavailable=0 budget=0
[2026-09-26T16:27:59.745Z] I (249251) RouteLoomRef: member state=4 links=1 ends=1 authority=1/1 confirm=1 demux_drop=1
[2026-09-26T16:27:59.745Z] I (249252) RouteLoomRef: member handshake starts=3 requests=2 rejected=0 send_fail=1 established=2 failed=0 last_error=6 active=0
[2026-09-26T16:27:59.748Z] I (249252) RouteLoomRef: member end send_fail=1 established=2 failed=7 last_error=7
[2026-09-26T16:27:59.748Z] I (249253) RouteLoomRef: authority state=2 tx_sent=7 tx_failed=0 rx_accepted=1 rx_rejected=0 pull=0 busy=0 backoff_s=0
[2026-09-26T16:27:59.748Z] I (249253) RouteLoomRef: authority mesh tx_carrier=7 queued=7 shed=572 rx_carrier=2 denied=0 timeout=0
[2026-09-26T16:27:59.748Z] I (249253) RouteLoomRef: authority jobs accepted=4 failed=3 last=SESSION_UNAVAILABLE
[2026-09-26T16:27:59.748Z] I (249253) RouteLoomRef: member discovery rx=1 offer_tx=1 offer_rx=3 auth=2 kind_reject=1 capacity=0 send_fail=1
[2026-09-26T16:27:59.748Z] I (249254) RouteLoomRef: member scope raw=4 accepted=3 mac_reject=0 hint=0 generation=0 key_unavailable=0 budget=0
[2026-09-26T16:28:04.744Z] I (254251) RouteLoomRef: member state=4 links=1 ends=1 authority=1/1 confirm=1 demux_drop=1
[2026-09-26T16:28:04.745Z] I (254252) RouteLoomRef: member handshake starts=3 requests=2 rejected=0 send_fail=1 established=2 failed=0 last_error=6 active=0
[2026-09-26T16:28:04.745Z] I (254252) RouteLoomRef: member end send_fail=1 established=2 failed=7 last_error=7
[2026-09-26T16:28:04.748Z] I (254252) RouteLoomRef: authority state=2 tx_sent=7 tx_failed=0 rx_accepted=1 rx_rejected=0 pull=0 busy=0 backoff_s=0
[2026-09-26T16:28:04.748Z] I (254253) RouteLoomRef: authority mesh tx_carrier=7 queued=7 shed=572 rx_carrier=2 denied=0 timeout=0
[2026-09-26T16:28:04.748Z] I (254253) RouteLoomRef: authority jobs accepted=4 failed=3 last=SESSION_UNAVAILABLE
[2026-09-26T16:28:04.748Z] I (254253) RouteLoomRef: member discovery rx=1 offer_tx=1 offer_rx=3 auth=2 kind_reject=1 capacity=0 send_fail=1
[2026-09-26T16:28:04.748Z] I (254254) RouteLoomRef: member scope raw=4 accepted=3 mac_reject=0 hint=0 generation=0 key_unavailable=0 budget=0
[2026-09-26T16:28:09.744Z] I (259250) RouteLoomRef: member state=4 links=1 ends=1 authority=1/1 confirm=1 demux_drop=1
[2026-09-26T16:28:09.744Z] I (259251) RouteLoomRef: member handshake starts=3 requests=2 rejected=0 send_fail=1 established=2 failed=0 last_error=6 active=0
[2026-09-26T16:28:09.745Z] I (259251) RouteLoomRef: member end send_fail=1 established=2 failed=7 last_error=7
[2026-09-26T16:28:09.745Z] I (259252) RouteLoomRef: authority state=2 tx_sent=7 tx_failed=0 rx_accepted=1 rx_rejected=0 pull=0 busy=0 backoff_s=0
[2026-09-26T16:28:09.745Z] I (259252) RouteLoomRef: authority mesh tx_carrier=7 queued=7 shed=572 rx_carrier=2 denied=0 timeout=0
[2026-09-26T16:28:09.746Z] I (259252) RouteLoomRef: authority jobs accepted=4 failed=3 last=SESSION_UNAVAILABLE
[2026-09-26T16:28:09.748Z] I (259253) RouteLoomRef: member discovery rx=1 offer_tx=1 offer_rx=3 auth=2 kind_reject=1 capacity=0 send_fail=1
[2026-09-26T16:28:09.748Z] I (259253) RouteLoomRef: member scope raw=4 accepted=3 mac_reject=0 hint=0 generation=0 key_unavailable=0 budget=0
[2026-09-26T16:28:14.745Z] I (264251) RouteLoomRef: member state=4 links=1 ends=1 authority=1/1 confirm=1 demux_drop=1
[2026-09-26T16:28:14.745Z] I (264252) RouteLoomRef: member handshake starts=3 requests=2 rejected=0 send_fail=1 established=2 failed=0 last_error=6 active=0
[2026-09-26T16:28:14.745Z] I (264252) RouteLoomRef: member end send_fail=1 established=2 failed=7 last_error=7
[2026-09-26T16:28:14.746Z] I (264252) RouteLoomRef: authority state=2 tx_sent=7 tx_failed=0 rx_accepted=1 rx_rejected=0 pull=0 busy=0 backoff_s=0
[2026-09-26T16:28:14.746Z] I (264253) RouteLoomRef: authority mesh tx_carrier=7 queued=7 shed=572 rx_carrier=2 denied=0 timeout=0
[2026-09-26T16:28:14.746Z] I (264253) RouteLoomRef: authority jobs accepted=4 failed=3 last=SESSION_UNAVAILABLE
[2026-09-26T16:28:14.747Z] I (264253) RouteLoomRef: member discovery rx=1 offer_tx=1 offer_rx=3 auth=2 kind_reject=1 capacity=0 send_fail=1
[2026-09-26T16:28:14.747Z] I (264254) RouteLoomRef: member scope raw=4 accepted=3 mac_reject=0 hint=0 generation=0 key_unavailable=0 budget=0
[2026-09-26T16:28:19.747Z] I (269253) RouteLoomRef: member state=4 links=1 ends=1 authority=1/1 confirm=1 demux_drop=1
[2026-09-26T16:28:19.747Z] I (269254) RouteLoomRef: member handshake starts=3 requests=2 rejected=0 send_fail=1 established=2 failed=0 last_error=6 active=0
[2026-09-26T16:28:19.747Z] I (269254) RouteLoomRef: member end send_fail=1 established=2 failed=7 last_error=7
[2026-09-26T16:28:19.748Z] I (269254) RouteLoomRef: authority state=2 tx_sent=7 tx_failed=0 rx_accepted=1 rx_rejected=0 pull=0 busy=0 backoff_s=0
[2026-09-26T16:28:19.748Z] I (269255) RouteLoomRef: authority mesh tx_carrier=7 queued=7 shed=572 rx_carrier=2 denied=0 timeout=0
[2026-09-26T16:28:19.748Z] I (269255) RouteLoomRef: authority jobs accepted=4 failed=3 last=SESSION_UNAVAILABLE
[2026-09-26T16:28:19.749Z] I (269255) RouteLoomRef: member discovery rx=1 offer_tx=1 offer_rx=3 auth=2 kind_reject=1 capacity=0 send_fail=1
[2026-09-26T16:28:19.749Z] I (269256) RouteLoomRef: member scope raw=4 accepted=3 mac_reject=0 hint=0 generation=0 key_unavailable=0 budget=0
[2026-09-26T16:28:24.747Z] I (274253) RouteLoomRef: member state=4 links=1 ends=1 authority=1/1 confirm=1 demux_drop=1
[2026-09-26T16:28:24.747Z] I (274254) RouteLoomRef: member handshake starts=3 requests=2 rejected=0 send_fail=1 established=2 failed=0 last_error=6 active=0
[2026-09-26T16:28:24.750Z] I (274254) RouteLoomRef: member end send_fail=1 established=2 failed=7 last_error=7
[2026-09-26T16:28:24.750Z] I (274254) RouteLoomRef: authority state=2 tx_sent=7 tx_failed=0 rx_accepted=1 rx_rejected=0 pull=0 busy=0 backoff_s=0
[2026-09-26T16:28:24.750Z] I (274255) RouteLoomRef: authority mesh tx_carrier=7 queued=7 shed=572 rx_carrier=2 denied=0 timeout=0
[2026-09-26T16:28:24.750Z] I (274255) RouteLoomRef: authority jobs accepted=4 failed=3 last=SESSION_UNAVAILABLE
[2026-09-26T16:28:24.750Z] I (274255) RouteLoomRef: member discovery rx=1 offer_tx=1 offer_rx=3 auth=2 kind_reject=1 capacity=0 send_fail=1
[2026-09-26T16:28:24.750Z] I (274255) RouteLoomRef: member scope raw=4 accepted=3 mac_reject=0 hint=0 generation=0 key_unavailable=0 budget=0
[2026-09-26T16:28:29.750Z] I (279256) RouteLoomRef: member state=4 links=1 ends=1 authority=1/1 confirm=1 demux_drop=1
[2026-09-26T16:28:29.750Z] I (279257) RouteLoomRef: member handshake starts=3 requests=2 rejected=0 send_fail=1 established=2 failed=0 last_error=6 active=0
[2026-09-26T16:28:29.751Z] I (279257) RouteLoomRef: member end send_fail=1 established=2 failed=7 last_error=7
[2026-09-26T16:28:29.751Z] I (279257) RouteLoomRef: authority state=2 tx_sent=7 tx_failed=0 rx_accepted=1 rx_rejected=0 pull=0 busy=0 backoff_s=0
[2026-09-26T16:28:29.751Z] I (279258) RouteLoomRef: authority mesh tx_carrier=7 queued=7 shed=572 rx_carrier=2 denied=0 timeout=0
[2026-09-26T16:28:29.751Z] I (279258) RouteLoomRef: authority jobs accepted=4 failed=3 last=SESSION_UNAVAILABLE
[2026-09-26T16:28:29.752Z] I (279258) RouteLoomRef: member discovery rx=1 offer_tx=1 offer_rx=3 auth=2 kind_reject=1 capacity=0 send_fail=1
[2026-09-26T16:28:29.752Z] I (279259) RouteLoomRef: member scope raw=4 accepted=3 mac_reject=0 hint=0 generation=0 key_unavailable=0 budget=0
[2026-09-26T16:28:34.753Z] I (284259) RouteLoomRef: member state=4 links=1 ends=1 authority=1/1 confirm=1 demux_drop=1
[2026-09-26T16:28:34.753Z] I (284260) RouteLoomRef: member handshake starts=3 requests=2 rejected=0 send_fail=1 established=2 failed=0 last_error=6 active=0
[2026-09-26T16:28:34.754Z] I (284260) RouteLoomRef: member end send_fail=1 established=2 failed=7 last_error=7
[2026-09-26T16:28:34.754Z] I (284260) RouteLoomRef: authority state=2 tx_sent=7 tx_failed=0 rx_accepted=1 rx_rejected=0 pull=0 busy=0 backoff_s=0
[2026-09-26T16:28:34.755Z] I (284261) RouteLoomRef: authority mesh tx_carrier=7 queued=7 shed=572 rx_carrier=2 denied=0 timeout=0
[2026-09-26T16:28:34.755Z] I (284261) RouteLoomRef: authority jobs accepted=4 failed=3 last=SESSION_UNAVAILABLE
[2026-09-26T16:28:34.755Z] I (284261) RouteLoomRef: member discovery rx=1 offer_tx=1 offer_rx=3 auth=2 kind_reject=1 capacity=0 send_fail=1
[2026-09-26T16:28:34.755Z] I (284261) RouteLoomRef: member scope raw=4 accepted=3 mac_reject=0 hint=0 generation=0 key_unavailable=0 budget=0
[2026-09-26T16:28:38.394Z] !! capture closed
