[2026-09-26T17:40:27.241+00:00] !! connected 94:A9:90:7A:26:AC count=1
[2026-09-26T17:40:31.853+00:00] I (292) esp_image: segment 4: paddr=00138b24 vaddr=4038c7c8 sizeI (660368) RouteLoom: stack hwm main 10384 B
[2026-09-26T17:40:31.853+00:00] I (660368) RouteLoom: HIL HEAP free=21848 largest=18432 min=21172 B
[2026-09-26T17:40:31.853+00:00] I (660369) RouteLoom: HIL DISCOVERY candidates=0 neighbors=1 capacity=0 auth=1 stale=0 probes=35 send_failures=1 kind_rejects=0
[2026-09-26T17:40:31.853+00:00] I (660369) RouteLoom: HIL ROUTE peer=1 phase=-1 via=0 metric=0 generation=0 seq=0
[2026-09-26T17:40:31.853+00:00] I (660369) RouteLoom: HIL ROUTE peer=2 phase=5 via=2 metric=1 generation=1314 seq=1
[2026-09-26T17:40:31.853+00:00] I (660370) RouteLoom: HIL ROUTE peer=3 phase=-1 via=0 metric=0 generation=0 seq=0
[2026-09-26T17:40:32.053+00:00] I (660573) RouteLoomRef: member state=4 links=1 ends=0 authority=1/0 confirm=0 demux_drop=0
[2026-09-26T17:40:32.053+00:00] I (660574) RouteLoomRef: member handshake starts=2 requests=1 rejected=0 send_fail=0 established=1 failed=0 last_error=0 active=0
[2026-09-26T17:40:32.053+00:00] I (660574) RouteLoomRef: member end send_fail=0 established=0 failed=0 last_error=0
[2026-09-26T17:40:32.054+00:00] I (660574) RouteLoomRef: authority state=3 tx_sent=13 tx_failed=0 rx_accepted=0 rx_rejected=0 pull=1 busy=1 backoff_s=60
[2026-09-26T17:40:32.054+00:00] I (660575) RouteLoomRef: authority mesh tx_carrier=13 queued=0 shed=48683 rx_carrier=0 denied=0 timeout=13
[2026-09-26T17:40:32.054+00:00] I (660575) RouteLoomRef: authority jobs accepted=0 failed=0 last=
[2026-09-26T17:40:32.054+00:00] I (660575) RouteLoomRef: member discovery rx=6 offer_tx=1 offer_rx=1 auth=1 kind_reject=0 capacity=0 send_fail=1
[2026-09-26T17:40:32.054+00:00] I (660575) RouteLoomRef: member scope raw=7 accepted=2 mac_reject=0 hint=0 generation=5 key_unavailable=0 budget=0
[2026-09-26T17:40:37.068+00:00] I (665576) RouteLoomRef: member state=4 links=1 ends=0 authority=1/0 confirm=0 demux_drop=0
[2026-09-26T17:40:37.068+00:00] I (665577) RouteLoomRef: member handshake starts=2 requests=1 rejected=0 send_fail=0 established=1 failed=0 last_error=0 active=0
[2026-09-26T17:40:37.068+00:00] I (665577) RouteLoomRef: member end send_fail=0 established=0 failed=0 last_error=0
[2026-09-26T17:40:37.068+00:00] I (665577) RouteLoomRef: authority state=3 tx_sent=13 tx_failed=0 rx_accepted=0 rx_rejected=0 pull=1 busy=1 backoff_s=60
[2026-09-26T17:40:37.068+00:00] I (665578) RouteLoomRef: authority mesh tx_carrier=13 queued=0 shed=48683 rx_carrier=0 denied=0 timeout=13
[2026-09-26T17:40:37.068+00:00] I (665578) RouteLoomRef: authority jobs accepted=0 failed=0 last=
[2026-09-26T17:40:37.068+00:00] I (665578) RouteLoomRef: member discovery rx=6 offer_tx=1 offer_rx=1 auth=1 kind_reject=0 capacity=0 send_fail=1
[2026-09-26T17:40:37.068+00:00] I (665579) RouteLoomRef: member scope raw=7 accepted=2 mac_reject=0 hint=0 generation=5 key_unavailable=0 budget=0
[2026-09-26T17:40:41.980+00:00] I (670578) RouteLoomRef: member state=4 links=1 ends=0 authority=1/0 confirm=0 demux_drop=0
[2026-09-26T17:40:41.980+00:00] I (670579) RouteLoomRef: member handshake starts=2 requests=1 rejected=0 send_fail=0 established=1 failed=0 last_error=0 active=0
[2026-09-26T17:40:41.980+00:00] I (670579) RouteLoomRef: member end send_fail=0 established=0 failed=0 last_error=0
[2026-09-26T17:40:41.980+00:00] I (670579) RouteLoomRef: authority state=3 tx_sent=13 tx_failed=0 rx_accepted=0 rx_rejected=0 pull=1 busy=1 backoff_s=60
[2026-09-26T17:40:42.081+00:00] I (670580) RouteLoomRef: authority mesh tx_carrier=13 queued=0 shed=48683 rx_carrier=0 denied=0 timeout=13
[2026-09-26T17:40:42.081+00:00] I (670580) RouteLoomRef: authority jobs accepted=0 failed=0 last=
[2026-09-26T17:40:42.081+00:00] I (670580) RouteLoomRef: member discovery rx=6 offer_tx=1 offer_rx=1 auth=1 kind_reject=0 capacity=0 send_fail=1
[2026-09-26T17:40:42.081+00:00] I (670580) RouteLoomRef: member scope raw=7 accepted=2 mac_reject=0 hint=0 generation=5 key_unavailable=0 budget=0
[2026-09-26T17:40:46.994+00:00] I (675581) RouteLoomRef: member state=4 links=1 ends=0 authority=1/0 confirm=0 demux_drop=0
[2026-09-26T17:40:46.994+00:00] I (675582) RouteLoomRef: member handshake starts=2 requests=1 rejected=0 send_fail=0 established=1 failed=0 last_error=0 active=0
[2026-09-26T17:40:46.994+00:00] I (675582) RouteLoomRef: member end send_fail=0 established=0 failed=0 last_error=0
[2026-09-26T17:40:46.994+00:00] I (675582) RouteLoomRef: authority state=3 tx_sent=13 tx_failed=0 rx_accepted=0 rx_rejected=0 pull=1 busy=1 backoff_s=60
[2026-09-26T17:40:46.994+00:00] I (675583) RouteLoomRef: authority mesh tx_carrier=13 queued=0 shed=48683 rx_carrier=0 denied=0 timeout=13
[2026-09-26T17:40:46.994+00:00] I (675583) RouteLoomRef: authority jobs accepted=0 failed=0 last=
[2026-09-26T17:40:46.994+00:00] I (675583) RouteLoomRef: member discovery rx=6 offer_tx=1 offer_rx=1 auth=1 kind_reject=0 capacity=0 send_fail=1
[2026-09-26T17:40:46.994+00:00] I (675584) RouteLoomRef: member scope raw=7 accepted=2 mac_reject=0 hint=0 generation=5 key_unavailable=0 budget=0
[2026-09-26T17:40:52.006+00:00] I (680584) RouteLoomRef: member state=4 links=1 ends=0 authority=1/0 confirm=0 demux_drop=0
[2026-09-26T17:40:52.006+00:00] I (680585) RouteLoomRef: member handshake starts=2 requests=1 rejected=0 send_fail=0 established=1 failed=0 last_error=0 active=0
[2026-09-26T17:40:52.006+00:00] I (680585) RouteLoomRef: member end send_fail=0 established=0 failed=0 last_error=0
[2026-09-26T17:40:52.006+00:00] I (680585) RouteLoomRef: authority state=3 tx_sent=13 tx_failed=0 rx_accepted=0 rx_rejected=0 pull=1 busy=1 backoff_s=60
[2026-09-26T17:40:52.006+00:00] I (680586) RouteLoomRef: authority mesh tx_carrier=13 queued=0 shed=48683 rx_carrier=0 denied=0 timeout=13
[2026-09-26T17:40:52.006+00:00] I (680586) RouteLoomRef: authority jobs accepted=0 failed=0 last=
[2026-09-26T17:40:52.006+00:00] I (680586) RouteLoomRef: member discovery rx=6 offer_tx=1 offer_rx=1 auth=1 kind_reject=0 capacity=0 send_fail=1
[2026-09-26T17:40:52.006+00:00] I (680587) RouteLoomRef: member scope raw=7 accepted=2 mac_reject=0 hint=0 generation=5 key_unavailable=0 budget=0
[2026-09-26T17:40:57.021+00:00] I (685585) RouteLoomRef: member state=4 links=1 ends=0 authority=1/0 confirm=0 demux_drop=0
[2026-09-26T17:40:57.021+00:00] I (685586) RouteLoomRef: member handshake starts=2 requests=1 rejected=0 send_fail=0 established=1 failed=0 last_error=0 active=0
[2026-09-26T17:40:57.021+00:00] I (685586) RouteLoomRef: member end send_fail=0 established=0 failed=0 last_error=0
[2026-09-26T17:40:57.021+00:00] I (685586) RouteLoomRef: authority state=3 tx_sent=13 tx_failed=0 rx_accepted=0 rx_rejected=0 pull=1 busy=1 backoff_s=60
[2026-09-26T17:40:57.021+00:00] I (685587) RouteLoomRef: authority mesh tx_carrier=13 queued=0 shed=48683 rx_carrier=0 denied=0 timeout=13
[2026-09-26T17:40:57.022+00:00] I (685587) RouteLoomRef: authority jobs accepted=0 failed=0 last=
[2026-09-26T17:40:57.022+00:00] I (685587) RouteLoomRef: member discovery rx=6 offer_tx=1 offer_rx=1 auth=1 kind_reject=0 capacity=0 send_fail=1
[2026-09-26T17:40:57.022+00:00] I (685588) RouteLoomRef: member scope raw=7 accepted=2 mac_reject=0 hint=0 generation=5 key_unavailable=0 budget=0
[2026-09-26T17:41:02.040+00:00] I (690585) RouteLoomRef: member state=4 links=1 ends=0 authority=1/0 confirm=0 demux_drop=0
[2026-09-26T17:41:02.040+00:00] I (690586) RouteLoomRef: member handshake starts=2 requests=1 rejected=0 send_fail=0 established=1 failed=0 last_error=0 active=0
[2026-09-26T17:41:02.040+00:00] I (690586) RouteLoomRef: member end send_fail=0 established=0 failed=0 last_error=0
[2026-09-26T17:41:02.040+00:00] I (690586) RouteLoomRef: authority state=1 tx_sent=14 tx_failed=0 rx_accepted=0 rx_rejected=0 pull=1 busy=1 backoff_s=60
[2026-09-26T17:41:02.040+00:00] I (690587) RouteLoomRef: authority mesh tx_carrier=14 queued=0 shed=49781 rx_carrier=0 denied=0 timeout=13
[2026-09-26T17:41:02.040+00:00] I (690587) RouteLoomRef: authority jobs accepted=0 failed=0 last=
[2026-09-26T17:41:02.040+00:00] I (690587) RouteLoomRef: member discovery rx=6 offer_tx=1 offer_rx=1 auth=1 kind_reject=0 capacity=0 send_fail=1
[2026-09-26T17:41:02.040+00:00] I (690588) RouteLoomRef: member scope raw=7 accepted=2 mac_reject=0 hint=0 generation=5 key_unavailable=0 budget=0
[2026-09-26T17:41:07.056+00:00] I (695585) RouteLoomRef: member state=4 links=1 ends=0 authority=1/0 confirm=0 demux_drop=0
[2026-09-26T17:41:07.056+00:00] I (695586) RouteLoomRef: member handshake starts=2 requests=1 rejected=0 send_fail=0 established=1 failed=0 last_error=0 active=0
[2026-09-26T17:41:07.056+00:00] I (695586) RouteLoomRef: member end send_fail=0 established=0 failed=0 last_error=0
[2026-09-26T17:41:07.056+00:00] I (695586) RouteLoomRef: authority state=3 tx_sent=14 tx_failed=0 rx_accepted=0 rx_rejected=0 pull=1 busy=1 backoff_s=60
[2026-09-26T17:41:07.056+00:00] I (695587) RouteLoomRef: authority mesh tx_carrier=14 queued=0 shed=51030 rx_carrier=0 denied=0 timeout=13
[2026-09-26T17:41:07.056+00:00] I (695587) RouteLoomRef: authority jobs accepted=0 failed=0 last=
[2026-09-26T17:41:07.056+00:00] I (695587) RouteLoomRef: member discovery rx=6 offer_tx=1 offer_rx=1 auth=1 kind_reject=0 capacity=0 send_fail=1
[2026-09-26T17:41:07.056+00:00] I (695587) RouteLoomRef: member scope raw=7 accepted=2 mac_reject=0 hint=0 generation=5 key_unavailable=0 budget=0
[2026-09-26T17:41:12.069+00:00] I (700588) RouteLoomRef: member state=4 links=1 ends=0 authority=1/0 confirm=0 demux_drop=0
[2026-09-26T17:41:12.069+00:00] I (700589) RouteLoomRef: member handshake starts=2 requests=1 rejected=0 send_fail=0 established=1 failed=0 last_error=0 active=0
[2026-09-26T17:41:12.069+00:00] I (700589) RouteLoomRef: member end send_fail=0 established=0 failed=0 last_error=0
[2026-09-26T17:41:12.069+00:00] I (700589) RouteLoomRef: authority state=3 tx_sent=14 tx_failed=0 rx_accepted=0 rx_rejected=0 pull=1 busy=1 backoff_s=60
[2026-09-26T17:41:12.069+00:00] I (700590) RouteLoomRef: authority mesh tx_carrier=14 queued=0 shed=52279 rx_carrier=0 denied=0 timeout=13
[2026-09-26T17:41:12.069+00:00] I (700590) RouteLoomRef: authority jobs accepted=0 failed=0 last=
[2026-09-26T17:41:12.069+00:00] I (700590) RouteLoomRef: member discovery rx=6 offer_tx=1 offer_rx=1 auth=1 kind_reject=0 capacity=0 send_fail=1
[2026-09-26T17:41:12.069+00:00] I (700590) RouteLoomRef: member scope raw=7 accepted=2 mac_reject=0 hint=0 generation=5 key_unavailable=0 budget=0
[2026-09-26T17:41:17.080+00:00] I (705591) RouteLoomRef: member state=4 links=1 ends=0 authority=1/0 confirm=0 demux_drop=0
[2026-09-26T17:41:17.080+00:00] I (705592) RouteLoomRef: member handshake starts=2 requests=1 rejected=0 send_fail=0 established=1 failed=0 last_error=0 active=0
[2026-09-26T17:41:17.080+00:00] I (705592) RouteLoomRef: member end send_fail=0 established=0 failed=0 last_error=0
[2026-09-26T17:41:17.080+00:00] I (705592) RouteLoomRef: authority state=3 tx_sent=14 tx_failed=0 rx_accepted=0 rx_rejected=0 pull=1 busy=1 backoff_s=60
[2026-09-26T17:41:17.080+00:00] I (705593) RouteLoomRef: authority mesh tx_carrier=14 queued=0 shed=52430 rx_carrier=0 denied=0 timeout=14
[2026-09-26T17:41:17.080+00:00] I (705593) RouteLoomRef: authority jobs accepted=0 failed=0 last=
[2026-09-26T17:41:17.080+00:00] I (705593) RouteLoomRef: member discovery rx=6 offer_tx=1 offer_rx=1 auth=1 kind_reject=0 capacity=0 send_fail=1
[2026-09-26T17:41:17.080+00:00] I (705593) RouteLoomRef: member scope raw=7 accepted=2 mac_reject=0 hint=0 generation=5 key_unavailable=0 budget=0
[2026-09-26T17:41:22.001+00:00] I (710592) RouteLoomRef: member state=4 links=1 ends=0 authority=1/0 confirm=0 demux_drop=0
[2026-09-26T17:41:22.001+00:00] I (710593) RouteLoomRef: member handshake starts=2 requests=1 rejected=0 send_fail=0 established=1 failed=0 last_error=0 active=0
[2026-09-26T17:41:22.001+00:00] I (710593) RouteLoomRef: member end send_fail=0 established=0 failed=0 last_error=0
[2026-09-26T17:41:22.001+00:00] I (710593) RouteLoomRef: authority state=3 tx_sent=14 tx_failed=0 rx_accepted=0 rx_rejected=0 pull=1 busy=1 backoff_s=60
[2026-09-26T17:41:22.001+00:00] I (710594) RouteLoomRef: authority mesh tx_carrier=14 queued=0 shed=52430 rx_carrier=0 denied=0 timeout=14
[2026-09-26T17:41:22.001+00:00] I (710594) RouteLoomRef: authority jobs accepted=0 failed=0 last=
[2026-09-26T17:41:22.001+00:00] I (710594) RouteLoomRef: member discovery rx=6 offer_tx=1 offer_rx=1 auth=1 kind_reject=0 capacity=0 send_fail=1
[2026-09-26T17:41:22.001+00:00] I (710595) RouteLoomRef: member scope raw=7 accepted=2 mac_reject=0 hint=0 generation=5 key_unavailable=0 budget=0
[2026-09-26T17:41:27.014+00:00] I (715592) RouteLoomRef: member state=4 links=1 ends=0 authority=1/0 confirm=0 demux_drop=0
[2026-09-26T17:41:27.014+00:00] I (715593) RouteLoomRef: member handshake starts=2 requests=1 rejected=0 send_fail=0 established=1 failed=0 last_error=0 active=0
[2026-09-26T17:41:27.014+00:00] I (715593) RouteLoomRef: member end send_fail=0 established=0 failed=0 last_error=0
[2026-09-26T17:41:27.014+00:00] I (715593) RouteLoomRef: authority state=3 tx_sent=14 tx_failed=0 rx_accepted=0 rx_rejected=0 pull=1 busy=1 backoff_s=60
[2026-09-26T17:41:27.014+00:00] I (715594) RouteLoomRef: authority mesh tx_carrier=14 queued=0 shed=52430 rx_carrier=0 denied=0 timeout=14
[2026-09-26T17:41:27.014+00:00] I (715594) RouteLoomRef: authority jobs accepted=0 failed=0 last=
[2026-09-26T17:41:27.014+00:00] I (715594) RouteLoomRef: member discovery rx=6 offer_tx=1 offer_rx=1 auth=1 kind_reject=0 capacity=0 send_fail=1
[2026-09-26T17:41:27.014+00:00] I (715595) RouteLoomRef: member scope raw=7 accepted=2 mac_reject=0 hint=0 generation=5 key_unavailable=0 budget=0
[2026-09-26T17:41:31.825+00:00] I (720368) RouteLoom: stack hwm main 10384 B
[2026-09-26T17:41:31.825+00:00] I (720368) RouteLoom: HIL HEAP free=21848 largest=18432 min=21172 B
[2026-09-26T17:41:31.825+00:00] I (720369) RouteLoom: HIL DISCOVERY candidates=0 neighbors=1 capacity=0 auth=1 stale=0 probes=38 send_failures=1 kind_rejects=0
[2026-09-26T17:41:31.825+00:00] I (720369) RouteLoom: HIL ROUTE peer=1 phase=-1 via=0 metric=0 generation=0 seq=0
[2026-09-26T17:41:31.825+00:00] I (720370) RouteLoom: HIL ROUTE peer=2 phase=5 via=2 metric=1 generation=1314 seq=1
[2026-09-26T17:41:31.825+00:00] I (720370) RouteLoom: HIL ROUTE peer=3 phase=-1 via=0 metric=0 generation=0 seq=0
[2026-09-26T17:41:32.026+00:00] I (720593) RouteLoomRef: member state=4 links=1 ends=0 authority=1/0 confirm=0 demux_drop=0
[2026-09-26T17:41:32.026+00:00] I (720594) RouteLoomRef: member handshake starts=2 requests=1 rejected=0 send_fail=0 established=1 failed=0 last_error=0 active=0
[2026-09-26T17:41:32.026+00:00] I (720594) RouteLoomRef: member end send_fail=0 established=0 failed=0 last_error=0
[2026-09-26T17:41:32.026+00:00] I (720594) RouteLoomRef: authority state=3 tx_sent=14 tx_failed=0 rx_accepted=0 rx_rejected=0 pull=1 busy=1 backoff_s=60
[2026-09-26T17:41:32.026+00:00] I (720595) RouteLoomRef: authority mesh tx_carrier=14 queued=0 shed=52430 rx_carrier=0 denied=0 timeout=14
[2026-09-26T17:41:32.026+00:00] I (720595) RouteLoomRef: authority jobs accepted=0 failed=0 last=
[2026-09-26T17:41:32.026+00:00] I (720595) RouteLoomRef: member discovery rx=6 offer_tx=1 offer_rx=1 auth=1 kind_reject=0 capacity=0 send_fail=1
[2026-09-26T17:41:32.026+00:00] I (720595) RouteLoomRef: member scope raw=7 accepted=2 mac_reject=0 hint=0 generation=5 key_unavailable=0 budget=0
[2026-09-26T17:41:37.038+00:00] I (725596) RouteLoomRef: member state=4 links=1 ends=0 authority=1/0 confirm=0 demux_drop=0
[2026-09-26T17:41:37.038+00:00] I (725597) RouteLoomRef: member handshake starts=2 requests=1 rejected=0 send_fail=0 established=1 failed=0 last_error=0 active=0
[2026-09-26T17:41:37.038+00:00] I (725597) RouteLoomRef: member end send_fail=0 established=0 failed=0 last_error=0
[2026-09-26T17:41:37.038+00:00] I (725597) RouteLoomRef: authority state=3 tx_sent=14 tx_failed=0 rx_accepted=0 rx_rejected=0 pull=1 busy=1 backoff_s=60
[2026-09-26T17:41:37.038+00:00] I (725598) RouteLoomRef: authority mesh tx_carrier=14 queued=0 shed=52430 rx_carrier=0 denied=0 timeout=14
[2026-09-26T17:41:37.038+00:00] I (725598) RouteLoomRef: authority jobs accepted=0 failed=0 last=
[2026-09-26T17:41:37.038+00:00] I (725598) RouteLoomRef: member discovery rx=6 offer_tx=1 offer_rx=1 auth=1 kind_reject=0 capacity=0 send_fail=1
[2026-09-26T17:41:37.038+00:00] I (725599) RouteLoomRef: member scope raw=7 accepted=2 mac_reject=0 hint=0 generation=5 key_unavailable=0 budget=0
[2026-09-26T17:41:42.052+00:00] I (730598) RouteLoomRef: member state=4 links=1 ends=0 authority=1/0 confirm=0 demux_drop=0
[2026-09-26T17:41:42.052+00:00] I (730599) RouteLoomRef: member handshake starts=2 requests=1 rejected=0 send_fail=0 established=1 failed=0 last_error=0 active=0
[2026-09-26T17:41:42.052+00:00] I (730599) RouteLoomRef: member end send_fail=0 established=0 failed=0 last_error=0
[2026-09-26T17:41:42.052+00:00] I (730599) RouteLoomRef: authority state=3 tx_sent=14 tx_failed=0 rx_accepted=0 rx_rejected=0 pull=1 busy=1 backoff_s=60
[2026-09-26T17:41:42.052+00:00] I (730600) RouteLoomRef: authority mesh tx_carrier=14 queued=0 shed=52430 rx_carrier=0 denied=0 timeout=14
[2026-09-26T17:41:42.052+00:00] I (730600) RouteLoomRef: authority jobs accepted=0 failed=0 last=
[2026-09-26T17:41:42.052+00:00] I (730600) RouteLoomRef: member discovery rx=6 offer_tx=1 offer_rx=1 auth=1 kind_reject=0 capacity=0 send_fail=1
[2026-09-26T17:41:42.052+00:00] I (730600) RouteLoomRef: member scope raw=7 accepted=2 mac_reject=0 hint=0 generation=5 key_unavailable=0 budget=0
[2026-09-26T17:41:47.064+00:00] I (735601) RouteLoomRef: member state=4 links=1 ends=0 authority=1/0 confirm=0 demux_drop=0
[2026-09-26T17:41:47.064+00:00] I (735602) RouteLoomRef: member handshake starts=2 requests=1 rejected=0 send_fail=0 established=1 failed=0 last_error=0 active=0
[2026-09-26T17:41:47.064+00:00] I (735602) RouteLoomRef: member end send_fail=0 established=0 failed=0 last_error=0
[2026-09-26T17:41:47.064+00:00] I (735602) RouteLoomRef: authority state=3 tx_sent=14 tx_failed=0 rx_accepted=0 rx_rejected=0 pull=1 busy=1 backoff_s=60
[2026-09-26T17:41:47.064+00:00] I (735603) RouteLoomRef: authority mesh tx_carrier=14 queued=0 shed=52430 rx_carrier=0 denied=0 timeout=14
[2026-09-26T17:41:47.064+00:00] I (735603) RouteLoomRef: authority jobs accepted=0 failed=0 last=
[2026-09-26T17:41:47.064+00:00] I (735603) RouteLoomRef: member discovery rx=6 offer_tx=1 offer_rx=1 auth=1 kind_reject=0 capacity=0 send_fail=1
[2026-09-26T17:41:47.064+00:00] I (735604) RouteLoomRef: member scope raw=7 accepted=2 mac_reject=0 hint=0 generation=5 key_unavailable=0 budget=0
[2026-09-26T17:41:52.078+00:00] I (740603) RouteLoomRef: member state=4 links=1 ends=0 authority=1/0 confirm=0 demux_drop=0
[2026-09-26T17:41:52.078+00:00] I (740604) RouteLoomRef: member handshake starts=2 requests=1 rejected=0 send_fail=0 established=1 failed=0 last_error=0 active=0
[2026-09-26T17:41:52.078+00:00] I (740604) RouteLoomRef: member end send_fail=0 established=0 failed=0 last_error=0
[2026-09-26T17:41:52.078+00:00] I (740604) RouteLoomRef: authority state=3 tx_sent=14 tx_failed=0 rx_accepted=0 rx_rejected=0 pull=1 busy=1 backoff_s=60
[2026-09-26T17:41:52.078+00:00] I (740605) RouteLoomRef: authority mesh tx_carrier=14 queued=0 shed=52430 rx_carrier=0 denied=0 timeout=14
[2026-09-26T17:41:52.078+00:00] I (740605) RouteLoomRef: authority jobs accepted=0 failed=0 last=
[2026-09-26T17:41:52.078+00:00] I (740605) RouteLoomRef: member discovery rx=6 offer_tx=1 offer_rx=1 auth=1 kind_reject=0 capacity=0 send_fail=1
[2026-09-26T17:41:52.078+00:00] I (740606) RouteLoomRef: member scope raw=7 accepted=2 mac_reject=0 hint=0 generation=5 key_unavailable=0 budget=0
[2026-09-26T17:41:57.091+00:00] I (745603) RouteLoomRef: member state=4 links=1 ends=0 authority=1/0 confirm=0 demux_drop=0
[2026-09-26T17:41:57.092+00:00] I (745604) RouteLoomRef: member handshake starts=2 requests=1 rejected=0 send_fail=0 established=1 failed=0 last_error=0 active=0
[2026-09-26T17:41:57.092+00:00] I (745604) RouteLoomRef: member end send_fail=0 established=0 failed=0 last_error=0
[2026-09-26T17:41:57.092+00:00] I (745604) RouteLoomRef: authority state=3 tx_sent=14 tx_failed=0 rx_accepted=0 rx_rejected=0 pull=1 busy=1 backoff_s=60
[2026-09-26T17:41:57.092+00:00] I (745605) RouteLoomRef: authority mesh tx_carrier=14 queued=0 shed=52430 rx_carrier=0 denied=0 timeout=14
[2026-09-26T17:41:57.092+00:00] I (745605) RouteLoomRef: authority jobs accepted=0 failed=0 last=
[2026-09-26T17:41:57.092+00:00] I (745605) RouteLoomRef: member discovery rx=6 offer_tx=1 offer_rx=1 auth=1 kind_reject=0 capacity=0 send_fail=1
[2026-09-26T17:41:57.092+00:00] I (745606) RouteLoomRef: member scope raw=7 accepted=2 mac_reject=0 hint=0 generation=5 key_unavailable=0 budget=0
[2026-09-26T17:41:57.328+00:00] !! capture finished connections=1
