[2026-09-26T16:32:33.180Z] !! capture open /dev/serial/by-id/usb-Espressif_USB_JTAG_serial_debug_unit_94:A9:90:7A:26:AC-if00 @ 115200 backend=pyserial dtr=1 rts=0
[2026-09-26T16:32:34.841Z] I (289262) RouteLoomRef: member state=4 links=1 ends=1 authorityI (524344) RouteLoomRef: member state=4 links=1 ends=1 authority=1/1 confirm=1 demux_drop=1
[2026-09-26T16:32:34.842Z] I (524345) RouteLoomRef: member handshake starts=5 requests=2 rejected=0 send_fail=2 established=3 failed=0 last_error=6 active=0
[2026-09-26T16:32:34.842Z] I (524345) RouteLoomRef: member end send_fail=1 established=2 failed=7 last_error=7
[2026-09-26T16:32:34.843Z] I (524345) RouteLoomRef: authority state=2 tx_sent=7 tx_failed=0 rx_accepted=1 rx_rejected=0 pull=0 busy=0 backoff_s=0
[2026-09-26T16:32:34.843Z] I (524346) RouteLoomRef: authority mesh tx_carrier=7 queued=7 shed=572 rx_carrier=2 denied=0 timeout=0
[2026-09-26T16:32:34.843Z] I (524346) RouteLoomRef: authority jobs accepted=4 failed=3 last=SESSION_UNAVAILABLE
[2026-09-26T16:32:34.843Z] I (524346) RouteLoomRef: member discovery rx=3 offer_tx=3 offer_rx=3 auth=3 kind_reject=1 capacity=0 send_fail=1
[2026-09-26T16:32:34.844Z] I (524347) RouteLoomRef: member scope raw=6 accepted=5 mac_reject=0 hint=0 generation=0 key_unavailable=0 budget=0
[2026-09-26T16:32:38.321Z] I (527824) RouteLoomRef: message origin=1 session=1020476640 sequence=9223372036854775809 bytes=7
[2026-09-26T16:32:39.843Z] I (529345) RouteLoomRef: member state=4 links=1 ends=1 authority=1/1 confirm=1 demux_drop=1
[2026-09-26T16:32:39.843Z] I (529346) RouteLoomRef: member handshake starts=5 requests=2 rejected=0 send_fail=2 established=3 failed=0 last_error=6 active=0
[2026-09-26T16:32:39.843Z] I (529346) RouteLoomRef: member end send_fail=1 established=2 failed=7 last_error=7
[2026-09-26T16:32:39.844Z] I (529346) RouteLoomRef: authority state=2 tx_sent=7 tx_failed=0 rx_accepted=1 rx_rejected=0 pull=0 busy=0 backoff_s=0
[2026-09-26T16:32:39.844Z] I (529347) RouteLoomRef: authority mesh tx_carrier=7 queued=7 shed=572 rx_carrier=2 denied=0 timeout=0
[2026-09-26T16:32:39.844Z] I (529347) RouteLoomRef: authority jobs accepted=4 failed=3 last=SESSION_UNAVAILABLE
[2026-09-26T16:32:39.845Z] I (529347) RouteLoomRef: member discovery rx=3 offer_tx=3 offer_rx=3 auth=3 kind_reject=1 capacity=0 send_fail=1
[2026-09-26T16:32:39.845Z] I (529348) RouteLoomRef: member scope raw=6 accepted=5 mac_reject=0 hint=0 generation=0 key_unavailable=0 budget=0
[2026-09-26T16:32:44.845Z] I (534347) RouteLoomRef: member state=4 links=1 ends=1 authority=1/1 confirm=1 demux_drop=1
[2026-09-26T16:32:44.845Z] I (534348) RouteLoomRef: member handshake starts=5 requests=2 rejected=0 send_fail=2 established=3 failed=0 last_error=6 active=0
[2026-09-26T16:32:44.845Z] I (534348) RouteLoomRef: member end send_fail=1 established=2 failed=7 last_error=7
[2026-09-26T16:32:44.846Z] I (534348) RouteLoomRef: authority state=2 tx_sent=7 tx_failed=0 rx_accepted=1 rx_rejected=0 pull=0 busy=0 backoff_s=0
[2026-09-26T16:32:44.846Z] I (534349) RouteLoomRef: authority mesh tx_carrier=7 queued=7 shed=572 rx_carrier=2 denied=0 timeout=0
[2026-09-26T16:32:44.847Z] I (534349) RouteLoomRef: authority jobs accepted=4 failed=3 last=SESSION_UNAVAILABLE
[2026-09-26T16:32:44.848Z] I (534349) RouteLoomRef: member discovery rx=3 offer_tx=3 offer_rx=3 auth=3 kind_reject=1 capacity=0 send_fail=1
[2026-09-26T16:32:44.848Z] I (534350) RouteLoomRef: member scope raw=6 accepted=5 mac_reject=0 hint=0 generation=0 key_unavailable=0 budget=0
[2026-09-26T16:32:49.848Z] I (539350) RouteLoomRef: member state=4 links=1 ends=1 authority=1/1 confirm=1 demux_drop=1
[2026-09-26T16:32:49.848Z] I (539351) RouteLoomRef: member handshake starts=5 requests=2 rejected=0 send_fail=2 established=3 failed=0 last_error=6 active=0
[2026-09-26T16:32:49.850Z] I (539351) RouteLoomRef: member end send_fail=1 established=2 failed=7 last_error=7
[2026-09-26T16:32:49.850Z] I (539351) RouteLoomRef: authority state=2 tx_sent=7 tx_failed=0 rx_accepted=1 rx_rejected=0 pull=0 busy=0 backoff_s=0
[2026-09-26T16:32:49.850Z] I (539352) RouteLoomRef: authority mesh tx_carrier=7 queued=7 shed=572 rx_carrier=2 denied=0 timeout=0
[2026-09-26T16:32:49.850Z] I (539352) RouteLoomRef: authority jobs accepted=4 failed=3 last=SESSION_UNAVAILABLE
[2026-09-26T16:32:49.850Z] I (539352) RouteLoomRef: member discovery rx=3 offer_tx=3 offer_rx=3 auth=3 kind_reject=1 capacity=0 send_fail=1
[2026-09-26T16:32:49.850Z] I (539352) RouteLoomRef: member scope raw=6 accepted=5 mac_reject=0 hint=0 generation=0 key_unavailable=0 budget=0
[2026-09-26T16:32:50.856Z] I (540358) RouteLoom: stack hwm main 10136 B
[2026-09-26T16:32:50.856Z] I (540358) RouteLoom: HIL HEAP free=22204 largest=19456 min=21472 B
[2026-09-26T16:32:50.856Z] I (540359) RouteLoom: HIL DISCOVERY candidates=0 neighbors=1 capacity=0 auth=3 stale=1 probes=43 send_failures=1 kind_rejects=1
[2026-09-26T16:32:50.857Z] I (540359) RouteLoom: HIL ROUTE peer=1 phase=5 via=1 metric=1 generation=345 seq=1
[2026-09-26T16:32:50.857Z] I (540359) RouteLoom: HIL ROUTE peer=2 phase=-1 via=0 metric=0 generation=0 seq=0
[2026-09-26T16:32:54.849Z] I (544351) RouteLoomRef: member state=4 links=1 ends=1 authority=1/1 confirm=1 demux_drop=1
[2026-09-26T16:32:54.849Z] I (544352) RouteLoomRef: member handshake starts=5 requests=2 rejected=0 send_fail=2 established=3 failed=0 last_error=6 active=0
[2026-09-26T16:32:54.849Z] I (544352) RouteLoomRef: member end send_fail=1 established=2 failed=7 last_error=7
[2026-09-26T16:32:54.850Z] I (544352) RouteLoomRef: authority state=2 tx_sent=7 tx_failed=0 rx_accepted=1 rx_rejected=0 pull=0 busy=0 backoff_s=0
[2026-09-26T16:32:54.850Z] I (544353) RouteLoomRef: authority mesh tx_carrier=7 queued=7 shed=572 rx_carrier=2 denied=0 timeout=0
[2026-09-26T16:32:54.850Z] I (544353) RouteLoomRef: authority jobs accepted=4 failed=3 last=SESSION_UNAVAILABLE
[2026-09-26T16:32:54.851Z] I (544353) RouteLoomRef: member discovery rx=3 offer_tx=3 offer_rx=3 auth=3 kind_reject=1 capacity=0 send_fail=1
[2026-09-26T16:32:54.851Z] I (544354) RouteLoomRef: member scope raw=6 accepted=5 mac_reject=0 hint=0 generation=0 key_unavailable=0 budget=0
[2026-09-26T16:32:59.852Z] I (549354) RouteLoomRef: member state=4 links=1 ends=1 authority=1/1 confirm=1 demux_drop=1
[2026-09-26T16:32:59.852Z] I (549355) RouteLoomRef: member handshake starts=5 requests=2 rejected=0 send_fail=2 established=3 failed=0 last_error=6 active=0
[2026-09-26T16:32:59.852Z] I (549355) RouteLoomRef: member end send_fail=1 established=2 failed=7 last_error=7
[2026-09-26T16:32:59.853Z] I (549355) RouteLoomRef: authority state=2 tx_sent=7 tx_failed=0 rx_accepted=1 rx_rejected=0 pull=0 busy=0 backoff_s=0
[2026-09-26T16:32:59.853Z] I (549356) RouteLoomRef: authority mesh tx_carrier=7 queued=7 shed=572 rx_carrier=2 denied=0 timeout=0
[2026-09-26T16:32:59.853Z] I (549356) RouteLoomRef: authority jobs accepted=4 failed=3 last=SESSION_UNAVAILABLE
[2026-09-26T16:32:59.854Z] I (549356) RouteLoomRef: member discovery rx=3 offer_tx=3 offer_rx=3 auth=3 kind_reject=1 capacity=0 send_fail=1
[2026-09-26T16:32:59.854Z] I (549356) RouteLoomRef: member scope raw=6 accepted=5 mac_reject=0 hint=0 generation=0 key_unavailable=0 budget=0
[2026-09-26T16:33:03.295Z] !! capture closed
