[2026-09-26T16:54:19.051Z] !! capture open /dev/serial/by-id/usb-Espressif_USB_JTAG_serial_debug_unit_94:A9:90:7A:B5:60-if00 @ 115200 backend=pyserial dtr=1 rts=0
[2026-09-26T16:54:22.838Z] I (39944) RouteLoomRef: RLD1 rx kind=1 ch=11 generation=12 src=94:a9:90:7a:26:ac dest=ff:ff:ff:ff:ff:ff
[2026-09-26T16:54:22.882Z] I (39987) RouteLoomRef: join mode=1 state=2 error=0
[2026-09-26T16:54:22.884Z] I (39989) RouteLoomRef: join mode=1 state=3 error=0
[2026-09-26T16:54:22.888Z] I (39993) RouteLoomRef: RLD1 tx kind=1 ch=1 dst=ff:ff:ff:ff:ff:ff
[2026-09-26T16:54:22.891Z] I (39996) RouteLoomRef: join mode=1 state=4 error=0
[2026-09-26T16:54:23.207Z] I (40313) RouteLoomRef: join mode=1 state=2 error=0
[2026-09-26T16:54:23.209Z] I (40315) RouteLoomRef: join mode=1 state=3 error=0
[2026-09-26T16:54:23.213Z] I (40319) RouteLoomRef: RLD1 tx kind=1 ch=6 dst=ff:ff:ff:ff:ff:ff
[2026-09-26T16:54:23.218Z] I (40322) RouteLoomRef: join mode=1 state=4 error=0
[2026-09-26T16:54:23.533Z] I (40639) RouteLoomRef: join mode=1 state=2 error=0
[2026-09-26T16:54:23.535Z] I (40641) RouteLoomRef: join mode=1 state=3 error=0
[2026-09-26T16:54:23.539Z] I (40645) RouteLoomRef: RLD1 tx kind=1 ch=11 dst=ff:ff:ff:ff:ff:ff
[2026-09-26T16:54:23.544Z] I (40648) RouteLoomRef: join mode=1 state=4 error=0
[2026-09-26T16:54:23.859Z] I (40965) RouteLoomRef: join mode=1 state=5 error=0
[2026-09-26T16:54:23.862Z] I (40967) RouteLoomRef: join mode=1 state=14 error=0
[2026-09-26T16:54:58.019Z] I (75125) RouteLoomRef: join mode=1 state=2 error=0
[2026-09-26T16:54:58.022Z] I (75127) RouteLoomRef: join mode=1 state=3 error=0
[2026-09-26T16:54:58.026Z] I (75131) RouteLoomRef: RLD1 tx kind=1 ch=1 dst=ff:ff:ff:ff:ff:ff
[2026-09-26T16:54:58.029Z] I (75134) RouteLoomRef: join mode=1 state=4 error=0
[2026-09-26T16:54:58.036Z] I (75141) RouteLoomRef: RLD1 rx kind=1 ch=1 generation=16 src=94:a9:90:7a:26:ac dest=ff:ff:ff:ff:ff:ff
[2026-09-26T16:54:58.347Z] I (75452) RouteLoomRef: join mode=1 state=2 error=0
[2026-09-26T16:54:58.349Z] I (75454) RouteLoomRef: join mode=1 state=3 error=0
[2026-09-26T16:54:58.355Z] I (75458) RouteLoomRef: RLD1 tx kind=1 ch=6 dst=ff:ff:ff:ff:ff:ff
[2026-09-26T16:54:58.356Z] I (75461) RouteLoomRef: join mode=1 state=4 error=0
[2026-09-26T16:54:58.363Z] I (75468) RouteLoomRef: RLD1 rx kind=1 ch=6 generation=17 src=94:a9:90:7a:26:ac dest=ff:ff:ff:ff:ff:ff
[2026-09-26T16:54:58.674Z] I (75779) RouteLoomRef: join mode=1 state=2 error=0
[2026-09-26T16:54:58.676Z] I (75781) RouteLoomRef: join mode=1 state=3 error=0
[2026-09-26T16:54:58.680Z] I (75785) RouteLoomRef: RLD1 tx kind=1 ch=11 dst=ff:ff:ff:ff:ff:ff
[2026-09-26T16:54:58.683Z] I (75788) RouteLoomRef: join mode=1 state=4 error=0
[2026-09-26T16:54:58.685Z] I (75790) RouteLoomRef: RLD1 rx kind=1 ch=11 generation=18 src=94:a9:90:7a:26:ac dest=ff:ff:ff:ff:ff:ff
[2026-09-26T16:54:59.001Z] I (76106) RouteLoomRef: join mode=1 state=5 error=0
[2026-09-26T16:54:59.003Z] I (76108) RouteLoomRef: join mode=1 state=14 error=0
[2026-09-26T16:56:03.279Z] I (140376) RouteLoomRef: join mode=1 state=2 error=0
[2026-09-26T16:56:03.279Z] I (140378) RouteLoomRef: join mode=1 state=3 error=0
[2026-09-26T16:56:03.279Z] I (140382) RouteLoomRef: RLD1 tx kind=1 ch=1 dst=ff:ff:ff:ff:ff:ff
[2026-09-26T16:56:03.280Z] I (140385) RouteLoomRef: join mode=1 state=4 error=0
[2026-09-26T16:56:03.725Z] I (140702) RouteLoomRef: join mode=1 state=2 error=0
[2026-09-26T16:56:03.725Z] I (140704) RouteLoomRef: join mode=1 state=3 error=0
[2026-09-26T16:56:03.725Z] I (140708) RouteLoomRef: RLD1 tx kind=1 ch=6 dst=ff:ff:ff:ff:ff:ff
[2026-09-26T16:56:03.725Z] I (140711) RouteLoomRef: join mode=1 state=4 error=0
[2026-09-26T16:56:03.883Z] I (140988) RouteLoomRef: RLD1 rx kind=2 ch=6 generation=20 src=94:a9:90:6a:ee:c4 dest=94:a9:90:7a:b5:60
[2026-09-26T16:56:03.885Z] I (140989) RouteLoomRef: RLD1 offer result state=4 expected_generation=20 observations=1 dropped=10
[2026-09-26T16:56:03.924Z] I (141029) RouteLoomRef: join mode=1 state=2 error=0
[2026-09-26T16:56:03.926Z] I (141031) RouteLoomRef: join mode=1 state=3 error=0
[2026-09-26T16:56:03.936Z] I (141035) RouteLoomRef: RLD1 tx kind=1 ch=11 dst=ff:ff:ff:ff:ff:ff
[2026-09-26T16:56:03.936Z] I (141038) RouteLoomRef: join mode=1 state=4 error=0
[2026-09-26T16:56:04.250Z] I (141355) RouteLoomRef: join mode=1 state=5 error=0
[2026-09-26T16:56:04.252Z] I (141357) RouteLoomRef: join mode=1 state=3 error=0
[2026-09-26T16:56:04.260Z] I (141362) RouteLoomRef: RLD1 tx kind=1 ch=6 dst=ff:ff:ff:ff:ff:ff
[2026-09-26T16:56:04.260Z] I (141363) RouteLoomRef: join mode=1 state=6 error=0
[2026-09-26T16:56:04.566Z] I (141670) RouteLoomRef: RLD1 rx kind=2 ch=6 generation=22 src=94:a9:90:6a:ee:c4 dest=94:a9:90:7a:b5:60
[2026-09-26T16:56:04.566Z] I (141671) RouteLoomRef: RLD1 offer result state=6 expected_generation=22 observations=2 dropped=10
[2026-09-26T16:56:04.712Z] I (141816) RouteLoomRef: join mode=1 state=7 error=0
[2026-09-26T16:56:04.847Z] I (141952) RouteLoomRef: join mode=1 state=8 error=0
[2026-09-26T16:56:06.601Z] I (143642) RouteLoomEdhoc: HIL EDHOC ECDH us=130709 ok=1
[2026-09-26T16:56:06.855Z] I (143960) RouteLoomEdhoc: HIL EDHOC VERIFY us=156149 ok=1
[2026-09-26T16:56:06.857Z] I (143961) RouteLoomRef: join mode=1 state=9 error=0
[2026-09-26T16:56:07.009Z] I (144102) RouteLoomEdhoc: HIL EDHOC SIGN us=138158 ok=1
[2026-09-26T16:56:07.009Z] I (144107) RouteLoomRef: join mode=1 state=10 error=0
[2026-09-26T16:56:10.671Z] I (147775) RouteLoomRef: join mode=1 state=11 error=0
[2026-09-26T16:56:10.837Z] I (147941) RouteLoomRef: join mode=1 state=12 error=0
[2026-09-26T16:56:11.179Z] I (148283) RouteLoomRef: member state=0 links=0 ends=0 authority=0/0 confirm=0 demux_drop=0
[2026-09-26T16:56:11.181Z] I (148284) RouteLoomRef: member handshake starts=0 requests=0 rejected=0 send_fail=0 established=0 failed=0 last_error=0 active=0
[2026-09-26T16:56:11.181Z] I (148284) RouteLoomRef: member end send_fail=0 established=0 failed=0 last_error=0
[2026-09-26T16:56:11.181Z] I (148284) RouteLoomRef: authority state=0 tx_sent=0 tx_failed=0 rx_accepted=0 rx_rejected=0 pull=0 busy=0 backoff_s=0
[2026-09-26T16:56:11.181Z] I (148285) RouteLoomRef: authority mesh tx_carrier=0 queued=0 shed=0 rx_carrier=0 denied=0 timeout=0
[2026-09-26T16:56:11.181Z] I (148285) RouteLoomRef: authority jobs accepted=0 failed=0 last=
[2026-09-26T16:56:11.181Z] W (148286) RouteLoomRef: diagnostic reason=SECURITY_PROFILE_EXPERIMENTAL peer=0 message=none
[2026-09-26T16:56:11.183Z] I (148288) RouteLoom: stack hwm main 10384 B
[2026-09-26T16:56:11.186Z] I (148288) RouteLoom: HIL HEAP free=22380 largest=19456 min=21828 B
[2026-09-26T16:56:11.190Z] I (148294) RouteLoomRef: member discovery started
[2026-09-26T16:56:12.032Z] I (149136) RouteLoomRef: RLD1 rx kind=2 ch=6 generation=22 src=94:a9:90:6a:ee:c4 dest=94:a9:90:7a:b5:60
[2026-09-26T16:56:12.035Z] I (149138) RouteLoomRef: RLD1 offer result state=0 expected_generation=22 observations=0 dropped=0
[2026-09-26T16:56:13.070Z] I (150174) RouteLoomEdhoc: HIL EDHOC ECDH us=130687 ok=1
[2026-09-26T16:56:13.387Z] I (150492) RouteLoomEdhoc: HIL EDHOC VERIFY us=158094 ok=1
[2026-09-26T16:56:13.530Z] I (150634) RouteLoomEdhoc: HIL EDHOC SIGN us=138268 ok=1
[2026-09-26T16:56:14.050Z] HIL EDHOC HANDSHAKE us=2009384 role=1 scope=0 peer=1 heap_free=22436 heap_min=21828
[2026-09-26T16:56:14.051Z] I (151156) RouteLoomRef: discovery event=BOUND peer=1
[2026-09-26T16:56:14.052Z] W (151156) RouteLoomRef: diagnostic reason=BOUND peer=1 message=none
[2026-09-26T16:56:14.075Z] I (151179) RouteLoomRef: discovery event=REACHABLE peer=1
[2026-09-26T16:56:14.075Z] W (151179) RouteLoomRef: diagnostic reason=REACHABLE peer=1 message=none
[2026-09-26T16:56:14.094Z] W (151197) RouteLoomRef: diagnostic reason=SESSION_PENDING peer=1 message=present
[2026-09-26T16:56:15.848Z] I (152952) RouteLoomRef: member state=4 links=1 ends=0 authority=1/0 confirm=0 demux_drop=0
[2026-09-26T16:56:15.848Z] I (152953) RouteLoomRef: member handshake starts=1 requests=1 rejected=0 send_fail=1 established=1 failed=0 last_error=6 active=1
[2026-09-26T16:56:15.850Z] I (152953) RouteLoomRef: member end send_fail=0 established=0 failed=1 last_error=9
[2026-09-26T16:56:15.850Z] I (152953) RouteLoomRef: authority state=1 tx_sent=1 tx_failed=0 rx_accepted=0 rx_rejected=0 pull=1 busy=1 backoff_s=0
[2026-09-26T16:56:15.850Z] I (152954) RouteLoomRef: authority mesh tx_carrier=1 queued=1 shed=530 rx_carrier=0 denied=0 timeout=0
[2026-09-26T16:56:15.850Z] I (152954) RouteLoomRef: authority jobs accepted=0 failed=0 last=
[2026-09-26T16:56:15.850Z] I (152954) RouteLoomRef: member discovery rx=0 offer_tx=0 offer_rx=1 auth=1 kind_reject=0 capacity=0 send_fail=0
[2026-09-26T16:56:15.850Z] I (152955) RouteLoomRef: member scope raw=1 accepted=1 mac_reject=0 hint=0 generation=0 key_unavailable=0 budget=0
[2026-09-26T16:56:17.329Z] W (154430) RouteLoomRef: diagnostic reason=SESSION_PENDING peer=1 message=present
[2026-09-26T16:56:17.506Z] I (154607) RouteLoomRef: RLD1 rx kind=1 ch=6 generation=22 src=94:a9:90:7a:26:ac dest=ff:ff:ff:ff:ff:ff
[2026-09-26T16:56:17.761Z] I (154850) RouteLoomRef: RLD1 tx kind=2 ch=6 dst=94:a9:90:7a:26:ac
[2026-09-26T16:56:18.241Z] I (155345) RouteLoomRef: RLD1 rx kind=1 ch=6 generation=22 src=94:a9:90:7a:26:ac dest=ff:ff:ff:ff:ff:ff
[2026-09-26T16:56:18.251Z] I (155355) RouteLoomRef: RLD1 tx kind=2 ch=6 dst=94:a9:90:7a:26:ac
[2026-09-26T16:56:20.630Z] W (157734) RouteLoomRef: diagnostic reason=UNMATCHED_HOP_ACCEPT peer=1 message=present
[2026-09-26T16:56:20.638Z] W (157743) RouteLoomRef: diagnostic reason=UNMATCHED_HOP_ACCEPT peer=1 message=present
[2026-09-26T16:56:20.654Z] W (157758) RouteLoomRef: diagnostic reason=UNMATCHED_HOP_ACCEPT peer=1 message=present
[2026-09-26T16:56:20.662Z] W (157766) RouteLoomRef: diagnostic reason=UNMATCHED_HOP_ACCEPT peer=1 message=present
[2026-09-26T16:56:20.855Z] I (157957) RouteLoomRef: member state=4 links=1 ends=0 authority=1/0 confirm=0 demux_drop=4
[2026-09-26T16:56:20.855Z] I (157958) RouteLoomRef: member handshake starts=1 requests=1 rejected=0 send_fail=1 established=1 failed=0 last_error=6 active=1
[2026-09-26T16:56:20.855Z] I (157958) RouteLoomRef: member end send_fail=0 established=0 failed=3 last_error=9
[2026-09-26T16:56:20.855Z] I (157958) RouteLoomRef: authority state=1 tx_sent=2 tx_failed=0 rx_accepted=0 rx_rejected=0 pull=1 busy=1 backoff_s=1
[2026-09-26T16:56:20.855Z] I (157959) RouteLoomRef: authority mesh tx_carrier=2 queued=2 shed=530 rx_carrier=0 denied=0 timeout=0
[2026-09-26T16:56:20.857Z] I (157959) RouteLoomRef: authority jobs accepted=0 failed=1 last=SESSION_UNAVAILABLE
[2026-09-26T16:56:20.857Z] I (157959) RouteLoomRef: member discovery rx=0 offer_tx=0 offer_rx=1 auth=1 kind_reject=0 capacity=0 send_fail=0
[2026-09-26T16:56:20.857Z] I (157960) RouteLoomRef: member scope raw=1 accepted=1 mac_reject=0 hint=0 generation=0 key_unavailable=0 budget=0
[2026-09-26T16:56:22.486Z] I (159588) RouteLoomRef: RLD1 rx kind=1 ch=6 generation=22 src=94:a9:90:7a:26:ac dest=ff:ff:ff:ff:ff:ff
[2026-09-26T16:56:22.727Z] I (159829) RouteLoomRef: RLD1 tx kind=2 ch=6 dst=94:a9:90:7a:26:ac
[2026-09-26T16:56:23.141Z] I (160242) RouteLoomRef: RLD1 rx kind=1 ch=6 generation=22 src=94:a9:90:7a:26:ac dest=ff:ff:ff:ff:ff:ff
[2026-09-26T16:56:24.383Z] W (161484) RouteLoomRef: diagnostic reason=SESSION_PENDING peer=1 message=present
[2026-09-26T16:56:24.981Z] W (162084) RouteLoomRef: diagnostic reason=UNMATCHED_HOP_ACCEPT peer=1 message=present
[2026-09-26T16:56:24.998Z] W (162099) RouteLoomRef: diagnostic reason=UNMATCHED_HOP_ACCEPT peer=1 message=present
[2026-09-26T16:56:25.371Z] I (162474) RouteLoomEdhoc: HIL EDHOC ECDH us=131341 ok=1
[2026-09-26T16:56:25.687Z] I (162791) RouteLoomEdhoc: HIL EDHOC VERIFY us=157098 ok=1
[2026-09-26T16:56:25.832Z] I (162935) RouteLoomEdhoc: HIL EDHOC SIGN us=138927 ok=1
[2026-09-26T16:56:25.856Z] W (162959) RouteLoomRef: end bootstrap tx peer=1 type=6 code=7 detail=BOOTSTRAP_PEER_FULL
[2026-09-26T16:56:25.856Z] W (162960) RouteLoomRef: end bootstrap tx peer=1 type=6 code=7 detail=BOOTSTRAP_PEER_FULL
[2026-09-26T16:56:25.859Z] W (162960) RouteLoomRef: end bootstrap tx peer=1 type=6 code=7 detail=BOOTSTRAP_PEER_FULL
[2026-09-26T16:56:25.859Z] W (162961) RouteLoomRef: end bootstrap tx peer=1 type=3 code=7 detail=BOOTSTRAP_PEER_FULL
[2026-09-26T16:56:25.859Z] W (162962) RouteLoomRef: end bootstrap tx peer=1 type=5 code=7 detail=BOOTSTRAP_PEER_FULL
[2026-09-26T16:56:25.860Z] I (162963) RouteLoomRef: member state=4 links=1 ends=0 authority=1/0 confirm=0 demux_drop=8
[2026-09-26T16:56:25.860Z] I (162963) RouteLoomRef: member handshake starts=1 requests=1 rejected=0 send_fail=1 established=1 failed=0 last_error=6 active=1
[2026-09-26T16:56:25.860Z] I (162964) RouteLoomRef: member end send_fail=1 established=0 failed=4 last_error=7
[2026-09-26T16:56:25.860Z] I (162964) RouteLoomRef: authority state=1 tx_sent=3 tx_failed=0 rx_accepted=0 rx_rejected=0 pull=1 busy=1 backoff_s=2
[2026-09-26T16:56:25.860Z] I (162964) RouteLoomRef: authority mesh tx_carrier=3 queued=3 shed=530 rx_carrier=0 denied=0 timeout=0
[2026-09-26T16:56:25.860Z] I (162965) RouteLoomRef: authority jobs accepted=0 failed=2 last=SESSION_UNAVAILABLE
[2026-09-26T16:56:25.861Z] I (162965) RouteLoomRef: member discovery rx=0 offer_tx=0 offer_rx=1 auth=1 kind_reject=0 capacity=0 send_fail=0
[2026-09-26T16:56:25.861Z] I (162965) RouteLoomRef: member scope raw=1 accepted=1 mac_reject=0 hint=0 generation=0 key_unavailable=0 budget=0
[2026-09-26T16:56:26.519Z] W (163623) RouteLoomRef: diagnostic reason=UNMATCHED_HOP_ACCEPT peer=1 message=present
[2026-09-26T16:56:26.551Z] W (163655) RouteLoomRef: diagnostic reason=UNMATCHED_HOP_ACCEPT peer=1 message=present
[2026-09-26T16:56:26.559Z] W (163664) RouteLoomRef: diagnostic reason=UNMATCHED_HOP_ACCEPT peer=1 message=present
[2026-09-26T16:56:26.600Z] HIL EDHOC HANDSHAKE us=2214637 role=1 scope=1 peer=1 heap_free=22272 heap_min=21460
[2026-09-26T16:56:29.809Z] I (166913) RouteLoomRef: RLD1 rx kind=1 ch=6 generation=22 src=94:a9:90:7a:26:ac dest=ff:ff:ff:ff:ff:ff
[2026-09-26T16:56:30.857Z] I (167961) RouteLoomRef: member state=4 links=1 ends=1 authority=1/1 confirm=1 demux_drop=8
[2026-09-26T16:56:30.857Z] I (167962) RouteLoomRef: member handshake starts=2 requests=1 rejected=0 send_fail=1 established=1 failed=0 last_error=6 active=0
[2026-09-26T16:56:30.857Z] I (167962) RouteLoomRef: member end send_fail=1 established=1 failed=4 last_error=7
[2026-09-26T16:56:30.858Z] I (167962) RouteLoomRef: authority state=2 tx_sent=8 tx_failed=0 rx_accepted=3 rx_rejected=0 pull=0 busy=0 backoff_s=0
[2026-09-26T16:56:30.858Z] I (167963) RouteLoomRef: authority mesh tx_carrier=8 queued=8 shed=530 rx_carrier=4 denied=0 timeout=0
[2026-09-26T16:56:30.860Z] I (167963) RouteLoomRef: authority jobs accepted=6 failed=2 last=SESSION_UNAVAILABLE
[2026-09-26T16:56:30.860Z] I (167963) RouteLoomRef: member discovery rx=1 offer_tx=1 offer_rx=1 auth=1 kind_reject=0 capacity=0 send_fail=1
[2026-09-26T16:56:30.860Z] I (167963) RouteLoomRef: member scope raw=2 accepted=2 mac_reject=0 hint=0 generation=0 key_unavailable=0 budget=0
[2026-09-26T16:56:35.860Z] I (172964) RouteLoomRef: member state=4 links=1 ends=1 authority=1/1 confirm=1 demux_drop=8
[2026-09-26T16:56:35.860Z] I (172965) RouteLoomRef: member handshake starts=2 requests=1 rejected=0 send_fail=1 established=1 failed=0 last_error=6 active=0
[2026-09-26T16:56:35.862Z] I (172965) RouteLoomRef: member end send_fail=1 established=1 failed=4 last_error=7
[2026-09-26T16:56:35.862Z] I (172965) RouteLoomRef: authority state=2 tx_sent=8 tx_failed=0 rx_accepted=3 rx_rejected=0 pull=0 busy=0 backoff_s=0
[2026-09-26T16:56:35.862Z] I (172966) RouteLoomRef: authority mesh tx_carrier=8 queued=8 shed=530 rx_carrier=4 denied=0 timeout=0
[2026-09-26T16:56:35.862Z] I (172966) RouteLoomRef: authority jobs accepted=6 failed=2 last=SESSION_UNAVAILABLE
[2026-09-26T16:56:35.862Z] I (172966) RouteLoomRef: member discovery rx=1 offer_tx=1 offer_rx=1 auth=1 kind_reject=0 capacity=0 send_fail=1
[2026-09-26T16:56:35.862Z] I (172966) RouteLoomRef: member scope raw=2 accepted=2 mac_reject=0 hint=0 generation=0 key_unavailable=0 budget=0
[2026-09-26T16:56:40.864Z] I (177965) RouteLoomRef: member state=4 links=1 ends=1 authority=1/1 confirm=1 demux_drop=8
[2026-09-26T16:56:40.864Z] I (177966) RouteLoomRef: member handshake starts=2 requests=1 rejected=0 send_fail=1 established=1 failed=0 last_error=6 active=0
[2026-09-26T16:56:40.864Z] I (177966) RouteLoomRef: member end send_fail=1 established=1 failed=4 last_error=7
[2026-09-26T16:56:40.864Z] I (177966) RouteLoomRef: authority state=2 tx_sent=8 tx_failed=0 rx_accepted=3 rx_rejected=0 pull=0 busy=0 backoff_s=0
[2026-09-26T16:56:40.864Z] I (177967) RouteLoomRef: authority mesh tx_carrier=8 queued=8 shed=530 rx_carrier=4 denied=0 timeout=0
[2026-09-26T16:56:40.864Z] I (177967) RouteLoomRef: authority jobs accepted=6 failed=2 last=SESSION_UNAVAILABLE
[2026-09-26T16:56:40.864Z] I (177967) RouteLoomRef: member discovery rx=1 offer_tx=1 offer_rx=1 auth=1 kind_reject=0 capacity=0 send_fail=1
[2026-09-26T16:56:40.864Z] I (177967) RouteLoomRef: member scope raw=2 accepted=2 mac_reject=0 hint=0 generation=0 key_unavailable=0 budget=0
[2026-09-26T16:56:45.871Z] I (182968) RouteLoomRef: member state=4 links=1 ends=1 authority=1/1 confirm=1 demux_drop=8
[2026-09-26T16:56:45.871Z] I (182969) RouteLoomRef: member handshake starts=2 requests=1 rejected=0 send_fail=1 established=1 failed=0 last_error=6 active=0
[2026-09-26T16:56:45.871Z] I (182969) RouteLoomRef: member end send_fail=1 established=1 failed=4 last_error=7
[2026-09-26T16:56:45.871Z] I (182969) RouteLoomRef: authority state=2 tx_sent=8 tx_failed=0 rx_accepted=3 rx_rejected=0 pull=0 busy=0 backoff_s=0
[2026-09-26T16:56:45.871Z] I (182970) RouteLoomRef: authority mesh tx_carrier=8 queued=8 shed=530 rx_carrier=4 denied=0 timeout=0
[2026-09-26T16:56:45.871Z] I (182970) RouteLoomRef: authority jobs accepted=6 failed=2 last=SESSION_UNAVAILABLE
[2026-09-26T16:56:45.871Z] I (182970) RouteLoomRef: member discovery rx=1 offer_tx=1 offer_rx=1 auth=1 kind_reject=0 capacity=0 send_fail=1
[2026-09-26T16:56:45.871Z] I (182970) RouteLoomRef: member scope raw=2 accepted=2 mac_reject=0 hint=0 generation=0 key_unavailable=0 budget=0
[2026-09-26T16:56:49.115Z] !! capture closed
