$ /home/sahur/.local/bin/esptool --chip esp32c3 --port /dev/serial/by-id/usb-Espressif_USB_JTAG_serial_debug_unit_94:A9:90:6A:EE:C4-if00 --baud 460800 --before default-reset --after hard-reset write-flash --flash-mode dio --flash-size 2MB --flash-freq 80m 0x10000 artifacts/hil/2026-09-26/images/full-r19-member-bridge-adoptionfix-net3/build/routeloom_bridge_node.bin
esptool v5.4.0
Serial port /dev/serial/by-id/usb-Espressif_USB_JTAG_serial_debug_unit_94:A9:90:6A:EE:C4-if00:
Connecting...
Connected to ESP32-C3 on /dev/serial/by-id/usb-Espressif_USB_JTAG_serial_debug_unit_94:A9:90:6A:EE:C4-if00:
Chip type:          ESP32-C3 (QFN32) (revision v0.4)
Features:           Wi-Fi, BT 5 (LE), Single Core, 160MHz, Embedded Flash 4MB (XMC)
Crystal frequency:  40MHz
USB mode:           USB-Serial/JTAG
MAC:                94:a9:90:6a:ee:c4

Uploading stub flasher...
Running stub flasher...
Stub flasher running.
Changing baud rate to 460800...
Changed.

Configuring flash size...
Flash will be erased from 0x00010000 to 0x00152fff...
Compressed 1319728 bytes to 780238...
Writing at 0x0001c61c ╸                                2.1% 16.00kB/761.95kB [0s] 
Writing at 0x000280cc ━                                4.2% 32.00kB/761.95kB [0s] 
Writing at 0x0002ec0f ━╸                               6.3% 48.00kB/761.95kB [1s] 
Writing at 0x00037d5d ━━╸                              8.4% 64.00kB/761.95kB [1s] 
Writing at 0x0003e4d2 ━━━                             10.5% 80.00kB/761.95kB [2s] 
Writing at 0x00045220 ━━━╸                            12.6% 96.00kB/761.95kB [2s] 
Writing at 0x0004c20f ━━━━                            14.7% 112.00kB/761.95kB [3s] 
Writing at 0x00052f22 ━━━━━                           16.8% 128.00kB/761.95kB [4s] 
Writing at 0x00059765 ━━━━━╸                          18.9% 144.00kB/761.95kB [4s] 
Writing at 0x00060598 ━━━━━━                          21.0% 160.00kB/761.95kB [5s] 
Writing at 0x00066f5f ━━━━━━╸                         23.1% 176.00kB/761.95kB [5s] 
Writing at 0x0006dc57 ━━━━━━━╸                        25.2% 192.00kB/761.95kB [5s] 
Writing at 0x000743b0 ━━━━━━━━                        27.3% 208.00kB/761.95kB [5s] 
Writing at 0x0007b02c ━━━━━━━━╸                       29.4% 224.00kB/761.95kB [5s] 
Writing at 0x000815b7 ━━━━━━━━━                       31.5% 240.00kB/761.95kB [5s] 
Writing at 0x0008803d ━━━━━━━━━━                      33.6% 256.00kB/761.95kB [6s] 
Writing at 0x0008e642 ━━━━━━━━━━╸                     35.7% 272.00kB/761.95kB [6s] 
Writing at 0x000950dc ━━━━━━━━━━━                     37.8% 288.00kB/761.95kB [6s] 
Writing at 0x0009b8a6 ━━━━━━━━━━━╸                    39.9% 304.00kB/761.95kB [6s] 
Writing at 0x000a2006 ━━━━━━━━━━━━╸                   42.0% 320.00kB/761.95kB [6s] 
Writing at 0x000a89a8 ━━━━━━━━━━━━━                   44.1% 336.00kB/761.95kB [6s] 
Writing at 0x000af282 ━━━━━━━━━━━━━╸                  46.2% 352.00kB/761.95kB [6s] 
Writing at 0x000b5dfa ━━━━━━━━━━━━━━                  48.3% 368.00kB/761.95kB [6s] 
Writing at 0x000bc433 ━━━━━━━━━━━━━━━                 50.4% 384.00kB/761.95kB [6s] 
Writing at 0x000c3356 ━━━━━━━━━━━━━━━╸                52.5% 400.00kB/761.95kB [6s] 
Writing at 0x000c9b67 ━━━━━━━━━━━━━━━━                54.6% 416.00kB/761.95kB [6s] 
Writing at 0x000d01d7 ━━━━━━━━━━━━━━━━━               56.7% 432.00kB/761.95kB [7s] 
Writing at 0x000d7911 ━━━━━━━━━━━━━━━━━╸              58.8% 448.00kB/761.95kB [7s] 
Writing at 0x000def73 ━━━━━━━━━━━━━━━━━━              60.9% 464.00kB/761.95kB [7s] 
Writing at 0x000e5ce2 ━━━━━━━━━━━━━━━━━━╸             63.0% 480.00kB/761.95kB [7s] 
Writing at 0x000ebae5 ━━━━━━━━━━━━━━━━━━━╸            65.1% 496.00kB/761.95kB [7s] 
Writing at 0x000f19b2 ━━━━━━━━━━━━━━━━━━━━            67.2% 512.00kB/761.95kB [7s] 
Writing at 0x000f76fd ━━━━━━━━━━━━━━━━━━━━╸           69.3% 528.00kB/761.95kB [7s] 
Writing at 0x000fd132 ━━━━━━━━━━━━━━━━━━━━━           71.4% 544.00kB/761.95kB [7s] 
Writing at 0x00102de3 ━━━━━━━━━━━━━━━━━━━━━━          73.5% 560.00kB/761.95kB [7s] 
Writing at 0x001094b0 ━━━━━━━━━━━━━━━━━━━━━━╸         75.6% 576.00kB/761.95kB [7s] 
Writing at 0x0010f5d4 ━━━━━━━━━━━━━━━━━━━━━━━         77.7% 592.00kB/761.95kB [8s] 
Writing at 0x0011520c ━━━━━━━━━━━━━━━━━━━━━━━╸        79.8% 608.00kB/761.95kB [8s] 
Writing at 0x0011b87f ━━━━━━━━━━━━━━━━━━━━━━━━╸       81.9% 624.00kB/761.95kB [8s] 
Writing at 0x00121a08 ━━━━━━━━━━━━━━━━━━━━━━━━━       84.0% 640.00kB/761.95kB [8s] 
Writing at 0x00127889 ━━━━━━━━━━━━━━━━━━━━━━━━━╸      86.1% 656.00kB/761.95kB [8s] 
Writing at 0x0012dbc4 ━━━━━━━━━━━━━━━━━━━━━━━━━━      88.2% 672.00kB/761.95kB [8s] 
Writing at 0x001341e6 ━━━━━━━━━━━━━━━━━━━━━━━━━━━     90.3% 688.00kB/761.95kB [8s] 
Writing at 0x0013a5be ━━━━━━━━━━━━━━━━━━━━━━━━━━━╸    92.4% 704.00kB/761.95kB [8s] 
Writing at 0x001400e2 ━━━━━━━━━━━━━━━━━━━━━━━━━━━━    94.5% 720.00kB/761.95kB [8s] 
Writing at 0x001457e1 ━━━━━━━━━━━━━━━━━━━━━━━━━━━━╸   96.6% 736.00kB/761.95kB [8s] 
Writing at 0x0014c163 ━━━━━━━━━━━━━━━━━━━━━━━━━━━━━╸  98.7% 752.00kB/761.95kB [8s] 
Writing at 0x00152330 ━━━━━━━━━━━━━━━━━━━━━━━━━━━━━━ 100.0% 761.95kB/761.95kB [9s] 
Wrote 1319728 bytes (780238 compressed) at 0x00010000 in 9.2 seconds (1153.5 kbit/s).
Verifying written data...
Hash of data verified.

Hard resetting via RTS pin...
