$ /home/sahur/.local/bin/esptool --chip esp32c3 --port /dev/serial/by-id/usb-Espressif_USB_JTAG_serial_debug_unit_94:A9:90:7A:26:AC-if00 --baud 460800 --before default-reset --after hard-reset write-flash --flash-mode dio --flash-size 2MB --flash-freq 80m 0x0 artifacts/hil/2026-09-26/images/bridge-devram/build/bootloader/bootloader.bin 0x8000 artifacts/hil/2026-09-26/images/bridge-devram/build/partition_table/partition-table.bin 0x10000 artifacts/hil/2026-09-26/images/bridge-devram/build/routeloom_bridge_node.bin
esptool v5.4.0
Serial port /dev/serial/by-id/usb-Espressif_USB_JTAG_serial_debug_unit_94:A9:90:7A:26:AC-if00:
Connecting...
Connected to ESP32-C3 on /dev/serial/by-id/usb-Espressif_USB_JTAG_serial_debug_unit_94:A9:90:7A:26:AC-if00:
Chip type:          ESP32-C3 (QFN32) (revision v0.4)
Features:           Wi-Fi, BT 5 (LE), Single Core, 160MHz, Embedded Flash 4MB (XMC)
Crystal frequency:  40MHz
USB mode:           USB-Serial/JTAG
MAC:                94:a9:90:7a:26:ac

Uploading stub flasher...
Running stub flasher...
Stub flasher running.
Changing baud rate to 460800...
Changed.

Configuring flash size...

Writing 'artifacts/hil/2026-09-26/images/bridge-devram/build/bootloader/bootloader.bin' at 0x00000000...
SHA digest in image updated.
Flash will be erased from 0x00000000 to 0x00005fff...
Compressed 21280 bytes to 13470...
Writing at 0x00005320 ━━━━━━━━━━━━━━━━━━━━━━━━━━━━━━ 100.0% 13.15kB/13.15kB [0s] 
Wrote 21280 bytes (13470 compressed) at 0x00000000 in 0.3 seconds (600.8 kbit/s).
Verifying written data...
Hash of data verified.

Writing 'artifacts/hil/2026-09-26/images/bridge-devram/build/partition_table/partition-table.bin' at 0x00008000...
Flash will be erased from 0x00008000 to 0x00008fff...
Compressed 3072 bytes to 120...
Writing at 0x00008c00 ━━━━━━━━━━━━━━━━━━━━━━━━━━━━━━ 100.0% 120B/120B [0s] 
Wrote 3072 bytes (120 compressed) at 0x00008000 in 0.0 seconds (4026.7 kbit/s).
Verifying written data...
Hash of data verified.

Writing 'artifacts/hil/2026-09-26/images/bridge-devram/build/routeloom_bridge_node.bin' at 0x00010000...
Flash will be erased from 0x00010000 to 0x00175fff...
Compressed 1463616 bytes to 862719...
Writing at 0x0001c4cc ╸                                1.9% 16.00kB/842.50kB [0s] 
Writing at 0x000283ca ━                                3.8% 32.00kB/842.50kB [0s] 
Writing at 0x0002f74b ━╸                               5.7% 48.00kB/842.50kB [1s] 
Writing at 0x00039b6f ━━                               7.6% 64.00kB/842.50kB [1s] 
Writing at 0x0003ffb4 ━━╸                              9.5% 80.00kB/842.50kB [2s] 
Writing at 0x00046d2c ━━━                             11.4% 96.00kB/842.50kB [2s] 
Writing at 0x0004dec8 ━━━╸                            13.3% 112.00kB/842.50kB [3s] 
Writing at 0x00054927 ━━━━╸                           15.2% 128.00kB/842.50kB [4s] 
Writing at 0x0005b5b4 ━━━━━                           17.1% 144.00kB/842.50kB [4s] 
Writing at 0x00061dd8 ━━━━━╸                          19.0% 160.00kB/842.50kB [5s] 
Writing at 0x000685c7 ━━━━━━                          20.9% 176.00kB/842.50kB [5s] 
Writing at 0x0006f510 ━━━━━━╸                         22.8% 192.00kB/842.50kB [6s] 
Writing at 0x00075bdc ━━━━━━━                         24.7% 208.00kB/842.50kB [6s] 
Writing at 0x0007cad4 ━━━━━━━╸                        26.6% 224.00kB/842.50kB [6s] 
Writing at 0x000831be ━━━━━━━━╸                       28.5% 240.00kB/842.50kB [6s] 
Writing at 0x00089acc ━━━━━━━━━                       30.4% 256.00kB/842.50kB [6s] 
Writing at 0x00090212 ━━━━━━━━━╸                      32.3% 272.00kB/842.50kB [6s] 
Writing at 0x00096928 ━━━━━━━━━━                      34.2% 288.00kB/842.50kB [6s] 
Writing at 0x0009d376 ━━━━━━━━━━╸                     36.1% 304.00kB/842.50kB [6s] 
Writing at 0x000a3cce ━━━━━━━━━━━                     38.0% 320.00kB/842.50kB [7s] 
Writing at 0x000aa37f ━━━━━━━━━━━╸                    39.9% 336.00kB/842.50kB [7s] 
Writing at 0x000b100d ━━━━━━━━━━━━╸                   41.8% 352.00kB/842.50kB [7s] 
Writing at 0x000b769c ━━━━━━━━━━━━━                   43.7% 368.00kB/842.50kB [7s] 
Writing at 0x000be364 ━━━━━━━━━━━━━╸                  45.6% 384.00kB/842.50kB [7s] 
Writing at 0x000c4c6c ━━━━━━━━━━━━━━                  47.5% 400.00kB/842.50kB [7s] 
Writing at 0x000cb31e ━━━━━━━━━━━━━━╸                 49.4% 416.00kB/842.50kB [7s] 
Writing at 0x000d23b7 ━━━━━━━━━━━━━━━                 51.3% 432.00kB/842.50kB [7s] 
Writing at 0x000d9b26 ━━━━━━━━━━━━━━━╸                53.2% 448.00kB/842.50kB [7s] 
Writing at 0x000e0754 ━━━━━━━━━━━━━━━━╸               55.1% 464.00kB/842.50kB [7s] 
Writing at 0x000e77d3 ━━━━━━━━━━━━━━━━━               57.0% 480.00kB/842.50kB [8s] 
Writing at 0x000ed4d9 ━━━━━━━━━━━━━━━━━╸              58.9% 496.00kB/842.50kB [8s] 
Writing at 0x000f31b1 ━━━━━━━━━━━━━━━━━━              60.8% 512.00kB/842.50kB [8s] 
Writing at 0x000f8d95 ━━━━━━━━━━━━━━━━━━╸             62.7% 528.00kB/842.50kB [8s] 
Writing at 0x000fe85f ━━━━━━━━━━━━━━━━━━━             64.6% 544.00kB/842.50kB [8s] 
Writing at 0x001046ad ━━━━━━━━━━━━━━━━━━━╸            66.5% 560.00kB/842.50kB [8s] 
Writing at 0x0010b0bb ━━━━━━━━━━━━━━━━━━━━╸           68.4% 576.00kB/842.50kB [8s] 
Writing at 0x00110dfe ━━━━━━━━━━━━━━━━━━━━━           70.3% 592.00kB/842.50kB [8s] 
Writing at 0x00116bc6 ━━━━━━━━━━━━━━━━━━━━━╸          72.2% 608.00kB/842.50kB [8s] 
Writing at 0x0011ce54 ━━━━━━━━━━━━━━━━━━━━━━          74.1% 624.00kB/842.50kB [8s] 
Writing at 0x00123389 ━━━━━━━━━━━━━━━━━━━━━━╸         76.0% 640.00kB/842.50kB [8s] 
Writing at 0x00129587 ━━━━━━━━━━━━━━━━━━━━━━━         77.9% 656.00kB/842.50kB [8s] 
Writing at 0x0012f3d6 ━━━━━━━━━━━━━━━━━━━━━━━╸        79.8% 672.00kB/842.50kB [9s] 
Writing at 0x00135b0f ━━━━━━━━━━━━━━━━━━━━━━━━        81.7% 688.00kB/842.50kB [9s] 
Writing at 0x0013c8da ━━━━━━━━━━━━━━━━━━━━━━━━━       83.6% 704.00kB/842.50kB [9s] 
Writing at 0x001436ac ━━━━━━━━━━━━━━━━━━━━━━━━━╸      85.5% 720.00kB/842.50kB [9s] 
Writing at 0x0014a10a ━━━━━━━━━━━━━━━━━━━━━━━━━━      87.4% 736.00kB/842.50kB [9s] 
Writing at 0x00150466 ━━━━━━━━━━━━━━━━━━━━━━━━━━╸     89.3% 752.00kB/842.50kB [9s] 
Writing at 0x0015670d ━━━━━━━━━━━━━━━━━━━━━━━━━━━     91.2% 768.00kB/842.50kB [9s] 
Writing at 0x0015c985 ━━━━━━━━━━━━━━━━━━━━━━━━━━━╸    93.1% 784.00kB/842.50kB [9s] 
Writing at 0x00161f78 ━━━━━━━━━━━━━━━━━━━━━━━━━━━━    95.0% 800.00kB/842.50kB [9s] 
Writing at 0x00167e4a ━━━━━━━━━━━━━━━━━━━━━━━━━━━━━   96.9% 816.00kB/842.50kB [9s] 
Writing at 0x0016edfe ━━━━━━━━━━━━━━━━━━━━━━━━━━━━━╸  98.8% 832.00kB/842.50kB [9s] 
Writing at 0x00175540 ━━━━━━━━━━━━━━━━━━━━━━━━━━━━━━ 100.0% 842.50kB/842.50kB [9s] 
Wrote 1463616 bytes (862719 compressed) at 0x00010000 in 10.2 seconds (1153.2 kbit/s).
Verifying written data...
Hash of data verified.

Hard resetting via RTS pin...
