$ /home/sahur/.local/bin/esptool --chip esp32c3 --port /dev/serial/by-id/usb-Espressif_USB_JTAG_serial_debug_unit_94:A9:90:6A:EE:C4-if00 --baud 460800 --before default-reset --after hard-reset write-flash --flash-mode dio --flash-size 2MB --flash-freq 80m 0x0 artifacts/hil/2026-09-26/images/bridge-member-lowmem-usbdiag5/build/bootloader/bootloader.bin 0x8000 artifacts/hil/2026-09-26/images/bridge-member-lowmem-usbdiag5/build/partition_table/partition-table.bin 0x10000 artifacts/hil/2026-09-26/images/bridge-member-lowmem-usbdiag5/build/routeloom_bridge_node.bin
esptool v5.4.0
Serial port /dev/serial/by-id/usb-Espressif_USB_JTAG_serial_debug_unit_94:A9:90:6A:EE:C4-if00:
Connecting...
Connected to ESP32-C3 on /dev/serial/by-id/usb-Espressif_USB_JTAG_serial_debug_unit_94:A9:90:6A:EE:C4-if00:
Chip type:          ESP32-C3 (QFN32) (revision v0.4)
Features:           Wi-Fi, BT 5 (LE), Single Core, 160MHz, Embedded Flash 4MB (XMC)
Crystal frequency:  40MHz
USB mode:           USB-Serial/JTAG
MAC:                94:a9:90:6a:ee:c4

Uploading stub flasher...
Running stub flasher...
Stub flasher running.
Changing baud rate to 460800...
Changed.

Configuring flash size...

Writing 'artifacts/hil/2026-09-26/images/bridge-member-lowmem-usbdiag5/build/bootloader/bootloader.bin' at 0x00000000...
SHA digest in image updated.
Flash will be erased from 0x00000000 to 0x00005fff...
Compressed 21344 bytes to 13509...
Writing at 0x00005360 ━━━━━━━━━━━━━━━━━━━━━━━━━━━━━━ 100.0% 13.19kB/13.19kB [0s] 
Wrote 21344 bytes (13509 compressed) at 0x00000000 in 0.3 seconds (669.8 kbit/s).
Verifying written data...
Hash of data verified.

Writing 'artifacts/hil/2026-09-26/images/bridge-member-lowmem-usbdiag5/build/partition_table/partition-table.bin' at 0x00008000...
Flash will be erased from 0x00008000 to 0x00008fff...
Compressed 3072 bytes to 120...
Writing at 0x00008c00 ━━━━━━━━━━━━━━━━━━━━━━━━━━━━━━ 100.0% 120B/120B [0s] 
Wrote 3072 bytes (120 compressed) at 0x00008000 in 0.0 seconds (4318.2 kbit/s).
Verifying written data...
Hash of data verified.

Writing 'artifacts/hil/2026-09-26/images/bridge-member-lowmem-usbdiag5/build/routeloom_bridge_node.bin' at 0x00010000...
Flash will be erased from 0x00010000 to 0x00174fff...
Compressed 1459952 bytes to 860865...
Writing at 0x0001c56a ╸                                1.9% 16.00kB/840.69kB [0s] 
Writing at 0x00028423 ━                                3.8% 32.00kB/840.69kB [0s] 
Writing at 0x0002f6da ━╸                               5.7% 48.00kB/840.69kB [1s] 
Writing at 0x00039afc ━━                               7.6% 64.00kB/840.69kB [1s] 
Writing at 0x0003ff4f ━━╸                              9.5% 80.00kB/840.69kB [2s] 
Writing at 0x00046cc9 ━━━                             11.4% 96.00kB/840.69kB [2s] 
Writing at 0x0004dfb1 ━━━╸                            13.3% 112.00kB/840.69kB [3s] 
Writing at 0x00054a12 ━━━━╸                           15.2% 128.00kB/840.69kB [4s] 
Writing at 0x0005b4f1 ━━━━━                           17.1% 144.00kB/840.69kB [4s] 
Writing at 0x00061e09 ━━━━━╸                          19.0% 160.00kB/840.69kB [5s] 
Writing at 0x000685d6 ━━━━━━                          20.9% 176.00kB/840.69kB [5s] 
Writing at 0x0006f5d9 ━━━━━━╸                         22.8% 192.00kB/840.69kB [6s] 
Writing at 0x00075c26 ━━━━━━━                         24.7% 208.00kB/840.69kB [6s] 
Writing at 0x0007c95e ━━━━━━━╸                        26.6% 224.00kB/840.69kB [6s] 
Writing at 0x00083101 ━━━━━━━━╸                       28.5% 240.00kB/840.69kB [6s] 
Writing at 0x000899b0 ━━━━━━━━━                       30.5% 256.00kB/840.69kB [6s] 
Writing at 0x00090049 ━━━━━━━━━╸                      32.4% 272.00kB/840.69kB [6s] 
Writing at 0x0009687e ━━━━━━━━━━                      34.3% 288.00kB/840.69kB [6s] 
Writing at 0x0009d264 ━━━━━━━━━━╸                     36.2% 304.00kB/840.69kB [6s] 
Writing at 0x000a3af1 ━━━━━━━━━━━                     38.1% 320.00kB/840.69kB [6s] 
Writing at 0x000aa162 ━━━━━━━━━━━╸                    40.0% 336.00kB/840.69kB [7s] 
Writing at 0x000b0dd2 ━━━━━━━━━━━━╸                   41.9% 352.00kB/840.69kB [7s] 
Writing at 0x000b774a ━━━━━━━━━━━━━                   43.8% 368.00kB/840.69kB [7s] 
Writing at 0x000be2ff ━━━━━━━━━━━━━╸                  45.7% 384.00kB/840.69kB [7s] 
Writing at 0x000c4dbf ━━━━━━━━━━━━━━                  47.6% 400.00kB/840.69kB [7s] 
Writing at 0x000cb1e4 ━━━━━━━━━━━━━━╸                 49.5% 416.00kB/840.69kB [7s] 
Writing at 0x000d21fa ━━━━━━━━━━━━━━━                 51.4% 432.00kB/840.69kB [7s] 
Writing at 0x000d99b6 ━━━━━━━━━━━━━━━╸                53.3% 448.00kB/840.69kB [7s] 
Writing at 0x000e08fa ━━━━━━━━━━━━━━━━╸               55.2% 464.00kB/840.69kB [7s] 
Writing at 0x000e736c ━━━━━━━━━━━━━━━━━               57.1% 480.00kB/840.69kB [8s] 
Writing at 0x000ed0d5 ━━━━━━━━━━━━━━━━━╸              59.0% 496.00kB/840.69kB [8s] 
Writing at 0x000f2d78 ━━━━━━━━━━━━━━━━━━              60.9% 512.00kB/840.69kB [8s] 
Writing at 0x000f88b2 ━━━━━━━━━━━━━━━━━━╸             62.8% 528.00kB/840.69kB [8s] 
Writing at 0x000fe443 ━━━━━━━━━━━━━━━━━━━             64.7% 544.00kB/840.69kB [8s] 
Writing at 0x00104241 ━━━━━━━━━━━━━━━━━━━╸            66.6% 560.00kB/840.69kB [8s] 
Writing at 0x0010abd6 ━━━━━━━━━━━━━━━━━━━━╸           68.5% 576.00kB/840.69kB [8s] 
Writing at 0x00110a2e ━━━━━━━━━━━━━━━━━━━━━           70.4% 592.00kB/840.69kB [8s] 
Writing at 0x001166bc ━━━━━━━━━━━━━━━━━━━━━╸          72.3% 608.00kB/840.69kB [8s] 
Writing at 0x0011caa5 ━━━━━━━━━━━━━━━━━━━━━━          74.2% 624.00kB/840.69kB [8s] 
Writing at 0x00122f03 ━━━━━━━━━━━━━━━━━━━━━━╸         76.1% 640.00kB/840.69kB [8s] 
Writing at 0x00129169 ━━━━━━━━━━━━━━━━━━━━━━━         78.0% 656.00kB/840.69kB [8s] 
Writing at 0x0012ef5d ━━━━━━━━━━━━━━━━━━━━━━━╸        79.9% 672.00kB/840.69kB [9s] 
Writing at 0x00135886 ━━━━━━━━━━━━━━━━━━━━━━━━╸       81.8% 688.00kB/840.69kB [9s] 
Writing at 0x0013c70c ━━━━━━━━━━━━━━━━━━━━━━━━━       83.7% 704.00kB/840.69kB [9s] 
Writing at 0x0014348e ━━━━━━━━━━━━━━━━━━━━━━━━━╸      85.6% 720.00kB/840.69kB [9s] 
Writing at 0x00149e17 ━━━━━━━━━━━━━━━━━━━━━━━━━━      87.5% 736.00kB/840.69kB [9s] 
Writing at 0x00150094 ━━━━━━━━━━━━━━━━━━━━━━━━━━╸     89.5% 752.00kB/840.69kB [9s] 
Writing at 0x001563d7 ━━━━━━━━━━━━━━━━━━━━━━━━━━━     91.4% 768.00kB/840.69kB [9s] 
Writing at 0x0015c489 ━━━━━━━━━━━━━━━━━━━━━━━━━━━╸    93.3% 784.00kB/840.69kB [9s] 
Writing at 0x00161abc ━━━━━━━━━━━━━━━━━━━━━━━━━━━━╸   95.2% 800.00kB/840.69kB [9s] 
Writing at 0x00167b20 ━━━━━━━━━━━━━━━━━━━━━━━━━━━━━   97.1% 816.00kB/840.69kB [9s] 
Writing at 0x0016ed36 ━━━━━━━━━━━━━━━━━━━━━━━━━━━━━╸  99.0% 832.00kB/840.69kB [9s] 
Writing at 0x001746f0 ━━━━━━━━━━━━━━━━━━━━━━━━━━━━━━ 100.0% 840.69kB/840.69kB [10s] 
Wrote 1459952 bytes (860865 compressed) at 0x00010000 in 10.2 seconds (1141.0 kbit/s).
Verifying written data...
Hash of data verified.

Hard resetting via RTS pin...
