/home/sahur/.local/bin/esptool --chip esp32c6 --port /dev/serial/by-id/usb-Espressif_USB_JTAG_serial_debug_unit_10:BD:A3:B1:47:54-if00 -b 460800 --after no-reset write-flash --flash-mode keep --flash-freq keep --flash-size keep 0x10000 /home/sahur/orca/workspaces/RouteLoom/v2-h1/artifacts/hil/images/h1-ep-os/images/ota_data_initial.bin 0x40000 /home/sahur/orca/workspaces/RouteLoom/v2-h1/artifacts/hil/images/h1-ep-os/images/application.bin
esptool v5.4.0
Serial port /dev/serial/by-id/usb-Espressif_USB_JTAG_serial_debug_unit_10:BD:A3:B1:47:54-if00:
Connecting...
Connected to ESP32-C6 on /dev/serial/by-id/usb-Espressif_USB_JTAG_serial_debug_unit_10:BD:A3:B1:47:54-if00:
Chip type:          ESP32-C6FH4 (QFN32) (revision v0.2)
Features:           Wi-Fi 6, BT 5 (LE), IEEE802.15.4, Single Core + LP Core, 160MHz, Embedded Flash 4MB
Crystal frequency:  40MHz
USB mode:           USB-Serial/JTAG
MAC:                10:bd:a3:ff:fe:b1:47:54
BASE MAC:           10:bd:a3:b1:47:54
MAC_EXT:            ff:fe

Uploading stub flasher...
Running stub flasher...
Stub flasher running.
Changing baud rate to 460800...
Changed.

Configuring flash size...

Writing '/home/sahur/orca/workspaces/RouteLoom/v2-h1/artifacts/hil/images/h1-ep-os/images/ota_data_initial.bin' at 0x00010000...
Flash will be erased from 0x00010000 to 0x00011fff...
Compressed 8192 bytes to 31...
Writing at 0x00012000 ━━━━━━━━━━━━━━━━━━━━━━━━━━━━━━ 100.0% 31B/31B [0s] 
Wrote 8192 bytes (31 compressed) at 0x00010000 in 0.0 seconds (4343.2 kbit/s).
Verifying written data...
Hash of data verified.

Writing '/home/sahur/orca/workspaces/RouteLoom/v2-h1/artifacts/hil/images/h1-ep-os/images/application.bin' at 0x00040000...
Flash will be erased from 0x00040000 to 0x0016dfff...
Compressed 1235408 bytes to 793614...
Writing at 0x0004c17c ╸                                2.1% 16.00kB/775.01kB [0s] 
Writing at 0x000578b4 ━                                4.1% 32.00kB/775.01kB [0s] 
Writing at 0x0005e73f ━╸                               6.2% 48.00kB/775.01kB [0s] 
Writing at 0x00066e3a ━━                               8.3% 64.00kB/775.01kB [0s] 
Writing at 0x0006caa0 ━━━                             10.3% 80.00kB/775.01kB [0s] 
Writing at 0x000727cb ━━━╸                            12.4% 96.00kB/775.01kB [1s] 
Writing at 0x00078d6e ━━━━                            14.5% 112.00kB/775.01kB [1s] 
Writing at 0x0007ec36 ━━━━╸                           16.5% 128.00kB/775.01kB [1s] 
Writing at 0x000848f8 ━━━━━╸                          18.6% 144.00kB/775.01kB [1s] 
Writing at 0x0008a980 ━━━━━━                          20.6% 160.00kB/775.01kB [1s] 
Writing at 0x0009056d ━━━━━━╸                         22.7% 176.00kB/775.01kB [2s] 
Writing at 0x00095f61 ━━━━━━━                         24.8% 192.00kB/775.01kB [2s] 
Writing at 0x0009ba54 ━━━━━━━━                        26.8% 208.00kB/775.01kB [2s] 
Writing at 0x000a15c4 ━━━━━━━━╸                       28.9% 224.00kB/775.01kB [2s] 
Writing at 0x000a704d ━━━━━━━━━                       31.0% 240.00kB/775.01kB [2s] 
Writing at 0x000ac8bc ━━━━━━━━━╸                      33.0% 256.00kB/775.01kB [2s] 
Writing at 0x000b24c7 ━━━━━━━━━━╸                     35.1% 272.00kB/775.01kB [2s] 
Writing at 0x000b84e0 ━━━━━━━━━━━                     37.2% 288.00kB/775.01kB [2s] 
Writing at 0x000be1a7 ━━━━━━━━━━━╸                    39.2% 304.00kB/775.01kB [2s] 
Writing at 0x000c3c68 ━━━━━━━━━━━━                    41.3% 320.00kB/775.01kB [2s] 
Writing at 0x000c96fb ━━━━━━━━━━━━━                   43.4% 336.00kB/775.01kB [2s] 
Writing at 0x000cf28a ━━━━━━━━━━━━━╸                  45.4% 352.00kB/775.01kB [2s] 
Writing at 0x000d5245 ━━━━━━━━━━━━━━                  47.5% 368.00kB/775.01kB [2s] 
Writing at 0x000db5b5 ━━━━━━━━━━━━━━╸                 49.5% 384.00kB/775.01kB [3s] 
Writing at 0x000e0f69 ━━━━━━━━━━━━━━━                 51.6% 400.00kB/775.01kB [3s] 
Writing at 0x000e6dc7 ━━━━━━━━━━━━━━━━                53.7% 416.00kB/775.01kB [3s] 
Writing at 0x000ecdbe ━━━━━━━━━━━━━━━━╸               55.7% 432.00kB/775.01kB [3s] 
Writing at 0x000f2c89 ━━━━━━━━━━━━━━━━━               57.8% 448.00kB/775.01kB [3s] 
Writing at 0x000f92a5 ━━━━━━━━━━━━━━━━━╸              59.9% 464.00kB/775.01kB [3s] 
Writing at 0x000feebd ━━━━━━━━━━━━━━━━━━╸             61.9% 480.00kB/775.01kB [3s] 
Writing at 0x00104bc0 ━━━━━━━━━━━━━━━━━━━             64.0% 496.00kB/775.01kB [3s] 
Writing at 0x0010a9ed ━━━━━━━━━━━━━━━━━━━╸            66.1% 512.00kB/775.01kB [3s] 
Writing at 0x00110303 ━━━━━━━━━━━━━━━━━━━━            68.1% 528.00kB/775.01kB [3s] 
Writing at 0x00116308 ━━━━━━━━━━━━━━━━━━━━━           70.2% 544.00kB/775.01kB [3s] 
Writing at 0x0011cf2b ━━━━━━━━━━━━━━━━━━━━━╸          72.3% 560.00kB/775.01kB [3s] 
Writing at 0x00122c31 ━━━━━━━━━━━━━━━━━━━━━━          74.3% 576.00kB/775.01kB [3s] 
Writing at 0x00128b56 ━━━━━━━━━━━━━━━━━━━━━━╸         76.4% 592.00kB/775.01kB [3s] 
Writing at 0x0012eb03 ━━━━━━━━━━━━━━━━━━━━━━━╸        78.5% 608.00kB/775.01kB [3s] 
Writing at 0x00135078 ━━━━━━━━━━━━━━━━━━━━━━━━        80.5% 624.00kB/775.01kB [4s] 
Writing at 0x0013adb3 ━━━━━━━━━━━━━━━━━━━━━━━━╸       82.6% 640.00kB/775.01kB [4s] 
Writing at 0x00140be6 ━━━━━━━━━━━━━━━━━━━━━━━━━       84.6% 656.00kB/775.01kB [4s] 
Writing at 0x00146c36 ━━━━━━━━━━━━━━━━━━━━━━━━━━      86.7% 672.00kB/775.01kB [4s] 
Writing at 0x0014c97e ━━━━━━━━━━━━━━━━━━━━━━━━━━╸     88.8% 688.00kB/775.01kB [4s] 
Writing at 0x0015206a ━━━━━━━━━━━━━━━━━━━━━━━━━━━     90.8% 704.00kB/775.01kB [4s] 
Writing at 0x0015772b ━━━━━━━━━━━━━━━━━━━━━━━━━━━╸    92.9% 720.00kB/775.01kB [4s] 
Writing at 0x0015d9b0 ━━━━━━━━━━━━━━━━━━━━━━━━━━━━    95.0% 736.00kB/775.01kB [4s] 
Writing at 0x001632b3 ━━━━━━━━━━━━━━━━━━━━━━━━━━━━━   97.0% 752.00kB/775.01kB [4s] 
Writing at 0x00168ede ━━━━━━━━━━━━━━━━━━━━━━━━━━━━━╸  99.1% 768.00kB/775.01kB [4s] 
Writing at 0x0016d9d0 ━━━━━━━━━━━━━━━━━━━━━━━━━━━━━━ 100.0% 775.01kB/775.01kB [4s] 
Wrote 1235408 bytes (793614 compressed) at 0x00040000 in 4.7 seconds (2096.7 kbit/s).
Verifying written data...
Hash of data verified.

Staying in bootloader.
