[2026-09-26T10:28:32.563Z] !! capture open /dev/serial/by-id/usb-Espressif_USB_JTAG_serial_debug_unit_94:A9:90:7A:26:AC-if00 @ 115200 backend=pyserial dtr=1 rts=0
[2026-09-26T10:28:32.890Z] I (73884) RouteLoom: HIL LINK tx peer=2 type=32 cid=213160084 seI (142486) RouteLoom: HIL LINK rx peer=2 type=32 cid=237340361 current=0 status=5 seq=15
[2026-09-26T10:28:35.526Z] I (145122) RouteLoom: HIL LINK tx peer=2 type=32 cid=487400799 seq=41
[2026-09-26T10:28:37.892Z] I (147487) RouteLoom: HIL LINK rx peer=2 type=32 cid=237340361 current=0 status=5 seq=17
[2026-09-26T10:28:40.527Z] I (150123) RouteLoom: HIL LINK tx peer=2 type=32 cid=487400799 seq=42
[2026-09-26T10:28:42.527Z] I (152123) RouteLoom: HIL PROBE tx peer=2 type=40 status=0
[2026-09-26T10:28:42.544Z] I (152140) RouteLoom: HIL LINK rx peer=2 type=41 cid=237340361 current=0 status=5 seq=12
[2026-09-26T10:28:42.895Z] I (152491) RouteLoom: HIL LINK rx peer=2 type=32 cid=237340361 current=0 status=5 seq=19
[2026-09-26T10:28:45.529Z] I (155124) RouteLoom: HIL LINK tx peer=2 type=32 cid=487400799 seq=43
[2026-09-26T10:28:47.895Z] I (157490) RouteLoom: HIL LINK rx peer=2 type=32 cid=237340361 current=0 status=5 seq=21
[2026-09-26T10:28:50.531Z] I (160126) RouteLoom: HIL LINK tx peer=2 type=32 cid=487400799 seq=44
[2026-09-26T10:28:52.544Z] I (162140) RouteLoom: HIL LINK rx peer=2 type=40 cid=237340361 current=0 status=5 seq=14
[2026-09-26T10:28:52.548Z] I (162144) RouteLoom: HIL PROBE tx peer=2 type=41 status=0
[2026-09-26T10:28:52.899Z] I (162494) RouteLoom: HIL LINK rx peer=2 type=32 cid=237340361 current=0 status=5 seq=23
[2026-09-26T10:28:55.532Z] I (165127) RouteLoom: HIL LINK tx peer=2 type=32 cid=487400799 seq=45
[2026-09-26T10:28:57.900Z] I (167495) RouteLoom: HIL LINK rx peer=2 type=32 cid=237340361 current=0 status=5 seq=25
[2026-09-26T10:29:00.533Z] I (170128) RouteLoom: HIL LINK tx peer=2 type=32 cid=487400799 seq=46
[2026-09-26T10:29:02.547Z] I (172143) RouteLoom: HIL PROBE tx peer=2 type=40 status=0
[2026-09-26T10:29:02.564Z] I (172160) RouteLoom: HIL LINK rx peer=2 type=41 cid=237340361 current=0 status=5 seq=16
[2026-09-26T10:29:02.901Z] I (172496) RouteLoom: HIL LINK rx peer=2 type=32 cid=237340361 current=0 status=5 seq=27
[2026-09-26T10:29:04.621Z] I (174216) RouteLoom: HIL LINK rx peer=2 type=3 cid=237340361 current=0 status=5 seq=2
[2026-09-26T10:29:04.626Z] I (174221) RouteLoom: HIL LINK tx peer=2 type=17 cid=487400799 seq=2
[2026-09-26T10:29:04.638Z] I (174234) RouteLoom: HIL LINK tx peer=2 type=3 cid=487400799 seq=1
[2026-09-26T10:29:04.650Z] I (174246) RouteLoom: HIL LINK tx peer=2 type=3 cid=487400799 seq=2
[2026-09-26T10:29:04.665Z] I (174261) RouteLoom: HIL LINK rx peer=2 type=17 cid=237340361 current=0 status=5 seq=1
[2026-09-26T10:29:04.676Z] I (174272) RouteLoom: HIL LINK rx peer=2 type=17 cid=237340361 current=0 status=5 seq=2
[2026-09-26T10:29:04.773Z] I (174368) RouteLoom: HIL LINK rx peer=2 type=16 cid=237340361 current=0 status=5 seq=1
[2026-09-26T10:29:04.777Z] W (174371) RouteLoomRef: diagnostic reason=session unknown context peer=2 message=present
[2026-09-26T10:29:04.785Z] I (174379) RouteLoom: HIL LINK rx peer=2 type=3 cid=237340361 current=0 status=5 seq=3
[2026-09-26T10:29:04.791Z] I (174386) RouteLoom: HIL LINK tx peer=2 type=17 cid=487400799 seq=3
[2026-09-26T10:29:04.813Z] I (174409) RouteLoom: HIL LINK rx peer=2 type=16 cid=237340361 current=0 status=5 seq=1
[2026-09-26T10:29:04.816Z] I (174412) RouteLoomRef: message origin=1 session=249 sequence=1 bytes=9
[2026-09-26T10:29:04.822Z] I (174416) RouteLoom: HIL LINK tx peer=2 type=17 cid=487400799 seq=1
[2026-09-26T10:29:04.831Z] I (174427) RouteLoom: HIL LINK tx peer=2 type=18 cid=487400799 seq=1
[2026-09-26T10:29:04.851Z] I (174447) RouteLoom: HIL LINK rx peer=2 type=17 cid=237340361 current=0 status=5 seq=1
[2026-09-26T10:29:04.928Z] I (174524) RouteLoom: HIL LINK rx peer=2 type=16 cid=237340361 current=0 status=5 seq=4
[2026-09-26T10:29:04.931Z] I (174527) RouteLoomRef: message origin=1 session=249 sequence=4 bytes=9
[2026-09-26T10:29:04.937Z] I (174530) RouteLoom: HIL LINK tx peer=2 type=17 cid=487400799 seq=4
[2026-09-26T10:29:04.946Z] I (174542) RouteLoom: HIL LINK tx peer=2 type=18 cid=487400799 seq=4
[2026-09-26T10:29:04.966Z] I (174562) RouteLoom: HIL LINK rx peer=2 type=17 cid=237340361 current=0 status=5 seq=4
[2026-09-26T10:29:04.990Z] I (174585) RouteLoom: HIL LINK rx peer=2 type=32 cid=237340361 current=0 status=5 seq=28
[2026-09-26T10:29:05.087Z] I (174682) RouteLoom: HIL LINK rx peer=2 type=16 cid=237340361 current=0 status=5 seq=5
[2026-09-26T10:29:05.090Z] I (174686) RouteLoomRef: message origin=1 session=249 sequence=5 bytes=9
[2026-09-26T10:29:05.096Z] I (174689) RouteLoom: HIL LINK tx peer=2 type=17 cid=487400799 seq=5
[2026-09-26T10:29:05.104Z] I (174700) RouteLoom: HIL LINK tx peer=2 type=18 cid=487400799 seq=5
[2026-09-26T10:29:05.124Z] I (174720) RouteLoom: HIL LINK rx peer=2 type=17 cid=237340361 current=0 status=5 seq=5
[2026-09-26T10:29:05.144Z] I (174740) RouteLoom: HIL LINK tx peer=2 type=32 cid=487400799 seq=47
[2026-09-26T10:29:05.233Z] I (174829) RouteLoom: HIL LINK rx peer=2 type=3 cid=237340361 current=0 status=5 seq=6
[2026-09-26T10:29:05.238Z] I (174834) RouteLoom: HIL LINK tx peer=2 type=17 cid=487400799 seq=6
[2026-09-26T10:29:05.534Z] I (175130) RouteLoom: HIL LINK tx peer=2 type=32 cid=487400799 seq=48
[2026-09-26T10:29:05.734Z] I (175329) RouteLoom: HIL LINK rx peer=2 type=3 cid=237340361 current=0 status=5 seq=7
[2026-09-26T10:29:05.739Z] I (175335) RouteLoom: HIL LINK tx peer=2 type=17 cid=487400799 seq=7
[2026-09-26T10:29:06.023Z] I (175618) RouteLoom: HIL LINK rx peer=2 type=32 cid=237340361 current=0 status=5 seq=31
[2026-09-26T10:29:06.234Z] I (175830) RouteLoom: HIL LINK rx peer=2 type=3 cid=237340361 current=0 status=5 seq=8
[2026-09-26T10:29:06.240Z] I (175835) RouteLoom: HIL LINK tx peer=2 type=17 cid=487400799 seq=8
[2026-09-26T10:29:07.076Z] I (176671) RouteLoom: HIL LINK rx peer=2 type=32 cid=237340361 current=0 status=5 seq=33
[2026-09-26T10:29:07.902Z] I (177497) RouteLoom: HIL LINK rx peer=2 type=32 cid=237340361 current=0 status=5 seq=35
[2026-09-26T10:29:10.535Z] I (180130) RouteLoom: HIL LINK tx peer=2 type=32 cid=487400799 seq=49
[2026-09-26T10:29:10.816Z] I (180412) RouteLoom: stack hwm main 11096 B
[2026-09-26T10:29:10.816Z] I (180412) RouteLoom: HIL HEAP free=22172 largest=19456 min=21408 B
[2026-09-26T10:29:10.826Z] I (180413) RouteLoom: HIL DISCOVERY candidates=0 neighbors=1 capacity=0 auth=2 stale=0 probes=15 send_failures=2 kind_rejects=0
[2026-09-26T10:29:10.834Z] I (180423) RouteLoom: HIL ROUTE peer=1 phase=-1 via=2 metric=2 generation=249 seq=1
[2026-09-26T10:29:10.841Z] I (180430) RouteLoom: HIL ROUTE peer=2 phase=5 via=2 metric=1 generation=257 seq=1
[2026-09-26T10:29:12.563Z] I (182159) RouteLoom: HIL LINK rx peer=2 type=40 cid=237340361 current=0 status=5 seq=18
[2026-09-26T10:29:12.567Z] I (182163) RouteLoom: HIL PROBE tx peer=2 type=41 status=0
[2026-09-26T10:29:12.904Z] I (182499) RouteLoom: HIL LINK rx peer=2 type=32 cid=237340361 current=0 status=5 seq=37
[2026-09-26T10:29:15.537Z] I (185132) RouteLoom: HIL LINK tx peer=2 type=32 cid=487400799 seq=50
[2026-09-26T10:29:17.906Z] I (187501) RouteLoom: HIL LINK rx peer=2 type=32 cid=237340361 current=0 status=5 seq=39
[2026-09-26T10:29:20.539Z] I (190134) RouteLoom: HIL LINK tx peer=2 type=32 cid=487400799 seq=51
[2026-09-26T10:29:22.566Z] I (192162) RouteLoom: HIL PROBE tx peer=2 type=40 status=0
[2026-09-26T10:29:22.585Z] I (192180) RouteLoom: HIL LINK rx peer=2 type=41 cid=237340361 current=0 status=5 seq=20
[2026-09-26T10:29:22.908Z] I (192503) RouteLoom: HIL LINK rx peer=2 type=32 cid=237340361 current=0 status=5 seq=41
[2026-09-26T10:29:23.296Z] I (192891) RouteLoom: HIL LINK rx peer=2 type=16 cid=237340361 current=0 status=5 seq=9
[2026-09-26T10:29:23.299Z] I (192895) RouteLoomRef: message origin=1 session=249 sequence=9 bytes=9
[2026-09-26T10:29:23.305Z] I (192898) RouteLoom: HIL LINK tx peer=2 type=17 cid=487400799 seq=9
[2026-09-26T10:29:23.314Z] I (192909) RouteLoom: HIL LINK tx peer=2 type=18 cid=487400799 seq=9
[2026-09-26T10:29:23.337Z] I (192932) RouteLoom: HIL LINK rx peer=2 type=17 cid=237340361 current=0 status=5 seq=9
[2026-09-26T10:29:23.405Z] I (193001) RouteLoom: HIL LINK rx peer=2 type=16 cid=237340361 current=0 status=5 seq=10
[2026-09-26T10:29:23.409Z] I (193004) RouteLoomRef: message origin=1 session=249 sequence=10 bytes=9
[2026-09-26T10:29:23.415Z] I (193008) RouteLoom: HIL LINK tx peer=2 type=17 cid=487400799 seq=10
[2026-09-26T10:29:23.423Z] I (193019) RouteLoom: HIL LINK tx peer=2 type=18 cid=487400799 seq=10
[2026-09-26T10:29:23.444Z] I (193039) RouteLoom: HIL LINK rx peer=2 type=17 cid=237340361 current=0 status=5 seq=10
[2026-09-26T10:29:23.522Z] I (193117) RouteLoom: HIL LINK rx peer=2 type=16 cid=237340361 current=0 status=5 seq=11
[2026-09-26T10:29:23.525Z] I (193121) RouteLoomRef: message origin=1 session=249 sequence=11 bytes=9
[2026-09-26T10:29:23.531Z] I (193124) RouteLoom: HIL LINK tx peer=2 type=17 cid=487400799 seq=11
[2026-09-26T10:29:23.541Z] I (193136) RouteLoom: HIL LINK tx peer=2 type=18 cid=487400799 seq=11
[2026-09-26T10:29:23.562Z] I (193157) RouteLoom: HIL LINK rx peer=2 type=17 cid=237340361 current=0 status=5 seq=11
[2026-09-26T10:29:23.639Z] I (193234) RouteLoom: HIL LINK rx peer=2 type=16 cid=237340361 current=0 status=5 seq=12
[2026-09-26T10:29:23.642Z] I (193238) RouteLoomRef: message origin=1 session=249 sequence=12 bytes=9
[2026-09-26T10:29:23.648Z] I (193241) RouteLoom: HIL LINK tx peer=2 type=17 cid=487400799 seq=12
[2026-09-26T10:29:23.659Z] I (193255) RouteLoom: HIL LINK tx peer=2 type=18 cid=487400799 seq=12
[2026-09-26T10:29:23.680Z] I (193275) RouteLoom: HIL LINK rx peer=2 type=17 cid=237340361 current=0 status=5 seq=12
[2026-09-26T10:29:23.761Z] I (193356) RouteLoom: HIL LINK rx peer=2 type=16 cid=237340361 current=0 status=5 seq=13
[2026-09-26T10:29:23.764Z] I (193359) RouteLoomRef: message origin=1 session=249 sequence=13 bytes=9
[2026-09-26T10:29:23.770Z] I (193363) RouteLoom: HIL LINK tx peer=2 type=17 cid=487400799 seq=13
[2026-09-26T10:29:23.779Z] I (193374) RouteLoom: HIL LINK tx peer=2 type=18 cid=487400799 seq=13
[2026-09-26T10:29:23.790Z] I (193386) RouteLoom: HIL LINK tx peer=2 type=32 cid=487400799 seq=52
[2026-09-26T10:29:23.795Z] I (193391) RouteLoom: HIL LINK rx peer=2 type=32 cid=237340361 current=0 status=5 seq=42
[2026-09-26T10:29:23.810Z] I (193405) RouteLoom: HIL LINK rx peer=2 type=17 cid=237340361 current=0 status=5 seq=13
[2026-09-26T10:29:23.919Z] I (193514) RouteLoom: HIL LINK rx peer=2 type=16 cid=237340361 current=0 status=5 seq=14
[2026-09-26T10:29:23.922Z] I (193518) RouteLoomRef: message origin=1 session=249 sequence=14 bytes=9
[2026-09-26T10:29:23.928Z] I (193521) RouteLoom: HIL LINK tx peer=2 type=17 cid=487400799 seq=14
[2026-09-26T10:29:23.938Z] I (193532) RouteLoom: HIL LINK tx peer=2 type=18 cid=487400799 seq=14
[2026-09-26T10:29:23.957Z] I (193553) RouteLoom: HIL LINK rx peer=2 type=17 cid=237340361 current=0 status=5 seq=14
[2026-09-26T10:29:24.033Z] I (193628) RouteLoom: HIL LINK rx peer=2 type=16 cid=237340361 current=0 status=5 seq=15
[2026-09-26T10:29:24.036Z] I (193631) RouteLoomRef: message origin=1 session=249 sequence=15 bytes=9
[2026-09-26T10:29:24.042Z] I (193635) RouteLoom: HIL LINK tx peer=2 type=17 cid=487400799 seq=15
[2026-09-26T10:29:24.051Z] I (193647) RouteLoom: HIL LINK tx peer=2 type=18 cid=487400799 seq=15
[2026-09-26T10:29:24.071Z] I (193666) RouteLoom: HIL LINK rx peer=2 type=17 cid=237340361 current=0 status=5 seq=15
[2026-09-26T10:29:24.151Z] I (193746) RouteLoom: HIL LINK rx peer=2 type=16 cid=237340361 current=0 status=5 seq=16
[2026-09-26T10:29:24.154Z] I (193750) RouteLoomRef: message origin=1 session=249 sequence=16 bytes=9
[2026-09-26T10:29:24.160Z] I (193753) RouteLoom: HIL LINK tx peer=2 type=17 cid=487400799 seq=16
[2026-09-26T10:29:24.171Z] I (193767) RouteLoom: HIL LINK tx peer=2 type=18 cid=487400799 seq=16
[2026-09-26T10:29:24.192Z] I (193787) RouteLoom: HIL LINK rx peer=2 type=17 cid=237340361 current=0 status=5 seq=16
[2026-09-26T10:29:24.260Z] I (193855) RouteLoom: HIL LINK rx peer=2 type=16 cid=237340361 current=0 status=5 seq=17
[2026-09-26T10:29:24.267Z] I (193858) RouteLoomRef: message origin=1 session=249 sequence=17 bytes=9
[2026-09-26T10:29:24.269Z] I (193862) RouteLoom: HIL LINK tx peer=2 type=17 cid=487400799 seq=17
[2026-09-26T10:29:24.278Z] I (193873) RouteLoom: HIL LINK tx peer=2 type=18 cid=487400799 seq=17
[2026-09-26T10:29:24.298Z] I (193893) RouteLoom: HIL LINK rx peer=2 type=17 cid=237340361 current=0 status=5 seq=17
[2026-09-26T10:29:24.384Z] I (193979) RouteLoom: HIL LINK rx peer=2 type=16 cid=237340361 current=0 status=5 seq=18
[2026-09-26T10:29:24.387Z] I (193983) RouteLoomRef: message origin=1 session=249 sequence=18 bytes=9
[2026-09-26T10:29:24.393Z] I (193986) RouteLoom: HIL LINK tx peer=2 type=17 cid=487400799 seq=18
[2026-09-26T10:29:24.402Z] I (193997) RouteLoom: HIL LINK tx peer=2 type=18 cid=487400799 seq=18
[2026-09-26T10:29:24.422Z] I (194017) RouteLoom: HIL LINK rx peer=2 type=17 cid=237340361 current=0 status=5 seq=18
[2026-09-26T10:29:24.499Z] I (194094) RouteLoom: HIL LINK rx peer=2 type=16 cid=237340361 current=0 status=5 seq=19
[2026-09-26T10:29:24.502Z] I (194098) RouteLoomRef: message origin=1 session=249 sequence=19 bytes=9
[2026-09-26T10:29:24.508Z] I (194101) RouteLoom: HIL LINK tx peer=2 type=17 cid=487400799 seq=19
[2026-09-26T10:29:24.518Z] I (194113) RouteLoom: HIL LINK tx peer=2 type=18 cid=487400799 seq=19
[2026-09-26T10:29:24.538Z] I (194133) RouteLoom: HIL LINK rx peer=2 type=17 cid=237340361 current=0 status=5 seq=19
[2026-09-26T10:29:24.625Z] I (194220) RouteLoom: HIL LINK rx peer=2 type=16 cid=237340361 current=0 status=5 seq=20
[2026-09-26T10:29:24.628Z] I (194224) RouteLoomRef: message origin=1 session=249 sequence=20 bytes=9
[2026-09-26T10:29:24.634Z] I (194227) RouteLoom: HIL LINK tx peer=2 type=17 cid=487400799 seq=20
[2026-09-26T10:29:24.643Z] I (194238) RouteLoom: HIL LINK tx peer=2 type=18 cid=487400799 seq=20
[2026-09-26T10:29:24.663Z] I (194258) RouteLoom: HIL LINK rx peer=2 type=17 cid=237340361 current=0 status=5 seq=20
[2026-09-26T10:29:24.746Z] I (194341) RouteLoom: HIL LINK rx peer=2 type=16 cid=237340361 current=0 status=5 seq=21
[2026-09-26T10:29:24.749Z] I (194344) RouteLoomRef: message origin=1 session=249 sequence=21 bytes=9
[2026-09-26T10:29:24.755Z] I (194348) RouteLoom: HIL LINK tx peer=2 type=17 cid=487400799 seq=21
[2026-09-26T10:29:24.770Z] I (194366) RouteLoom: HIL LINK tx peer=2 type=18 cid=487400799 seq=21
[2026-09-26T10:29:24.791Z] I (194386) RouteLoom: HIL LINK rx peer=2 type=17 cid=237340361 current=0 status=5 seq=21
[2026-09-26T10:29:24.799Z] I (194395) RouteLoom: HIL LINK tx peer=2 type=32 cid=487400799 seq=53
[2026-09-26T10:29:24.819Z] I (194414) RouteLoom: HIL LINK rx peer=2 type=32 cid=237340361 current=0 status=5 seq=44
[2026-09-26T10:29:25.541Z] I (195137) RouteLoom: HIL LINK tx peer=2 type=32 cid=487400799 seq=54
[2026-09-26T10:29:25.835Z] I (195431) RouteLoom: HIL LINK tx peer=2 type=32 cid=487400799 seq=55
[2026-09-26T10:29:25.840Z] I (195435) RouteLoom: HIL LINK rx peer=2 type=32 cid=237340361 current=0 status=5 seq=47
[2026-09-26T10:29:26.886Z] I (196481) RouteLoom: HIL LINK rx peer=2 type=32 cid=237340361 current=0 status=5 seq=49
[2026-09-26T10:29:27.872Z] I (197467) RouteLoom: HIL LINK tx peer=2 type=32 cid=487400799 seq=56
[2026-09-26T10:29:27.912Z] I (197507) RouteLoom: HIL LINK rx peer=2 type=32 cid=237340361 current=0 status=5 seq=51
[2026-09-26T10:29:30.542Z] I (200137) RouteLoom: HIL LINK tx peer=2 type=32 cid=487400799 seq=57
[2026-09-26T10:29:32.583Z] I (202178) RouteLoom: HIL LINK rx peer=2 type=40 cid=237340361 current=0 status=5 seq=22
[2026-09-26T10:29:32.587Z] I (202182) RouteLoom: HIL PROBE tx peer=2 type=41 status=0
[2026-09-26T10:29:32.910Z] I (202506) RouteLoom: HIL LINK rx peer=2 type=32 cid=237340361 current=0 status=5 seq=53
[2026-09-26T10:29:34.714Z] I (204310) RouteLoom: HIL LINK rx peer=2 type=16 cid=237340361 current=0 status=5 seq=22
[2026-09-26T10:29:34.718Z] I (204313) RouteLoomRef: message origin=1 session=249 sequence=22 bytes=9
[2026-09-26T10:29:34.724Z] I (204317) RouteLoom: HIL LINK tx peer=2 type=17 cid=487400799 seq=22
[2026-09-26T10:29:34.733Z] I (204328) RouteLoom: HIL LINK tx peer=2 type=18 cid=487400799 seq=22
[2026-09-26T10:29:34.753Z] I (204348) RouteLoom: HIL LINK rx peer=2 type=17 cid=237340361 current=0 status=5 seq=22
[2026-09-26T10:29:35.544Z] I (205140) RouteLoom: HIL LINK tx peer=2 type=32 cid=487400799 seq=58
[2026-09-26T10:29:37.913Z] I (207509) RouteLoom: HIL LINK rx peer=2 type=32 cid=237340361 current=0 status=5 seq=55
[2026-09-26T10:29:40.546Z] I (210142) RouteLoom: HIL LINK tx peer=2 type=32 cid=487400799 seq=59
[2026-09-26T10:29:42.584Z] I (212180) RouteLoom: HIL PROBE tx peer=2 type=40 status=0
[2026-09-26T10:29:42.601Z] I (212197) RouteLoom: HIL LINK rx peer=2 type=41 cid=237340361 current=0 status=5 seq=24
[2026-09-26T10:29:42.914Z] I (212509) RouteLoom: HIL LINK rx peer=2 type=32 cid=237340361 current=0 status=5 seq=57
[2026-09-26T10:29:45.547Z] I (215142) RouteLoom: HIL LINK tx peer=2 type=32 cid=487400799 seq=60
[2026-09-26T10:29:47.914Z] I (217509) RouteLoom: HIL LINK rx peer=2 type=32 cid=237340361 current=0 status=5 seq=59
[2026-09-26T10:29:50.549Z] I (220144) RouteLoom: HIL LINK tx peer=2 type=32 cid=487400799 seq=61
[2026-09-26T10:29:52.601Z] I (222196) RouteLoom: HIL LINK rx peer=2 type=40 cid=237340361 current=0 status=5 seq=26
[2026-09-26T10:29:52.605Z] I (222200) RouteLoom: HIL PROBE tx peer=2 type=41 status=0
[2026-09-26T10:29:52.915Z] I (222510) RouteLoom: HIL LINK rx peer=2 type=32 cid=237340361 current=0 status=5 seq=61
[2026-09-26T10:29:55.551Z] I (225146) RouteLoom: HIL LINK tx peer=2 type=32 cid=487400799 seq=62
[2026-09-26T10:29:57.916Z] I (227511) RouteLoom: HIL LINK rx peer=2 type=32 cid=237340361 current=0 status=5 seq=63
[2026-09-26T10:30:00.553Z] I (230147) RouteLoom: HIL LINK tx peer=2 type=32 cid=487400799 seq=63
[2026-09-26T10:30:02.602Z] I (232198) RouteLoom: HIL PROBE tx peer=2 type=40 status=0
[2026-09-26T10:30:02.621Z] I (232216) RouteLoom: HIL LINK rx peer=2 type=41 cid=237340361 current=0 status=5 seq=28
[2026-09-26T10:30:02.918Z] I (232513) RouteLoom: HIL LINK rx peer=2 type=32 cid=237340361 current=0 status=5 seq=65
[2026-09-26T10:30:04.709Z] I (234304) RouteLoom: HIL LINK rx peer=2 type=16 cid=237340361 current=0 status=5 seq=23
[2026-09-26T10:30:04.712Z] I (234307) RouteLoomRef: message origin=1 session=249 sequence=23 bytes=9
[2026-09-26T10:30:04.718Z] I (234311) RouteLoom: HIL LINK tx peer=2 type=17 cid=487400799 seq=23
[2026-09-26T10:30:04.727Z] I (234322) RouteLoom: HIL LINK tx peer=2 type=18 cid=487400799 seq=23
[2026-09-26T10:30:04.747Z] I (234342) RouteLoom: HIL LINK rx peer=2 type=17 cid=237340361 current=0 status=5 seq=23
[2026-09-26T10:30:05.553Z] I (235148) RouteLoom: HIL LINK tx peer=2 type=32 cid=487400799 seq=64
[2026-09-26T10:30:07.920Z] I (237515) RouteLoom: HIL LINK rx peer=2 type=32 cid=237340361 current=0 status=5 seq=67
[2026-09-26T10:30:10.555Z] I (240150) RouteLoom: HIL LINK tx peer=2 type=32 cid=487400799 seq=65
[2026-09-26T10:30:10.819Z] I (240414) RouteLoom: stack hwm main 11096 B
[2026-09-26T10:30:10.820Z] I (240414) RouteLoom: HIL HEAP free=22172 largest=19456 min=21408 B
[2026-09-26T10:30:10.829Z] I (240415) RouteLoom: HIL DISCOVERY candidates=0 neighbors=1 capacity=0 auth=2 stale=0 probes=18 send_failures=2 kind_rejects=0
[2026-09-26T10:30:10.836Z] I (240425) RouteLoom: HIL ROUTE peer=1 phase=-1 via=2 metric=2 generation=249 seq=1
[2026-09-26T10:30:10.844Z] I (240432) RouteLoom: HIL ROUTE peer=2 phase=5 via=2 metric=1 generation=257 seq=1
[2026-09-26T10:30:12.619Z] I (242214) RouteLoom: HIL LINK rx peer=2 type=40 cid=237340361 current=0 status=5 seq=30
[2026-09-26T10:30:12.623Z] I (242218) RouteLoom: HIL PROBE tx peer=2 type=41 status=0
[2026-09-26T10:30:12.921Z] I (242516) RouteLoom: HIL LINK rx peer=2 type=32 cid=237340361 current=0 status=5 seq=69
[2026-09-26T10:30:15.557Z] I (245152) RouteLoom: HIL LINK tx peer=2 type=32 cid=487400799 seq=66
[2026-09-26T10:30:17.921Z] I (247516) RouteLoom: HIL LINK rx peer=2 type=32 cid=237340361 current=0 status=5 seq=71
[2026-09-26T10:30:20.559Z] I (250154) RouteLoom: HIL LINK tx peer=2 type=32 cid=487400799 seq=67
[2026-09-26T10:30:22.622Z] I (252217) RouteLoom: HIL PROBE tx peer=2 type=40 status=0
[2026-09-26T10:30:22.639Z] I (252234) RouteLoom: HIL LINK rx peer=2 type=41 cid=237340361 current=0 status=5 seq=32
[2026-09-26T10:30:22.921Z] I (252516) RouteLoom: HIL LINK rx peer=2 type=32 cid=237340361 current=0 status=5 seq=73
[2026-09-26T10:30:25.560Z] I (255155) RouteLoom: HIL LINK tx peer=2 type=32 cid=487400799 seq=68
[2026-09-26T10:30:27.921Z] I (257516) RouteLoom: HIL LINK rx peer=2 type=32 cid=237340361 current=0 status=5 seq=75
[2026-09-26T10:30:30.563Z] I (260157) RouteLoom: HIL LINK tx peer=2 type=32 cid=487400799 seq=69
[2026-09-26T10:30:32.640Z] I (262234) RouteLoom: HIL LINK rx peer=2 type=40 cid=237340361 current=0 status=5 seq=34
[2026-09-26T10:30:32.643Z] I (262238) RouteLoom: HIL PROBE tx peer=2 type=41 status=0
[2026-09-26T10:30:32.924Z] I (262519) RouteLoom: HIL LINK rx peer=2 type=32 cid=237340361 current=0 status=5 seq=77
[2026-09-26T10:30:34.711Z] I (264305) RouteLoom: HIL LINK rx peer=2 type=16 cid=237340361 current=0 status=5 seq=24
[2026-09-26T10:30:34.714Z] I (264309) RouteLoomRef: message origin=1 session=249 sequence=24 bytes=9
[2026-09-26T10:30:34.720Z] I (264312) RouteLoom: HIL LINK tx peer=2 type=17 cid=487400799 seq=24
[2026-09-26T10:30:34.729Z] I (264323) RouteLoom: HIL LINK tx peer=2 type=18 cid=487400799 seq=24
[2026-09-26T10:30:34.749Z] I (264343) RouteLoom: HIL LINK rx peer=2 type=17 cid=237340361 current=0 status=5 seq=24
[2026-09-26T10:30:35.564Z] I (265159) RouteLoom: HIL LINK tx peer=2 type=32 cid=487400799 seq=70
[2026-09-26T10:30:37.927Z] I (267521) RouteLoom: HIL LINK rx peer=2 type=32 cid=237340361 current=0 status=5 seq=79
[2026-09-26T10:30:40.566Z] I (270160) RouteLoom: HIL LINK tx peer=2 type=32 cid=487400799 seq=71
[2026-09-26T10:30:42.641Z] I (272236) RouteLoom: HIL PROBE tx peer=2 type=40 status=0
[2026-09-26T10:30:42.658Z] I (272253) RouteLoom: HIL LINK rx peer=2 type=41 cid=237340361 current=0 status=5 seq=36
[2026-09-26T10:30:42.929Z] I (272523) RouteLoom: HIL LINK rx peer=2 type=32 cid=237340361 current=0 status=5 seq=81
[2026-09-26T10:30:45.568Z] I (275162) RouteLoom: HIL LINK tx peer=2 type=32 cid=487400799 seq=72
[2026-09-26T10:30:47.931Z] I (277525) RouteLoom: HIL LINK rx peer=2 type=32 cid=237340361 current=0 status=5 seq=83
[2026-09-26T10:30:50.570Z] I (280164) RouteLoom: HIL LINK tx peer=2 type=32 cid=487400799 seq=73
[2026-09-26T10:30:52.659Z] I (282253) RouteLoom: HIL LINK rx peer=2 type=40 cid=237340361 current=0 status=5 seq=38
[2026-09-26T10:30:52.662Z] I (282257) RouteLoom: HIL PROBE tx peer=2 type=41 status=0
[2026-09-26T10:30:52.928Z] I (282523) RouteLoom: HIL LINK rx peer=2 type=32 cid=237340361 current=0 status=5 seq=85
[2026-09-26T10:30:55.570Z] I (285164) RouteLoom: HIL LINK tx peer=2 type=32 cid=487400799 seq=74
[2026-09-26T10:30:57.932Z] I (287526) RouteLoom: HIL LINK rx peer=2 type=32 cid=237340361 current=0 status=5 seq=87
[2026-09-26T10:31:00.571Z] I (290165) RouteLoom: HIL LINK tx peer=2 type=32 cid=487400799 seq=75
[2026-09-26T10:31:02.660Z] I (292255) RouteLoom: HIL PROBE tx peer=2 type=40 status=0
[2026-09-26T10:31:02.679Z] I (292273) RouteLoom: HIL LINK rx peer=2 type=41 cid=237340361 current=0 status=5 seq=40
[2026-09-26T10:31:02.933Z] I (292528) RouteLoom: HIL LINK rx peer=2 type=32 cid=237340361 current=0 status=5 seq=89
[2026-09-26T10:31:04.716Z] I (294310) RouteLoom: HIL LINK rx peer=2 type=16 cid=237340361 current=0 status=5 seq=25
[2026-09-26T10:31:04.719Z] I (294313) RouteLoomRef: message origin=1 session=249 sequence=25 bytes=9
[2026-09-26T10:31:04.725Z] I (294317) RouteLoom: HIL LINK tx peer=2 type=17 cid=487400799 seq=25
[2026-09-26T10:31:04.734Z] I (294328) RouteLoom: HIL LINK tx peer=2 type=18 cid=487400799 seq=25
[2026-09-26T10:31:04.753Z] I (294348) RouteLoom: HIL LINK rx peer=2 type=17 cid=237340361 current=0 status=5 seq=25
[2026-09-26T10:31:05.575Z] I (295165) RouteLoom: HIL LINK tx peer=2 type=32 cid=487400799 seq=76
[2026-09-26T10:31:07.937Z] I (297531) RouteLoom: HIL LINK rx peer=2 type=32 cid=237340361 current=0 status=5 seq=91
[2026-09-26T10:31:10.572Z] I (300166) RouteLoom: HIL LINK tx peer=2 type=32 cid=487400799 seq=77
[2026-09-26T10:31:10.821Z] I (300415) RouteLoom: stack hwm main 11096 B
[2026-09-26T10:31:10.821Z] I (300415) RouteLoom: HIL HEAP free=22172 largest=19456 min=21408 B
[2026-09-26T10:31:10.831Z] I (300416) RouteLoom: HIL DISCOVERY candidates=0 neighbors=1 capacity=0 auth=2 stale=0 probes=21 send_failures=2 kind_rejects=0
[2026-09-26T10:31:10.838Z] I (300426) RouteLoom: HIL ROUTE peer=1 phase=-1 via=2 metric=2 generation=249 seq=1
[2026-09-26T10:31:10.845Z] I (300433) RouteLoom: HIL ROUTE peer=2 phase=5 via=2 metric=1 generation=257 seq=1
[2026-09-26T10:31:12.677Z] I (302271) RouteLoom: HIL LINK rx peer=2 type=40 cid=237340361 current=0 status=5 seq=42
[2026-09-26T10:31:12.681Z] I (302275) RouteLoom: HIL PROBE tx peer=2 type=41 status=0
[2026-09-26T10:31:12.941Z] I (302535) RouteLoom: HIL LINK rx peer=2 type=32 cid=237340361 current=0 status=5 seq=93
[2026-09-26T10:31:15.573Z] I (305167) RouteLoom: HIL LINK tx peer=2 type=32 cid=487400799 seq=78
[2026-09-26T10:31:17.942Z] I (307536) RouteLoom: HIL LINK rx peer=2 type=32 cid=237340361 current=0 status=5 seq=95
[2026-09-26T10:31:20.574Z] I (310168) RouteLoom: HIL LINK tx peer=2 type=32 cid=487400799 seq=79
[2026-09-26T10:31:22.680Z] I (312274) RouteLoom: HIL PROBE tx peer=2 type=40 status=0
[2026-09-26T10:31:22.700Z] I (312291) RouteLoom: HIL LINK rx peer=2 type=41 cid=237340361 current=0 status=5 seq=44
[2026-09-26T10:31:22.944Z] I (312537) RouteLoom: HIL LINK rx peer=2 type=32 cid=237340361 current=0 status=5 seq=97
[2026-09-26T10:31:25.576Z] I (315170) RouteLoom: HIL LINK tx peer=2 type=32 cid=487400799 seq=80
[2026-09-26T10:31:27.944Z] I (317537) RouteLoom: HIL LINK rx peer=2 type=32 cid=237340361 current=0 status=5 seq=99
[2026-09-26T10:31:30.578Z] I (320172) RouteLoom: HIL LINK tx peer=2 type=32 cid=487400799 seq=81
[2026-09-26T10:31:32.699Z] I (322291) RouteLoom: HIL LINK rx peer=2 type=40 cid=237340361 current=0 status=5 seq=46
[2026-09-26T10:31:32.701Z] I (322295) RouteLoom: HIL PROBE tx peer=2 type=41 status=0
[2026-09-26T10:31:32.949Z] I (322540) RouteLoom: HIL LINK rx peer=2 type=32 cid=237340361 current=0 status=5 seq=101
[2026-09-26T10:31:34.765Z] I (324358) RouteLoom: HIL LINK rx peer=2 type=16 cid=237340361 current=0 status=5 seq=26
[2026-09-26T10:31:34.768Z] I (324361) RouteLoomRef: message origin=1 session=249 sequence=26 bytes=9
[2026-09-26T10:31:34.774Z] I (324365) RouteLoom: HIL LINK tx peer=2 type=17 cid=487400799 seq=26
[2026-09-26T10:31:34.782Z] I (324376) RouteLoom: HIL LINK tx peer=2 type=18 cid=487400799 seq=26
[2026-09-26T10:31:34.803Z] I (324396) RouteLoom: HIL LINK rx peer=2 type=17 cid=237340361 current=0 status=5 seq=26
[2026-09-26T10:31:35.583Z] I (325175) RouteLoom: HIL LINK tx peer=2 type=32 cid=487400799 seq=82
[2026-09-26T10:31:37.946Z] I (327540) RouteLoom: HIL LINK rx peer=2 type=32 cid=237340361 current=0 status=5 seq=103
[2026-09-26T10:31:40.582Z] I (330175) RouteLoom: HIL LINK tx peer=2 type=32 cid=487400799 seq=83
[2026-09-26T10:31:42.701Z] I (332295) RouteLoom: HIL PROBE tx peer=2 type=40 status=0
[2026-09-26T10:31:42.718Z] I (332312) RouteLoom: HIL LINK rx peer=2 type=41 cid=237340361 current=0 status=5 seq=48
[2026-09-26T10:31:42.946Z] I (332540) RouteLoom: HIL LINK rx peer=2 type=32 cid=237340361 current=0 status=5 seq=105
[2026-09-26T10:31:45.583Z] I (335176) RouteLoom: HIL LINK tx peer=2 type=32 cid=487400799 seq=84
[2026-09-26T10:31:47.947Z] I (337541) RouteLoom: HIL LINK rx peer=2 type=32 cid=237340361 current=0 status=5 seq=107
[2026-09-26T10:31:50.583Z] I (340177) RouteLoom: HIL LINK tx peer=2 type=32 cid=487400799 seq=85
[2026-09-26T10:31:52.717Z] I (342310) RouteLoom: HIL LINK rx peer=2 type=40 cid=237340361 current=0 status=5 seq=50
[2026-09-26T10:31:52.720Z] I (342314) RouteLoom: HIL PROBE tx peer=2 type=41 status=0
[2026-09-26T10:31:52.946Z] I (342540) RouteLoom: HIL LINK rx peer=2 type=32 cid=237340361 current=0 status=5 seq=109
[2026-09-26T10:31:55.586Z] I (345179) RouteLoom: HIL LINK tx peer=2 type=32 cid=487400799 seq=86
[2026-09-26T10:31:57.947Z] I (347541) RouteLoom: HIL LINK rx peer=2 type=32 cid=237340361 current=0 status=5 seq=111
[2026-09-26T10:32:00.587Z] I (350180) RouteLoom: HIL LINK tx peer=2 type=32 cid=487400799 seq=87
[2026-09-26T10:32:02.623Z] !! capture closed
